[0.014s][info][gc] Using Concurrent Mark Sweep
[0.014s][info][gc,heap,coops] Heap address: 0x0000000680000000, size: 6144 MB, Compressed Oops mode: Zero based, Oop shift amount: 3
[0.080s][info][safepoint    ] Entering safepoint region: EnableBiasedLocking
[0.080s][info][safepoint    ] Leaving safepoint region
[0.080s][info][safepoint    ] Total time for which application threads were stopped: 0.0001065 seconds, Stopping threads took: 0.0000383 seconds
[0.082s][info][safepoint    ] Application time: 0.0016597 seconds
[0.082s][info][safepoint    ] Entering safepoint region: RevokeBias
[0.082s][info][safepoint    ] Leaving safepoint region
[0.082s][info][safepoint    ] Total time for which application threads were stopped: 0.0001305 seconds, Stopping threads took: 0.0000895 seconds
[0.170s][info][safepoint    ] Application time: 0.0881600 seconds
[0.170s][info][safepoint    ] Entering safepoint region: Deoptimize
[0.170s][info][safepoint    ] Leaving safepoint region
[0.170s][info][safepoint    ] Total time for which application threads were stopped: 0.0000631 seconds, Stopping threads took: 0.0000082 seconds
[1.170s][info][safepoint    ] Application time: 1.0000982 seconds
[1.170s][info][safepoint    ] Entering safepoint region: Cleanup
[1.171s][info][safepoint    ] Leaving safepoint region
[1.171s][info][safepoint    ] Total time for which application threads were stopped: 0.0001382 seconds, Stopping threads took: 0.0000100 seconds
[1.440s][info][safepoint    ] Application time: 0.2691507 seconds
[1.440s][info][safepoint    ] Entering safepoint region: Deoptimize
[1.440s][info][safepoint    ] Leaving safepoint region
[1.440s][info][safepoint    ] Total time for which application threads were stopped: 0.0001369 seconds, Stopping threads took: 0.0000083 seconds
[1.484s][info][safepoint    ] Application time: 0.0438249 seconds
[1.484s][info][safepoint    ] Entering safepoint region: Deoptimize
[1.484s][info][safepoint    ] Leaving safepoint region
[1.484s][info][safepoint    ] Total time for which application threads were stopped: 0.0001388 seconds, Stopping threads took: 0.0000074 seconds
[1.540s][info][safepoint    ] Application time: 0.0558399 seconds
[1.540s][info][safepoint    ] Entering safepoint region: Deoptimize
[1.540s][info][safepoint    ] Leaving safepoint region
[1.540s][info][safepoint    ] Total time for which application threads were stopped: 0.0001555 seconds, Stopping threads took: 0.0000081 seconds
[2.462s][info][safepoint    ] Application time: 0.9217106 seconds
[2.462s][info][safepoint    ] Entering safepoint region: Deoptimize
[2.462s][info][safepoint    ] Leaving safepoint region
[2.462s][info][safepoint    ] Total time for which application threads were stopped: 0.0002407 seconds, Stopping threads took: 0.0000493 seconds
[2.585s][info][safepoint    ] Application time: 0.1229458 seconds
[2.585s][info][safepoint    ] Entering safepoint region: Deoptimize
[2.585s][info][safepoint    ] Leaving safepoint region
[2.585s][info][safepoint    ] Total time for which application threads were stopped: 0.0002399 seconds, Stopping threads took: 0.0000083 seconds
[2.611s][info][safepoint    ] Application time: 0.0259543 seconds
[2.611s][info][safepoint    ] Entering safepoint region: Deoptimize
[2.611s][info][safepoint    ] Leaving safepoint region
[2.611s][info][safepoint    ] Total time for which application threads were stopped: 0.0001876 seconds, Stopping threads took: 0.0000083 seconds
[2.880s][info][safepoint    ] Application time: 0.2683312 seconds
[2.880s][info][safepoint    ] Entering safepoint region: ICBufferFull
[2.880s][info][safepoint    ] Leaving safepoint region
[2.880s][info][safepoint    ] Total time for which application threads were stopped: 0.0001838 seconds, Stopping threads took: 0.0000104 seconds
[2.997s][info][safepoint    ] Application time: 0.1172271 seconds
[2.997s][info][safepoint    ] Entering safepoint region: Deoptimize
[2.997s][info][safepoint    ] Leaving safepoint region
[2.997s][info][safepoint    ] Total time for which application threads were stopped: 0.0003104 seconds, Stopping threads took: 0.0000211 seconds
[3.206s][info][safepoint    ] Application time: 0.2089415 seconds
[3.206s][info][safepoint    ] Entering safepoint region: ICBufferFull
[3.207s][info][safepoint    ] Leaving safepoint region
[3.207s][info][safepoint    ] Total time for which application threads were stopped: 0.0001895 seconds, Stopping threads took: 0.0000371 seconds
[3.577s][info][safepoint    ] Application time: 0.3707517 seconds
[3.577s][info][safepoint    ] Entering safepoint region: GenCollectForAllocation
[3.578s][info][gc,start     ] GC(0) Pause Young (Allocation Failure)
[3.584s][info][gc,task      ] GC(0) Using 4 workers of 4 for evacuation
[3.620s][debug][gc,ref       ] GC(0) Skipped phase1 of Reference Processing due to unavailable references
[3.620s][debug][gc,ref       ] GC(0) Skipped phase3 of Reference Processing due to unavailable references
[3.620s][debug][gc,age       ] GC(0) Desired survivor size 15368192 bytes, new threshold 1 (max threshold 6)
[3.620s][info ][gc,heap      ] GC(0) ParNew: 240320K->27419K(270336K)
[3.620s][info ][gc,heap      ] GC(0) CMS: 0K->0K(600768K)
[3.620s][info ][gc,metaspace ] GC(0) Metaspace: 17792K->17792K(1064960K)
[3.620s][info ][gc           ] GC(0) Pause Young (Allocation Failure) 234M->26M(850M) 42.451ms
[3.620s][info ][gc,cpu       ] GC(0) User=0.15s Sys=0.02s Real=0.04s
[3.620s][info ][safepoint    ] Leaving safepoint region
[3.620s][info ][safepoint    ] Total time for which application threads were stopped: 0.0426536 seconds, Stopping threads took: 0.0000089 seconds
[3.625s][info ][safepoint    ] Application time: 0.0048777 seconds
[3.625s][info ][safepoint    ] Entering safepoint region: RevokeBias
[3.625s][info ][safepoint    ] Leaving safepoint region
[3.625s][info ][safepoint    ] Total time for which application threads were stopped: 0.0001417 seconds, Stopping threads took: 0.0000773 seconds
[3.625s][info ][safepoint    ] Application time: 0.0000352 seconds
[3.625s][info ][safepoint    ] Entering safepoint region: RevokeBias
[3.625s][info ][safepoint    ] Leaving safepoint region
[3.625s][info ][safepoint    ] Total time for which application threads were stopped: 0.0000380 seconds, Stopping threads took: 0.0000043 seconds
[3.625s][info ][safepoint    ] Application time: 0.0000351 seconds
[3.625s][info ][safepoint    ] Entering safepoint region: RevokeBias
[3.625s][info ][safepoint    ] Leaving safepoint region
[3.625s][info ][safepoint    ] Total time for which application threads were stopped: 0.0000574 seconds, Stopping threads took: 0.0000223 seconds
[3.931s][info ][safepoint    ] Application time: 0.3061987 seconds
[3.931s][info ][safepoint    ] Entering safepoint region: Deoptimize
[3.932s][info ][safepoint    ] Leaving safepoint region
[3.932s][info ][safepoint    ] Total time for which application threads were stopped: 0.0004342 seconds, Stopping threads took: 0.0000077 seconds
[3.999s][info ][safepoint    ] Application time: 0.0669818 seconds
[3.999s][info ][safepoint    ] Entering safepoint region: CollectForMetadataAllocation
[3.999s][info ][safepoint    ] Leaving safepoint region
[3.999s][info ][safepoint    ] Total time for which application threads were stopped: 0.0001638 seconds, Stopping threads took: 0.0000357 seconds
[4.023s][info ][safepoint    ] Application time: 0.0243609 seconds
[4.024s][info ][safepoint    ] Entering safepoint region: CollectForMetadataAllocation
[4.024s][info ][safepoint    ] Leaving safepoint region
[4.024s][info ][safepoint    ] Total time for which application threads were stopped: 0.0001709 seconds, Stopping threads took: 0.0000300 seconds
[4.043s][info ][safepoint    ] Application time: 0.0197577 seconds
[4.043s][info ][safepoint    ] Entering safepoint region: CollectForMetadataAllocation
[4.044s][info ][safepoint    ] Leaving safepoint region
[4.044s][info ][safepoint    ] Total time for which application threads were stopped: 0.0000850 seconds, Stopping threads took: 0.0000085 seconds
[4.143s][info ][safepoint    ] Application time: 0.0992763 seconds
[4.143s][info ][safepoint    ] Entering safepoint region: CollectForMetadataAllocation
[4.143s][info ][safepoint    ] Leaving safepoint region
[4.143s][info ][safepoint    ] Total time for which application threads were stopped: 0.0001032 seconds, Stopping threads took: 0.0000220 seconds
[4.171s][info ][safepoint    ] Application time: 0.0281816 seconds
[4.171s][info ][safepoint    ] Entering safepoint region: CollectForMetadataAllocation
[4.171s][info ][safepoint    ] Leaving safepoint region
[4.171s][info ][safepoint    ] Total time for which application threads were stopped: 0.0000959 seconds, Stopping threads took: 0.0000275 seconds
[4.189s][info ][safepoint    ] Application time: 0.0180904 seconds
[4.189s][info ][safepoint    ] Entering safepoint region: CollectForMetadataAllocation
[4.190s][info ][safepoint    ] Leaving safepoint region
[4.190s][info ][safepoint    ] Total time for which application threads were stopped: 0.0001138 seconds, Stopping threads took: 0.0000081 seconds
[4.233s][info ][safepoint    ] Application time: 0.0439527 seconds
[4.233s][info ][safepoint    ] Entering safepoint region: CollectForMetadataAllocation
[4.234s][info ][safepoint    ] Leaving safepoint region
[4.234s][info ][safepoint    ] Total time for which application threads were stopped: 0.0001041 seconds, Stopping threads took: 0.0000085 seconds
[4.256s][info ][safepoint    ] Application time: 0.0221322 seconds
[4.256s][info ][safepoint    ] Entering safepoint region: CollectForMetadataAllocation
[4.256s][info ][safepoint    ] Leaving safepoint region
[4.256s][info ][safepoint    ] Total time for which application threads were stopped: 0.0000778 seconds, Stopping threads took: 0.0000086 seconds
[4.262s][info ][safepoint    ] Application time: 0.0058226 seconds
[4.262s][info ][safepoint    ] Entering safepoint region: CollectForMetadataAllocation
[4.262s][info ][safepoint    ] Leaving safepoint region
[4.262s][info ][safepoint    ] Total time for which application threads were stopped: 0.0001202 seconds, Stopping threads took: 0.0000066 seconds
[4.263s][info ][safepoint    ] Application time: 0.0011915 seconds
[4.263s][info ][safepoint    ] Entering safepoint region: RevokeBias
[4.263s][info ][safepoint    ] Leaving safepoint region
[4.263s][info ][safepoint    ] Total time for which application threads were stopped: 0.0000778 seconds, Stopping threads took: 0.0000265 seconds
[4.263s][info ][safepoint    ] Application time: 0.0000727 seconds
[4.263s][info ][safepoint    ] Entering safepoint region: RevokeBias
[4.263s][info ][safepoint    ] Leaving safepoint region
[4.263s][info ][safepoint    ] Total time for which application threads were stopped: 0.0000569 seconds, Stopping threads took: 0.0000311 seconds
[4.263s][info ][safepoint    ] Application time: 0.0002159 seconds
[4.263s][info ][safepoint    ] Entering safepoint region: RevokeBias
[4.264s][info ][safepoint    ] Leaving safepoint region
[4.264s][info ][safepoint    ] Total time for which application threads were stopped: 0.0000805 seconds, Stopping threads took: 0.0000498 seconds
[4.272s][info ][safepoint    ] Application time: 0.0083551 seconds
[4.274s][info ][safepoint    ] Entering safepoint region: RevokeBias
[4.274s][info ][safepoint    ] Leaving safepoint region
[4.274s][info ][safepoint    ] Total time for which application threads were stopped: 0.0017362 seconds, Stopping threads took: 0.0016298 seconds
[4.276s][info ][safepoint    ] Application time: 0.0020974 seconds
[4.276s][info ][safepoint    ] Entering safepoint region: RevokeBias
[4.276s][info ][safepoint    ] Leaving safepoint region
[4.276s][info ][safepoint    ] Total time for which application threads were stopped: 0.0001114 seconds, Stopping threads took: 0.0000590 seconds
[4.276s][info ][safepoint    ] Application time: 0.0000571 seconds
[4.276s][info ][safepoint    ] Entering safepoint region: RevokeBias
[4.276s][info ][safepoint    ] Leaving safepoint region
[4.276s][info ][safepoint    ] Total time for which application threads were stopped: 0.0001345 seconds, Stopping threads took: 0.0000792 seconds
[4.276s][info ][safepoint    ] Application time: 0.0000539 seconds
[4.276s][info ][safepoint    ] Entering safepoint region: RevokeBias
[4.276s][info ][safepoint    ] Leaving safepoint region
[4.276s][info ][safepoint    ] Total time for which application threads were stopped: 0.0001432 seconds, Stopping threads took: 0.0000937 seconds
[4.276s][info ][safepoint    ] Application time: 0.0001479 seconds
[4.277s][info ][safepoint    ] Entering safepoint region: RevokeBias
[4.277s][info ][safepoint    ] Leaving safepoint region
[4.277s][info ][safepoint    ] Total time for which application threads were stopped: 0.0001221 seconds, Stopping threads took: 0.0000562 seconds
[4.277s][info ][safepoint    ] Application time: 0.0007832 seconds
[4.278s][info ][safepoint    ] Entering safepoint region: RevokeBias
[4.278s][info ][safepoint    ] Leaving safepoint region
[4.278s][info ][safepoint    ] Total time for which application threads were stopped: 0.0001952 seconds, Stopping threads took: 0.0001181 seconds
[4.278s][info ][safepoint    ] Application time: 0.0003063 seconds
[4.278s][info ][safepoint    ] Entering safepoint region: RevokeBias
[4.278s][info ][safepoint    ] Leaving safepoint region
[4.278s][info ][safepoint    ] Total time for which application threads were stopped: 0.0001278 seconds, Stopping threads took: 0.0000755 seconds
[4.278s][info ][safepoint    ] Application time: 0.0001333 seconds
[4.278s][info ][safepoint    ] Entering safepoint region: RevokeBias
[4.278s][info ][safepoint    ] Leaving safepoint region
[4.278s][info ][safepoint    ] Total time for which application threads were stopped: 0.0001976 seconds, Stopping threads took: 0.0001312 seconds
[4.279s][info ][safepoint    ] Application time: 0.0001626 seconds
[4.279s][info ][safepoint    ] Entering safepoint region: RevokeBias
[4.279s][info ][safepoint    ] Leaving safepoint region
[4.279s][info ][safepoint    ] Total time for which application threads were stopped: 0.0002173 seconds, Stopping threads took: 0.0001452 seconds
[4.279s][info ][safepoint    ] Application time: 0.0001040 seconds
[4.279s][info ][safepoint    ] Entering safepoint region: RevokeBias
[4.279s][info ][safepoint    ] Leaving safepoint region
[4.279s][info ][safepoint    ] Total time for which application threads were stopped: 0.0002981 seconds, Stopping threads took: 0.0002399 seconds
[4.279s][info ][safepoint    ] Application time: 0.0002121 seconds
[4.280s][info ][safepoint    ] Entering safepoint region: RevokeBias
[4.280s][info ][safepoint    ] Leaving safepoint region
[4.280s][info ][safepoint    ] Total time for which application threads were stopped: 0.0001791 seconds, Stopping threads took: 0.0000983 seconds
[4.280s][info ][safepoint    ] Application time: 0.0002187 seconds
[4.280s][info ][safepoint    ] Entering safepoint region: RevokeBias
[4.280s][info ][safepoint    ] Leaving safepoint region
[4.280s][info ][safepoint    ] Total time for which application threads were stopped: 0.0002911 seconds, Stopping threads took: 0.0001397 seconds
[4.280s][info ][safepoint    ] Application time: 0.0002637 seconds
[4.281s][info ][safepoint    ] Entering safepoint region: RevokeBias
[4.281s][info ][safepoint    ] Leaving safepoint region
[4.281s][info ][safepoint    ] Total time for which application threads were stopped: 0.0001795 seconds, Stopping threads took: 0.0001165 seconds
[4.281s][info ][safepoint    ] Application time: 0.0002378 seconds
[4.281s][info ][safepoint    ] Entering safepoint region: RevokeBias
[4.281s][info ][safepoint    ] Leaving safepoint region
[4.281s][info ][safepoint    ] Total time for which application threads were stopped: 0.0001693 seconds, Stopping threads took: 0.0000674 seconds
[4.281s][info ][safepoint    ] Application time: 0.0001615 seconds
[4.281s][info ][safepoint    ] Entering safepoint region: RevokeBias
[4.281s][info ][safepoint    ] Leaving safepoint region
[4.281s][info ][safepoint    ] Total time for which application threads were stopped: 0.0001230 seconds, Stopping threads took: 0.0000709 seconds
[4.281s][info ][safepoint    ] Application time: 0.0001108 seconds
[4.282s][info ][safepoint    ] Entering safepoint region: RevokeBias
[4.282s][info ][safepoint    ] Leaving safepoint region
[4.282s][info ][safepoint    ] Total time for which application threads were stopped: 0.0001604 seconds, Stopping threads took: 0.0000869 seconds
[4.282s][info ][safepoint    ] Application time: 0.0000620 seconds
[4.282s][info ][safepoint    ] Entering safepoint region: RevokeBias
[4.282s][info ][safepoint    ] Leaving safepoint region
[4.282s][info ][safepoint    ] Total time for which application threads were stopped: 0.0000853 seconds, Stopping threads took: 0.0000479 seconds
[4.282s][info ][safepoint    ] Application time: 0.0000416 seconds
[4.282s][info ][safepoint    ] Entering safepoint region: RevokeBias
[4.282s][info ][safepoint    ] Leaving safepoint region
[4.282s][info ][safepoint    ] Total time for which application threads were stopped: 0.0000635 seconds, Stopping threads took: 0.0000274 seconds
[4.282s][info ][safepoint    ] Application time: 0.0000583 seconds
[4.282s][info ][safepoint    ] Entering safepoint region: RevokeBias
[4.282s][info ][safepoint    ] Leaving safepoint region
[4.282s][info ][safepoint    ] Total time for which application threads were stopped: 0.0000578 seconds, Stopping threads took: 0.0000225 seconds
[4.282s][info ][safepoint    ] Application time: 0.0000454 seconds
[4.282s][info ][safepoint    ] Entering safepoint region: RevokeBias
[4.282s][info ][safepoint    ] Leaving safepoint region
[4.282s][info ][safepoint    ] Total time for which application threads were stopped: 0.0000434 seconds, Stopping threads took: 0.0000082 seconds
[4.282s][info ][safepoint    ] Application time: 0.0000473 seconds
[4.282s][info ][safepoint    ] Entering safepoint region: BulkRevokeBias
[4.282s][info ][safepoint    ] Leaving safepoint region
[4.282s][info ][safepoint    ] Total time for which application threads were stopped: 0.0001879 seconds, Stopping threads took: 0.0000058 seconds
[4.283s][info ][safepoint    ] Application time: 0.0003581 seconds
[4.283s][info ][safepoint    ] Entering safepoint region: RevokeBias
[4.283s][info ][safepoint    ] Leaving safepoint region
[4.283s][info ][safepoint    ] Total time for which application threads were stopped: 0.0001118 seconds, Stopping threads took: 0.0000555 seconds
[4.284s][info ][safepoint    ] Application time: 0.0007413 seconds
[4.284s][info ][safepoint    ] Entering safepoint region: RevokeBias
[4.284s][info ][safepoint    ] Leaving safepoint region
[4.284s][info ][safepoint    ] Total time for which application threads were stopped: 0.0000977 seconds, Stopping threads took: 0.0000229 seconds
[4.289s][info ][safepoint    ] Application time: 0.0056389 seconds
[4.289s][info ][safepoint    ] Entering safepoint region: RevokeBias
[4.290s][info ][safepoint    ] Leaving safepoint region
[4.290s][info ][safepoint    ] Total time for which application threads were stopped: 0.0001358 seconds, Stopping threads took: 0.0000527 seconds
[4.296s][info ][safepoint    ] Application time: 0.0061674 seconds
[4.296s][info ][safepoint    ] Entering safepoint region: RevokeBias
[4.296s][info ][safepoint    ] Leaving safepoint region
[4.296s][info ][safepoint    ] Total time for which application threads were stopped: 0.0002369 seconds, Stopping threads took: 0.0001227 seconds
[4.298s][info ][safepoint    ] Application time: 0.0022236 seconds
[4.298s][info ][safepoint    ] Entering safepoint region: RevokeBias
[4.298s][info ][safepoint    ] Leaving safepoint region
[4.298s][info ][safepoint    ] Total time for which application threads were stopped: 0.0001770 seconds, Stopping threads took: 0.0000257 seconds
[4.300s][info ][safepoint    ] Application time: 0.0020635 seconds
[4.301s][info ][safepoint    ] Entering safepoint region: RevokeBias
[4.301s][info ][safepoint    ] Leaving safepoint region
[4.301s][info ][safepoint    ] Total time for which application threads were stopped: 0.0002124 seconds, Stopping threads took: 0.0000434 seconds
[4.303s][info ][safepoint    ] Application time: 0.0018721 seconds
[4.303s][info ][safepoint    ] Entering safepoint region: CollectForMetadataAllocation
[4.303s][info ][safepoint    ] Leaving safepoint region
[4.303s][info ][safepoint    ] Total time for which application threads were stopped: 0.0001557 seconds, Stopping threads took: 0.0000820 seconds
[4.303s][info ][safepoint    ] Application time: 0.0002643 seconds
[4.304s][info ][safepoint    ] Entering safepoint region: RevokeBias
[4.304s][info ][safepoint    ] Leaving safepoint region
[4.304s][info ][safepoint    ] Total time for which application threads were stopped: 0.0007010 seconds, Stopping threads took: 0.0006158 seconds
[4.304s][info ][safepoint    ] Application time: 0.0003766 seconds
[4.305s][info ][safepoint    ] Entering safepoint region: RevokeBias
[4.305s][info ][safepoint    ] Leaving safepoint region
[4.305s][info ][safepoint    ] Total time for which application threads were stopped: 0.0005674 seconds, Stopping threads took: 0.0005233 seconds
[4.308s][info ][safepoint    ] Application time: 0.0033675 seconds
[4.308s][info ][safepoint    ] Entering safepoint region: RevokeBias
[4.308s][info ][safepoint    ] Leaving safepoint region
[4.308s][info ][safepoint    ] Total time for which application threads were stopped: 0.0002089 seconds, Stopping threads took: 0.0001551 seconds
[4.309s][info ][safepoint    ] Application time: 0.0008810 seconds
[4.309s][info ][safepoint    ] Entering safepoint region: CollectForMetadataAllocation
[4.309s][info ][safepoint    ] Leaving safepoint region
[4.309s][info ][safepoint    ] Total time for which application threads were stopped: 0.0001283 seconds, Stopping threads took: 0.0000507 seconds
[4.310s][info ][safepoint    ] Application time: 0.0002364 seconds
[4.310s][info ][safepoint    ] Entering safepoint region: RevokeBias
[4.310s][info ][safepoint    ] Leaving safepoint region
[4.310s][info ][safepoint    ] Total time for which application threads were stopped: 0.0002149 seconds, Stopping threads took: 0.0001155 seconds
[4.310s][info ][safepoint    ] Application time: 0.0000334 seconds
[4.310s][info ][safepoint    ] Entering safepoint region: RevokeBias
[4.310s][info ][safepoint    ] Leaving safepoint region
[4.310s][info ][safepoint    ] Total time for which application threads were stopped: 0.0001178 seconds, Stopping threads took: 0.0000554 seconds
[4.310s][info ][safepoint    ] Application time: 0.0001882 seconds
[4.310s][info ][safepoint    ] Entering safepoint region: RevokeBias
[4.310s][info ][safepoint    ] Leaving safepoint region
[4.310s][info ][safepoint    ] Total time for which application threads were stopped: 0.0001155 seconds, Stopping threads took: 0.0000352 seconds
[4.313s][info ][safepoint    ] Application time: 0.0024149 seconds
[4.313s][info ][safepoint    ] Entering safepoint region: RevokeBias
[4.313s][info ][safepoint    ] Leaving safepoint region
[4.313s][info ][safepoint    ] Total time for which application threads were stopped: 0.0001038 seconds, Stopping threads took: 0.0000483 seconds
[4.315s][info ][safepoint    ] Application time: 0.0019972 seconds
[4.315s][info ][safepoint    ] Entering safepoint region: RevokeBias
[4.315s][info ][safepoint    ] Leaving safepoint region
[4.315s][info ][safepoint    ] Total time for which application threads were stopped: 0.0000778 seconds, Stopping threads took: 0.0000107 seconds
[4.318s][info ][safepoint    ] Application time: 0.0027210 seconds
[4.318s][info ][safepoint    ] Entering safepoint region: RevokeBias
[4.318s][info ][safepoint    ] Leaving safepoint region
[4.318s][info ][safepoint    ] Total time for which application threads were stopped: 0.0001769 seconds, Stopping threads took: 0.0000659 seconds
[4.323s][info ][safepoint    ] Application time: 0.0052053 seconds
[4.323s][info ][safepoint    ] Entering safepoint region: RevokeBias
[4.323s][info ][safepoint    ] Leaving safepoint region
[4.323s][info ][safepoint    ] Total time for which application threads were stopped: 0.0000992 seconds, Stopping threads took: 0.0000216 seconds
[4.324s][info ][safepoint    ] Application time: 0.0009468 seconds
[4.326s][info ][safepoint    ] Entering safepoint region: CollectForMetadataAllocation
[4.326s][info ][safepoint    ] Leaving safepoint region
[4.326s][info ][safepoint    ] Total time for which application threads were stopped: 0.0019122 seconds, Stopping threads took: 0.0018503 seconds
[4.328s][info ][safepoint    ] Application time: 0.0017521 seconds
[4.332s][info ][safepoint    ] Entering safepoint region: RevokeBias
[4.332s][info ][safepoint    ] Leaving safepoint region
[4.332s][info ][safepoint    ] Total time for which application threads were stopped: 0.0041301 seconds, Stopping threads took: 0.0040653 seconds
[4.334s][info ][safepoint    ] Application time: 0.0017155 seconds
[4.334s][info ][safepoint    ] Entering safepoint region: RevokeBias
[4.334s][info ][safepoint    ] Leaving safepoint region
[4.334s][info ][safepoint    ] Total time for which application threads were stopped: 0.0000767 seconds, Stopping threads took: 0.0000259 seconds
[4.335s][info ][safepoint    ] Application time: 0.0008179 seconds
[4.335s][info ][safepoint    ] Entering safepoint region: RevokeBias
[4.335s][info ][safepoint    ] Leaving safepoint region
[4.335s][info ][safepoint    ] Total time for which application threads were stopped: 0.0002695 seconds, Stopping threads took: 0.0001967 seconds
[4.339s][info ][safepoint    ] Application time: 0.0040909 seconds
[4.339s][info ][safepoint    ] Entering safepoint region: RevokeBias
[4.339s][info ][safepoint    ] Leaving safepoint region
[4.339s][info ][safepoint    ] Total time for which application threads were stopped: 0.0001018 seconds, Stopping threads took: 0.0000080 seconds
[4.341s][info ][safepoint    ] Application time: 0.0015457 seconds
[4.341s][info ][safepoint    ] Entering safepoint region: RevokeBias
[4.341s][info ][safepoint    ] Leaving safepoint region
[4.341s][info ][safepoint    ] Total time for which application threads were stopped: 0.0001226 seconds, Stopping threads took: 0.0000817 seconds
[4.341s][info ][safepoint    ] Application time: 0.0006386 seconds
[4.341s][info ][safepoint    ] Entering safepoint region: RevokeBias
[4.342s][info ][safepoint    ] Leaving safepoint region
[4.342s][info ][safepoint    ] Total time for which application threads were stopped: 0.0001359 seconds, Stopping threads took: 0.0000500 seconds
[4.343s][info ][safepoint    ] Application time: 0.0013843 seconds
[4.343s][info ][safepoint    ] Entering safepoint region: CollectForMetadataAllocation
[4.343s][info ][safepoint    ] Leaving safepoint region
[4.343s][info ][safepoint    ] Total time for which application threads were stopped: 0.0000618 seconds, Stopping threads took: 0.0000062 seconds
[4.343s][info ][safepoint    ] Application time: 0.0000732 seconds
[4.343s][info ][safepoint    ] Entering safepoint region: CollectForMetadataAllocation
[4.343s][info ][safepoint    ] Leaving safepoint region
[4.343s][info ][safepoint    ] Total time for which application threads were stopped: 0.0000728 seconds, Stopping threads took: 0.0000553 seconds
[4.344s][info ][safepoint    ] Application time: 0.0003667 seconds
[4.344s][info ][safepoint    ] Entering safepoint region: RevokeBias
[4.344s][info ][safepoint    ] Leaving safepoint region
[4.344s][info ][safepoint    ] Total time for which application threads were stopped: 0.0000754 seconds, Stopping threads took: 0.0000073 seconds
[4.345s][info ][safepoint    ] Application time: 0.0014727 seconds
[4.345s][info ][safepoint    ] Entering safepoint region: RevokeBias
[4.345s][info ][safepoint    ] Leaving safepoint region
[4.345s][info ][safepoint    ] Total time for which application threads were stopped: 0.0000864 seconds, Stopping threads took: 0.0000077 seconds
[4.346s][info ][safepoint    ] Application time: 0.0004608 seconds
[4.346s][info ][safepoint    ] Entering safepoint region: BulkRevokeBias
[4.346s][info ][safepoint    ] Leaving safepoint region
[4.346s][info ][safepoint    ] Total time for which application threads were stopped: 0.0004233 seconds, Stopping threads took: 0.0001874 seconds
[4.347s][info ][safepoint    ] Application time: 0.0003832 seconds
[4.347s][info ][safepoint    ] Entering safepoint region: RevokeBias
[4.347s][info ][safepoint    ] Leaving safepoint region
[4.347s][info ][safepoint    ] Total time for which application threads were stopped: 0.0001153 seconds, Stopping threads took: 0.0000635 seconds
[4.348s][info ][safepoint    ] Application time: 0.0014155 seconds
[4.348s][info ][safepoint    ] Entering safepoint region: RevokeBias
[4.348s][info ][safepoint    ] Leaving safepoint region
[4.348s][info ][safepoint    ] Total time for which application threads were stopped: 0.0001211 seconds, Stopping threads took: 0.0000277 seconds
[4.353s][info ][safepoint    ] Application time: 0.0051404 seconds
[4.353s][info ][safepoint    ] Entering safepoint region: CollectForMetadataAllocation
[4.353s][info ][safepoint    ] Leaving safepoint region
[4.353s][info ][safepoint    ] Total time for which application threads were stopped: 0.0001134 seconds, Stopping threads took: 0.0000414 seconds
[4.367s][info ][safepoint    ] Application time: 0.0138066 seconds
[4.367s][info ][safepoint    ] Entering safepoint region: CollectForMetadataAllocation
[4.367s][info ][safepoint    ] Leaving safepoint region
[4.367s][info ][safepoint    ] Total time for which application threads were stopped: 0.0001339 seconds, Stopping threads took: 0.0000456 seconds
[4.373s][info ][safepoint    ] Application time: 0.0054855 seconds
[4.373s][info ][safepoint    ] Entering safepoint region: RevokeBias
[4.373s][info ][safepoint    ] Leaving safepoint region
[4.373s][info ][safepoint    ] Total time for which application threads were stopped: 0.0001954 seconds, Stopping threads took: 0.0000540 seconds
[4.376s][info ][safepoint    ] Application time: 0.0025654 seconds
[4.376s][info ][safepoint    ] Entering safepoint region: CollectForMetadataAllocation
[4.376s][info ][safepoint    ] Leaving safepoint region
[4.376s][info ][safepoint    ] Total time for which application threads were stopped: 0.0001093 seconds, Stopping threads took: 0.0000472 seconds
[4.383s][info ][safepoint    ] Application time: 0.0066711 seconds
[4.397s][info ][safepoint    ] Entering safepoint region: RevokeBias
[4.397s][info ][safepoint    ] Leaving safepoint region
[4.397s][info ][safepoint    ] Total time for which application threads were stopped: 0.0148874 seconds, Stopping threads took: 0.0146589 seconds
[4.399s][info ][safepoint    ] Application time: 0.0020077 seconds
[4.400s][info ][safepoint    ] Entering safepoint region: RevokeBias
[4.400s][info ][safepoint    ] Leaving safepoint region
[4.400s][info ][safepoint    ] Total time for which application threads were stopped: 0.0001414 seconds, Stopping threads took: 0.0000304 seconds
[4.400s][info ][safepoint    ] Application time: 0.0000649 seconds
[4.400s][info ][safepoint    ] Entering safepoint region: RevokeBias
[4.400s][info ][safepoint    ] Leaving safepoint region
[4.400s][info ][safepoint    ] Total time for which application threads were stopped: 0.0001130 seconds, Stopping threads took: 0.0000351 seconds
[4.403s][info ][safepoint    ] Application time: 0.0034305 seconds
[4.403s][info ][safepoint    ] Entering safepoint region: CollectForMetadataAllocation
[4.403s][info ][safepoint    ] Leaving safepoint region
[4.403s][info ][safepoint    ] Total time for which application threads were stopped: 0.0001330 seconds, Stopping threads took: 0.0000703 seconds
[4.416s][info ][safepoint    ] Application time: 0.0122771 seconds
[4.416s][info ][safepoint    ] Entering safepoint region: CollectForMetadataAllocation
[4.416s][info ][safepoint    ] Leaving safepoint region
[4.416s][info ][safepoint    ] Total time for which application threads were stopped: 0.0001339 seconds, Stopping threads took: 0.0000100 seconds
[4.417s][info ][safepoint    ] Application time: 0.0008040 seconds
[4.417s][info ][safepoint    ] Entering safepoint region: RevokeBias
[4.417s][info ][safepoint    ] Leaving safepoint region
[4.417s][info ][safepoint    ] Total time for which application threads were stopped: 0.0001476 seconds, Stopping threads took: 0.0000850 seconds
[4.417s][info ][safepoint    ] Application time: 0.0003490 seconds
[4.417s][info ][safepoint    ] Entering safepoint region: RevokeBias
[4.417s][info ][safepoint    ] Leaving safepoint region
[4.417s][info ][safepoint    ] Total time for which application threads were stopped: 0.0001912 seconds, Stopping threads took: 0.0001491 seconds
[4.432s][info ][safepoint    ] Application time: 0.0142184 seconds
[4.432s][info ][safepoint    ] Entering safepoint region: RevokeBias
[4.432s][info ][safepoint    ] Leaving safepoint region
[4.432s][info ][safepoint    ] Total time for which application threads were stopped: 0.0002526 seconds, Stopping threads took: 0.0000717 seconds
[4.433s][info ][safepoint    ] Application time: 0.0007818 seconds
[4.433s][info ][safepoint    ] Entering safepoint region: RevokeBias
[4.433s][info ][safepoint    ] Leaving safepoint region
[4.433s][info ][safepoint    ] Total time for which application threads were stopped: 0.0000941 seconds, Stopping threads took: 0.0000406 seconds
[4.433s][info ][safepoint    ] Application time: 0.0000983 seconds
[4.433s][info ][safepoint    ] Entering safepoint region: RevokeBias
[4.433s][info ][safepoint    ] Leaving safepoint region
[4.433s][info ][safepoint    ] Total time for which application threads were stopped: 0.0000650 seconds, Stopping threads took: 0.0000272 seconds
[4.434s][info ][safepoint    ] Application time: 0.0013010 seconds
[4.434s][info ][safepoint    ] Entering safepoint region: RevokeBias
[4.434s][info ][safepoint    ] Leaving safepoint region
[4.434s][info ][safepoint    ] Total time for which application threads were stopped: 0.0001503 seconds, Stopping threads took: 0.0000419 seconds
[4.434s][info ][safepoint    ] Application time: 0.0000570 seconds
[4.435s][info ][safepoint    ] Entering safepoint region: RevokeBias
[4.435s][info ][safepoint    ] Leaving safepoint region
[4.435s][info ][safepoint    ] Total time for which application threads were stopped: 0.0001099 seconds, Stopping threads took: 0.0000326 seconds
[4.435s][info ][safepoint    ] Application time: 0.0000457 seconds
[4.435s][info ][safepoint    ] Entering safepoint region: RevokeBias
[4.435s][info ][safepoint    ] Leaving safepoint region
[4.435s][info ][safepoint    ] Total time for which application threads were stopped: 0.0001068 seconds, Stopping threads took: 0.0000293 seconds
[4.435s][info ][safepoint    ] Application time: 0.0000427 seconds
[4.435s][info ][safepoint    ] Entering safepoint region: RevokeBias
[4.435s][info ][safepoint    ] Leaving safepoint region
[4.435s][info ][safepoint    ] Total time for which application threads were stopped: 0.0000950 seconds, Stopping threads took: 0.0000280 seconds
[4.435s][info ][safepoint    ] Application time: 0.0000449 seconds
[4.435s][info ][safepoint    ] Entering safepoint region: BulkRevokeBias
[4.435s][info ][safepoint    ] Leaving safepoint region
[4.435s][info ][safepoint    ] Total time for which application threads were stopped: 0.0001812 seconds, Stopping threads took: 0.0000300 seconds
[4.439s][info ][safepoint    ] Application time: 0.0042669 seconds
[4.439s][info ][safepoint    ] Entering safepoint region: CollectForMetadataAllocation
[4.440s][info ][safepoint    ] Leaving safepoint region
[4.440s][info ][safepoint    ] Total time for which application threads were stopped: 0.0001240 seconds, Stopping threads took: 0.0000271 seconds
[4.456s][info ][safepoint    ] Application time: 0.0161284 seconds
[4.456s][info ][safepoint    ] Entering safepoint region: CollectForMetadataAllocation
[4.456s][info ][safepoint    ] Leaving safepoint region
[4.456s][info ][safepoint    ] Total time for which application threads were stopped: 0.0000741 seconds, Stopping threads took: 0.0000097 seconds
[4.456s][info ][safepoint    ] Application time: 0.0001837 seconds
[4.456s][info ][safepoint    ] Entering safepoint region: CollectForMetadataAllocation
[4.456s][info ][safepoint    ] Leaving safepoint region
[4.456s][info ][safepoint    ] Total time for which application threads were stopped: 0.0000473 seconds, Stopping threads took: 0.0000245 seconds
[4.465s][info ][safepoint    ] Application time: 0.0089447 seconds
[4.465s][info ][safepoint    ] Entering safepoint region: RevokeBias
[4.465s][info ][safepoint    ] Leaving safepoint region
[4.465s][info ][safepoint    ] Total time for which application threads were stopped: 0.0001671 seconds, Stopping threads took: 0.0001109 seconds
[4.465s][info ][safepoint    ] Application time: 0.0002818 seconds
[4.466s][info ][safepoint    ] Entering safepoint region: RevokeBias
[4.466s][info ][safepoint    ] Leaving safepoint region
[4.466s][info ][safepoint    ] Total time for which application threads were stopped: 0.0001140 seconds, Stopping threads took: 0.0000566 seconds
[4.473s][info ][safepoint    ] Application time: 0.0069475 seconds
[4.473s][info ][safepoint    ] Entering safepoint region: CollectForMetadataAllocation
[4.473s][info ][safepoint    ] Leaving safepoint region
[4.473s][info ][safepoint    ] Total time for which application threads were stopped: 0.0001917 seconds, Stopping threads took: 0.0000939 seconds
[4.504s][info ][safepoint    ] Application time: 0.0315695 seconds
[4.504s][info ][safepoint    ] Entering safepoint region: CollectForMetadataAllocation
[4.505s][info ][safepoint    ] Leaving safepoint region
[4.505s][info ][safepoint    ] Total time for which application threads were stopped: 0.0001273 seconds, Stopping threads took: 0.0000455 seconds
[4.523s][info ][safepoint    ] Application time: 0.0186874 seconds
[4.523s][info ][safepoint    ] Entering safepoint region: RevokeBias
[4.523s][info ][safepoint    ] Leaving safepoint region
[4.523s][info ][safepoint    ] Total time for which application threads were stopped: 0.0001545 seconds, Stopping threads took: 0.0000351 seconds
[4.525s][info ][safepoint    ] Application time: 0.0011249 seconds
[4.525s][info ][safepoint    ] Entering safepoint region: RevokeBias
[4.525s][info ][safepoint    ] Leaving safepoint region
[4.525s][info ][safepoint    ] Total time for which application threads were stopped: 0.0001550 seconds, Stopping threads took: 0.0000788 seconds
[4.526s][info ][safepoint    ] Application time: 0.0010792 seconds
[4.526s][info ][safepoint    ] Entering safepoint region: RevokeBias
[4.526s][info ][safepoint    ] Leaving safepoint region
[4.526s][info ][safepoint    ] Total time for which application threads were stopped: 0.0002613 seconds, Stopping threads took: 0.0000704 seconds
[4.527s][info ][safepoint    ] Application time: 0.0007216 seconds
[4.527s][info ][safepoint    ] Entering safepoint region: RevokeBias
[4.527s][info ][safepoint    ] Leaving safepoint region
[4.527s][info ][safepoint    ] Total time for which application threads were stopped: 0.0001725 seconds, Stopping threads took: 0.0000758 seconds
[4.527s][info ][safepoint    ] Application time: 0.0003540 seconds
[4.528s][info ][safepoint    ] Entering safepoint region: RevokeBias
[4.528s][info ][safepoint    ] Leaving safepoint region
[4.528s][info ][safepoint    ] Total time for which application threads were stopped: 0.0003320 seconds, Stopping threads took: 0.0001723 seconds
[4.528s][info ][safepoint    ] Application time: 0.0004893 seconds
[4.529s][info ][safepoint    ] Entering safepoint region: RevokeBias
[4.529s][info ][safepoint    ] Leaving safepoint region
[4.529s][info ][safepoint    ] Total time for which application threads were stopped: 0.0004266 seconds, Stopping threads took: 0.0003377 seconds
[4.530s][info ][safepoint    ] Application time: 0.0011578 seconds
[4.530s][info ][safepoint    ] Entering safepoint region: CollectForMetadataAllocation
[4.530s][info ][safepoint    ] Leaving safepoint region
[4.530s][info ][safepoint    ] Total time for which application threads were stopped: 0.0001158 seconds, Stopping threads took: 0.0000432 seconds
[4.530s][info ][safepoint    ] Application time: 0.0001504 seconds
[4.530s][info ][safepoint    ] Entering safepoint region: CollectForMetadataAllocation
[4.530s][info ][safepoint    ] Leaving safepoint region
[4.530s][info ][safepoint    ] Total time for which application threads were stopped: 0.0001140 seconds, Stopping threads took: 0.0000689 seconds
[4.539s][info ][safepoint    ] Application time: 0.0090747 seconds
[4.539s][info ][safepoint    ] Entering safepoint region: RevokeBias
[4.540s][info ][safepoint    ] Leaving safepoint region
[4.540s][info ][safepoint    ] Total time for which application threads were stopped: 0.0002179 seconds, Stopping threads took: 0.0000994 seconds
[4.545s][info ][safepoint    ] Application time: 0.0057743 seconds
[4.545s][info ][safepoint    ] Entering safepoint region: CollectForMetadataAllocation
[4.546s][info ][safepoint    ] Leaving safepoint region
[4.546s][info ][safepoint    ] Total time for which application threads were stopped: 0.0002404 seconds, Stopping threads took: 0.0001135 seconds
[4.550s][info ][safepoint    ] Application time: 0.0041915 seconds
[4.550s][info ][safepoint    ] Entering safepoint region: RevokeBias
[4.550s][info ][safepoint    ] Leaving safepoint region
[4.550s][info ][safepoint    ] Total time for which application threads were stopped: 0.0001371 seconds, Stopping threads took: 0.0000543 seconds
[4.572s][info ][safepoint    ] Application time: 0.0219831 seconds
[4.577s][info ][safepoint    ] Entering safepoint region: RevokeBias
[4.577s][info ][safepoint    ] Leaving safepoint region
[4.577s][info ][safepoint    ] Total time for which application threads were stopped: 0.0052251 seconds, Stopping threads took: 0.0049162 seconds
[4.582s][info ][safepoint    ] Application time: 0.0051201 seconds
[4.582s][info ][safepoint    ] Entering safepoint region: RevokeBias
[4.583s][info ][safepoint    ] Leaving safepoint region
[4.583s][info ][safepoint    ] Total time for which application threads were stopped: 0.0002732 seconds, Stopping threads took: 0.0000819 seconds
[4.593s][info ][safepoint    ] Application time: 0.0099525 seconds
[4.593s][info ][safepoint    ] Entering safepoint region: CollectForMetadataAllocation
[4.593s][info ][safepoint    ] Leaving safepoint region
[4.593s][info ][safepoint    ] Total time for which application threads were stopped: 0.0002275 seconds, Stopping threads took: 0.0001150 seconds
[4.593s][info ][safepoint    ] Application time: 0.0000923 seconds
[4.593s][info ][safepoint    ] Entering safepoint region: CollectForMetadataAllocation
[4.593s][info ][safepoint    ] Leaving safepoint region
[4.593s][info ][safepoint    ] Total time for which application threads were stopped: 0.0000990 seconds, Stopping threads took: 0.0000535 seconds
[4.594s][info ][safepoint    ] Application time: 0.0006165 seconds
[4.594s][info ][safepoint    ] Entering safepoint region: RevokeBias
[4.594s][info ][safepoint    ] Leaving safepoint region
[4.594s][info ][safepoint    ] Total time for which application threads were stopped: 0.0002122 seconds, Stopping threads took: 0.0001012 seconds
[4.598s][info ][safepoint    ] Application time: 0.0045603 seconds
[4.599s][info ][safepoint    ] Entering safepoint region: RevokeBias
[4.599s][info ][safepoint    ] Leaving safepoint region
[4.599s][info ][safepoint    ] Total time for which application threads were stopped: 0.0003152 seconds, Stopping threads took: 0.0001109 seconds
[4.606s][info ][safepoint    ] Application time: 0.0068441 seconds
[4.612s][info ][safepoint    ] Entering safepoint region: RevokeBias
[4.612s][info ][safepoint    ] Leaving safepoint region
[4.612s][info ][safepoint    ] Total time for which application threads were stopped: 0.0066715 seconds, Stopping threads took: 0.0064295 seconds
[4.639s][info ][safepoint    ] Application time: 0.0267928 seconds
[4.639s][info ][safepoint    ] Entering safepoint region: RevokeBias
[4.640s][info ][safepoint    ] Leaving safepoint region
[4.640s][info ][safepoint    ] Total time for which application threads were stopped: 0.0006529 seconds, Stopping threads took: 0.0002345 seconds
[4.644s][info ][safepoint    ] Application time: 0.0045834 seconds
[4.644s][info ][safepoint    ] Entering safepoint region: RevokeBias
[4.645s][info ][safepoint    ] Leaving safepoint region
[4.645s][info ][safepoint    ] Total time for which application threads were stopped: 0.0002830 seconds, Stopping threads took: 0.0000821 seconds
[4.647s][info ][safepoint    ] Application time: 0.0025267 seconds
[4.650s][info ][safepoint    ] Entering safepoint region: RevokeBias
[4.650s][info ][safepoint    ] Leaving safepoint region
[4.651s][info ][safepoint    ] Total time for which application threads were stopped: 0.0032844 seconds, Stopping threads took: 0.0030696 seconds
[4.651s][info ][safepoint    ] Application time: 0.0005592 seconds
[4.651s][info ][safepoint    ] Entering safepoint region: RevokeBias
[4.651s][info ][safepoint    ] Leaving safepoint region
[4.651s][info ][safepoint    ] Total time for which application threads were stopped: 0.0003450 seconds, Stopping threads took: 0.0001474 seconds
[4.652s][info ][safepoint    ] Application time: 0.0006596 seconds
[4.661s][info ][safepoint    ] Entering safepoint region: RevokeBias
[4.662s][info ][safepoint    ] Leaving safepoint region
[4.662s][info ][safepoint    ] Total time for which application threads were stopped: 0.0094011 seconds, Stopping threads took: 0.0091213 seconds
[4.669s][info ][safepoint    ] Application time: 0.0075816 seconds
[4.669s][info ][safepoint    ] Entering safepoint region: CollectForMetadataAllocation
[4.670s][info ][safepoint    ] Leaving safepoint region
[4.670s][info ][safepoint    ] Total time for which application threads were stopped: 0.0003886 seconds, Stopping threads took: 0.0002631 seconds
[4.695s][info ][safepoint    ] Application time: 0.0258730 seconds
[4.696s][info ][safepoint    ] Entering safepoint region: RevokeBias
[4.696s][info ][safepoint    ] Leaving safepoint region
[4.696s][info ][safepoint    ] Total time for which application threads were stopped: 0.0004568 seconds, Stopping threads took: 0.0001153 seconds
[4.718s][info ][safepoint    ] Application time: 0.0223842 seconds
[4.718s][info ][safepoint    ] Entering safepoint region: CollectForMetadataAllocation
[4.719s][info ][safepoint    ] Leaving safepoint region
[4.719s][info ][safepoint    ] Total time for which application threads were stopped: 0.0003823 seconds, Stopping threads took: 0.0001778 seconds
[4.728s][info ][safepoint    ] Application time: 0.0091259 seconds
[4.731s][info ][safepoint    ] Entering safepoint region: CollectForMetadataAllocation
[4.731s][info ][safepoint    ] Leaving safepoint region
[4.731s][info ][safepoint    ] Total time for which application threads were stopped: 0.0032311 seconds, Stopping threads took: 0.0030972 seconds
[4.752s][info ][safepoint    ] Application time: 0.0207244 seconds
[4.752s][info ][safepoint    ] Entering safepoint region: RevokeBias
[4.752s][info ][safepoint    ] Leaving safepoint region
[4.752s][info ][safepoint    ] Total time for which application threads were stopped: 0.0005818 seconds, Stopping threads took: 0.0002258 seconds
[4.753s][info ][safepoint    ] Application time: 0.0002318 seconds
[4.753s][info ][safepoint    ] Entering safepoint region: GenCollectForAllocation
[4.753s][info ][gc,start     ] GC(1) Pause Young (Allocation Failure)
[4.753s][info ][gc,task      ] GC(1) Using 4 workers of 4 for evacuation
[5.037s][debug][gc,ref       ] GC(1) Skipped phase1 of Reference Processing due to unavailable references
[5.037s][debug][gc,ref       ] GC(1) Skipped phase3 of Reference Processing due to unavailable references
[5.038s][debug][gc,age       ] GC(1) Desired survivor size 15368192 bytes, new threshold 1 (max threshold 6)
[5.038s][info ][gc,heap      ] GC(1) ParNew: 267739K->30016K(270336K)
[5.038s][info ][gc,heap      ] GC(1) CMS: 0K->41577K(600768K)
[5.038s][info ][gc,metaspace ] GC(1) Metaspace: 28637K->28637K(1075200K)
[5.038s][info ][gc           ] GC(1) Pause Young (Allocation Failure) 261M->69M(850M) 284.607ms
[5.038s][info ][gc,cpu       ] GC(1) User=0.70s Sys=0.02s Real=0.29s
[5.038s][info ][safepoint    ] Leaving safepoint region
[5.038s][info ][safepoint    ] Total time for which application threads were stopped: 0.2850193 seconds, Stopping threads took: 0.0002629 seconds
[5.039s][info ][safepoint    ] Application time: 0.0014001 seconds
[5.039s][info ][safepoint    ] Entering safepoint region: RevokeBias
[5.039s][info ][safepoint    ] Leaving safepoint region
[5.039s][info ][safepoint    ] Total time for which application threads were stopped: 0.0003321 seconds, Stopping threads took: 0.0000326 seconds
[5.040s][info ][safepoint    ] Application time: 0.0007257 seconds
[5.040s][info ][safepoint    ] Entering safepoint region: BulkRevokeBias
[5.041s][info ][safepoint    ] Leaving safepoint region
[5.041s][info ][safepoint    ] Total time for which application threads were stopped: 0.0009134 seconds, Stopping threads took: 0.0000318 seconds
[5.045s][info ][safepoint    ] Application time: 0.0043641 seconds
[5.046s][info ][safepoint    ] Entering safepoint region: RevokeBias
[5.046s][info ][safepoint    ] Leaving safepoint region
[5.046s][info ][safepoint    ] Total time for which application threads were stopped: 0.0003821 seconds, Stopping threads took: 0.0001064 seconds
[5.046s][info ][safepoint    ] Application time: 0.0000531 seconds
[5.046s][info ][safepoint    ] Entering safepoint region: CMS_Initial_Mark
[5.046s][info ][gc,start     ] GC(2) Pause Initial Mark
[5.056s][info ][gc           ] GC(2) Pause Initial Mark 80M->80M(850M) 10.381ms
[5.056s][info ][gc,cpu       ] GC(2) User=0.02s Sys=0.00s Real=0.02s
[5.056s][info ][safepoint    ] Leaving safepoint region
[5.056s][info ][safepoint    ] Total time for which application threads were stopped: 0.0105271 seconds, Stopping threads took: 0.0000048 seconds
[5.057s][info ][gc           ] GC(2) Concurrent Mark
[5.073s][info ][safepoint    ] Application time: 0.0164936 seconds
[5.076s][info ][safepoint    ] Entering safepoint region: RevokeBias
[5.076s][info ][safepoint    ] Leaving safepoint region
[5.076s][info ][safepoint    ] Total time for which application threads were stopped: 0.0032995 seconds, Stopping threads took: 0.0030429 seconds
[5.078s][info ][safepoint    ] Application time: 0.0019896 seconds
[5.078s][info ][safepoint    ] Entering safepoint region: RevokeBias
[5.079s][info ][safepoint    ] Leaving safepoint region
[5.079s][info ][safepoint    ] Total time for which application threads were stopped: 0.0008983 seconds, Stopping threads took: 0.0000801 seconds
[5.109s][info ][safepoint    ] Application time: 0.0296674 seconds
[5.109s][info ][safepoint    ] Entering safepoint region: CollectForMetadataAllocation
[5.109s][info ][safepoint    ] Leaving safepoint region
[5.109s][info ][safepoint    ] Total time for which application threads were stopped: 0.0003679 seconds, Stopping threads took: 0.0001591 seconds
[5.122s][info ][safepoint    ] Application time: 0.0126362 seconds
[5.122s][info ][safepoint    ] Entering safepoint region: Deoptimize
[5.123s][info ][safepoint    ] Leaving safepoint region
[5.123s][info ][safepoint    ] Total time for which application threads were stopped: 0.0006924 seconds, Stopping threads took: 0.0001477 seconds
[5.127s][info ][safepoint    ] Application time: 0.0047750 seconds
[5.128s][info ][safepoint    ] Entering safepoint region: CollectForMetadataAllocation
[5.128s][info ][safepoint    ] Leaving safepoint region
[5.128s][info ][safepoint    ] Total time for which application threads were stopped: 0.0002830 seconds, Stopping threads took: 0.0001304 seconds
[5.141s][info ][safepoint    ] Application time: 0.0132778 seconds
[5.143s][info ][safepoint    ] Entering safepoint region: RevokeBias
[5.143s][info ][safepoint    ] Leaving safepoint region
[5.143s][info ][safepoint    ] Total time for which application threads were stopped: 0.0017114 seconds, Stopping threads took: 0.0015499 seconds
[5.145s][info ][safepoint    ] Application time: 0.0025182 seconds
[5.145s][info ][safepoint    ] Entering safepoint region: RevokeBias
[5.146s][info ][safepoint    ] Leaving safepoint region
[5.146s][info ][safepoint    ] Total time for which application threads were stopped: 0.0004631 seconds, Stopping threads took: 0.0002465 seconds
[5.184s][info ][gc           ] GC(2) Concurrent Mark 127.930ms
[5.184s][info ][gc,cpu       ] GC(2) User=0.52s Sys=0.02s Real=0.12s
[5.185s][info ][safepoint    ] Application time: 0.0388009 seconds
[5.185s][info ][safepoint    ] Entering safepoint region: CollectForMetadataAllocation
[5.185s][info ][safepoint    ] Leaving safepoint region
[5.185s][info ][safepoint    ] Total time for which application threads were stopped: 0.0004242 seconds, Stopping threads took: 0.0000996 seconds
[5.185s][info ][gc           ] GC(2) Concurrent Preclean
[5.185s][debug][gc,ref       ] GC(2) Preclean SoftReferences 0.001ms
[5.185s][debug][gc,ref       ] GC(2) Preclean WeakReferences 0.035ms
[5.185s][debug][gc,ref       ] GC(2) Preclean FinalReferences 0.000ms
[5.185s][debug][gc,ref       ] GC(2) Preclean PhantomReferences 0.001ms
[5.187s][info ][gc           ] GC(2) Concurrent Preclean 1.789ms
[5.187s][info ][gc,cpu       ] GC(2) User=0.01s Sys=0.00s Real=0.00s
[5.187s][info ][gc           ] GC(2) Concurrent Abortable Preclean
[5.190s][info ][safepoint    ] Application time: 0.0054439 seconds
[5.191s][info ][safepoint    ] Entering safepoint region: CollectForMetadataAllocation
[5.191s][info ][safepoint    ] Leaving safepoint region
[5.191s][info ][safepoint    ] Total time for which application threads were stopped: 0.0001879 seconds, Stopping threads took: 0.0000846 seconds
[5.191s][info ][safepoint    ] Application time: 0.0000701 seconds
[5.191s][info ][safepoint    ] Entering safepoint region: CollectForMetadataAllocation
[5.191s][info ][safepoint    ] Leaving safepoint region
[5.191s][info ][safepoint    ] Total time for which application threads were stopped: 0.0001529 seconds, Stopping threads took: 0.0000963 seconds
[5.211s][info ][safepoint    ] Application time: 0.0197915 seconds
[5.211s][info ][safepoint    ] Entering safepoint region: RevokeBias
[5.211s][info ][safepoint    ] Leaving safepoint region
[5.211s][info ][safepoint    ] Total time for which application threads were stopped: 0.0004497 seconds, Stopping threads took: 0.0000946 seconds
[5.211s][info ][safepoint    ] Application time: 0.0001904 seconds
[5.211s][info ][safepoint    ] Entering safepoint region: RevokeBias
[5.212s][info ][safepoint    ] Leaving safepoint region
[5.212s][info ][safepoint    ] Total time for which application threads were stopped: 0.0002307 seconds, Stopping threads took: 0.0000478 seconds
[5.236s][info ][safepoint    ] Application time: 0.0241537 seconds
[5.236s][info ][safepoint    ] Entering safepoint region: RevokeBias
[5.236s][info ][safepoint    ] Leaving safepoint region
[5.236s][info ][safepoint    ] Total time for which application threads were stopped: 0.0005603 seconds, Stopping threads took: 0.0001714 seconds
[5.248s][info ][safepoint    ] Application time: 0.0116468 seconds
[5.248s][info ][safepoint    ] Entering safepoint region: RevokeBias
[5.249s][info ][safepoint    ] Leaving safepoint region
[5.249s][info ][safepoint    ] Total time for which application threads were stopped: 0.0008381 seconds, Stopping threads took: 0.0001309 seconds
[5.249s][info ][safepoint    ] Application time: 0.0004913 seconds
[5.250s][info ][safepoint    ] Entering safepoint region: RevokeBias
[5.250s][info ][safepoint    ] Leaving safepoint region
[5.250s][info ][safepoint    ] Total time for which application threads were stopped: 0.0003146 seconds, Stopping threads took: 0.0001783 seconds
[5.250s][info ][safepoint    ] Application time: 0.0001235 seconds
[5.250s][info ][safepoint    ] Entering safepoint region: RevokeBias
[5.250s][info ][safepoint    ] Leaving safepoint region
[5.250s][info ][safepoint    ] Total time for which application threads were stopped: 0.0002741 seconds, Stopping threads took: 0.0001101 seconds
[5.251s][info ][safepoint    ] Application time: 0.0013866 seconds
[5.252s][info ][safepoint    ] Entering safepoint region: Deoptimize
[5.252s][info ][safepoint    ] Leaving safepoint region
[5.252s][info ][safepoint    ] Total time for which application threads were stopped: 0.0004969 seconds, Stopping threads took: 0.0000954 seconds
[5.255s][info ][safepoint    ] Application time: 0.0028463 seconds
[5.255s][info ][safepoint    ] Entering safepoint region: RevokeBias
[5.256s][info ][safepoint    ] Leaving safepoint region
[5.256s][info ][safepoint    ] Total time for which application threads were stopped: 0.0011285 seconds, Stopping threads took: 0.0000755 seconds
[5.256s][info ][safepoint    ] Application time: 0.0004261 seconds
[5.257s][info ][safepoint    ] Entering safepoint region: RevokeBias
[5.257s][info ][safepoint    ] Leaving safepoint region
[5.257s][info ][safepoint    ] Total time for which application threads were stopped: 0.0002527 seconds, Stopping threads took: 0.0000849 seconds
[5.263s][info ][safepoint    ] Application time: 0.0058736 seconds
[5.263s][info ][safepoint    ] Entering safepoint region: RevokeBias
[5.263s][info ][safepoint    ] Leaving safepoint region
[5.263s][info ][safepoint    ] Total time for which application threads were stopped: 0.0003821 seconds, Stopping threads took: 0.0001614 seconds
[5.267s][info ][safepoint    ] Application time: 0.0038115 seconds
[5.271s][info ][safepoint    ] Entering safepoint region: RevokeBias
[5.271s][info ][safepoint    ] Leaving safepoint region
[5.271s][info ][safepoint    ] Total time for which application threads were stopped: 0.0044167 seconds, Stopping threads took: 0.0041974 seconds
[5.273s][info ][safepoint    ] Application time: 0.0017276 seconds
[5.273s][info ][safepoint    ] Entering safepoint region: RevokeBias
[5.273s][info ][safepoint    ] Leaving safepoint region
[5.273s][info ][safepoint    ] Total time for which application threads were stopped: 0.0002892 seconds, Stopping threads took: 0.0001128 seconds
[5.287s][info ][safepoint    ] Application time: 0.0138990 seconds
[5.287s][info ][safepoint    ] Entering safepoint region: RevokeBias
[5.288s][info ][safepoint    ] Leaving safepoint region
[5.288s][info ][safepoint    ] Total time for which application threads were stopped: 0.0003906 seconds, Stopping threads took: 0.0000908 seconds
[5.289s][info ][safepoint    ] Application time: 0.0015496 seconds
[5.292s][info ][safepoint    ] Entering safepoint region: RevokeBias
[5.292s][info ][safepoint    ] Leaving safepoint region
[5.292s][info ][safepoint    ] Total time for which application threads were stopped: 0.0032500 seconds, Stopping threads took: 0.0030428 seconds
[5.296s][info ][safepoint    ] Application time: 0.0036995 seconds
[5.296s][info ][safepoint    ] Entering safepoint region: RevokeBias
[5.296s][info ][safepoint    ] Leaving safepoint region
[5.296s][info ][safepoint    ] Total time for which application threads were stopped: 0.0002974 seconds, Stopping threads took: 0.0001363 seconds
[5.297s][info ][safepoint    ] Application time: 0.0005743 seconds
[5.298s][info ][safepoint    ] Entering safepoint region: CollectForMetadataAllocation
[5.298s][info ][safepoint    ] Leaving safepoint region
[5.298s][info ][safepoint    ] Total time for which application threads were stopped: 0.0007932 seconds, Stopping threads took: 0.0006686 seconds
[5.310s][info ][safepoint    ] Application time: 0.0116928 seconds
[5.310s][info ][safepoint    ] Entering safepoint region: RevokeBias
[5.310s][info ][safepoint    ] Leaving safepoint region
[5.310s][info ][safepoint    ] Total time for which application threads were stopped: 0.0004174 seconds, Stopping threads took: 0.0001569 seconds
[5.326s][info ][safepoint    ] Application time: 0.0161707 seconds
[5.329s][info ][safepoint    ] Entering safepoint region: CollectForMetadataAllocation
[5.330s][info ][safepoint    ] Leaving safepoint region
[5.330s][info ][safepoint    ] Total time for which application threads were stopped: 0.0034454 seconds, Stopping threads took: 0.0030362 seconds
[5.330s][info ][safepoint    ] Application time: 0.0001024 seconds
[5.333s][info ][safepoint    ] Entering safepoint region: CollectForMetadataAllocation
[5.333s][info ][safepoint    ] Leaving safepoint region
[5.333s][info ][safepoint    ] Total time for which application threads were stopped: 0.0032982 seconds, Stopping threads took: 0.0031868 seconds
[5.336s][info ][safepoint    ] Application time: 0.0025598 seconds
[5.336s][info ][safepoint    ] Entering safepoint region: RevokeBias
[5.336s][info ][safepoint    ] Leaving safepoint region
[5.336s][info ][safepoint    ] Total time for which application threads were stopped: 0.0003508 seconds, Stopping threads took: 0.0001278 seconds
[5.348s][info ][safepoint    ] Application time: 0.0122612 seconds
[5.348s][info ][safepoint    ] Entering safepoint region: CollectForMetadataAllocation
[5.349s][info ][safepoint    ] Leaving safepoint region
[5.349s][info ][safepoint    ] Total time for which application threads were stopped: 0.0002422 seconds, Stopping threads took: 0.0000931 seconds
[5.352s][info ][safepoint    ] Application time: 0.0031620 seconds
[5.352s][info ][safepoint    ] Entering safepoint region: RevokeBias
[5.352s][info ][safepoint    ] Leaving safepoint region
[5.352s][info ][safepoint    ] Total time for which application threads were stopped: 0.0002855 seconds, Stopping threads took: 0.0001266 seconds
[5.362s][info ][safepoint    ] Application time: 0.0100765 seconds
[5.362s][info ][safepoint    ] Entering safepoint region: RevokeBias
[5.363s][info ][safepoint    ] Leaving safepoint region
[5.363s][info ][safepoint    ] Total time for which application threads were stopped: 0.0004707 seconds, Stopping threads took: 0.0001609 seconds
[5.365s][info ][safepoint    ] Application time: 0.0027843 seconds
[5.365s][info ][safepoint    ] Entering safepoint region: CollectForMetadataAllocation
[5.366s][info ][safepoint    ] Leaving safepoint region
[5.366s][info ][safepoint    ] Total time for which application threads were stopped: 0.0002149 seconds, Stopping threads took: 0.0000934 seconds
[5.371s][info ][safepoint    ] Application time: 0.0054265 seconds
[5.371s][info ][safepoint    ] Entering safepoint region: RevokeBias
[5.371s][info ][safepoint    ] Leaving safepoint region
[5.371s][info ][safepoint    ] Total time for which application threads were stopped: 0.0002710 seconds, Stopping threads took: 0.0000872 seconds
[5.380s][info ][safepoint    ] Application time: 0.0082198 seconds
[5.380s][info ][safepoint    ] Entering safepoint region: CollectForMetadataAllocation
[5.380s][info ][safepoint    ] Leaving safepoint region
[5.380s][info ][safepoint    ] Total time for which application threads were stopped: 0.0002075 seconds, Stopping threads took: 0.0000259 seconds
[5.388s][info ][safepoint    ] Application time: 0.0080723 seconds
[5.388s][info ][safepoint    ] Entering safepoint region: BulkRevokeBias
[5.389s][info ][safepoint    ] Leaving safepoint region
[5.389s][info ][safepoint    ] Total time for which application threads were stopped: 0.0012687 seconds, Stopping threads took: 0.0001226 seconds
[5.404s][info ][safepoint    ] Application time: 0.0150275 seconds
[5.404s][info ][safepoint    ] Entering safepoint region: CollectForMetadataAllocation
[5.405s][info ][safepoint    ] Leaving safepoint region
[5.405s][info ][safepoint    ] Total time for which application threads were stopped: 0.0003154 seconds, Stopping threads took: 0.0001366 seconds
[5.419s][info ][safepoint    ] Application time: 0.0140384 seconds
[5.419s][info ][safepoint    ] Entering safepoint region: CollectForMetadataAllocation
[5.419s][info ][safepoint    ] Leaving safepoint region
[5.419s][info ][safepoint    ] Total time for which application threads were stopped: 0.0003863 seconds, Stopping threads took: 0.0002105 seconds
[5.441s][info ][safepoint    ] Application time: 0.0217951 seconds
[5.446s][info ][safepoint    ] Entering safepoint region: CollectForMetadataAllocation
[5.446s][info ][safepoint    ] Leaving safepoint region
[5.446s][info ][safepoint    ] Total time for which application threads were stopped: 0.0053385 seconds, Stopping threads took: 0.0051158 seconds
[5.461s][info ][safepoint    ] Application time: 0.0146816 seconds
[5.463s][info ][safepoint    ] Entering safepoint region: CollectForMetadataAllocation
[5.463s][info ][safepoint    ] Leaving safepoint region
[5.463s][info ][safepoint    ] Total time for which application threads were stopped: 0.0020783 seconds, Stopping threads took: 0.0018871 seconds
[5.493s][info ][safepoint    ] Application time: 0.0298063 seconds
[5.493s][info ][safepoint    ] Entering safepoint region: CollectForMetadataAllocation
[5.493s][info ][safepoint    ] Leaving safepoint region
[5.493s][info ][safepoint    ] Total time for which application threads were stopped: 0.0002709 seconds, Stopping threads took: 0.0001127 seconds
[5.503s][info ][safepoint    ] Application time: 0.0095949 seconds
[5.503s][info ][safepoint    ] Entering safepoint region: CollectForMetadataAllocation
[5.503s][info ][safepoint    ] Leaving safepoint region
[5.503s][info ][safepoint    ] Total time for which application threads were stopped: 0.0002525 seconds, Stopping threads took: 0.0000983 seconds
[5.540s][info ][safepoint    ] Application time: 0.0368742 seconds
[5.540s][info ][safepoint    ] Entering safepoint region: CollectForMetadataAllocation
[5.540s][info ][safepoint    ] Leaving safepoint region
[5.540s][info ][safepoint    ] Total time for which application threads were stopped: 0.0003250 seconds, Stopping threads took: 0.0001543 seconds
[5.565s][info ][safepoint    ] Application time: 0.0244987 seconds
[5.565s][info ][safepoint    ] Entering safepoint region: CollectForMetadataAllocation
[5.565s][info ][safepoint    ] Leaving safepoint region
[5.565s][info ][safepoint    ] Total time for which application threads were stopped: 0.0003469 seconds, Stopping threads took: 0.0001852 seconds
[5.574s][info ][safepoint    ] Application time: 0.0084990 seconds
[5.574s][info ][safepoint    ] Entering safepoint region: Deoptimize
[5.574s][info ][safepoint    ] Leaving safepoint region
[5.574s][info ][safepoint    ] Total time for which application threads were stopped: 0.0007750 seconds, Stopping threads took: 0.0001678 seconds
[5.577s][info ][safepoint    ] Application time: 0.0030832 seconds
[5.578s][info ][safepoint    ] Entering safepoint region: CollectForMetadataAllocation
[5.578s][info ][safepoint    ] Leaving safepoint region
[5.578s][info ][safepoint    ] Total time for which application threads were stopped: 0.0002283 seconds, Stopping threads took: 0.0000905 seconds
[5.695s][info ][safepoint    ] Application time: 0.1171346 seconds
[5.698s][info ][safepoint    ] Entering safepoint region: GenCollectForAllocation
[5.698s][info ][gc,start     ] GC(3) Pause Young (Allocation Failure)
[5.698s][info ][gc,task      ] GC(3) Using 4 workers of 4 for evacuation
[5.778s][debug][gc,ref       ] GC(3) Skipped phase1 of Reference Processing due to unavailable references
[5.778s][debug][gc,ref       ] GC(3) Skipped phase3 of Reference Processing due to unavailable references
[5.779s][debug][gc,age       ] GC(3) Desired survivor size 15368192 bytes, new threshold 1 (max threshold 6)
[5.779s][info ][gc,heap      ] GC(3) ParNew: 270336K->30016K(270336K)
[5.779s][info ][gc,heap      ] GC(3) CMS: 41577K->71645K(600768K)
[5.779s][info ][gc,metaspace ] GC(3) Metaspace: 33993K->33993K(1079296K)
[5.779s][info ][gc           ] GC(3) Pause Young (Allocation Failure) 304M->99M(850M) 80.742ms
[5.779s][info ][gc,cpu       ] GC(3) User=0.28s Sys=0.01s Real=0.08s
[5.779s][info ][safepoint    ] Leaving safepoint region
[5.779s][info ][safepoint    ] Total time for which application threads were stopped: 0.0840116 seconds, Stopping threads took: 0.0030323 seconds
[5.803s][info ][safepoint    ] Application time: 0.0244531 seconds
[5.805s][info ][safepoint    ] Entering safepoint region: Deoptimize
[5.806s][info ][safepoint    ] Leaving safepoint region
[5.806s][info ][safepoint    ] Total time for which application threads were stopped: 0.0026022 seconds, Stopping threads took: 0.0018994 seconds
[5.811s][info ][safepoint    ] Application time: 0.0049786 seconds
[5.811s][info ][safepoint    ] Entering safepoint region: CollectForMetadataAllocation
[5.811s][info ][safepoint    ] Leaving safepoint region
[5.811s][info ][safepoint    ] Total time for which application threads were stopped: 0.0002605 seconds, Stopping threads took: 0.0000910 seconds
[5.837s][info ][safepoint    ] Application time: 0.0257841 seconds
[5.837s][info ][safepoint    ] Entering safepoint region: Deoptimize
[5.838s][info ][safepoint    ] Leaving safepoint region
[5.838s][info ][safepoint    ] Total time for which application threads were stopped: 0.0007298 seconds, Stopping threads took: 0.0000758 seconds
[5.851s][info ][safepoint    ] Application time: 0.0127480 seconds
[5.851s][info ][safepoint    ] Entering safepoint region: CollectForMetadataAllocation
[5.851s][info ][safepoint    ] Leaving safepoint region
[5.851s][info ][safepoint    ] Total time for which application threads were stopped: 0.0002663 seconds, Stopping threads took: 0.0001040 seconds
[5.997s][info ][safepoint    ] Application time: 0.1462441 seconds
[6.000s][info ][safepoint    ] Entering safepoint region: CollectForMetadataAllocation
[6.001s][info ][safepoint    ] Leaving safepoint region
[6.001s][info ][safepoint    ] Total time for which application threads were stopped: 0.0041404 seconds, Stopping threads took: 0.0031456 seconds
[6.004s][info ][gc           ] GC(2) Concurrent Abortable Preclean 817.255ms
[6.004s][info ][gc,cpu       ] GC(2) User=4.33s Sys=0.08s Real=0.82s
[6.004s][info ][safepoint    ] Application time: 0.0028895 seconds
[6.004s][info ][safepoint    ] Entering safepoint region: CMS_Final_Remark
[6.005s][info ][gc,start     ] GC(2) Pause Remark
[6.058s][debug][gc,phases    ] GC(2) Rescan (parallel) 53.339ms
[6.058s][debug][gc,ref       ] GC(2) Skipped phase1 of Reference Processing due to unavailable references
[6.058s][debug][gc,ref       ] GC(2) Skipped phase3 of Reference Processing due to unavailable references
[6.058s][debug][gc,ref       ] GC(2) Skipped phase4 of Reference Processing due to unavailable references
[6.058s][debug][gc,phases    ] GC(2) Reference Processing 0.075ms
[6.058s][debug][gc,phases    ] GC(2) Weak Processing 0.087ms
[6.059s][debug][gc,phases    ] GC(2) ClassLoaderData 0.447ms
[6.059s][debug][gc,phases    ] GC(2) ProtectionDomainCacheTable 0.004ms
[6.059s][debug][gc,phases    ] GC(2) ResolvedMethodTable 0.110ms
[6.061s][debug][gc,phases    ] GC(2) Class Unloading 2.465ms
[6.063s][debug][gc,phases    ] GC(2) Scrub Symbol Table 2.504ms
[6.063s][debug][gc,phases    ] GC(2) Scrub String Table 0.323ms
[6.064s][info ][gc           ] GC(2) Pause Remark 278M->278M(850M) 59.005ms
[6.064s][info ][gc,cpu       ] GC(2) User=0.20s Sys=0.00s Real=0.06s
[6.064s][info ][safepoint    ] Leaving safepoint region
[6.064s][info ][safepoint    ] Total time for which application threads were stopped: 0.0593347 seconds, Stopping threads took: 0.0001600 seconds
[6.064s][info ][gc           ] GC(2) Concurrent Sweep
[6.098s][info ][gc           ] GC(2) Concurrent Sweep 34.232ms
[6.098s][info ][gc,cpu       ] GC(2) User=0.23s Sys=0.00s Real=0.04s
[6.098s][info ][gc           ] GC(2) Concurrent Reset
[6.129s][info ][gc           ] GC(2) Concurrent Reset 30.854ms
[6.129s][info ][gc,cpu       ] GC(2) User=0.20s Sys=0.03s Real=0.03s
[6.129s][info ][gc,heap      ] GC(2) Old: 41577K->71608K(600768K)
[6.130s][info ][safepoint    ] Application time: 0.0659623 seconds
[6.138s][info ][safepoint    ] Entering safepoint region: GenCollectForAllocation
[6.138s][info ][gc,start     ] GC(4) Pause Young (Allocation Failure)
[6.138s][info ][gc,task      ] GC(4) Using 4 workers of 4 for evacuation
[6.216s][debug][gc,ref       ] GC(4) Skipped phase1 of Reference Processing due to unavailable references
[6.216s][debug][gc,ref       ] GC(4) Skipped phase3 of Reference Processing due to unavailable references
[6.217s][debug][gc,age       ] GC(4) Desired survivor size 15368192 bytes, new threshold 1 (max threshold 6)
[6.217s][info ][gc,heap      ] GC(4) ParNew: 270336K->30016K(270336K)
[6.217s][info ][gc,heap      ] GC(4) CMS: 71608K->99610K(600768K)
[6.217s][info ][gc,metaspace ] GC(4) Metaspace: 34741K->34741K(1081344K)
[6.217s][info ][gc           ] GC(4) Pause Young (Allocation Failure) 333M->126M(850M) 78.514ms
[6.217s][info ][gc,cpu       ] GC(4) User=0.27s Sys=0.01s Real=0.08s
[6.217s][info ][safepoint    ] Leaving safepoint region
[6.217s][info ][safepoint    ] Total time for which application threads were stopped: 0.0871459 seconds, Stopping threads took: 0.0083569 seconds
[6.304s][info ][safepoint    ] Application time: 0.0869819 seconds
[6.304s][info ][safepoint    ] Entering safepoint region: Deoptimize
[6.305s][info ][safepoint    ] Leaving safepoint region
[6.305s][info ][safepoint    ] Total time for which application threads were stopped: 0.0009173 seconds, Stopping threads took: 0.0002044 seconds
[6.387s][info ][safepoint    ] Application time: 0.0826367 seconds
[6.388s][info ][safepoint    ] Entering safepoint region: GenCollectForAllocation
[6.388s][info ][gc,start     ] GC(5) Pause Young (Allocation Failure)
[6.388s][info ][gc,task      ] GC(5) Using 4 workers of 4 for evacuation
[6.454s][debug][gc,ref       ] GC(5) Skipped phase1 of Reference Processing due to unavailable references
[6.454s][debug][gc,ref       ] GC(5) Skipped phase3 of Reference Processing due to unavailable references
[6.454s][debug][gc,age       ] GC(5) Desired survivor size 15368192 bytes, new threshold 6 (max threshold 6)
[6.454s][info ][gc,heap      ] GC(5) ParNew: 270336K->27397K(270336K)
[6.454s][info ][gc,heap      ] GC(5) CMS: 99610K->128361K(600768K)
[6.454s][info ][gc,metaspace ] GC(5) Metaspace: 36322K->36322K(1083392K)
[6.454s][info ][gc           ] GC(5) Pause Young (Allocation Failure) 361M->152M(850M) 66.014ms
[6.454s][info ][gc,cpu       ] GC(5) User=0.19s Sys=0.01s Real=0.06s
[6.455s][info ][safepoint    ] Leaving safepoint region
[6.455s][info ][safepoint    ] Total time for which application threads were stopped: 0.0672026 seconds, Stopping threads took: 0.0009755 seconds
[6.456s][info ][safepoint    ] Application time: 0.0012418 seconds
[6.459s][info ][safepoint    ] Entering safepoint region: RevokeBias
[6.459s][info ][safepoint    ] Leaving safepoint region
[6.459s][info ][safepoint    ] Total time for which application threads were stopped: 0.0031475 seconds, Stopping threads took: 0.0030267 seconds
[6.459s][info ][safepoint    ] Application time: 0.0000617 seconds
[6.459s][info ][safepoint    ] Entering safepoint region: RevokeBias
[6.459s][info ][safepoint    ] Leaving safepoint region
[6.459s][info ][safepoint    ] Total time for which application threads were stopped: 0.0000689 seconds, Stopping threads took: 0.0000052 seconds
[6.517s][info ][safepoint    ] Application time: 0.0574401 seconds
[6.520s][info ][safepoint    ] Entering safepoint region: Deoptimize
[6.520s][info ][safepoint    ] Leaving safepoint region
[6.520s][info ][safepoint    ] Total time for which application threads were stopped: 0.0038199 seconds, Stopping threads took: 0.0030867 seconds
[6.549s][info ][safepoint    ] Application time: 0.0282562 seconds
[6.549s][info ][safepoint    ] Entering safepoint region: GenCollectForAllocation
[6.549s][info ][gc,start     ] GC(6) Pause Young (Allocation Failure)
[6.549s][info ][gc,task      ] GC(6) Using 4 workers of 4 for evacuation
[6.563s][debug][gc,ref       ] GC(6) Skipped phase1 of Reference Processing due to unavailable references
[6.563s][debug][gc,ref       ] GC(6) Skipped phase3 of Reference Processing due to unavailable references
[6.563s][debug][gc,age       ] GC(6) Desired survivor size 15368192 bytes, new threshold 2 (max threshold 6)
[6.563s][info ][gc,heap      ] GC(6) ParNew: 267717K->23225K(270336K)
[6.563s][info ][gc,heap      ] GC(6) CMS: 128361K->128361K(600768K)
[6.563s][info ][gc,metaspace ] GC(6) Metaspace: 36769K->36769K(1083392K)
[6.563s][info ][gc           ] GC(6) Pause Young (Allocation Failure) 386M->148M(850M) 13.915ms
[6.563s][info ][gc,cpu       ] GC(6) User=0.05s Sys=0.00s Real=0.01s
[6.563s][info ][safepoint    ] Leaving safepoint region
[6.563s][info ][safepoint    ] Total time for which application threads were stopped: 0.0143180 seconds, Stopping threads took: 0.0002173 seconds
[6.641s][info ][safepoint    ] Application time: 0.0782169 seconds
[6.644s][info ][safepoint    ] Entering safepoint region: GenCollectForAllocation
[6.644s][info ][gc,start     ] GC(7) Pause Young (Allocation Failure)
[6.644s][info ][gc,task      ] GC(7) Using 4 workers of 4 for evacuation
[6.667s][debug][gc,ref       ] GC(7) Skipped phase1 of Reference Processing due to unavailable references
[6.667s][debug][gc,ref       ] GC(7) Skipped phase3 of Reference Processing due to unavailable references
[6.667s][debug][gc,age       ] GC(7) Desired survivor size 15368192 bytes, new threshold 6 (max threshold 6)
[6.667s][info ][gc,heap      ] GC(7) ParNew: 263545K->19999K(270336K)
[6.667s][info ][gc,heap      ] GC(7) CMS: 128361K->138076K(600768K)
[6.667s][info ][gc,metaspace ] GC(7) Metaspace: 37545K->37545K(1083392K)
[6.667s][info ][gc           ] GC(7) Pause Young (Allocation Failure) 382M->154M(850M) 22.891ms
[6.667s][info ][gc,cpu       ] GC(7) User=0.07s Sys=0.00s Real=0.02s
[6.667s][info ][safepoint    ] Leaving safepoint region
[6.667s][info ][safepoint    ] Total time for which application threads were stopped: 0.0256274 seconds, Stopping threads took: 0.0025088 seconds
[6.740s][info ][safepoint    ] Application time: 0.0732670 seconds
[6.740s][info ][safepoint    ] Entering safepoint region: GenCollectForAllocation
[6.741s][info ][gc,start     ] GC(8) Pause Young (Allocation Failure)
[6.741s][info ][gc,task      ] GC(8) Using 4 workers of 4 for evacuation
[6.749s][debug][gc,ref       ] GC(8) Skipped phase1 of Reference Processing due to unavailable references
[6.749s][debug][gc,ref       ] GC(8) Skipped phase3 of Reference Processing due to unavailable references
[6.749s][debug][gc,age       ] GC(8) Desired survivor size 15368192 bytes, new threshold 6 (max threshold 6)
[6.749s][info ][gc,heap      ] GC(8) ParNew: 260319K->12361K(270336K)
[6.749s][info ][gc,heap      ] GC(8) CMS: 138076K->138076K(600768K)
[6.749s][info ][gc,metaspace ] GC(8) Metaspace: 38159K->38159K(1083392K)
[6.749s][info ][gc           ] GC(8) Pause Young (Allocation Failure) 389M->146M(850M) 8.172ms
[6.749s][info ][gc,cpu       ] GC(8) User=0.04s Sys=0.00s Real=0.01s
[6.749s][info ][safepoint    ] Leaving safepoint region
[6.749s][info ][safepoint    ] Total time for which application threads were stopped: 0.0086604 seconds, Stopping threads took: 0.0002739 seconds
[6.817s][info ][safepoint    ] Application time: 0.0681578 seconds
[6.818s][info ][safepoint    ] Entering safepoint region: GenCollectForAllocation
[6.819s][info ][gc,start     ] GC(9) Pause Young (Allocation Failure)
[6.819s][info ][gc,task      ] GC(9) Using 4 workers of 4 for evacuation
[6.828s][debug][gc,ref       ] GC(9) Skipped phase1 of Reference Processing due to unavailable references
[6.828s][debug][gc,ref       ] GC(9) Skipped phase3 of Reference Processing due to unavailable references
[6.828s][debug][gc,age       ] GC(9) Desired survivor size 15368192 bytes, new threshold 6 (max threshold 6)
[6.828s][info ][gc,heap      ] GC(9) ParNew: 252681K->13153K(270336K)
[6.828s][info ][gc,heap      ] GC(9) CMS: 138076K->138076K(600768K)
[6.828s][info ][gc,metaspace ] GC(9) Metaspace: 38844K->38844K(1085440K)
[6.828s][info ][gc           ] GC(9) Pause Young (Allocation Failure) 381M->147M(850M) 9.450ms
[6.828s][info ][gc,cpu       ] GC(9) User=0.03s Sys=0.00s Real=0.01s
[6.828s][info ][safepoint    ] Leaving safepoint region
[6.828s][info ][safepoint    ] Total time for which application threads were stopped: 0.0109576 seconds, Stopping threads took: 0.0013142 seconds
[6.893s][info ][safepoint    ] Application time: 0.0654681 seconds
[6.894s][info ][safepoint    ] Entering safepoint region: GenCollectForAllocation
[6.894s][info ][gc,start     ] GC(10) Pause Young (Allocation Failure)
[6.894s][info ][gc,task      ] GC(10) Using 4 workers of 4 for evacuation
[6.904s][debug][gc,ref       ] GC(10) Skipped phase1 of Reference Processing due to unavailable references
[6.904s][debug][gc,ref       ] GC(10) Skipped phase3 of Reference Processing due to unavailable references
[6.904s][debug][gc,age       ] GC(10) Desired survivor size 15368192 bytes, new threshold 6 (max threshold 6)
[6.904s][info ][gc,heap      ] GC(10) ParNew: 253473K->14381K(270336K)
[6.904s][info ][gc,heap      ] GC(10) CMS: 138076K->138076K(600768K)
[6.904s][info ][gc,metaspace ] GC(10) Metaspace: 39077K->39077K(1085440K)
[6.904s][info ][gc           ] GC(10) Pause Young (Allocation Failure) 382M->148M(850M) 10.635ms
[6.904s][info ][gc,cpu       ] GC(10) User=0.03s Sys=0.00s Real=0.01s
[6.904s][info ][safepoint    ] Leaving safepoint region
[6.904s][info ][safepoint    ] Total time for which application threads were stopped: 0.0109564 seconds, Stopping threads took: 0.0000892 seconds
[6.905s][info ][safepoint    ] Application time: 0.0004526 seconds
[6.905s][info ][safepoint    ] Entering safepoint region: RevokeBias
[6.905s][info ][safepoint    ] Leaving safepoint region
[6.905s][info ][safepoint    ] Total time for which application threads were stopped: 0.0002918 seconds, Stopping threads took: 0.0001327 seconds
[6.906s][info ][safepoint    ] Application time: 0.0012496 seconds
[6.910s][info ][safepoint    ] Entering safepoint region: RevokeBias
[6.910s][info ][safepoint    ] Leaving safepoint region
[6.910s][info ][safepoint    ] Total time for which application threads were stopped: 0.0033530 seconds, Stopping threads took: 0.0032180 seconds
[6.910s][info ][safepoint    ] Application time: 0.0000576 seconds
[6.910s][info ][safepoint    ] Entering safepoint region: RevokeBias
[6.910s][info ][safepoint    ] Leaving safepoint region
[6.910s][info ][safepoint    ] Total time for which application threads were stopped: 0.0001528 seconds, Stopping threads took: 0.0000547 seconds
[6.910s][info ][safepoint    ] Application time: 0.0000494 seconds
[6.910s][info ][safepoint    ] Entering safepoint region: RevokeBias
[6.910s][info ][safepoint    ] Leaving safepoint region
[6.910s][info ][safepoint    ] Total time for which application threads were stopped: 0.0001508 seconds, Stopping threads took: 0.0000654 seconds
[6.910s][info ][safepoint    ] Application time: 0.0000783 seconds
[6.910s][info ][safepoint    ] Entering safepoint region: RevokeBias
[6.911s][info ][safepoint    ] Leaving safepoint region
[6.911s][info ][safepoint    ] Total time for which application threads were stopped: 0.0001555 seconds, Stopping threads took: 0.0000734 seconds
[6.922s][info ][safepoint    ] Application time: 0.0115250 seconds
[6.922s][info ][safepoint    ] Entering safepoint region: RevokeBias
[6.923s][info ][safepoint    ] Leaving safepoint region
[6.923s][info ][safepoint    ] Total time for which application threads were stopped: 0.0004192 seconds, Stopping threads took: 0.0001693 seconds
[6.923s][info ][safepoint    ] Application time: 0.0002250 seconds
[6.923s][info ][safepoint    ] Entering safepoint region: RevokeBias
[6.923s][info ][safepoint    ] Leaving safepoint region
[6.923s][info ][safepoint    ] Total time for which application threads were stopped: 0.0002190 seconds, Stopping threads took: 0.0000721 seconds
[6.943s][info ][safepoint    ] Application time: 0.0204735 seconds
[6.948s][info ][safepoint    ] Entering safepoint region: RevokeBias
[6.948s][info ][safepoint    ] Leaving safepoint region
[6.948s][info ][safepoint    ] Total time for which application threads were stopped: 0.0044865 seconds, Stopping threads took: 0.0042913 seconds
[7.060s][info ][safepoint    ] Application time: 0.1116266 seconds
[7.068s][info ][safepoint    ] Entering safepoint region: GenCollectForAllocation
[7.068s][info ][gc,start     ] GC(11) Pause Young (Allocation Failure)
[7.068s][info ][gc,task      ] GC(11) Using 4 workers of 4 for evacuation
[7.078s][debug][gc,ref       ] GC(11) Skipped phase1 of Reference Processing due to unavailable references
[7.078s][debug][gc,ref       ] GC(11) Skipped phase3 of Reference Processing due to unavailable references
[7.078s][debug][gc,age       ] GC(11) Desired survivor size 15368192 bytes, new threshold 6 (max threshold 6)
[7.078s][info ][gc,heap      ] GC(11) ParNew: 254701K->17891K(270336K)
[7.078s][info ][gc,heap      ] GC(11) CMS: 138076K->138076K(600768K)
[7.078s][info ][gc,metaspace ] GC(11) Metaspace: 39442K->39442K(1085440K)
[7.078s][info ][gc           ] GC(11) Pause Young (Allocation Failure) 383M->152M(850M) 10.315ms
[7.078s][info ][gc,cpu       ] GC(11) User=0.04s Sys=0.00s Real=0.01s
[7.078s][info ][safepoint    ] Leaving safepoint region
[7.078s][info ][safepoint    ] Total time for which application threads were stopped: 0.0187438 seconds, Stopping threads took: 0.0081954 seconds
[7.135s][info ][safepoint    ] Application time: 0.0565168 seconds
[7.138s][info ][safepoint    ] Entering safepoint region: RevokeBias
[7.138s][info ][safepoint    ] Leaving safepoint region
[7.138s][info ][safepoint    ] Total time for which application threads were stopped: 0.0034377 seconds, Stopping threads took: 0.0032510 seconds
[7.198s][info ][safepoint    ] Application time: 0.0600200 seconds
[7.199s][info ][safepoint    ] Entering safepoint region: GenCollectForAllocation
[7.200s][info ][gc,start     ] GC(12) Pause Young (Allocation Failure)
[7.200s][info ][gc,task      ] GC(12) Using 4 workers of 4 for evacuation
[7.215s][debug][gc,ref       ] GC(12) Skipped phase1 of Reference Processing due to unavailable references
[7.215s][debug][gc,ref       ] GC(12) Skipped phase3 of Reference Processing due to unavailable references
[7.216s][debug][gc,age       ] GC(12) Desired survivor size 15368192 bytes, new threshold 6 (max threshold 6)
[7.216s][info ][gc,heap      ] GC(12) ParNew: 258211K->10315K(270336K)
[7.216s][info ][gc,heap      ] GC(12) CMS: 138076K->145895K(600768K)
[7.216s][info ][gc,metaspace ] GC(12) Metaspace: 39532K->39532K(1085440K)
[7.216s][info ][gc           ] GC(12) Pause Young (Allocation Failure) 387M->152M(850M) 16.163ms
[7.216s][info ][gc,cpu       ] GC(12) User=0.04s Sys=0.00s Real=0.02s
[7.216s][info ][safepoint    ] Leaving safepoint region
[7.216s][info ][safepoint    ] Total time for which application threads were stopped: 0.0173670 seconds, Stopping threads took: 0.0008425 seconds
[7.289s][info ][safepoint    ] Application time: 0.0732158 seconds
[7.292s][info ][safepoint    ] Entering safepoint region: GenCollectForAllocation
[7.293s][info ][gc,start     ] GC(13) Pause Young (Allocation Failure)
[7.293s][info ][gc,task      ] GC(13) Using 4 workers of 4 for evacuation
[7.302s][debug][gc,ref       ] GC(13) Skipped phase1 of Reference Processing due to unavailable references
[7.302s][debug][gc,ref       ] GC(13) Skipped phase3 of Reference Processing due to unavailable references
[7.302s][debug][gc,age       ] GC(13) Desired survivor size 15368192 bytes, new threshold 6 (max threshold 6)
[7.302s][info ][gc,heap      ] GC(13) ParNew: 250635K->9301K(270336K)
[7.302s][info ][gc,heap      ] GC(13) CMS: 145895K->146696K(600768K)
[7.302s][info ][gc,metaspace ] GC(13) Metaspace: 39581K->39581K(1085440K)
[7.302s][info ][gc           ] GC(13) Pause Young (Allocation Failure) 387M->152M(850M) 9.933ms
[7.302s][info ][gc,cpu       ] GC(13) User=0.04s Sys=0.00s Real=0.01s
[7.303s][info ][safepoint    ] Leaving safepoint region
[7.303s][info ][safepoint    ] Total time for which application threads were stopped: 0.0134641 seconds, Stopping threads took: 0.0033378 seconds
[7.381s][info ][safepoint    ] Application time: 0.0779945 seconds
[7.381s][info ][safepoint    ] Entering safepoint region: GenCollectForAllocation
[7.381s][info ][gc,start     ] GC(14) Pause Young (Allocation Failure)
[7.381s][info ][gc,task      ] GC(14) Using 4 workers of 4 for evacuation
[7.389s][debug][gc,ref       ] GC(14) Skipped phase1 of Reference Processing due to unavailable references
[7.389s][debug][gc,ref       ] GC(14) Skipped phase3 of Reference Processing due to unavailable references
[7.389s][debug][gc,age       ] GC(14) Desired survivor size 15368192 bytes, new threshold 6 (max threshold 6)
[7.389s][info ][gc,heap      ] GC(14) ParNew: 249621K->6829K(270336K)
[7.389s][info ][gc,heap      ] GC(14) CMS: 146696K->147852K(600768K)
[7.389s][info ][gc,metaspace ] GC(14) Metaspace: 39626K->39626K(1085440K)
[7.389s][info ][gc           ] GC(14) Pause Young (Allocation Failure) 387M->151M(850M) 8.019ms
[7.389s][info ][gc,cpu       ] GC(14) User=0.03s Sys=0.00s Real=0.01s
[7.389s][info ][safepoint    ] Leaving safepoint region
[7.389s][info ][safepoint    ] Total time for which application threads were stopped: 0.0083968 seconds, Stopping threads took: 0.0001888 seconds
[7.448s][info ][safepoint    ] Application time: 0.0588411 seconds
[7.448s][info ][safepoint    ] Entering safepoint region: GenCollectForAllocation
[7.448s][info ][safepoint    ] Leaving safepoint region
[7.448s][info ][safepoint    ] Total time for which application threads were stopped: 0.0003720 seconds, Stopping threads took: 0.0002185 seconds
[7.453s][info ][safepoint    ] Application time: 0.0049088 seconds
[7.453s][info ][safepoint    ] Entering safepoint region: GenCollectForAllocation
[7.453s][info ][gc,start     ] GC(15) Pause Young (Allocation Failure)
[7.453s][info ][gc,task      ] GC(15) Using 4 workers of 4 for evacuation
[7.462s][debug][gc,ref       ] GC(15) Skipped phase1 of Reference Processing due to unavailable references
[7.462s][debug][gc,ref       ] GC(15) Skipped phase3 of Reference Processing due to unavailable references
[7.462s][debug][gc,age       ] GC(15) Desired survivor size 15368192 bytes, new threshold 6 (max threshold 6)
[7.462s][info ][gc,heap      ] GC(15) ParNew: 247149K->9461K(270336K)
[7.462s][info ][gc,heap      ] GC(15) CMS: 147852K->148709K(600768K)
[7.462s][info ][gc,metaspace ] GC(15) Metaspace: 39647K->39647K(1085440K)
[7.462s][info ][gc           ] GC(15) Pause Young (Allocation Failure) 385M->154M(850M) 8.546ms
[7.462s][info ][gc,cpu       ] GC(15) User=0.04s Sys=0.00s Real=0.01s
[7.462s][info ][safepoint    ] Leaving safepoint region
[7.462s][info ][safepoint    ] Total time for which application threads were stopped: 0.0087674 seconds, Stopping threads took: 0.0000454 seconds
[7.522s][info ][safepoint    ] Application time: 0.0598669 seconds
[7.528s][info ][safepoint    ] Entering safepoint region: GenCollectForAllocation
[7.528s][info ][gc,start     ] GC(16) Pause Young (Allocation Failure)
[7.528s][info ][gc,task      ] GC(16) Using 4 workers of 4 for evacuation
[7.537s][debug][gc,ref       ] GC(16) Skipped phase1 of Reference Processing due to unavailable references
[7.537s][debug][gc,ref       ] GC(16) Skipped phase3 of Reference Processing due to unavailable references
[7.537s][debug][gc,age       ] GC(16) Desired survivor size 15368192 bytes, new threshold 6 (max threshold 6)
[7.537s][info ][gc,heap      ] GC(16) ParNew: 249781K->10909K(270336K)
[7.537s][info ][gc,heap      ] GC(16) CMS: 148709K->149718K(600768K)
[7.537s][info ][gc,metaspace ] GC(16) Metaspace: 39689K->39689K(1085440K)
[7.537s][info ][gc           ] GC(16) Pause Young (Allocation Failure) 389M->156M(850M) 8.999ms
[7.537s][info ][gc,cpu       ] GC(16) User=0.03s Sys=0.00s Real=0.01s
[7.537s][info ][safepoint    ] Leaving safepoint region
[7.537s][info ][safepoint    ] Total time for which application threads were stopped: 0.0152311 seconds, Stopping threads took: 0.0059550 seconds
[7.590s][info ][safepoint    ] Application time: 0.0530698 seconds
[7.592s][info ][safepoint    ] Entering safepoint region: GenCollectForAllocation
[7.592s][info ][gc,start     ] GC(17) Pause Young (Allocation Failure)
[7.592s][info ][gc,task      ] GC(17) Using 4 workers of 4 for evacuation
[7.600s][debug][gc,ref       ] GC(17) Skipped phase1 of Reference Processing due to unavailable references
[7.600s][debug][gc,ref       ] GC(17) Skipped phase3 of Reference Processing due to unavailable references
[7.600s][debug][gc,ref       ] GC(17) Skipped phase4 of Reference Processing due to unavailable references
[7.600s][debug][gc,age       ] GC(17) Desired survivor size 15368192 bytes, new threshold 6 (max threshold 6)
[7.600s][info ][gc,heap      ] GC(17) ParNew: 251229K->6976K(270336K)
[7.600s][info ][gc,heap      ] GC(17) CMS: 149718K->151238K(600768K)
[7.600s][info ][gc,metaspace ] GC(17) Metaspace: 39689K->39689K(1085440K)
[7.600s][info ][gc           ] GC(17) Pause Young (Allocation Failure) 391M->154M(850M) 7.983ms
[7.600s][info ][gc,cpu       ] GC(17) User=0.02s Sys=0.01s Real=0.01s
[7.600s][info ][safepoint    ] Leaving safepoint region
[7.600s][info ][safepoint    ] Total time for which application threads were stopped: 0.0098895 seconds, Stopping threads took: 0.0017320 seconds
[7.644s][info ][safepoint    ] Application time: 0.0435995 seconds
[7.651s][info ][safepoint    ] Entering safepoint region: GenCollectForAllocation
[7.651s][info ][gc,start     ] GC(18) Pause Young (Allocation Failure)
[7.651s][info ][gc,task      ] GC(18) Using 4 workers of 4 for evacuation
[7.658s][debug][gc,ref       ] GC(18) Skipped phase1 of Reference Processing due to unavailable references
[7.658s][debug][gc,ref       ] GC(18) Skipped phase2 of Reference Processing due to unavailable references
[7.658s][debug][gc,ref       ] GC(18) Skipped phase3 of Reference Processing due to unavailable references
[7.658s][debug][gc,ref       ] GC(18) Skipped phase4 of Reference Processing due to unavailable references
[7.658s][debug][gc,age       ] GC(18) Desired survivor size 15368192 bytes, new threshold 6 (max threshold 6)
[7.658s][info ][gc,heap      ] GC(18) ParNew: 247296K->8049K(270336K)
[7.658s][info ][gc,heap      ] GC(18) CMS: 151238K->152406K(600768K)
[7.658s][info ][gc,metaspace ] GC(18) Metaspace: 39689K->39689K(1085440K)
[7.658s][info ][gc           ] GC(18) Pause Young (Allocation Failure) 389M->156M(850M) 6.939ms
[7.658s][info ][gc,cpu       ] GC(18) User=0.02s Sys=0.00s Real=0.01s
[7.658s][info ][safepoint    ] Leaving safepoint region
[7.658s][info ][safepoint    ] Total time for which application threads were stopped: 0.0141090 seconds, Stopping threads took: 0.0069592 seconds
[7.695s][info ][safepoint    ] Application time: 0.0376966 seconds
[7.696s][info ][safepoint    ] Entering safepoint region: GenCollectForAllocation
[7.696s][info ][gc,start     ] GC(19) Pause Young (Allocation Failure)
[7.696s][info ][gc,task      ] GC(19) Using 4 workers of 4 for evacuation
[7.702s][debug][gc,ref       ] GC(19) Skipped phase1 of Reference Processing due to unavailable references
[7.702s][debug][gc,ref       ] GC(19) Skipped phase2 of Reference Processing due to unavailable references
[7.702s][debug][gc,ref       ] GC(19) Skipped phase3 of Reference Processing due to unavailable references
[7.702s][debug][gc,ref       ] GC(19) Skipped phase4 of Reference Processing due to unavailable references
[7.702s][debug][gc,age       ] GC(19) Desired survivor size 15368192 bytes, new threshold 6 (max threshold 6)
[7.702s][info ][gc,heap      ] GC(19) ParNew: 248369K->8134K(270336K)
[7.702s][info ][gc,heap      ] GC(19) CMS: 152406K->153341K(600768K)
[7.702s][info ][gc,metaspace ] GC(19) Metaspace: 39689K->39689K(1085440K)
[7.702s][info ][gc           ] GC(19) Pause Young (Allocation Failure) 391M->157M(850M) 5.661ms
[7.702s][info ][gc,cpu       ] GC(19) User=0.02s Sys=0.00s Real=0.00s
[7.702s][info ][safepoint    ] Leaving safepoint region
[7.702s][info ][safepoint    ] Total time for which application threads were stopped: 0.0062544 seconds, Stopping threads took: 0.0004205 seconds
[7.753s][info ][safepoint    ] Application time: 0.0510979 seconds
[7.753s][info ][safepoint    ] Entering safepoint region: GenCollectForAllocation
[7.753s][info ][gc,start     ] GC(20) Pause Young (Allocation Failure)
[7.753s][info ][gc,task      ] GC(20) Using 4 workers of 4 for evacuation
[7.758s][debug][gc,ref       ] GC(20) Skipped phase1 of Reference Processing due to unavailable references
[7.758s][debug][gc,ref       ] GC(20) Skipped phase2 of Reference Processing due to unavailable references
[7.758s][debug][gc,ref       ] GC(20) Skipped phase3 of Reference Processing due to unavailable references
[7.758s][debug][gc,ref       ] GC(20) Skipped phase4 of Reference Processing due to unavailable references
[7.759s][debug][gc,age       ] GC(20) Desired survivor size 15368192 bytes, new threshold 6 (max threshold 6)
[7.759s][info ][gc,heap      ] GC(20) ParNew: 248454K->9215K(270336K)
[7.759s][info ][gc,heap      ] GC(20) CMS: 153341K->154033K(600768K)
[7.759s][info ][gc,metaspace ] GC(20) Metaspace: 39689K->39689K(1085440K)
[7.759s][info ][gc           ] GC(20) Pause Young (Allocation Failure) 392M->159M(850M) 5.322ms
[7.759s][info ][gc,cpu       ] GC(20) User=0.02s Sys=0.01s Real=0.01s
[7.759s][info ][safepoint    ] Leaving safepoint region
[7.759s][info ][safepoint    ] Total time for which application threads were stopped: 0.0057185 seconds, Stopping threads took: 0.0002264 seconds
[7.838s][info ][safepoint    ] Application time: 0.0791025 seconds
[7.838s][info ][safepoint    ] Entering safepoint region: GenCollectForAllocation
[7.838s][info ][gc,start     ] GC(21) Pause Young (Allocation Failure)
[7.838s][info ][gc,task      ] GC(21) Using 4 workers of 4 for evacuation
[7.845s][debug][gc,ref       ] GC(21) Skipped phase1 of Reference Processing due to unavailable references
[7.845s][debug][gc,ref       ] GC(21) Skipped phase2 of Reference Processing due to unavailable references
[7.845s][debug][gc,ref       ] GC(21) Skipped phase3 of Reference Processing due to unavailable references
[7.845s][debug][gc,ref       ] GC(21) Skipped phase4 of Reference Processing due to unavailable references
[7.845s][debug][gc,age       ] GC(21) Desired survivor size 15368192 bytes, new threshold 6 (max threshold 6)
[7.845s][info ][gc,heap      ] GC(21) ParNew: 249535K->11046K(270336K)
[7.845s][info ][gc,heap      ] GC(21) CMS: 154033K->154931K(600768K)
[7.845s][info ][gc,metaspace ] GC(21) Metaspace: 39690K->39690K(1085440K)
[7.845s][info ][gc           ] GC(21) Pause Young (Allocation Failure) 394M->162M(850M) 6.951ms
[7.845s][info ][gc,cpu       ] GC(21) User=0.04s Sys=0.00s Real=0.00s
[7.845s][info ][safepoint    ] Leaving safepoint region
[7.845s][info ][safepoint    ] Total time for which application threads were stopped: 0.0073571 seconds, Stopping threads took: 0.0001887 seconds
[7.890s][info ][safepoint    ] Application time: 0.0452942 seconds
[7.892s][info ][safepoint    ] Entering safepoint region: Deoptimize
[7.893s][info ][safepoint    ] Leaving safepoint region
[7.893s][info ][safepoint    ] Total time for which application threads were stopped: 0.0023365 seconds, Stopping threads took: 0.0014370 seconds
[7.928s][info ][safepoint    ] Application time: 0.0356292 seconds
[7.929s][info ][safepoint    ] Entering safepoint region: GenCollectForAllocation
[7.929s][info ][gc,start     ] GC(22) Pause Young (Allocation Failure)
[7.929s][info ][gc,task      ] GC(22) Using 4 workers of 4 for evacuation
[7.938s][debug][gc,ref       ] GC(22) Skipped phase1 of Reference Processing due to unavailable references
[7.938s][debug][gc,ref       ] GC(22) Skipped phase3 of Reference Processing due to unavailable references
[7.938s][debug][gc,age       ] GC(22) Desired survivor size 15368192 bytes, new threshold 6 (max threshold 6)
[7.938s][info ][gc,heap      ] GC(22) ParNew: 251366K->9381K(270336K)
[7.938s][info ][gc,heap      ] GC(22) CMS: 154931K->156259K(600768K)
[7.938s][info ][gc,metaspace ] GC(22) Metaspace: 39919K->39919K(1085440K)
[7.938s][info ][gc           ] GC(22) Pause Young (Allocation Failure) 396M->161M(850M) 9.050ms
[7.938s][info ][gc,cpu       ] GC(22) User=0.04s Sys=0.00s Real=0.01s
[7.938s][info ][safepoint    ] Leaving safepoint region
[7.938s][info ][safepoint    ] Total time for which application threads were stopped: 0.0095871 seconds, Stopping threads took: 0.0002175 seconds
[7.942s][info ][safepoint    ] Application time: 0.0033973 seconds
[7.942s][info ][safepoint    ] Entering safepoint region: RevokeBias
[7.942s][info ][safepoint    ] Leaving safepoint region
[7.942s][info ][safepoint    ] Total time for which application threads were stopped: 0.0002803 seconds, Stopping threads took: 0.0001298 seconds
[7.942s][info ][safepoint    ] Application time: 0.0001173 seconds
[7.945s][info ][safepoint    ] Entering safepoint region: RevokeBias
[7.945s][info ][safepoint    ] Leaving safepoint region
[7.945s][info ][safepoint    ] Total time for which application threads were stopped: 0.0032211 seconds, Stopping threads took: 0.0030984 seconds
[7.950s][info ][safepoint    ] Application time: 0.0046881 seconds
[7.950s][info ][safepoint    ] Entering safepoint region: RevokeBias
[7.950s][info ][safepoint    ] Leaving safepoint region
[7.950s][info ][safepoint    ] Total time for which application threads were stopped: 0.0002657 seconds, Stopping threads took: 0.0001070 seconds
[7.996s][info ][safepoint    ] Application time: 0.0453472 seconds
[8.000s][info ][safepoint    ] Entering safepoint region: RevokeBias
[8.000s][info ][safepoint    ] Leaving safepoint region
[8.000s][info ][safepoint    ] Total time for which application threads were stopped: 0.0043732 seconds, Stopping threads took: 0.0042154 seconds
[8.009s][info ][safepoint    ] Application time: 0.0086776 seconds
[8.009s][info ][safepoint    ] Entering safepoint region: GenCollectForAllocation
[8.009s][info ][gc,start     ] GC(23) Pause Young (Allocation Failure)
[8.009s][info ][gc,task      ] GC(23) Using 4 workers of 4 for evacuation
[8.015s][debug][gc,ref       ] GC(23) Skipped phase1 of Reference Processing due to unavailable references
[8.015s][debug][gc,ref       ] GC(23) Skipped phase3 of Reference Processing due to unavailable references
[8.015s][debug][gc,age       ] GC(23) Desired survivor size 15368192 bytes, new threshold 6 (max threshold 6)
[8.015s][info ][gc,heap      ] GC(23) ParNew: 249701K->8621K(270336K)
[8.015s][info ][gc,heap      ] GC(23) CMS: 156259K->157157K(600768K)
[8.015s][info ][gc,metaspace ] GC(23) Metaspace: 40275K->40275K(1085440K)
[8.015s][info ][gc           ] GC(23) Pause Young (Allocation Failure) 396M->161M(850M) 6.250ms
[8.015s][info ][gc,cpu       ] GC(23) User=0.02s Sys=0.00s Real=0.00s
[8.015s][info ][safepoint    ] Leaving safepoint region
[8.015s][info ][safepoint    ] Total time for which application threads were stopped: 0.0065431 seconds, Stopping threads took: 0.0001195 seconds
[8.053s][info ][safepoint    ] Application time: 0.0383117 seconds
[8.054s][info ][safepoint    ] Entering safepoint region: Deoptimize
[8.054s][info ][safepoint    ] Leaving safepoint region
[8.054s][info ][safepoint    ] Total time for which application threads were stopped: 0.0009903 seconds, Stopping threads took: 0.0001947 seconds
[8.073s][info ][safepoint    ] Application time: 0.0180063 seconds
[8.073s][info ][safepoint    ] Entering safepoint region: GenCollectForAllocation
[8.073s][info ][gc,start     ] GC(24) Pause Young (Allocation Failure)
[8.073s][info ][gc,task      ] GC(24) Using 4 workers of 4 for evacuation
[8.079s][debug][gc,ref       ] GC(24) Skipped phase1 of Reference Processing due to unavailable references
[8.079s][debug][gc,ref       ] GC(24) Skipped phase3 of Reference Processing due to unavailable references
[8.079s][debug][gc,age       ] GC(24) Desired survivor size 15368192 bytes, new threshold 6 (max threshold 6)
[8.079s][info ][gc,heap      ] GC(24) ParNew: 248941K->7227K(270336K)
[8.079s][info ][gc,heap      ] GC(24) CMS: 157157K->157927K(600768K)
[8.079s][info ][gc,metaspace ] GC(24) Metaspace: 40570K->40570K(1087488K)
[8.079s][info ][gc           ] GC(24) Pause Young (Allocation Failure) 396M->161M(850M) 6.345ms
[8.079s][info ][gc,cpu       ] GC(24) User=0.03s Sys=0.00s Real=0.01s
[8.079s][info ][safepoint    ] Leaving safepoint region
[8.079s][info ][safepoint    ] Total time for which application threads were stopped: 0.0067798 seconds, Stopping threads took: 0.0002208 seconds
[8.139s][info ][safepoint    ] Application time: 0.0593705 seconds
[8.139s][info ][safepoint    ] Entering safepoint region: GenCollectForAllocation
[8.139s][info ][gc,start     ] GC(25) Pause Young (Allocation Failure)
[8.139s][info ][gc,task      ] GC(25) Using 4 workers of 4 for evacuation
[8.149s][debug][gc,ref       ] GC(25) Skipped phase1 of Reference Processing due to unavailable references
[8.149s][debug][gc,ref       ] GC(25) Skipped phase3 of Reference Processing due to unavailable references
[8.149s][debug][gc,age       ] GC(25) Desired survivor size 15368192 bytes, new threshold 6 (max threshold 6)
[8.149s][info ][gc,heap      ] GC(25) ParNew: 247547K->6643K(270336K)
[8.149s][info ][gc,heap      ] GC(25) CMS: 157927K->158626K(600768K)
[8.149s][info ][gc,metaspace ] GC(25) Metaspace: 40631K->40631K(1087488K)
[8.149s][info ][gc           ] GC(25) Pause Young (Allocation Failure) 395M->161M(850M) 9.791ms
[8.149s][info ][gc,cpu       ] GC(25) User=0.04s Sys=0.01s Real=0.01s
[8.149s][info ][safepoint    ] Leaving safepoint region
[8.149s][info ][safepoint    ] Total time for which application threads were stopped: 0.0101877 seconds, Stopping threads took: 0.0002149 seconds
[8.171s][info ][safepoint    ] Application time: 0.0220501 seconds
[8.172s][info ][safepoint    ] Entering safepoint region: RevokeBias
[8.172s][info ][safepoint    ] Leaving safepoint region
[8.172s][info ][safepoint    ] Total time for which application threads were stopped: 0.0008285 seconds, Stopping threads took: 0.0007084 seconds
[8.218s][info ][safepoint    ] Application time: 0.0464100 seconds
[8.222s][info ][safepoint    ] Entering safepoint region: GenCollectForAllocation
[8.222s][info ][gc,start     ] GC(26) Pause Young (Allocation Failure)
[8.222s][info ][gc,task      ] GC(26) Using 4 workers of 4 for evacuation
[8.228s][debug][gc,ref       ] GC(26) Skipped phase1 of Reference Processing due to unavailable references
[8.228s][debug][gc,ref       ] GC(26) Skipped phase3 of Reference Processing due to unavailable references
[8.228s][debug][gc,age       ] GC(26) Desired survivor size 15368192 bytes, new threshold 6 (max threshold 6)
[8.228s][info ][gc,heap      ] GC(26) ParNew: 246963K->4800K(270336K)
[8.228s][info ][gc,heap      ] GC(26) CMS: 158626K->159766K(600768K)
[8.228s][info ][gc,metaspace ] GC(26) Metaspace: 40672K->40672K(1087488K)
[8.228s][info ][gc           ] GC(26) Pause Young (Allocation Failure) 396M->160M(850M) 6.471ms
[8.228s][info ][gc,cpu       ] GC(26) User=0.03s Sys=0.00s Real=0.01s
[8.228s][info ][safepoint    ] Leaving safepoint region
[8.228s][info ][safepoint    ] Total time for which application threads were stopped: 0.0099833 seconds, Stopping threads took: 0.0033222 seconds
[8.340s][info ][safepoint    ] Application time: 0.1114301 seconds
[8.344s][info ][safepoint    ] Entering safepoint region: GenCollectForAllocation
[8.344s][info ][gc,start     ] GC(27) Pause Young (Allocation Failure)
[8.344s][info ][gc,task      ] GC(27) Using 4 workers of 4 for evacuation
[8.351s][debug][gc,ref       ] GC(27) Skipped phase1 of Reference Processing due to unavailable references
[8.351s][debug][gc,ref       ] GC(27) Skipped phase3 of Reference Processing due to unavailable references
[8.351s][debug][gc,age       ] GC(27) Desired survivor size 15368192 bytes, new threshold 6 (max threshold 6)
[8.351s][info ][gc,heap      ] GC(27) ParNew: 245120K->5214K(270336K)
[8.351s][info ][gc,heap      ] GC(27) CMS: 159766K->161375K(600768K)
[8.351s][info ][gc,metaspace ] GC(27) Metaspace: 41065K->41065K(1087488K)
[8.351s][info ][gc           ] GC(27) Pause Young (Allocation Failure) 395M->162M(850M) 7.442ms
[8.351s][info ][gc,cpu       ] GC(27) User=0.02s Sys=0.01s Real=0.01s
[8.351s][info ][safepoint    ] Leaving safepoint region
[8.351s][info ][safepoint    ] Total time for which application threads were stopped: 0.0114557 seconds, Stopping threads took: 0.0038058 seconds
[8.446s][info ][safepoint    ] Application time: 0.0943765 seconds
[8.449s][info ][safepoint    ] Entering safepoint region: GenCollectForAllocation
[8.449s][info ][gc,start     ] GC(28) Pause Young (Allocation Failure)
[8.449s][info ][gc,task      ] GC(28) Using 4 workers of 4 for evacuation
[8.464s][debug][gc,ref       ] GC(28) Skipped phase1 of Reference Processing due to unavailable references
[8.464s][debug][gc,ref       ] GC(28) Skipped phase3 of Reference Processing due to unavailable references
[8.464s][debug][gc,age       ] GC(28) Desired survivor size 15368192 bytes, new threshold 6 (max threshold 6)
[8.464s][info ][gc,heap      ] GC(28) ParNew: 245534K->3044K(270336K)
[8.464s][info ][gc,heap      ] GC(28) CMS: 161375K->162840K(600768K)
[8.464s][info ][gc,metaspace ] GC(28) Metaspace: 41401K->41401K(1087488K)
[8.464s][info ][gc           ] GC(28) Pause Young (Allocation Failure) 397M->161M(850M) 15.550ms
[8.464s][info ][gc,cpu       ] GC(28) User=0.06s Sys=0.00s Real=0.01s
[8.465s][info ][safepoint    ] Leaving safepoint region
[8.465s][info ][safepoint    ] Total time for which application threads were stopped: 0.0188958 seconds, Stopping threads took: 0.0031457 seconds
[8.526s][info ][safepoint    ] Application time: 0.0617819 seconds
[8.526s][info ][safepoint    ] Entering safepoint region: GenCollectForAllocation
[8.527s][info ][gc,start     ] GC(29) Pause Young (Allocation Failure)
[8.527s][info ][gc,task      ] GC(29) Using 4 workers of 4 for evacuation
[8.531s][debug][gc,ref       ] GC(29) Skipped phase1 of Reference Processing due to unavailable references
[8.531s][debug][gc,ref       ] GC(29) Skipped phase3 of Reference Processing due to unavailable references
[8.531s][debug][gc,age       ] GC(29) Desired survivor size 15368192 bytes, new threshold 6 (max threshold 6)
[8.531s][info ][gc,heap      ] GC(29) ParNew: 243364K->3408K(270336K)
[8.531s][info ][gc,heap      ] GC(29) CMS: 162840K->163032K(600768K)
[8.531s][info ][gc,metaspace ] GC(29) Metaspace: 41543K->41543K(1087488K)
[8.531s][info ][gc           ] GC(29) Pause Young (Allocation Failure) 396M->162M(850M) 4.141ms
[8.531s][info ][gc,cpu       ] GC(29) User=0.02s Sys=0.00s Real=0.01s
[8.531s][info ][safepoint    ] Leaving safepoint region
[8.531s][info ][safepoint    ] Total time for which application threads were stopped: 0.0045174 seconds, Stopping threads took: 0.0001634 seconds
[8.584s][info ][safepoint    ] Application time: 0.0533969 seconds
[8.585s][info ][safepoint    ] Entering safepoint region: GenCollectForAllocation
[8.585s][info ][gc,start     ] GC(30) Pause Young (Allocation Failure)
[8.585s][info ][gc,task      ] GC(30) Using 4 workers of 4 for evacuation
[8.588s][debug][gc,ref       ] GC(30) Skipped phase1 of Reference Processing due to unavailable references
[8.588s][debug][gc,ref       ] GC(30) Skipped phase3 of Reference Processing due to unavailable references
[8.589s][debug][gc,ref       ] GC(30) Skipped phase4 of Reference Processing due to unavailable references
[8.589s][debug][gc,age       ] GC(30) Desired survivor size 15368192 bytes, new threshold 6 (max threshold 6)
[8.589s][info ][gc,heap      ] GC(30) ParNew: 243728K->2806K(270336K)
[8.589s][info ][gc,heap      ] GC(30) CMS: 163032K->163187K(600768K)
[8.589s][info ][gc,metaspace ] GC(30) Metaspace: 41576K->41576K(1087488K)
[8.589s][info ][gc           ] GC(30) Pause Young (Allocation Failure) 397M->162M(850M) 4.047ms
[8.589s][info ][gc,cpu       ] GC(30) User=0.02s Sys=0.00s Real=0.01s
[8.589s][info ][safepoint    ] Leaving safepoint region
[8.589s][info ][safepoint    ] Total time for which application threads were stopped: 0.0045155 seconds, Stopping threads took: 0.0002576 seconds
[8.641s][info ][safepoint    ] Application time: 0.0518489 seconds
[8.641s][info ][safepoint    ] Entering safepoint region: GenCollectForAllocation
[8.652s][info ][gc,start     ] GC(31) Pause Young (Allocation Failure)
[8.652s][info ][gc,task      ] GC(31) Using 4 workers of 4 for evacuation
[8.657s][debug][gc,ref       ] GC(31) Skipped phase1 of Reference Processing due to unavailable references
[8.657s][debug][gc,ref       ] GC(31) Skipped phase3 of Reference Processing due to unavailable references
[8.657s][debug][gc,ref       ] GC(31) Skipped phase4 of Reference Processing due to unavailable references
[8.657s][debug][gc,age       ] GC(31) Desired survivor size 15368192 bytes, new threshold 6 (max threshold 6)
[8.657s][info ][gc,heap      ] GC(31) ParNew: 243126K->2727K(270336K)
[8.657s][info ][gc,heap      ] GC(31) CMS: 163187K->163381K(600768K)
[8.657s][info ][gc,metaspace ] GC(31) Metaspace: 41579K->41579K(1087488K)
[8.657s][info ][gc           ] GC(31) Pause Young (Allocation Failure) 396M->162M(850M) 5.357ms
[8.657s][info ][gc,cpu       ] GC(31) User=0.02s Sys=0.00s Real=0.01s
[8.657s][info ][safepoint    ] Leaving safepoint region
[8.657s][info ][safepoint    ] Total time for which application threads were stopped: 0.0163983 seconds, Stopping threads took: 0.0003209 seconds
[8.679s][info ][safepoint    ] Application time: 0.0215962 seconds
[8.679s][info ][safepoint    ] Entering safepoint region: Deoptimize
[8.680s][info ][safepoint    ] Leaving safepoint region
[8.680s][info ][safepoint    ] Total time for which application threads were stopped: 0.0010161 seconds, Stopping threads took: 0.0002238 seconds
[8.726s][info ][safepoint    ] Application time: 0.0467049 seconds
[8.727s][info ][safepoint    ] Entering safepoint region: GenCollectForAllocation
[8.727s][info ][gc,start     ] GC(32) Pause Young (Allocation Failure)
[8.727s][info ][gc,task      ] GC(32) Using 4 workers of 4 for evacuation
[8.731s][debug][gc,ref       ] GC(32) Skipped phase1 of Reference Processing due to unavailable references
[8.731s][debug][gc,ref       ] GC(32) Skipped phase3 of Reference Processing due to unavailable references
[8.731s][debug][gc,age       ] GC(32) Desired survivor size 15368192 bytes, new threshold 6 (max threshold 6)
[8.731s][info ][gc,heap      ] GC(32) ParNew: 243047K->2588K(270336K)
[8.731s][info ][gc,heap      ] GC(32) CMS: 163381K->163797K(600768K)
[8.731s][info ][gc,metaspace ] GC(32) Metaspace: 41644K->41644K(1087488K)
[8.731s][info ][gc           ] GC(32) Pause Young (Allocation Failure) 396M->162M(850M) 4.490ms
[8.731s][info ][gc,cpu       ] GC(32) User=0.02s Sys=0.00s Real=0.01s
[8.731s][info ][safepoint    ] Leaving safepoint region
[8.731s][info ][safepoint    ] Total time for which application threads were stopped: 0.0048440 seconds, Stopping threads took: 0.0001286 seconds
[8.800s][info ][safepoint    ] Application time: 0.0689200 seconds
[8.800s][info ][safepoint    ] Entering safepoint region: GenCollectForAllocation
[8.801s][info ][gc,start     ] GC(33) Pause Young (Allocation Failure)
[8.801s][info ][gc,task      ] GC(33) Using 4 workers of 4 for evacuation
[8.805s][debug][gc,ref       ] GC(33) Skipped phase1 of Reference Processing due to unavailable references
[8.805s][debug][gc,ref       ] GC(33) Skipped phase3 of Reference Processing due to unavailable references
[8.805s][debug][gc,ref       ] GC(33) Skipped phase4 of Reference Processing due to unavailable references
[8.805s][debug][gc,age       ] GC(33) Desired survivor size 15368192 bytes, new threshold 6 (max threshold 6)
[8.805s][info ][gc,heap      ] GC(33) ParNew: 242908K->2746K(270336K)
[8.805s][info ][gc,heap      ] GC(33) CMS: 163797K->164055K(600768K)
[8.805s][info ][gc,metaspace ] GC(33) Metaspace: 41718K->41718K(1087488K)
[8.805s][info ][gc           ] GC(33) Pause Young (Allocation Failure) 397M->162M(850M) 4.385ms
[8.805s][info ][gc,cpu       ] GC(33) User=0.02s Sys=0.00s Real=0.00s
[8.805s][info ][safepoint    ] Leaving safepoint region
[8.805s][info ][safepoint    ] Total time for which application threads were stopped: 0.0047589 seconds, Stopping threads took: 0.0002154 seconds
[8.893s][info ][safepoint    ] Application time: 0.0875522 seconds
[8.896s][info ][safepoint    ] Entering safepoint region: GenCollectForAllocation
[8.896s][info ][gc,start     ] GC(34) Pause Young (Allocation Failure)
[8.896s][info ][gc,task      ] GC(34) Using 4 workers of 4 for evacuation
[8.901s][debug][gc,ref       ] GC(34) Skipped phase1 of Reference Processing due to unavailable references
[8.901s][debug][gc,ref       ] GC(34) Skipped phase3 of Reference Processing due to unavailable references
[8.902s][debug][gc,age       ] GC(34) Desired survivor size 15368192 bytes, new threshold 6 (max threshold 6)
[8.902s][info ][gc,heap      ] GC(34) ParNew: 243066K->1875K(270336K)
[8.902s][info ][gc,heap      ] GC(34) CMS: 164055K->165247K(600768K)
[8.902s][info ][gc,metaspace ] GC(34) Metaspace: 41906K->41906K(1087488K)
[8.902s][info ][gc           ] GC(34) Pause Young (Allocation Failure) 397M->163M(850M) 5.618ms
[8.902s][info ][gc,cpu       ] GC(34) User=0.02s Sys=0.00s Real=0.00s
[8.902s][info ][safepoint    ] Leaving safepoint region
[8.902s][info ][safepoint    ] Total time for which application threads were stopped: 0.0089692 seconds, Stopping threads took: 0.0031463 seconds
[8.957s][info ][safepoint    ] Application time: 0.0554223 seconds
[8.957s][info ][safepoint    ] Entering safepoint region: GenCollectForAllocation
[8.957s][info ][gc,start     ] GC(35) Pause Young (Allocation Failure)
[8.957s][info ][gc,task      ] GC(35) Using 4 workers of 4 for evacuation
[8.960s][debug][gc,ref       ] GC(35) Skipped phase1 of Reference Processing due to unavailable references
[8.960s][debug][gc,ref       ] GC(35) Skipped phase3 of Reference Processing due to unavailable references
[8.960s][debug][gc,ref       ] GC(35) Skipped phase4 of Reference Processing due to unavailable references
[8.960s][debug][gc,age       ] GC(35) Desired survivor size 15368192 bytes, new threshold 6 (max threshold 6)
[8.960s][info ][gc,heap      ] GC(35) ParNew: 242195K->1645K(270336K)
[8.960s][info ][gc,heap      ] GC(35) CMS: 165247K->165291K(600768K)
[8.960s][info ][gc,metaspace ] GC(35) Metaspace: 41924K->41924K(1087488K)
[8.960s][info ][gc           ] GC(35) Pause Young (Allocation Failure) 397M->163M(850M) 2.854ms
[8.960s][info ][gc,cpu       ] GC(35) User=0.01s Sys=0.00s Real=0.00s
[8.960s][info ][safepoint    ] Leaving safepoint region
[8.960s][info ][safepoint    ] Total time for which application threads were stopped: 0.0032510 seconds, Stopping threads took: 0.0001699 seconds
[9.007s][info ][safepoint    ] Application time: 0.0468121 seconds
[9.008s][info ][safepoint    ] Entering safepoint region: GenCollectForAllocation
[9.008s][info ][gc,start     ] GC(36) Pause Young (Allocation Failure)
[9.009s][info ][gc,task      ] GC(36) Using 4 workers of 4 for evacuation
[9.011s][debug][gc,ref       ] GC(36) Skipped phase1 of Reference Processing due to unavailable references
[9.011s][debug][gc,ref       ] GC(36) Skipped phase3 of Reference Processing due to unavailable references
[9.011s][debug][gc,ref       ] GC(36) Skipped phase4 of Reference Processing due to unavailable references
[9.011s][debug][gc,age       ] GC(36) Desired survivor size 15368192 bytes, new threshold 6 (max threshold 6)
[9.011s][info ][gc,heap      ] GC(36) ParNew: 241965K->1835K(270336K)
[9.011s][info ][gc,heap      ] GC(36) CMS: 165291K->165339K(600768K)
[9.011s][info ][gc,metaspace ] GC(36) Metaspace: 41930K->41930K(1087488K)
[9.011s][info ][gc           ] GC(36) Pause Young (Allocation Failure) 397M->163M(850M) 2.767ms
[9.011s][info ][gc,cpu       ] GC(36) User=0.01s Sys=0.00s Real=0.00s
[9.011s][info ][safepoint    ] Leaving safepoint region
[9.011s][info ][safepoint    ] Total time for which application threads were stopped: 0.0041137 seconds, Stopping threads took: 0.0011693 seconds
[9.069s][info ][safepoint    ] Application time: 0.0576566 seconds
[9.074s][info ][safepoint    ] Entering safepoint region: GenCollectForAllocation
[9.074s][info ][gc,start     ] GC(37) Pause Young (Allocation Failure)
[9.074s][info ][gc,task      ] GC(37) Using 4 workers of 4 for evacuation
[9.077s][debug][gc,ref       ] GC(37) Skipped phase1 of Reference Processing due to unavailable references
[9.077s][debug][gc,ref       ] GC(37) Skipped phase3 of Reference Processing due to unavailable references
[9.077s][debug][gc,ref       ] GC(37) Skipped phase4 of Reference Processing due to unavailable references
[9.077s][debug][gc,age       ] GC(37) Desired survivor size 15368192 bytes, new threshold 6 (max threshold 6)
[9.077s][info ][gc,heap      ] GC(37) ParNew: 242155K->2424K(270336K)
[9.077s][info ][gc,heap      ] GC(37) CMS: 165339K->165408K(600768K)
[9.077s][info ][gc,metaspace ] GC(37) Metaspace: 41931K->41931K(1087488K)
[9.077s][info ][gc           ] GC(37) Pause Young (Allocation Failure) 397M->163M(850M) 2.934ms
[9.077s][info ][gc,cpu       ] GC(37) User=0.02s Sys=0.00s Real=0.01s
[9.077s][info ][safepoint    ] Leaving safepoint region
[9.077s][info ][safepoint    ] Total time for which application threads were stopped: 0.0084350 seconds, Stopping threads took: 0.0053324 seconds
[9.113s][info ][safepoint    ] Application time: 0.0357027 seconds
[9.113s][info ][safepoint    ] Entering safepoint region: ICBufferFull
[9.114s][info ][safepoint    ] Leaving safepoint region
[9.114s][info ][safepoint    ] Total time for which application threads were stopped: 0.0005048 seconds, Stopping threads took: 0.0002345 seconds
[9.141s][info ][safepoint    ] Application time: 0.0273510 seconds
[9.141s][info ][safepoint    ] Entering safepoint region: GenCollectForAllocation
[9.142s][info ][gc,start     ] GC(38) Pause Young (Allocation Failure)
[9.142s][info ][gc,task      ] GC(38) Using 4 workers of 4 for evacuation
[9.145s][debug][gc,ref       ] GC(38) Skipped phase1 of Reference Processing due to unavailable references
[9.145s][debug][gc,ref       ] GC(38) Skipped phase3 of Reference Processing due to unavailable references
[9.145s][debug][gc,ref       ] GC(38) Skipped phase4 of Reference Processing due to unavailable references
[9.145s][debug][gc,age       ] GC(38) Desired survivor size 15368192 bytes, new threshold 6 (max threshold 6)
[9.145s][info ][gc,heap      ] GC(38) ParNew: 242744K->2488K(270336K)
[9.145s][info ][gc,heap      ] GC(38) CMS: 165408K->165515K(600768K)
[9.145s][info ][gc,metaspace ] GC(38) Metaspace: 41936K->41936K(1087488K)
[9.145s][info ][gc           ] GC(38) Pause Young (Allocation Failure) 398M->164M(850M) 3.202ms
[9.145s][info ][gc,cpu       ] GC(38) User=0.01s Sys=0.00s Real=0.00s
[9.145s][info ][safepoint    ] Leaving safepoint region
[9.145s][info ][safepoint    ] Total time for which application threads were stopped: 0.0037656 seconds, Stopping threads took: 0.0003875 seconds
[9.209s][info ][safepoint    ] Application time: 0.0642067 seconds
[9.212s][info ][safepoint    ] Entering safepoint region: GenCollectForAllocation
[9.212s][info ][gc,start     ] GC(39) Pause Young (Allocation Failure)
[9.212s][info ][gc,task      ] GC(39) Using 4 workers of 4 for evacuation
[9.216s][debug][gc,ref       ] GC(39) Skipped phase1 of Reference Processing due to unavailable references
[9.216s][debug][gc,ref       ] GC(39) Skipped phase3 of Reference Processing due to unavailable references
[9.216s][debug][gc,ref       ] GC(39) Skipped phase4 of Reference Processing due to unavailable references
[9.216s][debug][gc,age       ] GC(39) Desired survivor size 15368192 bytes, new threshold 6 (max threshold 6)
[9.216s][info ][gc,heap      ] GC(39) ParNew: 242808K->2501K(270336K)
[9.216s][info ][gc,heap      ] GC(39) CMS: 165515K->165868K(600768K)
[9.216s][info ][gc,metaspace ] GC(39) Metaspace: 41939K->41939K(1087488K)
[9.216s][info ][gc           ] GC(39) Pause Young (Allocation Failure) 398M->164M(850M) 3.739ms
[9.216s][info ][gc,cpu       ] GC(39) User=0.01s Sys=0.00s Real=0.01s
[9.216s][info ][safepoint    ] Leaving safepoint region
[9.216s][info ][safepoint    ] Total time for which application threads were stopped: 0.0071025 seconds, Stopping threads took: 0.0031312 seconds
[9.282s][info ][safepoint    ] Application time: 0.0658471 seconds
[9.282s][info ][safepoint    ] Entering safepoint region: GenCollectForAllocation
[9.282s][info ][gc,start     ] GC(40) Pause Young (Allocation Failure)
[9.282s][info ][gc,task      ] GC(40) Using 4 workers of 4 for evacuation
[9.285s][debug][gc,ref       ] GC(40) Skipped phase1 of Reference Processing due to unavailable references
[9.285s][debug][gc,ref       ] GC(40) Skipped phase3 of Reference Processing due to unavailable references
[9.285s][debug][gc,ref       ] GC(40) Skipped phase4 of Reference Processing due to unavailable references
[9.285s][debug][gc,age       ] GC(40) Desired survivor size 15368192 bytes, new threshold 6 (max threshold 6)
[9.285s][info ][gc,heap      ] GC(40) ParNew: 242821K->2437K(270336K)
[9.285s][info ][gc,heap      ] GC(40) CMS: 165868K->166052K(600768K)
[9.285s][info ][gc,metaspace ] GC(40) Metaspace: 41939K->41939K(1087488K)
[9.285s][info ][gc           ] GC(40) Pause Young (Allocation Failure) 399M->164M(850M) 2.913ms
[9.285s][info ][gc,cpu       ] GC(40) User=0.02s Sys=0.00s Real=0.00s
[9.285s][info ][safepoint    ] Leaving safepoint region
[9.285s][info ][safepoint    ] Total time for which application threads were stopped: 0.0033172 seconds, Stopping threads took: 0.0002320 seconds
[9.350s][info ][safepoint    ] Application time: 0.0647366 seconds
[9.357s][info ][safepoint    ] Entering safepoint region: GenCollectForAllocation
[9.357s][info ][gc,start     ] GC(41) Pause Young (Allocation Failure)
[9.357s][info ][gc,task      ] GC(41) Using 4 workers of 4 for evacuation
[9.362s][debug][gc,ref       ] GC(41) Skipped phase1 of Reference Processing due to unavailable references
[9.362s][debug][gc,ref       ] GC(41) Skipped phase3 of Reference Processing due to unavailable references
[9.362s][debug][gc,ref       ] GC(41) Skipped phase4 of Reference Processing due to unavailable references
[9.362s][debug][gc,age       ] GC(41) Desired survivor size 15368192 bytes, new threshold 6 (max threshold 6)
[9.362s][info ][gc,heap      ] GC(41) ParNew: 242757K->2510K(270336K)
[9.362s][info ][gc,heap      ] GC(41) CMS: 166052K->166267K(600768K)
[9.362s][info ][gc,metaspace ] GC(41) Metaspace: 41946K->41946K(1087488K)
[9.362s][info ][gc           ] GC(41) Pause Young (Allocation Failure) 399M->164M(850M) 5.604ms
[9.362s][info ][gc,cpu       ] GC(41) User=0.02s Sys=0.00s Real=0.00s
[9.362s][info ][safepoint    ] Leaving safepoint region
[9.362s][info ][safepoint    ] Total time for which application threads were stopped: 0.0122079 seconds, Stopping threads took: 0.0064063 seconds
[9.423s][info ][safepoint    ] Application time: 0.0610332 seconds
[9.424s][info ][safepoint    ] Entering safepoint region: GenCollectForAllocation
[9.424s][info ][gc,start     ] GC(42) Pause Young (Allocation Failure)
[9.424s][info ][gc,task      ] GC(42) Using 4 workers of 4 for evacuation
[9.427s][debug][gc,ref       ] GC(42) Skipped phase1 of Reference Processing due to unavailable references
[9.427s][debug][gc,ref       ] GC(42) Skipped phase3 of Reference Processing due to unavailable references
[9.427s][debug][gc,ref       ] GC(42) Skipped phase4 of Reference Processing due to unavailable references
[9.427s][debug][gc,age       ] GC(42) Desired survivor size 15368192 bytes, new threshold 6 (max threshold 6)
[9.427s][info ][gc,heap      ] GC(42) ParNew: 242830K->2667K(270336K)
[9.427s][info ][gc,heap      ] GC(42) CMS: 166267K->166453K(600768K)
[9.427s][info ][gc,metaspace ] GC(42) Metaspace: 41949K->41949K(1087488K)
[9.427s][info ][gc           ] GC(42) Pause Young (Allocation Failure) 399M->165M(850M) 3.070ms
[9.427s][info ][gc,cpu       ] GC(42) User=0.02s Sys=0.00s Real=0.00s
[9.427s][info ][safepoint    ] Leaving safepoint region
[9.427s][info ][safepoint    ] Total time for which application threads were stopped: 0.0034554 seconds, Stopping threads took: 0.0001670 seconds
[9.500s][info ][safepoint    ] Application time: 0.0730046 seconds
[9.500s][info ][safepoint    ] Entering safepoint region: GenCollectForAllocation
[9.500s][info ][gc,start     ] GC(43) Pause Young (Allocation Failure)
[9.500s][info ][gc,task      ] GC(43) Using 4 workers of 4 for evacuation
[9.503s][debug][gc,ref       ] GC(43) Skipped phase1 of Reference Processing due to unavailable references
[9.503s][debug][gc,ref       ] GC(43) Skipped phase3 of Reference Processing due to unavailable references
[9.503s][debug][gc,ref       ] GC(43) Skipped phase4 of Reference Processing due to unavailable references
[9.503s][debug][gc,age       ] GC(43) Desired survivor size 15368192 bytes, new threshold 6 (max threshold 6)
[9.504s][info ][gc,heap      ] GC(43) ParNew: 242987K->3025K(270336K)
[9.504s][info ][gc,heap      ] GC(43) CMS: 166453K->166757K(600768K)
[9.504s][info ][gc,metaspace ] GC(43) Metaspace: 41955K->41955K(1087488K)
[9.504s][info ][gc           ] GC(43) Pause Young (Allocation Failure) 399M->165M(850M) 3.312ms
[9.504s][info ][gc,cpu       ] GC(43) User=0.02s Sys=0.00s Real=0.00s
[9.504s][info ][safepoint    ] Leaving safepoint region
[9.504s][info ][safepoint    ] Total time for which application threads were stopped: 0.0036436 seconds, Stopping threads took: 0.0001225 seconds
[9.563s][info ][safepoint    ] Application time: 0.0598341 seconds
[9.564s][info ][safepoint    ] Entering safepoint region: GenCollectForAllocation
[9.564s][info ][gc,start     ] GC(44) Pause Young (Allocation Failure)
[9.564s][info ][gc,task      ] GC(44) Using 4 workers of 4 for evacuation
[9.569s][debug][gc,ref       ] GC(44) Skipped phase1 of Reference Processing due to unavailable references
[9.569s][debug][gc,ref       ] GC(44) Skipped phase3 of Reference Processing due to unavailable references
[9.569s][debug][gc,ref       ] GC(44) Skipped phase4 of Reference Processing due to unavailable references
[9.569s][debug][gc,age       ] GC(44) Desired survivor size 15368192 bytes, new threshold 6 (max threshold 6)
[9.569s][info ][gc,heap      ] GC(44) ParNew: 243345K->1912K(270336K)
[9.569s][info ][gc,heap      ] GC(44) CMS: 166757K->167125K(600768K)
[9.569s][info ][gc,metaspace ] GC(44) Metaspace: 41956K->41956K(1087488K)
[9.569s][info ][gc           ] GC(44) Pause Young (Allocation Failure) 400M->165M(850M) 4.657ms
[9.569s][info ][gc,cpu       ] GC(44) User=0.02s Sys=0.00s Real=0.01s
[9.569s][info ][safepoint    ] Leaving safepoint region
[9.569s][info ][safepoint    ] Total time for which application threads were stopped: 0.0054822 seconds, Stopping threads took: 0.0005999 seconds
[9.650s][info ][safepoint    ] Application time: 0.0807471 seconds
[9.650s][info ][safepoint    ] Entering safepoint region: GenCollectForAllocation
[9.650s][info ][gc,start     ] GC(45) Pause Young (Allocation Failure)
[9.650s][info ][gc,task      ] GC(45) Using 4 workers of 4 for evacuation
[9.653s][debug][gc,ref       ] GC(45) Skipped phase1 of Reference Processing due to unavailable references
[9.653s][debug][gc,ref       ] GC(45) Skipped phase3 of Reference Processing due to unavailable references
[9.653s][debug][gc,ref       ] GC(45) Skipped phase4 of Reference Processing due to unavailable references
[9.653s][debug][gc,age       ] GC(45) Desired survivor size 15368192 bytes, new threshold 6 (max threshold 6)
[9.653s][info ][gc,heap      ] GC(45) ParNew: 242232K->2956K(270336K)
[9.653s][info ][gc,heap      ] GC(45) CMS: 167125K->167333K(600768K)
[9.653s][info ][gc,metaspace ] GC(45) Metaspace: 41956K->41956K(1087488K)
[9.653s][info ][gc           ] GC(45) Pause Young (Allocation Failure) 399M->166M(850M) 2.944ms
[9.653s][info ][gc,cpu       ] GC(45) User=0.01s Sys=0.00s Real=0.00s
[9.653s][info ][safepoint    ] Leaving safepoint region
[9.653s][info ][safepoint    ] Total time for which application threads were stopped: 0.0033458 seconds, Stopping threads took: 0.0001913 seconds
[9.705s][info ][safepoint    ] Application time: 0.0516556 seconds
[9.708s][info ][safepoint    ] Entering safepoint region: GenCollectForAllocation
[9.708s][info ][gc,start     ] GC(46) Pause Young (Allocation Failure)
[9.708s][info ][gc,task      ] GC(46) Using 4 workers of 4 for evacuation
[9.724s][debug][gc,ref       ] GC(46) Skipped phase1 of Reference Processing due to unavailable references
[9.724s][debug][gc,ref       ] GC(46) Skipped phase3 of Reference Processing due to unavailable references
[9.724s][debug][gc,ref       ] GC(46) Skipped phase4 of Reference Processing due to unavailable references
[9.724s][debug][gc,age       ] GC(46) Desired survivor size 15368192 bytes, new threshold 6 (max threshold 6)
[9.724s][info ][gc,heap      ] GC(46) ParNew: 243276K->3049K(270336K)
[9.724s][info ][gc,heap      ] GC(46) CMS: 167333K->167586K(600768K)
[9.724s][info ][gc,metaspace ] GC(46) Metaspace: 41957K->41957K(1087488K)
[9.724s][info ][gc           ] GC(46) Pause Young (Allocation Failure) 400M->166M(850M) 15.814ms
[9.724s][info ][gc,cpu       ] GC(46) User=0.01s Sys=0.00s Real=0.01s
[9.724s][info ][safepoint    ] Leaving safepoint region
[9.724s][info ][safepoint    ] Total time for which application threads were stopped: 0.0193756 seconds, Stopping threads took: 0.0033817 seconds
[9.776s][info ][safepoint    ] Application time: 0.0514503 seconds
[9.776s][info ][safepoint    ] Entering safepoint region: GenCollectForAllocation
[9.776s][info ][gc,start     ] GC(47) Pause Young (Allocation Failure)
[9.776s][info ][gc,task      ] GC(47) Using 4 workers of 4 for evacuation
[9.781s][debug][gc,ref       ] GC(47) Skipped phase1 of Reference Processing due to unavailable references
[9.781s][debug][gc,ref       ] GC(47) Skipped phase3 of Reference Processing due to unavailable references
[9.781s][debug][gc,ref       ] GC(47) Skipped phase4 of Reference Processing due to unavailable references
[9.781s][debug][gc,age       ] GC(47) Desired survivor size 15368192 bytes, new threshold 6 (max threshold 6)
[9.781s][info ][gc,heap      ] GC(47) ParNew: 243369K->3559K(270336K)
[9.781s][info ][gc,heap      ] GC(47) CMS: 167586K->167934K(600768K)
[9.781s][info ][gc,metaspace ] GC(47) Metaspace: 41957K->41957K(1087488K)
[9.781s][info ][gc           ] GC(47) Pause Young (Allocation Failure) 401M->167M(850M) 4.931ms
[9.781s][info ][gc,cpu       ] GC(47) User=0.02s Sys=0.00s Real=0.00s
[9.781s][info ][safepoint    ] Leaving safepoint region
[9.781s][info ][safepoint    ] Total time for which application threads were stopped: 0.0052757 seconds, Stopping threads took: 0.0001594 seconds
[9.865s][info ][safepoint    ] Application time: 0.0840361 seconds
[9.872s][info ][safepoint    ] Entering safepoint region: GenCollectForAllocation
[9.872s][info ][gc,start     ] GC(48) Pause Young (Allocation Failure)
[9.872s][info ][gc,task      ] GC(48) Using 4 workers of 4 for evacuation
[9.876s][debug][gc,ref       ] GC(48) Skipped phase1 of Reference Processing due to unavailable references
[9.876s][debug][gc,ref       ] GC(48) Skipped phase3 of Reference Processing due to unavailable references
[9.876s][debug][gc,ref       ] GC(48) Skipped phase4 of Reference Processing due to unavailable references
[9.876s][debug][gc,age       ] GC(48) Desired survivor size 15368192 bytes, new threshold 6 (max threshold 6)
[9.876s][info ][gc,heap      ] GC(48) ParNew: 243879K->4264K(270336K)
[9.876s][info ][gc,heap      ] GC(48) CMS: 167934K->168024K(600768K)
[9.876s][info ][gc,metaspace ] GC(48) Metaspace: 41957K->41957K(1087488K)
[9.876s][info ][gc           ] GC(48) Pause Young (Allocation Failure) 402M->168M(850M) 4.492ms
[9.876s][info ][gc,cpu       ] GC(48) User=0.01s Sys=0.00s Real=0.01s
[9.876s][info ][safepoint    ] Leaving safepoint region
[9.876s][info ][safepoint    ] Total time for which application threads were stopped: 0.0115320 seconds, Stopping threads took: 0.0067968 seconds
[9.940s][info ][safepoint    ] Application time: 0.0634845 seconds
[9.940s][info ][safepoint    ] Entering safepoint region: GenCollectForAllocation
[9.940s][info ][gc,start     ] GC(49) Pause Young (Allocation Failure)
[9.940s][info ][gc,task      ] GC(49) Using 4 workers of 4 for evacuation
[9.945s][debug][gc,ref       ] GC(49) Skipped phase1 of Reference Processing due to unavailable references
[9.945s][debug][gc,ref       ] GC(49) Skipped phase3 of Reference Processing due to unavailable references
[9.945s][debug][gc,ref       ] GC(49) Skipped phase4 of Reference Processing due to unavailable references
[9.945s][debug][gc,age       ] GC(49) Desired survivor size 15368192 bytes, new threshold 6 (max threshold 6)
[9.945s][info ][gc,heap      ] GC(49) ParNew: 244584K->5959K(270336K)
[9.945s][info ][gc,heap      ] GC(49) CMS: 168024K->168379K(600768K)
[9.945s][info ][gc,metaspace ] GC(49) Metaspace: 41957K->41957K(1087488K)
[9.945s][info ][gc           ] GC(49) Pause Young (Allocation Failure) 402M->170M(850M) 4.525ms
[9.945s][info ][gc,cpu       ] GC(49) User=0.02s Sys=0.00s Real=0.00s
[9.945s][info ][safepoint    ] Leaving safepoint region
[9.945s][info ][safepoint    ] Total time for which application threads were stopped: 0.0049708 seconds, Stopping threads took: 0.0002008 seconds
[9.995s][info ][safepoint    ] Application time: 0.0500395 seconds
[9.995s][info ][safepoint    ] Entering safepoint region: GenCollectForAllocation
[9.995s][info ][gc,start     ] GC(50) Pause Young (Allocation Failure)
[9.995s][info ][gc,task      ] GC(50) Using 4 workers of 4 for evacuation
[9.999s][debug][gc,ref       ] GC(50) Skipped phase1 of Reference Processing due to unavailable references
[9.999s][debug][gc,ref       ] GC(50) Skipped phase3 of Reference Processing due to unavailable references
[9.999s][debug][gc,ref       ] GC(50) Skipped phase4 of Reference Processing due to unavailable references
[9.999s][debug][gc,age       ] GC(50) Desired survivor size 15368192 bytes, new threshold 6 (max threshold 6)
[9.999s][info ][gc,heap      ] GC(50) ParNew: 246279K->6312K(270336K)
[9.999s][info ][gc,heap      ] GC(50) CMS: 168379K->168618K(600768K)
[9.999s][info ][gc,metaspace ] GC(50) Metaspace: 41965K->41965K(1087488K)
[9.999s][info ][gc           ] GC(50) Pause Young (Allocation Failure) 404M->170M(850M) 3.992ms
[9.999s][info ][gc,cpu       ] GC(50) User=0.02s Sys=0.00s Real=0.01s
[9.999s][info ][safepoint    ] Leaving safepoint region
[9.999s][info ][safepoint    ] Total time for which application threads were stopped: 0.0043712 seconds, Stopping threads took: 0.0001928 seconds
[10.050s][info ][safepoint    ] Application time: 0.0507782 seconds
[10.052s][info ][safepoint    ] Entering safepoint region: GenCollectForAllocation
[10.052s][info ][gc,start     ] GC(51) Pause Young (Allocation Failure)
[10.052s][info ][gc,task      ] GC(51) Using 4 workers of 4 for evacuation
[10.057s][debug][gc,ref       ] GC(51) Skipped phase1 of Reference Processing due to unavailable references
[10.057s][debug][gc,ref       ] GC(51) Skipped phase3 of Reference Processing due to unavailable references
[10.057s][debug][gc,ref       ] GC(51) Skipped phase4 of Reference Processing due to unavailable references
[10.057s][debug][gc,age       ] GC(51) Desired survivor size 15368192 bytes, new threshold 6 (max threshold 6)
[10.057s][info ][gc,heap      ] GC(51) ParNew: 246632K->5716K(270336K)
[10.057s][info ][gc,heap      ] GC(51) CMS: 168618K->169015K(600768K)
[10.057s][info ][gc,metaspace ] GC(51) Metaspace: 41965K->41965K(1087488K)
[10.057s][info ][gc           ] GC(51) Pause Young (Allocation Failure) 405M->170M(850M) 4.684ms
[10.057s][info ][gc,cpu       ] GC(51) User=0.02s Sys=0.00s Real=0.01s
[10.057s][info ][safepoint    ] Leaving safepoint region
[10.057s][info ][safepoint    ] Total time for which application threads were stopped: 0.0065169 seconds, Stopping threads took: 0.0016203 seconds
[10.095s][info ][safepoint    ] Application time: 0.0381139 seconds
[10.095s][info ][safepoint    ] Entering safepoint region: GenCollectForAllocation
[10.095s][info ][gc,start     ] GC(52) Pause Young (Allocation Failure)
[10.095s][info ][gc,task      ] GC(52) Using 4 workers of 4 for evacuation
[10.099s][debug][gc,ref       ] GC(52) Skipped phase1 of Reference Processing due to unavailable references
[10.099s][debug][gc,ref       ] GC(52) Skipped phase3 of Reference Processing due to unavailable references
[10.099s][debug][gc,ref       ] GC(52) Skipped phase4 of Reference Processing due to unavailable references
[10.099s][debug][gc,age       ] GC(52) Desired survivor size 15368192 bytes, new threshold 6 (max threshold 6)
[10.099s][info ][gc,heap      ] GC(52) ParNew: 246036K->4636K(270336K)
[10.099s][info ][gc,heap      ] GC(52) CMS: 169015K->169575K(600768K)
[10.099s][info ][gc,metaspace ] GC(52) Metaspace: 41965K->41965K(1087488K)
[10.099s][info ][gc           ] GC(52) Pause Young (Allocation Failure) 405M->170M(850M) 3.976ms
[10.099s][info ][gc,cpu       ] GC(52) User=0.02s Sys=0.00s Real=0.01s
[10.099s][info ][safepoint    ] Leaving safepoint region
[10.099s][info ][safepoint    ] Total time for which application threads were stopped: 0.0043760 seconds, Stopping threads took: 0.0002288 seconds
[10.180s][info ][safepoint    ] Application time: 0.0811709 seconds
[10.184s][info ][safepoint    ] Entering safepoint region: Deoptimize
[10.185s][info ][safepoint    ] Leaving safepoint region
[10.185s][info ][safepoint    ] Total time for which application threads were stopped: 0.0046936 seconds, Stopping threads took: 0.0038319 seconds
[10.188s][info ][safepoint    ] Application time: 0.0032063 seconds
[10.192s][info ][safepoint    ] Entering safepoint region: GenCollectForAllocation
[10.192s][info ][gc,start     ] GC(53) Pause Young (Allocation Failure)
[10.192s][info ][gc,task      ] GC(53) Using 4 workers of 4 for evacuation
[10.196s][debug][gc,ref       ] GC(53) Skipped phase1 of Reference Processing due to unavailable references
[10.196s][debug][gc,ref       ] GC(53) Skipped phase3 of Reference Processing due to unavailable references
[10.196s][debug][gc,age       ] GC(53) Desired survivor size 15368192 bytes, new threshold 6 (max threshold 6)
[10.196s][info ][gc,heap      ] GC(53) ParNew: 244956K->5998K(270336K)
[10.196s][info ][gc,heap      ] GC(53) CMS: 169575K->169964K(600768K)
[10.196s][info ][gc,metaspace ] GC(53) Metaspace: 42028K->42028K(1087488K)
[10.196s][info ][gc           ] GC(53) Pause Young (Allocation Failure) 404M->171M(850M) 4.543ms
[10.196s][info ][gc,cpu       ] GC(53) User=0.02s Sys=0.00s Real=0.01s
[10.196s][info ][safepoint    ] Leaving safepoint region
[10.196s][info ][safepoint    ] Total time for which application threads were stopped: 0.0078457 seconds, Stopping threads took: 0.0031150 seconds
[10.257s][info ][safepoint    ] Application time: 0.0605910 seconds
[10.261s][info ][safepoint    ] Entering safepoint region: GenCollectForAllocation
[10.261s][info ][gc,start     ] GC(54) Pause Young (Allocation Failure)
[10.261s][info ][gc,task      ] GC(54) Using 4 workers of 4 for evacuation
[10.266s][debug][gc,ref       ] GC(54) Skipped phase1 of Reference Processing due to unavailable references
[10.266s][debug][gc,ref       ] GC(54) Skipped phase3 of Reference Processing due to unavailable references
[10.267s][debug][gc,age       ] GC(54) Desired survivor size 15368192 bytes, new threshold 6 (max threshold 6)
[10.267s][info ][gc,heap      ] GC(54) ParNew: 246318K->3852K(270336K)
[10.267s][info ][gc,heap      ] GC(54) CMS: 169964K->171153K(600768K)
[10.267s][info ][gc,metaspace ] GC(54) Metaspace: 42372K->42372K(1087488K)
[10.267s][info ][gc           ] GC(54) Pause Young (Allocation Failure) 406M->170M(850M) 5.231ms
[10.267s][info ][gc,cpu       ] GC(54) User=0.02s Sys=0.00s Real=0.00s
[10.267s][info ][safepoint    ] Leaving safepoint region
[10.267s][info ][safepoint    ] Total time for which application threads were stopped: 0.0097455 seconds, Stopping threads took: 0.0042790 seconds
[10.284s][info ][safepoint    ] Application time: 0.0178200 seconds
[10.288s][info ][safepoint    ] Entering safepoint region: RevokeBias
[10.288s][info ][safepoint    ] Leaving safepoint region
[10.288s][info ][safepoint    ] Total time for which application threads were stopped: 0.0035032 seconds, Stopping threads took: 0.0033251 seconds
[10.339s][info ][safepoint    ] Application time: 0.0506940 seconds
[10.339s][info ][safepoint    ] Entering safepoint region: GenCollectForAllocation
[10.340s][info ][gc,start     ] GC(55) Pause Young (Allocation Failure)
[10.340s][info ][gc,task      ] GC(55) Using 4 workers of 4 for evacuation
[10.348s][debug][gc,ref       ] GC(55) Skipped phase1 of Reference Processing due to unavailable references
[10.348s][debug][gc,ref       ] GC(55) Skipped phase3 of Reference Processing due to unavailable references
[10.348s][debug][gc,age       ] GC(55) Desired survivor size 15368192 bytes, new threshold 6 (max threshold 6)
[10.348s][info ][gc,heap      ] GC(55) ParNew: 244172K->3362K(270336K)
[10.348s][info ][gc,heap      ] GC(55) CMS: 171153K->172075K(600768K)
[10.348s][info ][gc,metaspace ] GC(55) Metaspace: 42675K->42675K(1089536K)
[10.348s][info ][gc           ] GC(55) Pause Young (Allocation Failure) 405M->171M(850M) 8.399ms
[10.348s][info ][gc,cpu       ] GC(55) User=0.01s Sys=0.00s Real=0.01s
[10.348s][info ][safepoint    ] Leaving safepoint region
[10.348s][info ][safepoint    ] Total time for which application threads were stopped: 0.0093639 seconds, Stopping threads took: 0.0007272 seconds
[10.376s][info ][safepoint    ] Application time: 0.0277365 seconds
[10.378s][info ][safepoint    ] Entering safepoint region: RevokeBias
[10.378s][info ][safepoint    ] Leaving safepoint region
[10.379s][info ][safepoint    ] Total time for which application threads were stopped: 0.0026156 seconds, Stopping threads took: 0.0024716 seconds
[10.379s][info ][safepoint    ] Application time: 0.0000738 seconds
[10.379s][info ][safepoint    ] Entering safepoint region: RevokeBias
[10.379s][info ][safepoint    ] Leaving safepoint region
[10.379s][info ][safepoint    ] Total time for which application threads were stopped: 0.0002008 seconds, Stopping threads took: 0.0001119 seconds
[10.379s][info ][safepoint    ] Application time: 0.0000547 seconds
[10.379s][info ][safepoint    ] Entering safepoint region: RevokeBias
[10.379s][info ][safepoint    ] Leaving safepoint region
[10.379s][info ][safepoint    ] Total time for which application threads were stopped: 0.0001378 seconds, Stopping threads took: 0.0000556 seconds
[10.380s][info ][safepoint    ] Application time: 0.0009988 seconds
[10.383s][info ][safepoint    ] Entering safepoint region: RevokeBias
[10.383s][info ][safepoint    ] Leaving safepoint region
[10.383s][info ][safepoint    ] Total time for which application threads were stopped: 0.0032207 seconds, Stopping threads took: 0.0031484 seconds
[10.394s][info ][safepoint    ] Application time: 0.0107992 seconds
[10.396s][info ][safepoint    ] Entering safepoint region: BulkRevokeBias
[10.398s][info ][safepoint    ] Leaving safepoint region
[10.398s][info ][safepoint    ] Total time for which application threads were stopped: 0.0034481 seconds, Stopping threads took: 0.0019174 seconds
[10.406s][info ][safepoint    ] Application time: 0.0081465 seconds
[10.406s][info ][safepoint    ] Entering safepoint region: GenCollectForAllocation
[10.406s][info ][gc,start     ] GC(56) Pause Young (Allocation Failure)
[10.406s][info ][gc,task      ] GC(56) Using 4 workers of 4 for evacuation
[10.409s][debug][gc,ref       ] GC(56) Skipped phase1 of Reference Processing due to unavailable references
[10.409s][debug][gc,ref       ] GC(56) Skipped phase3 of Reference Processing due to unavailable references
[10.409s][debug][gc,age       ] GC(56) Desired survivor size 15368192 bytes, new threshold 6 (max threshold 6)
[10.409s][info ][gc,heap      ] GC(56) ParNew: 243682K->2114K(270336K)
[10.409s][info ][gc,heap      ] GC(56) CMS: 172075K->172363K(600768K)
[10.409s][info ][gc,metaspace ] GC(56) Metaspace: 42826K->42826K(1089536K)
[10.409s][info ][gc           ] GC(56) Pause Young (Allocation Failure) 406M->170M(850M) 3.311ms
[10.409s][info ][gc,cpu       ] GC(56) User=0.01s Sys=0.00s Real=0.01s
[10.409s][info ][safepoint    ] Leaving safepoint region
[10.409s][info ][safepoint    ] Total time for which application threads were stopped: 0.0036493 seconds, Stopping threads took: 0.0001550 seconds
[10.450s][info ][safepoint    ] Application time: 0.0404238 seconds
[10.453s][info ][safepoint    ] Entering safepoint region: GenCollectForAllocation
[10.453s][info ][gc,start     ] GC(57) Pause Young (Allocation Failure)
[10.453s][info ][gc,task      ] GC(57) Using 4 workers of 4 for evacuation
[10.456s][debug][gc,ref       ] GC(57) Skipped phase1 of Reference Processing due to unavailable references
[10.456s][debug][gc,ref       ] GC(57) Skipped phase3 of Reference Processing due to unavailable references
[10.456s][debug][gc,ref       ] GC(57) Skipped phase4 of Reference Processing due to unavailable references
[10.456s][debug][gc,age       ] GC(57) Desired survivor size 15368192 bytes, new threshold 6 (max threshold 6)
[10.456s][info ][gc,heap      ] GC(57) ParNew: 242434K->2501K(270336K)
[10.456s][info ][gc,heap      ] GC(57) CMS: 172363K->172560K(600768K)
[10.456s][info ][gc,metaspace ] GC(57) Metaspace: 42885K->42885K(1089536K)
[10.456s][info ][gc           ] GC(57) Pause Young (Allocation Failure) 405M->170M(850M) 2.817ms
[10.456s][info ][gc,cpu       ] GC(57) User=0.01s Sys=0.00s Real=0.01s
[10.456s][info ][safepoint    ] Leaving safepoint region
[10.456s][info ][safepoint    ] Total time for which application threads were stopped: 0.0062750 seconds, Stopping threads took: 0.0032980 seconds
[10.505s][info ][safepoint    ] Application time: 0.0489721 seconds
[10.505s][info ][safepoint    ] Entering safepoint region: GenCollectForAllocation
[10.505s][info ][gc,start     ] GC(58) Pause Young (Allocation Failure)
[10.505s][info ][gc,task      ] GC(58) Using 4 workers of 4 for evacuation
[10.508s][debug][gc,ref       ] GC(58) Skipped phase1 of Reference Processing due to unavailable references
[10.508s][debug][gc,ref       ] GC(58) Skipped phase3 of Reference Processing due to unavailable references
[10.508s][debug][gc,ref       ] GC(58) Skipped phase4 of Reference Processing due to unavailable references
[10.508s][debug][gc,age       ] GC(58) Desired survivor size 15368192 bytes, new threshold 6 (max threshold 6)
[10.508s][info ][gc,heap      ] GC(58) ParNew: 242821K->2395K(270336K)
[10.508s][info ][gc,heap      ] GC(58) CMS: 172560K->172740K(600768K)
[10.508s][info ][gc,metaspace ] GC(58) Metaspace: 42902K->42902K(1089536K)
[10.508s][info ][gc           ] GC(58) Pause Young (Allocation Failure) 405M->171M(850M) 2.776ms
[10.508s][info ][gc,cpu       ] GC(58) User=0.02s Sys=0.00s Real=0.01s
[10.508s][info ][safepoint    ] Leaving safepoint region
[10.508s][info ][safepoint    ] Total time for which application threads were stopped: 0.0030997 seconds, Stopping threads took: 0.0001523 seconds
[10.573s][info ][safepoint    ] Application time: 0.0643399 seconds
[10.576s][info ][safepoint    ] Entering safepoint region: GenCollectForAllocation
[10.576s][info ][gc,start     ] GC(59) Pause Young (Allocation Failure)
[10.576s][info ][gc,task      ] GC(59) Using 4 workers of 4 for evacuation
[10.580s][debug][gc,ref       ] GC(59) Skipped phase1 of Reference Processing due to unavailable references
[10.580s][debug][gc,ref       ] GC(59) Skipped phase3 of Reference Processing due to unavailable references
[10.580s][debug][gc,ref       ] GC(59) Skipped phase4 of Reference Processing due to unavailable references
[10.580s][debug][gc,age       ] GC(59) Desired survivor size 15368192 bytes, new threshold 6 (max threshold 6)
[10.580s][info ][gc,heap      ] GC(59) ParNew: 242715K->1170K(270336K)
[10.580s][info ][gc,heap      ] GC(59) CMS: 172740K->173433K(600768K)
[10.580s][info ][gc,metaspace ] GC(59) Metaspace: 42928K->42928K(1089536K)
[10.580s][info ][gc           ] GC(59) Pause Young (Allocation Failure) 405M->170M(850M) 3.906ms
[10.580s][info ][gc,cpu       ] GC(59) User=0.02s Sys=0.00s Real=0.00s
[10.580s][info ][safepoint    ] Leaving safepoint region
[10.580s][info ][safepoint    ] Total time for which application threads were stopped: 0.0074172 seconds, Stopping threads took: 0.0033070 seconds
[10.644s][info ][safepoint    ] Application time: 0.0639732 seconds
[10.645s][info ][safepoint    ] Entering safepoint region: GenCollectForAllocation
[10.645s][info ][gc,start     ] GC(60) Pause Young (Allocation Failure)
[10.645s][info ][gc,task      ] GC(60) Using 4 workers of 4 for evacuation
[10.647s][debug][gc,ref       ] GC(60) Skipped phase1 of Reference Processing due to unavailable references
[10.647s][debug][gc,ref       ] GC(60) Skipped phase3 of Reference Processing due to unavailable references
[10.647s][debug][gc,ref       ] GC(60) Skipped phase4 of Reference Processing due to unavailable references
[10.647s][debug][gc,age       ] GC(60) Desired survivor size 15368192 bytes, new threshold 6 (max threshold 6)
[10.647s][info ][gc,heap      ] GC(60) ParNew: 241490K->821K(270336K)
[10.647s][info ][gc,heap      ] GC(60) CMS: 173433K->173790K(600768K)
[10.648s][info ][gc,metaspace ] GC(60) Metaspace: 42941K->42941K(1089536K)
[10.648s][info ][gc           ] GC(60) Pause Young (Allocation Failure) 405M->170M(850M) 2.603ms
[10.648s][info ][gc,cpu       ] GC(60) User=0.01s Sys=0.00s Real=0.00s
[10.648s][info ][safepoint    ] Leaving safepoint region
[10.648s][info ][safepoint    ] Total time for which application threads were stopped: 0.0035319 seconds, Stopping threads took: 0.0007581 seconds
[10.665s][info ][safepoint    ] Application time: 0.0177065 seconds
[10.672s][info ][safepoint    ] Entering safepoint region: Deoptimize
[10.673s][info ][safepoint    ] Leaving safepoint region
[10.673s][info ][safepoint    ] Total time for which application threads were stopped: 0.0075865 seconds, Stopping threads took: 0.0065439 seconds
[10.676s][info ][safepoint    ] Application time: 0.0027058 seconds
[10.676s][info ][safepoint    ] Entering safepoint region: Deoptimize
[10.677s][info ][safepoint    ] Leaving safepoint region
[10.677s][info ][safepoint    ] Total time for which application threads were stopped: 0.0010172 seconds, Stopping threads took: 0.0001176 seconds
[10.679s][info ][safepoint    ] Application time: 0.0025428 seconds
[10.679s][info ][safepoint    ] Entering safepoint region: RevokeBias
[10.679s][info ][safepoint    ] Leaving safepoint region
[10.679s][info ][safepoint    ] Total time for which application threads were stopped: 0.0002583 seconds, Stopping threads took: 0.0001542 seconds
[10.699s][info ][safepoint    ] Application time: 0.0200084 seconds
[10.705s][info ][safepoint    ] Entering safepoint region: RevokeBias
[10.705s][info ][safepoint    ] Leaving safepoint region
[10.705s][info ][safepoint    ] Total time for which application threads were stopped: 0.0055362 seconds, Stopping threads took: 0.0053955 seconds
[10.715s][info ][safepoint    ] Application time: 0.0094516 seconds
[10.715s][info ][safepoint    ] Entering safepoint region: GenCollectForAllocation
[10.715s][info ][gc,start     ] GC(61) Pause Young (Allocation Failure)
[10.715s][info ][gc,task      ] GC(61) Using 4 workers of 4 for evacuation
[10.717s][debug][gc,ref       ] GC(61) Skipped phase1 of Reference Processing due to unavailable references
[10.717s][debug][gc,ref       ] GC(61) Skipped phase3 of Reference Processing due to unavailable references
[10.718s][debug][gc,age       ] GC(61) Desired survivor size 15368192 bytes, new threshold 6 (max threshold 6)
[10.718s][info ][gc,heap      ] GC(61) ParNew: 241141K->750K(270336K)
[10.718s][info ][gc,heap      ] GC(61) CMS: 173790K->173938K(600768K)
[10.718s][info ][gc,metaspace ] GC(61) Metaspace: 43186K->43186K(1089536K)
[10.718s][info ][gc           ] GC(61) Pause Young (Allocation Failure) 405M->170M(850M) 3.033ms
[10.718s][info ][gc,cpu       ] GC(61) User=0.01s Sys=0.00s Real=0.01s
[10.718s][info ][safepoint    ] Leaving safepoint region
[10.718s][info ][safepoint    ] Total time for which application threads were stopped: 0.0034209 seconds, Stopping threads took: 0.0002151 seconds
[10.730s][info ][safepoint    ] Application time: 0.0123063 seconds
[10.732s][info ][safepoint    ] Entering safepoint region: Deoptimize
[10.733s][info ][safepoint    ] Leaving safepoint region
[10.733s][info ][safepoint    ] Total time for which application threads were stopped: 0.0025119 seconds, Stopping threads took: 0.0015785 seconds
[10.768s][info ][safepoint    ] Application time: 0.0353211 seconds
[10.771s][info ][safepoint    ] Entering safepoint region: GenCollectForAllocation
[10.771s][info ][gc,start     ] GC(62) Pause Young (Allocation Failure)
[10.771s][info ][gc,task      ] GC(62) Using 4 workers of 4 for evacuation
[10.774s][debug][gc,ref       ] GC(62) Skipped phase1 of Reference Processing due to unavailable references
[10.774s][debug][gc,ref       ] GC(62) Skipped phase3 of Reference Processing due to unavailable references
[10.774s][debug][gc,ref       ] GC(62) Skipped phase4 of Reference Processing due to unavailable references
[10.774s][debug][gc,age       ] GC(62) Desired survivor size 15368192 bytes, new threshold 6 (max threshold 6)
[10.774s][info ][gc,heap      ] GC(62) ParNew: 241070K->2231K(270336K)
[10.774s][info ][gc,heap      ] GC(62) CMS: 173938K->174017K(600768K)
[10.774s][info ][gc,metaspace ] GC(62) Metaspace: 43942K->43942K(1089536K)
[10.774s][info ][gc           ] GC(62) Pause Young (Allocation Failure) 405M->172M(850M) 2.773ms
[10.774s][info ][gc,cpu       ] GC(62) User=0.01s Sys=0.00s Real=0.00s
[10.774s][info ][safepoint    ] Leaving safepoint region
[10.774s][info ][safepoint    ] Total time for which application threads were stopped: 0.0061463 seconds, Stopping threads took: 0.0031532 seconds
[10.776s][info ][safepoint    ] Application time: 0.0021604 seconds
[10.777s][info ][safepoint    ] Entering safepoint region: RevokeBias
[10.777s][info ][safepoint    ] Leaving safepoint region
[10.777s][info ][safepoint    ] Total time for which application threads were stopped: 0.0003077 seconds, Stopping threads took: 0.0001796 seconds
[10.818s][info ][safepoint    ] Application time: 0.0416152 seconds
[10.819s][info ][safepoint    ] Entering safepoint region: GenCollectForAllocation
[10.819s][info ][gc,start     ] GC(63) Pause Young (Allocation Failure)
[10.819s][info ][gc,task      ] GC(63) Using 4 workers of 4 for evacuation
[10.821s][debug][gc,ref       ] GC(63) Skipped phase1 of Reference Processing due to unavailable references
[10.821s][debug][gc,ref       ] GC(63) Skipped phase3 of Reference Processing due to unavailable references
[10.821s][debug][gc,age       ] GC(63) Desired survivor size 15368192 bytes, new threshold 6 (max threshold 6)
[10.821s][info ][gc,heap      ] GC(63) ParNew: 242551K->2772K(270336K)
[10.821s][info ][gc,heap      ] GC(63) CMS: 174017K->174031K(600768K)
[10.821s][info ][gc,metaspace ] GC(63) Metaspace: 44788K->44788K(1089536K)
[10.821s][info ][gc           ] GC(63) Pause Young (Allocation Failure) 406M->172M(850M) 2.767ms
[10.822s][info ][gc,cpu       ] GC(63) User=0.01s Sys=0.00s Real=0.00s
[10.822s][info ][safepoint    ] Leaving safepoint region
[10.822s][info ][safepoint    ] Total time for which application threads were stopped: 0.0030693 seconds, Stopping threads took: 0.0001229 seconds
[10.824s][info ][safepoint    ] Application time: 0.0027762 seconds
[10.824s][info ][safepoint    ] Entering safepoint region: RevokeBias
[10.824s][info ][safepoint    ] Leaving safepoint region
[10.824s][info ][safepoint    ] Total time for which application threads were stopped: 0.0001544 seconds, Stopping threads took: 0.0000346 seconds
[10.825s][info ][safepoint    ] Application time: 0.0004436 seconds
[10.826s][info ][safepoint    ] Entering safepoint region: RevokeBias
[10.826s][info ][safepoint    ] Leaving safepoint region
[10.826s][info ][safepoint    ] Total time for which application threads were stopped: 0.0009126 seconds, Stopping threads took: 0.0008024 seconds
[10.876s][info ][safepoint    ] Application time: 0.0498243 seconds
[10.876s][info ][safepoint    ] Entering safepoint region: RevokeBias
[10.876s][info ][safepoint    ] Leaving safepoint region
[10.876s][info ][safepoint    ] Total time for which application threads were stopped: 0.0002779 seconds, Stopping threads took: 0.0001437 seconds
[10.876s][info ][safepoint    ] Application time: 0.0000861 seconds
[10.876s][info ][safepoint    ] Entering safepoint region: RevokeBias
[10.876s][info ][safepoint    ] Leaving safepoint region
[10.876s][info ][safepoint    ] Total time for which application threads were stopped: 0.0001880 seconds, Stopping threads took: 0.0001049 seconds
[10.886s][info ][safepoint    ] Application time: 0.0101720 seconds
[10.887s][info ][safepoint    ] Entering safepoint region: GenCollectForAllocation
[10.887s][info ][gc,start     ] GC(64) Pause Young (Allocation Failure)
[10.887s][info ][gc,task      ] GC(64) Using 4 workers of 4 for evacuation
[10.890s][debug][gc,ref       ] GC(64) Skipped phase1 of Reference Processing due to unavailable references
[10.890s][debug][gc,ref       ] GC(64) Skipped phase3 of Reference Processing due to unavailable references
[10.890s][debug][gc,age       ] GC(64) Desired survivor size 15368192 bytes, new threshold 6 (max threshold 6)
[10.890s][info ][gc,heap      ] GC(64) ParNew: 243092K->3528K(270336K)
[10.890s][info ][gc,heap      ] GC(64) CMS: 174031K->174079K(600768K)
[10.890s][info ][gc,metaspace ] GC(64) Metaspace: 45670K->45670K(1091584K)
[10.890s][info ][gc           ] GC(64) Pause Young (Allocation Failure) 407M->173M(850M) 3.168ms
[10.890s][info ][gc,cpu       ] GC(64) User=0.01s Sys=0.00s Real=0.01s
[10.890s][info ][safepoint    ] Leaving safepoint region
[10.890s][info ][safepoint    ] Total time for which application threads were stopped: 0.0034757 seconds, Stopping threads took: 0.0001397 seconds
[10.927s][info ][safepoint    ] Application time: 0.0368747 seconds
[10.927s][info ][safepoint    ] Entering safepoint region: RevokeBias
[10.927s][info ][safepoint    ] Leaving safepoint region
[10.927s][info ][safepoint    ] Total time for which application threads were stopped: 0.0002820 seconds, Stopping threads took: 0.0001537 seconds
[10.955s][info ][safepoint    ] Application time: 0.0277042 seconds
[10.955s][info ][safepoint    ] Entering safepoint region: GenCollectForAllocation
[10.955s][info ][gc,start     ] GC(65) Pause Young (Allocation Failure)
[10.955s][info ][gc,task      ] GC(65) Using 4 workers of 4 for evacuation
[10.958s][debug][gc,ref       ] GC(65) Skipped phase1 of Reference Processing due to unavailable references
[10.958s][debug][gc,ref       ] GC(65) Skipped phase3 of Reference Processing due to unavailable references
[10.959s][debug][gc,age       ] GC(65) Desired survivor size 15368192 bytes, new threshold 6 (max threshold 6)
[10.959s][info ][gc,heap      ] GC(65) ParNew: 243848K->5876K(270336K)
[10.959s][info ][gc,heap      ] GC(65) CMS: 174079K->174132K(600768K)
[10.959s][info ][gc,metaspace ] GC(65) Metaspace: 46433K->46433K(1091584K)
[10.959s][info ][gc           ] GC(65) Pause Young (Allocation Failure) 408M->175M(850M) 3.413ms
[10.959s][info ][gc,cpu       ] GC(65) User=0.01s Sys=0.00s Real=0.01s
[10.959s][info ][safepoint    ] Leaving safepoint region
[10.959s][info ][safepoint    ] Total time for which application threads were stopped: 0.0037900 seconds, Stopping threads took: 0.0002046 seconds
[10.979s][info ][safepoint    ] Application time: 0.0203593 seconds
[10.979s][info ][safepoint    ] Entering safepoint region: RevokeBias
[10.979s][info ][safepoint    ] Leaving safepoint region
[10.979s][info ][safepoint    ] Total time for which application threads were stopped: 0.0003231 seconds, Stopping threads took: 0.0002004 seconds
[10.992s][info ][safepoint    ] Application time: 0.0128444 seconds
[10.996s][info ][safepoint    ] Entering safepoint region: RevokeBias
[10.996s][info ][safepoint    ] Leaving safepoint region
[10.996s][info ][safepoint    ] Total time for which application threads were stopped: 0.0033842 seconds, Stopping threads took: 0.0032223 seconds
[11.019s][info ][safepoint    ] Application time: 0.0231297 seconds
[11.019s][info ][safepoint    ] Entering safepoint region: GenCollectForAllocation
[11.019s][info ][gc,start     ] GC(66) Pause Young (Allocation Failure)
[11.019s][info ][gc,task      ] GC(66) Using 4 workers of 4 for evacuation
[11.023s][debug][gc,ref       ] GC(66) Skipped phase1 of Reference Processing due to unavailable references
[11.023s][debug][gc,ref       ] GC(66) Skipped phase3 of Reference Processing due to unavailable references
[11.023s][debug][gc,age       ] GC(66) Desired survivor size 15368192 bytes, new threshold 6 (max threshold 6)
[11.024s][info ][gc,heap      ] GC(66) ParNew: 246196K->8342K(270336K)
[11.024s][info ][gc,heap      ] GC(66) CMS: 174132K->174162K(600768K)
[11.024s][info ][gc,metaspace ] GC(66) Metaspace: 46510K->46510K(1091584K)
[11.024s][info ][gc           ] GC(66) Pause Young (Allocation Failure) 410M->178M(850M) 4.185ms
[11.024s][info ][gc,cpu       ] GC(66) User=0.02s Sys=0.00s Real=0.00s
[11.024s][info ][safepoint    ] Leaving safepoint region
[11.024s][info ][safepoint    ] Total time for which application threads were stopped: 0.0047082 seconds, Stopping threads took: 0.0003416 seconds
[11.060s][info ][safepoint    ] Application time: 0.0368356 seconds
[11.064s][info ][safepoint    ] Entering safepoint region: GenCollectForAllocation
[11.064s][info ][gc,start     ] GC(67) Pause Young (Allocation Failure)
[11.064s][info ][gc,task      ] GC(67) Using 4 workers of 4 for evacuation
[11.070s][debug][gc,ref       ] GC(67) Skipped phase1 of Reference Processing due to unavailable references
[11.070s][debug][gc,ref       ] GC(67) Skipped phase3 of Reference Processing due to unavailable references
[11.070s][debug][gc,ref       ] GC(67) Skipped phase4 of Reference Processing due to unavailable references
[11.070s][debug][gc,age       ] GC(67) Desired survivor size 15368192 bytes, new threshold 6 (max threshold 6)
[11.070s][info ][gc,heap      ] GC(67) ParNew: 248662K->10778K(270336K)
[11.070s][info ][gc,heap      ] GC(67) CMS: 174162K->174338K(600768K)
[11.070s][info ][gc,metaspace ] GC(67) Metaspace: 46525K->46525K(1091584K)
[11.070s][info ][gc           ] GC(67) Pause Young (Allocation Failure) 412M->180M(850M) 6.147ms
[11.070s][info ][gc,cpu       ] GC(67) User=0.02s Sys=0.00s Real=0.01s
[11.070s][info ][safepoint    ] Leaving safepoint region
[11.070s][info ][safepoint    ] Total time for which application threads were stopped: 0.0098068 seconds, Stopping threads took: 0.0034122 seconds
[11.109s][info ][safepoint    ] Application time: 0.0386987 seconds
[11.113s][info ][safepoint    ] Entering safepoint region: GenCollectForAllocation
[11.113s][info ][gc,start     ] GC(68) Pause Young (Allocation Failure)
[11.113s][info ][gc,task      ] GC(68) Using 4 workers of 4 for evacuation
[11.121s][debug][gc,ref       ] GC(68) Skipped phase1 of Reference Processing due to unavailable references
[11.121s][debug][gc,ref       ] GC(68) Skipped phase3 of Reference Processing due to unavailable references
[11.121s][debug][gc,age       ] GC(68) Desired survivor size 15368192 bytes, new threshold 6 (max threshold 6)
[11.121s][info ][gc,heap      ] GC(68) ParNew: 251098K->10478K(270336K)
[11.121s][info ][gc,heap      ] GC(68) CMS: 174338K->175843K(600768K)
[11.121s][info ][gc,metaspace ] GC(68) Metaspace: 46633K->46633K(1091584K)
[11.121s][info ][gc           ] GC(68) Pause Young (Allocation Failure) 415M->181M(850M) 8.301ms
[11.121s][info ][gc,cpu       ] GC(68) User=0.03s Sys=0.00s Real=0.01s
[11.121s][info ][safepoint    ] Leaving safepoint region
[11.121s][info ][safepoint    ] Total time for which application threads were stopped: 0.0122322 seconds, Stopping threads took: 0.0037355 seconds
[11.141s][info ][safepoint    ] Application time: 0.0194886 seconds
[11.144s][info ][safepoint    ] Entering safepoint region: Deoptimize
[11.145s][info ][safepoint    ] Leaving safepoint region
[11.145s][info ][safepoint    ] Total time for which application threads were stopped: 0.0043486 seconds, Stopping threads took: 0.0033592 seconds
[11.149s][info ][safepoint    ] Application time: 0.0034434 seconds
[11.149s][info ][safepoint    ] Entering safepoint region: RevokeBias
[11.149s][info ][safepoint    ] Leaving safepoint region
[11.149s][info ][safepoint    ] Total time for which application threads were stopped: 0.0003100 seconds, Stopping threads took: 0.0001687 seconds
[11.164s][info ][safepoint    ] Application time: 0.0147769 seconds
[11.165s][info ][safepoint    ] Entering safepoint region: RevokeBias
[11.165s][info ][safepoint    ] Leaving safepoint region
[11.165s][info ][safepoint    ] Total time for which application threads were stopped: 0.0011119 seconds, Stopping threads took: 0.0009953 seconds
[11.173s][info ][safepoint    ] Application time: 0.0074794 seconds
[11.174s][info ][safepoint    ] Entering safepoint region: RevokeBias
[11.174s][info ][safepoint    ] Leaving safepoint region
[11.174s][info ][safepoint    ] Total time for which application threads were stopped: 0.0010753 seconds, Stopping threads took: 0.0009635 seconds
[11.174s][info ][safepoint    ] Application time: 0.0003341 seconds
[11.179s][info ][safepoint    ] Entering safepoint region: RevokeBias
[11.179s][info ][safepoint    ] Leaving safepoint region
[11.179s][info ][safepoint    ] Total time for which application threads were stopped: 0.0051671 seconds, Stopping threads took: 0.0050465 seconds
[11.195s][info ][safepoint    ] Application time: 0.0155383 seconds
[11.195s][info ][safepoint    ] Entering safepoint region: GenCollectForAllocation
[11.195s][info ][gc,start     ] GC(69) Pause Young (Allocation Failure)
[11.195s][info ][gc,task      ] GC(69) Using 4 workers of 4 for evacuation
[11.202s][debug][gc,ref       ] GC(69) Skipped phase1 of Reference Processing due to unavailable references
[11.202s][debug][gc,ref       ] GC(69) Skipped phase3 of Reference Processing due to unavailable references
[11.202s][debug][gc,age       ] GC(69) Desired survivor size 15368192 bytes, new threshold 6 (max threshold 6)
[11.202s][info ][gc,heap      ] GC(69) ParNew: 250798K->10884K(270336K)
[11.202s][info ][gc,heap      ] GC(69) CMS: 175843K->176164K(600768K)
[11.202s][info ][gc,metaspace ] GC(69) Metaspace: 47181K->47181K(1093632K)
[11.202s][info ][gc           ] GC(69) Pause Young (Allocation Failure) 416M->182M(850M) 6.913ms
[11.202s][info ][gc,cpu       ] GC(69) User=0.03s Sys=0.00s Real=0.01s
[11.202s][info ][safepoint    ] Leaving safepoint region
[11.202s][info ][safepoint    ] Total time for which application threads were stopped: 0.0073683 seconds, Stopping threads took: 0.0002735 seconds
[11.211s][info ][safepoint    ] Application time: 0.0088631 seconds
[11.213s][info ][safepoint    ] Entering safepoint region: RevokeBias
[11.213s][info ][safepoint    ] Leaving safepoint region
[11.213s][info ][safepoint    ] Total time for which application threads were stopped: 0.0020842 seconds, Stopping threads took: 0.0018798 seconds
[11.223s][info ][safepoint    ] Application time: 0.0099955 seconds
[11.223s][info ][safepoint    ] Entering safepoint region: RevokeBias
[11.223s][info ][safepoint    ] Leaving safepoint region
[11.223s][info ][safepoint    ] Total time for which application threads were stopped: 0.0002560 seconds, Stopping threads took: 0.0001447 seconds
[11.223s][info ][safepoint    ] Application time: 0.0001037 seconds
[11.224s][info ][safepoint    ] Entering safepoint region: RevokeBias
[11.224s][info ][safepoint    ] Leaving safepoint region
[11.224s][info ][safepoint    ] Total time for which application threads were stopped: 0.0002489 seconds, Stopping threads took: 0.0001251 seconds
[11.236s][info ][safepoint    ] Application time: 0.0120144 seconds
[11.236s][info ][safepoint    ] Entering safepoint region: RevokeBias
[11.236s][info ][safepoint    ] Leaving safepoint region
[11.236s][info ][safepoint    ] Total time for which application threads were stopped: 0.0005523 seconds, Stopping threads took: 0.0003946 seconds
[11.240s][info ][safepoint    ] Application time: 0.0034361 seconds
[11.240s][info ][safepoint    ] Entering safepoint region: RevokeBias
[11.241s][info ][safepoint    ] Leaving safepoint region
[11.241s][info ][safepoint    ] Total time for which application threads were stopped: 0.0007873 seconds, Stopping threads took: 0.0006169 seconds
[11.266s][info ][safepoint    ] Application time: 0.0252657 seconds
[11.266s][info ][safepoint    ] Entering safepoint region: GenCollectForAllocation
[11.266s][info ][gc,start     ] GC(70) Pause Young (Allocation Failure)
[11.266s][info ][gc,task      ] GC(70) Using 4 workers of 4 for evacuation
[11.273s][debug][gc,ref       ] GC(70) Skipped phase1 of Reference Processing due to unavailable references
[11.273s][debug][gc,ref       ] GC(70) Skipped phase3 of Reference Processing due to unavailable references
[11.273s][debug][gc,age       ] GC(70) Desired survivor size 15368192 bytes, new threshold 6 (max threshold 6)
[11.273s][info ][gc,heap      ] GC(70) ParNew: 251204K->10844K(270336K)
[11.273s][info ][gc,heap      ] GC(70) CMS: 176164K->176458K(600768K)
[11.273s][info ][gc,metaspace ] GC(70) Metaspace: 47272K->47272K(1093632K)
[11.273s][info ][gc           ] GC(70) Pause Young (Allocation Failure) 417M->182M(850M) 6.786ms
[11.273s][info ][gc,cpu       ] GC(70) User=0.02s Sys=0.00s Real=0.01s
[11.273s][info ][safepoint    ] Leaving safepoint region
[11.273s][info ][safepoint    ] Total time for which application threads were stopped: 0.0072532 seconds, Stopping threads took: 0.0002670 seconds
[11.372s][info ][safepoint    ] Application time: 0.0985804 seconds
[11.377s][info ][safepoint    ] Entering safepoint region: GenCollectForAllocation
[11.377s][info ][gc,start     ] GC(71) Pause Young (Allocation Failure)
[11.377s][info ][gc,task      ] GC(71) Using 4 workers of 4 for evacuation
[11.384s][debug][gc,ref       ] GC(71) Skipped phase1 of Reference Processing due to unavailable references
[11.384s][debug][gc,ref       ] GC(71) Skipped phase3 of Reference Processing due to unavailable references
[11.384s][debug][gc,age       ] GC(71) Desired survivor size 15368192 bytes, new threshold 6 (max threshold 6)
[11.384s][info ][gc,heap      ] GC(71) ParNew: 251164K->11121K(270336K)
[11.384s][info ][gc,heap      ] GC(71) CMS: 176458K->178672K(600768K)
[11.384s][info ][gc,metaspace ] GC(71) Metaspace: 47355K->47355K(1093632K)
[11.384s][info ][gc           ] GC(71) Pause Young (Allocation Failure) 417M->185M(850M) 7.226ms
[11.385s][info ][gc,cpu       ] GC(71) User=0.02s Sys=0.00s Real=0.00s
[11.385s][info ][safepoint    ] Leaving safepoint region
[11.385s][info ][safepoint    ] Total time for which application threads were stopped: 0.0127582 seconds, Stopping threads took: 0.0052602 seconds
[11.446s][info ][safepoint    ] Application time: 0.0612195 seconds
[11.448s][info ][safepoint    ] Entering safepoint region: GenCollectForAllocation
[11.448s][info ][gc,start     ] GC(72) Pause Young (Allocation Failure)
[11.448s][info ][gc,task      ] GC(72) Using 4 workers of 4 for evacuation
[11.456s][debug][gc,ref       ] GC(72) Skipped phase1 of Reference Processing due to unavailable references
[11.456s][debug][gc,ref       ] GC(72) Skipped phase3 of Reference Processing due to unavailable references
[11.456s][debug][gc,age       ] GC(72) Desired survivor size 15368192 bytes, new threshold 6 (max threshold 6)
[11.456s][info ][gc,heap      ] GC(72) ParNew: 251441K->8885K(270336K)
[11.456s][info ][gc,heap      ] GC(72) CMS: 178672K->179954K(600768K)
[11.456s][info ][gc,metaspace ] GC(72) Metaspace: 47377K->47377K(1093632K)
[11.456s][info ][gc           ] GC(72) Pause Young (Allocation Failure) 420M->184M(850M) 8.193ms
[11.456s][info ][gc,cpu       ] GC(72) User=0.03s Sys=0.00s Real=0.01s
[11.456s][info ][safepoint    ] Leaving safepoint region
[11.456s][info ][safepoint    ] Total time for which application threads were stopped: 0.0104519 seconds, Stopping threads took: 0.0020374 seconds
[11.504s][info ][safepoint    ] Application time: 0.0474282 seconds
[11.504s][info ][safepoint    ] Entering safepoint region: GenCollectForAllocation
[11.504s][info ][gc,start     ] GC(73) Pause Young (Allocation Failure)
[11.504s][info ][gc,task      ] GC(73) Using 4 workers of 4 for evacuation
[11.525s][debug][gc,ref       ] GC(73) Skipped phase1 of Reference Processing due to unavailable references
[11.525s][debug][gc,ref       ] GC(73) Skipped phase3 of Reference Processing due to unavailable references
[11.525s][debug][gc,age       ] GC(73) Desired survivor size 15368192 bytes, new threshold 6 (max threshold 6)
[11.525s][info ][gc,heap      ] GC(73) ParNew: 249205K->10052K(270336K)
[11.525s][info ][gc,heap      ] GC(73) CMS: 179954K->181688K(600768K)
[11.525s][info ][gc,metaspace ] GC(73) Metaspace: 47400K->47400K(1093632K)
[11.525s][info ][gc           ] GC(73) Pause Young (Allocation Failure) 419M->187M(850M) 21.010ms
[11.525s][info ][gc,cpu       ] GC(73) User=0.08s Sys=0.00s Real=0.02s
[11.525s][info ][safepoint    ] Leaving safepoint region
[11.525s][info ][safepoint    ] Total time for which application threads were stopped: 0.0213678 seconds, Stopping threads took: 0.0001644 seconds
[11.560s][info ][safepoint    ] Application time: 0.0353761 seconds
[11.565s][info ][safepoint    ] Entering safepoint region: GenCollectForAllocation
[11.566s][info ][gc,start     ] GC(74) Pause Young (Allocation Failure)
[11.566s][info ][gc,task      ] GC(74) Using 4 workers of 4 for evacuation
[11.574s][debug][gc,ref       ] GC(74) Skipped phase1 of Reference Processing due to unavailable references
[11.574s][debug][gc,ref       ] GC(74) Skipped phase3 of Reference Processing due to unavailable references
[11.574s][debug][gc,age       ] GC(74) Desired survivor size 15368192 bytes, new threshold 6 (max threshold 6)
[11.574s][info ][gc,heap      ] GC(74) ParNew: 250372K->6560K(270336K)
[11.574s][info ][gc,heap      ] GC(74) CMS: 181688K->183105K(600768K)
[11.574s][info ][gc,metaspace ] GC(74) Metaspace: 47410K->47410K(1093632K)
[11.574s][info ][gc           ] GC(74) Pause Young (Allocation Failure) 421M->185M(850M) 8.433ms
[11.574s][info ][gc,cpu       ] GC(74) User=0.03s Sys=0.00s Real=0.01s
[11.574s][info ][safepoint    ] Leaving safepoint region
[11.574s][info ][safepoint    ] Total time for which application threads were stopped: 0.0137542 seconds, Stopping threads took: 0.0050171 seconds
[11.623s][info ][safepoint    ] Application time: 0.0488423 seconds
[11.624s][info ][safepoint    ] Entering safepoint region: GenCollectForAllocation
[11.624s][info ][gc,start     ] GC(75) Pause Young (Allocation Failure)
[11.624s][info ][gc,task      ] GC(75) Using 4 workers of 4 for evacuation
[11.627s][debug][gc,ref       ] GC(75) Skipped phase1 of Reference Processing due to unavailable references
[11.628s][debug][gc,ref       ] GC(75) Skipped phase3 of Reference Processing due to unavailable references
[11.628s][debug][gc,age       ] GC(75) Desired survivor size 15368192 bytes, new threshold 6 (max threshold 6)
[11.628s][info ][gc,heap      ] GC(75) ParNew: 246880K->7456K(270336K)
[11.628s][info ][gc,heap      ] GC(75) CMS: 183105K->183302K(600768K)
[11.628s][info ][gc,metaspace ] GC(75) Metaspace: 47421K->47421K(1093632K)
[11.628s][info ][gc           ] GC(75) Pause Young (Allocation Failure) 419M->186M(850M) 3.932ms
[11.628s][info ][gc,cpu       ] GC(75) User=0.02s Sys=0.00s Real=0.01s
[11.628s][info ][safepoint    ] Leaving safepoint region
[11.628s][info ][safepoint    ] Total time for which application threads were stopped: 0.0045867 seconds, Stopping threads took: 0.0004460 seconds
[11.673s][info ][safepoint    ] Application time: 0.0451004 seconds
[11.673s][info ][safepoint    ] Entering safepoint region: GenCollectForAllocation
[11.673s][info ][gc,start     ] GC(76) Pause Young (Allocation Failure)
[11.673s][info ][gc,task      ] GC(76) Using 4 workers of 4 for evacuation
[11.677s][debug][gc,ref       ] GC(76) Skipped phase1 of Reference Processing due to unavailable references
[11.677s][debug][gc,ref       ] GC(76) Skipped phase2 of Reference Processing due to unavailable references
[11.677s][debug][gc,ref       ] GC(76) Skipped phase3 of Reference Processing due to unavailable references
[11.677s][debug][gc,ref       ] GC(76) Skipped phase4 of Reference Processing due to unavailable references
[11.677s][debug][gc,age       ] GC(76) Desired survivor size 15368192 bytes, new threshold 6 (max threshold 6)
[11.677s][info ][gc,heap      ] GC(76) ParNew: 247776K->7051K(270336K)
[11.677s][info ][gc,heap      ] GC(76) CMS: 183302K->183839K(600768K)
[11.677s][info ][gc,metaspace ] GC(76) Metaspace: 47449K->47449K(1093632K)
[11.677s][info ][gc           ] GC(76) Pause Young (Allocation Failure) 420M->186M(850M) 3.981ms
[11.677s][info ][gc,cpu       ] GC(76) User=0.01s Sys=0.00s Real=0.01s
[11.677s][info ][safepoint    ] Leaving safepoint region
[11.677s][info ][safepoint    ] Total time for which application threads were stopped: 0.0043287 seconds, Stopping threads took: 0.0001655 seconds
[11.751s][info ][safepoint    ] Application time: 0.0742084 seconds
[11.752s][info ][safepoint    ] Entering safepoint region: GenCollectForAllocation
[11.752s][info ][gc,start     ] GC(77) Pause Young (Allocation Failure)
[11.752s][info ][gc,task      ] GC(77) Using 4 workers of 4 for evacuation
[11.757s][debug][gc,ref       ] GC(77) Skipped phase1 of Reference Processing due to unavailable references
[11.757s][debug][gc,ref       ] GC(77) Skipped phase2 of Reference Processing due to unavailable references
[11.757s][debug][gc,ref       ] GC(77) Skipped phase3 of Reference Processing due to unavailable references
[11.757s][debug][gc,ref       ] GC(77) Skipped phase4 of Reference Processing due to unavailable references
[11.757s][debug][gc,age       ] GC(77) Desired survivor size 15368192 bytes, new threshold 6 (max threshold 6)
[11.757s][info ][gc,heap      ] GC(77) ParNew: 247371K->7268K(270336K)
[11.757s][info ][gc,heap      ] GC(77) CMS: 183839K->185646K(600768K)
[11.757s][info ][gc,metaspace ] GC(77) Metaspace: 47487K->47487K(1093632K)
[11.757s][info ][gc           ] GC(77) Pause Young (Allocation Failure) 421M->188M(850M) 5.305ms
[11.757s][info ][gc,cpu       ] GC(77) User=0.02s Sys=0.00s Real=0.01s
[11.757s][info ][safepoint    ] Leaving safepoint region
[11.757s][info ][safepoint    ] Total time for which application threads were stopped: 0.0057781 seconds, Stopping threads took: 0.0002518 seconds
[11.804s][info ][safepoint    ] Application time: 0.0470670 seconds
[11.808s][info ][safepoint    ] Entering safepoint region: GenCollectForAllocation
[11.808s][info ][safepoint    ] Leaving safepoint region
[11.808s][info ][safepoint    ] Total time for which application threads were stopped: 0.0034133 seconds, Stopping threads took: 0.0032213 seconds
[11.812s][info ][safepoint    ] Application time: 0.0038915 seconds
[11.812s][info ][safepoint    ] Entering safepoint region: GenCollectForAllocation
[11.812s][info ][gc,start     ] GC(78) Pause Young (Allocation Failure)
[11.812s][info ][gc,task      ] GC(78) Using 4 workers of 4 for evacuation
[11.816s][debug][gc,ref       ] GC(78) Skipped phase1 of Reference Processing due to unavailable references
[11.816s][debug][gc,ref       ] GC(78) Skipped phase3 of Reference Processing due to unavailable references
[11.816s][debug][gc,ref       ] GC(78) Skipped phase4 of Reference Processing due to unavailable references
[11.816s][debug][gc,age       ] GC(78) Desired survivor size 15368192 bytes, new threshold 6 (max threshold 6)
[11.816s][info ][gc,heap      ] GC(78) ParNew: 247852K->6657K(270336K)
[11.816s][info ][gc,heap      ] GC(78) CMS: 185646K->186487K(600768K)
[11.816s][info ][gc,metaspace ] GC(78) Metaspace: 47526K->47526K(1093632K)
[11.816s][info ][gc           ] GC(78) Pause Young (Allocation Failure) 423M->188M(850M) 4.091ms
[11.816s][info ][gc,cpu       ] GC(78) User=0.01s Sys=0.00s Real=0.01s
[11.816s][info ][safepoint    ] Leaving safepoint region
[11.816s][info ][safepoint    ] Total time for which application threads were stopped: 0.0043378 seconds, Stopping threads took: 0.0000768 seconds
[11.866s][info ][safepoint    ] Application time: 0.0499458 seconds
[11.869s][info ][safepoint    ] Entering safepoint region: GenCollectForAllocation
[11.869s][info ][gc,start     ] GC(79) Pause Young (Allocation Failure)
[11.869s][info ][gc,task      ] GC(79) Using 4 workers of 4 for evacuation
[11.877s][debug][gc,ref       ] GC(79) Skipped phase1 of Reference Processing due to unavailable references
[11.877s][debug][gc,ref       ] GC(79) Skipped phase3 of Reference Processing due to unavailable references
[11.877s][debug][gc,ref       ] GC(79) Skipped phase4 of Reference Processing due to unavailable references
[11.877s][debug][gc,age       ] GC(79) Desired survivor size 15368192 bytes, new threshold 6 (max threshold 6)
[11.877s][info ][gc,heap      ] GC(79) ParNew: 246977K->6133K(270336K)
[11.877s][info ][gc,heap      ] GC(79) CMS: 186487K->187164K(600768K)
[11.877s][info ][gc,metaspace ] GC(79) Metaspace: 47536K->47536K(1093632K)
[11.877s][info ][gc           ] GC(79) Pause Young (Allocation Failure) 423M->188M(850M) 7.438ms
[11.877s][info ][gc,cpu       ] GC(79) User=0.01s Sys=0.00s Real=0.01s
[11.877s][info ][safepoint    ] Leaving safepoint region
[11.877s][info ][safepoint    ] Total time for which application threads were stopped: 0.0109790 seconds, Stopping threads took: 0.0032912 seconds
[11.920s][info ][safepoint    ] Application time: 0.0427572 seconds
[11.920s][info ][safepoint    ] Entering safepoint region: GenCollectForAllocation
[11.920s][info ][gc,start     ] GC(80) Pause Young (Allocation Failure)
[11.920s][info ][gc,task      ] GC(80) Using 4 workers of 4 for evacuation
[11.932s][debug][gc,ref       ] GC(80) Skipped phase1 of Reference Processing due to unavailable references
[11.932s][debug][gc,ref       ] GC(80) Skipped phase3 of Reference Processing due to unavailable references
[11.932s][debug][gc,ref       ] GC(80) Skipped phase4 of Reference Processing due to unavailable references
[11.932s][debug][gc,age       ] GC(80) Desired survivor size 15368192 bytes, new threshold 6 (max threshold 6)
[11.932s][info ][gc,heap      ] GC(80) ParNew: 246453K->9325K(270336K)
[11.932s][info ][gc,heap      ] GC(80) CMS: 187164K->187473K(600768K)
[11.932s][info ][gc,metaspace ] GC(80) Metaspace: 47589K->47589K(1093632K)
[11.932s][info ][gc           ] GC(80) Pause Young (Allocation Failure) 423M->192M(850M) 12.003ms
[11.932s][info ][gc,cpu       ] GC(80) User=0.04s Sys=0.00s Real=0.01s
[11.932s][info ][safepoint    ] Leaving safepoint region
[11.932s][info ][safepoint    ] Total time for which application threads were stopped: 0.0123688 seconds, Stopping threads took: 0.0001527 seconds
[11.998s][info ][safepoint    ] Application time: 0.0661475 seconds
[11.998s][info ][safepoint    ] Entering safepoint region: GenCollectForAllocation
[11.999s][info ][gc,start     ] GC(81) Pause Young (Allocation Failure)
[11.999s][info ][gc,task      ] GC(81) Using 4 workers of 4 for evacuation
[12.003s][debug][gc,ref       ] GC(81) Skipped phase1 of Reference Processing due to unavailable references
[12.003s][debug][gc,ref       ] GC(81) Skipped phase3 of Reference Processing due to unavailable references
[12.003s][debug][gc,age       ] GC(81) Desired survivor size 15368192 bytes, new threshold 6 (max threshold 6)
[12.003s][info ][gc,heap      ] GC(81) ParNew: 249645K->9736K(270336K)
[12.003s][info ][gc,heap      ] GC(81) CMS: 187473K->188084K(600768K)
[12.003s][info ][gc,metaspace ] GC(81) Metaspace: 47648K->47648K(1093632K)
[12.003s][info ][gc           ] GC(81) Pause Young (Allocation Failure) 426M->193M(850M) 4.870ms
[12.003s][info ][gc,cpu       ] GC(81) User=0.02s Sys=0.00s Real=0.00s
[12.003s][info ][safepoint    ] Leaving safepoint region
[12.003s][info ][safepoint    ] Total time for which application threads were stopped: 0.0051722 seconds, Stopping threads took: 0.0001047 seconds
[12.067s][info ][safepoint    ] Application time: 0.0630503 seconds
[12.070s][info ][safepoint    ] Entering safepoint region: GenCollectForAllocation
[12.070s][info ][gc,start     ] GC(82) Pause Young (Allocation Failure)
[12.070s][info ][gc,task      ] GC(82) Using 4 workers of 4 for evacuation
[12.075s][debug][gc,ref       ] GC(82) Skipped phase1 of Reference Processing due to unavailable references
[12.075s][debug][gc,ref       ] GC(82) Skipped phase3 of Reference Processing due to unavailable references
[12.075s][debug][gc,age       ] GC(82) Desired survivor size 15368192 bytes, new threshold 6 (max threshold 6)
[12.075s][info ][gc,heap      ] GC(82) ParNew: 250056K->12715K(270336K)
[12.075s][info ][gc,heap      ] GC(82) CMS: 188084K->188694K(600768K)
[12.075s][info ][gc,metaspace ] GC(82) Metaspace: 47655K->47655K(1093632K)
[12.075s][info ][gc           ] GC(82) Pause Young (Allocation Failure) 427M->196M(850M) 5.198ms
[12.075s][info ][gc,cpu       ] GC(82) User=0.02s Sys=0.00s Real=0.00s
[12.075s][info ][safepoint    ] Leaving safepoint region
[12.075s][info ][safepoint    ] Total time for which application threads were stopped: 0.0086534 seconds, Stopping threads took: 0.0032310 seconds
[12.129s][info ][safepoint    ] Application time: 0.0542620 seconds
[12.132s][info ][safepoint    ] Entering safepoint region: GenCollectForAllocation
[12.133s][info ][gc,start     ] GC(83) Pause Young (Allocation Failure)
[12.133s][info ][gc,task      ] GC(83) Using 4 workers of 4 for evacuation
[12.138s][debug][gc,ref       ] GC(83) Skipped phase1 of Reference Processing due to unavailable references
[12.138s][debug][gc,ref       ] GC(83) Skipped phase3 of Reference Processing due to unavailable references
[12.139s][debug][gc,age       ] GC(83) Desired survivor size 15368192 bytes, new threshold 6 (max threshold 6)
[12.139s][info ][gc,heap      ] GC(83) ParNew: 253035K->13125K(270336K)
[12.139s][info ][gc,heap      ] GC(83) CMS: 188694K->189447K(600768K)
[12.139s][info ][gc,metaspace ] GC(83) Metaspace: 47673K->47673K(1093632K)
[12.139s][info ][gc           ] GC(83) Pause Young (Allocation Failure) 431M->197M(850M) 6.030ms
[12.139s][info ][gc,cpu       ] GC(83) User=0.02s Sys=0.00s Real=0.01s
[12.139s][info ][safepoint    ] Leaving safepoint region
[12.139s][info ][safepoint    ] Total time for which application threads were stopped: 0.0091223 seconds, Stopping threads took: 0.0028831 seconds
[12.197s][info ][safepoint    ] Application time: 0.0587935 seconds
[12.201s][info ][safepoint    ] Entering safepoint region: GenCollectForAllocation
[12.201s][info ][gc,start     ] GC(84) Pause Young (Allocation Failure)
[12.201s][info ][gc,task      ] GC(84) Using 4 workers of 4 for evacuation
[12.207s][debug][gc,ref       ] GC(84) Skipped phase1 of Reference Processing due to unavailable references
[12.207s][debug][gc,ref       ] GC(84) Skipped phase3 of Reference Processing due to unavailable references
[12.207s][debug][gc,age       ] GC(84) Desired survivor size 15368192 bytes, new threshold 6 (max threshold 6)
[12.207s][info ][gc,heap      ] GC(84) ParNew: 253445K->13000K(270336K)
[12.207s][info ][gc,heap      ] GC(84) CMS: 189447K->190975K(600768K)
[12.207s][info ][gc,metaspace ] GC(84) Metaspace: 47688K->47688K(1093632K)
[12.207s][info ][gc           ] GC(84) Pause Young (Allocation Failure) 432M->199M(850M) 6.398ms
[12.207s][info ][gc,cpu       ] GC(84) User=0.03s Sys=0.00s Real=0.00s
[12.207s][info ][safepoint    ] Leaving safepoint region
[12.207s][info ][safepoint    ] Total time for which application threads were stopped: 0.0099622 seconds, Stopping threads took: 0.0033299 seconds
[12.250s][info ][safepoint    ] Application time: 0.0427252 seconds
[12.250s][info ][safepoint    ] Entering safepoint region: GenCollectForAllocation
[12.251s][info ][gc,start     ] GC(85) Pause Young (Allocation Failure)
[12.251s][info ][gc,task      ] GC(85) Using 4 workers of 4 for evacuation
[12.257s][debug][gc,ref       ] GC(85) Skipped phase1 of Reference Processing due to unavailable references
[12.257s][debug][gc,ref       ] GC(85) Skipped phase3 of Reference Processing due to unavailable references
[12.257s][debug][gc,age       ] GC(85) Desired survivor size 15368192 bytes, new threshold 6 (max threshold 6)
[12.257s][info ][gc,heap      ] GC(85) ParNew: 253320K->15547K(270336K)
[12.257s][info ][gc,heap      ] GC(85) CMS: 190975K->191951K(600768K)
[12.257s][info ][gc,metaspace ] GC(85) Metaspace: 47723K->47723K(1093632K)
[12.257s][info ][gc           ] GC(85) Pause Young (Allocation Failure) 433M->202M(850M) 6.482ms
[12.257s][info ][gc,cpu       ] GC(85) User=0.03s Sys=0.00s Real=0.01s
[12.257s][info ][safepoint    ] Leaving safepoint region
[12.257s][info ][safepoint    ] Total time for which application threads were stopped: 0.0069860 seconds, Stopping threads took: 0.0002924 seconds
[12.296s][info ][safepoint    ] Application time: 0.0392009 seconds
[12.297s][info ][safepoint    ] Entering safepoint region: GenCollectForAllocation
[12.297s][info ][gc,start     ] GC(86) Pause Young (Allocation Failure)
[12.297s][info ][gc,task      ] GC(86) Using 4 workers of 4 for evacuation
[12.303s][debug][gc,ref       ] GC(86) Skipped phase1 of Reference Processing due to unavailable references
[12.303s][debug][gc,ref       ] GC(86) Skipped phase3 of Reference Processing due to unavailable references
[12.303s][debug][gc,age       ] GC(86) Desired survivor size 15368192 bytes, new threshold 6 (max threshold 6)
[12.303s][info ][gc,heap      ] GC(86) ParNew: 255867K->12075K(270336K)
[12.303s][info ][gc,heap      ] GC(86) CMS: 191951K->193290K(600768K)
[12.303s][info ][gc,metaspace ] GC(86) Metaspace: 47732K->47732K(1093632K)
[12.303s][info ][gc           ] GC(86) Pause Young (Allocation Failure) 437M->200M(850M) 6.265ms
[12.303s][info ][gc,cpu       ] GC(86) User=0.03s Sys=0.00s Real=0.00s
[12.303s][info ][safepoint    ] Leaving safepoint region
[12.303s][info ][safepoint    ] Total time for which application threads were stopped: 0.0067092 seconds, Stopping threads took: 0.0002092 seconds
[12.361s][info ][safepoint    ] Application time: 0.0579372 seconds
[12.361s][info ][safepoint    ] Entering safepoint region: GenCollectForAllocation
[12.361s][info ][gc,start     ] GC(87) Pause Young (Allocation Failure)
[12.361s][info ][gc,task      ] GC(87) Using 4 workers of 4 for evacuation
[12.367s][debug][gc,ref       ] GC(87) Skipped phase1 of Reference Processing due to unavailable references
[12.367s][debug][gc,ref       ] GC(87) Skipped phase2 of Reference Processing due to unavailable references
[12.367s][debug][gc,ref       ] GC(87) Skipped phase3 of Reference Processing due to unavailable references
[12.367s][debug][gc,ref       ] GC(87) Skipped phase4 of Reference Processing due to unavailable references
[12.368s][debug][gc,age       ] GC(87) Desired survivor size 15368192 bytes, new threshold 6 (max threshold 6)
[12.368s][info ][gc,heap      ] GC(87) ParNew: 252395K->16043K(270336K)
[12.368s][info ][gc,heap      ] GC(87) CMS: 193290K->194688K(600768K)
[12.368s][info ][gc,metaspace ] GC(87) Metaspace: 47743K->47743K(1093632K)
[12.368s][info ][gc           ] GC(87) Pause Young (Allocation Failure) 435M->205M(850M) 6.209ms
[12.368s][info ][gc,cpu       ] GC(87) User=0.03s Sys=0.00s Real=0.00s
[12.368s][info ][safepoint    ] Leaving safepoint region
[12.368s][info ][safepoint    ] Total time for which application threads were stopped: 0.0066210 seconds, Stopping threads took: 0.0001908 seconds
[12.434s][info ][safepoint    ] Application time: 0.0658619 seconds
[12.436s][info ][safepoint    ] Entering safepoint region: GenCollectForAllocation
[12.436s][info ][gc,start     ] GC(88) Pause Young (Allocation Failure)
[12.436s][info ][gc,task      ] GC(88) Using 4 workers of 4 for evacuation
[12.443s][debug][gc,ref       ] GC(88) Skipped phase1 of Reference Processing due to unavailable references
[12.443s][debug][gc,ref       ] GC(88) Skipped phase2 of Reference Processing due to unavailable references
[12.443s][debug][gc,ref       ] GC(88) Skipped phase3 of Reference Processing due to unavailable references
[12.443s][debug][gc,ref       ] GC(88) Skipped phase4 of Reference Processing due to unavailable references
[12.443s][debug][gc,age       ] GC(88) Desired survivor size 15368192 bytes, new threshold 6 (max threshold 6)
[12.443s][info ][gc,heap      ] GC(88) ParNew: 256363K->13117K(270336K)
[12.443s][info ][gc,heap      ] GC(88) CMS: 194688K->196578K(600768K)
[12.443s][info ][gc,metaspace ] GC(88) Metaspace: 47750K->47750K(1093632K)
[12.443s][info ][gc           ] GC(88) Pause Young (Allocation Failure) 440M->204M(850M) 6.819ms
[12.443s][info ][gc,cpu       ] GC(88) User=0.02s Sys=0.00s Real=0.00s
[12.443s][info ][safepoint    ] Leaving safepoint region
[12.443s][info ][safepoint    ] Total time for which application threads were stopped: 0.0092935 seconds, Stopping threads took: 0.0022430 seconds
[12.484s][info ][safepoint    ] Application time: 0.0406136 seconds
[12.484s][info ][safepoint    ] Entering safepoint region: GenCollectForAllocation
[12.484s][info ][gc,start     ] GC(89) Pause Young (Allocation Failure)
[12.484s][info ][gc,task      ] GC(89) Using 4 workers of 4 for evacuation
[12.490s][debug][gc,ref       ] GC(89) Skipped phase1 of Reference Processing due to unavailable references
[12.490s][debug][gc,ref       ] GC(89) Skipped phase2 of Reference Processing due to unavailable references
[12.490s][debug][gc,ref       ] GC(89) Skipped phase3 of Reference Processing due to unavailable references
[12.490s][debug][gc,ref       ] GC(89) Skipped phase4 of Reference Processing due to unavailable references
[12.491s][debug][gc,age       ] GC(89) Desired survivor size 15368192 bytes, new threshold 6 (max threshold 6)
[12.491s][info ][gc,heap      ] GC(89) ParNew: 253437K->15297K(270336K)
[12.491s][info ][gc,heap      ] GC(89) CMS: 196578K->198527K(600768K)
[12.491s][info ][gc,metaspace ] GC(89) Metaspace: 47758K->47758K(1093632K)
[12.491s][info ][gc           ] GC(89) Pause Young (Allocation Failure) 439M->208M(850M) 6.827ms
[12.491s][info ][gc,cpu       ] GC(89) User=0.02s Sys=0.00s Real=0.01s
[12.491s][info ][safepoint    ] Leaving safepoint region
[12.491s][info ][safepoint    ] Total time for which application threads were stopped: 0.0071622 seconds, Stopping threads took: 0.0001345 seconds
[12.528s][info ][safepoint    ] Application time: 0.0374309 seconds
[12.528s][info ][safepoint    ] Entering safepoint region: GenCollectForAllocation
[12.528s][info ][gc,start     ] GC(90) Pause Young (Allocation Failure)
[12.529s][info ][gc,task      ] GC(90) Using 4 workers of 4 for evacuation
[12.534s][debug][gc,ref       ] GC(90) Skipped phase1 of Reference Processing due to unavailable references
[12.534s][debug][gc,ref       ] GC(90) Skipped phase2 of Reference Processing due to unavailable references
[12.534s][debug][gc,ref       ] GC(90) Skipped phase3 of Reference Processing due to unavailable references
[12.534s][debug][gc,ref       ] GC(90) Skipped phase4 of Reference Processing due to unavailable references
[12.534s][debug][gc,age       ] GC(90) Desired survivor size 15368192 bytes, new threshold 6 (max threshold 6)
[12.534s][info ][gc,heap      ] GC(90) ParNew: 255617K->16052K(270336K)
[12.534s][info ][gc,heap      ] GC(90) CMS: 198527K->199943K(600768K)
[12.534s][info ][gc,metaspace ] GC(90) Metaspace: 47800K->47800K(1093632K)
[12.534s][info ][gc           ] GC(90) Pause Young (Allocation Failure) 443M->210M(850M) 5.850ms
[12.534s][info ][gc,cpu       ] GC(90) User=0.03s Sys=0.00s Real=0.00s
[12.534s][info ][safepoint    ] Leaving safepoint region
[12.534s][info ][safepoint    ] Total time for which application threads were stopped: 0.0062075 seconds, Stopping threads took: 0.0001744 seconds
[12.571s][info ][safepoint    ] Application time: 0.0361973 seconds
[12.576s][info ][safepoint    ] Entering safepoint region: GenCollectForAllocation
[12.576s][info ][gc,start     ] GC(91) Pause Young (Allocation Failure)
[12.576s][info ][gc,task      ] GC(91) Using 4 workers of 4 for evacuation
[12.582s][debug][gc,ref       ] GC(91) Skipped phase1 of Reference Processing due to unavailable references
[12.582s][debug][gc,ref       ] GC(91) Skipped phase2 of Reference Processing due to unavailable references
[12.582s][debug][gc,ref       ] GC(91) Skipped phase3 of Reference Processing due to unavailable references
[12.582s][debug][gc,ref       ] GC(91) Skipped phase4 of Reference Processing due to unavailable references
[12.582s][debug][gc,age       ] GC(91) Desired survivor size 15368192 bytes, new threshold 6 (max threshold 6)
[12.582s][info ][gc,heap      ] GC(91) ParNew: 256372K->11244K(270336K)
[12.582s][info ][gc,heap      ] GC(91) CMS: 199943K->201943K(600768K)
[12.582s][info ][gc,metaspace ] GC(91) Metaspace: 47801K->47801K(1093632K)
[12.582s][info ][gc           ] GC(91) Pause Young (Allocation Failure) 445M->208M(850M) 5.957ms
[12.582s][info ][gc,cpu       ] GC(91) User=0.02s Sys=0.00s Real=0.00s
[12.582s][info ][safepoint    ] Leaving safepoint region
[12.582s][info ][safepoint    ] Total time for which application threads were stopped: 0.0115765 seconds, Stopping threads took: 0.0053778 seconds
[12.636s][info ][safepoint    ] Application time: 0.0538660 seconds
[12.639s][info ][safepoint    ] Entering safepoint region: GenCollectForAllocation
[12.639s][info ][gc,start     ] GC(92) Pause Young (Allocation Failure)
[12.639s][info ][gc,task      ] GC(92) Using 4 workers of 4 for evacuation
[12.645s][debug][gc,ref       ] GC(92) Skipped phase1 of Reference Processing due to unavailable references
[12.645s][debug][gc,ref       ] GC(92) Skipped phase2 of Reference Processing due to unavailable references
[12.645s][debug][gc,ref       ] GC(92) Skipped phase3 of Reference Processing due to unavailable references
[12.645s][debug][gc,ref       ] GC(92) Skipped phase4 of Reference Processing due to unavailable references
[12.645s][debug][gc,age       ] GC(92) Desired survivor size 15368192 bytes, new threshold 6 (max threshold 6)
[12.645s][info ][gc,heap      ] GC(92) ParNew: 251564K->14331K(270336K)
[12.645s][info ][gc,heap      ] GC(92) CMS: 201943K->202360K(600768K)
[12.645s][info ][gc,metaspace ] GC(92) Metaspace: 47804K->47804K(1093632K)
[12.645s][info ][gc           ] GC(92) Pause Young (Allocation Failure) 442M->211M(850M) 5.474ms
[12.645s][info ][gc,cpu       ] GC(92) User=0.02s Sys=0.00s Real=0.00s
[12.645s][info ][safepoint    ] Leaving safepoint region
[12.645s][info ][safepoint    ] Total time for which application threads were stopped: 0.0088800 seconds, Stopping threads took: 0.0031860 seconds
[12.702s][info ][safepoint    ] Application time: 0.0571844 seconds
[12.704s][info ][safepoint    ] Entering safepoint region: GenCollectForAllocation
[12.704s][info ][gc,start     ] GC(93) Pause Young (Allocation Failure)
[12.704s][info ][gc,task      ] GC(93) Using 4 workers of 4 for evacuation
[12.711s][debug][gc,ref       ] GC(93) Skipped phase1 of Reference Processing due to unavailable references
[12.711s][debug][gc,ref       ] GC(93) Skipped phase2 of Reference Processing due to unavailable references
[12.711s][debug][gc,ref       ] GC(93) Skipped phase3 of Reference Processing due to unavailable references
[12.711s][debug][gc,ref       ] GC(93) Skipped phase4 of Reference Processing due to unavailable references
[12.711s][debug][gc,age       ] GC(93) Desired survivor size 15368192 bytes, new threshold 6 (max threshold 6)
[12.711s][info ][gc,heap      ] GC(93) ParNew: 254651K->15463K(270336K)
[12.711s][info ][gc,heap      ] GC(93) CMS: 202360K->204230K(600768K)
[12.711s][info ][gc,metaspace ] GC(93) Metaspace: 47806K->47806K(1093632K)
[12.711s][info ][gc           ] GC(93) Pause Young (Allocation Failure) 446M->214M(850M) 7.128ms
[12.711s][info ][gc,cpu       ] GC(93) User=0.02s Sys=0.00s Real=0.01s
[12.711s][info ][safepoint    ] Leaving safepoint region
[12.711s][info ][safepoint    ] Total time for which application threads were stopped: 0.0092585 seconds, Stopping threads took: 0.0019333 seconds
[12.770s][info ][safepoint    ] Application time: 0.0580623 seconds
[12.773s][info ][safepoint    ] Entering safepoint region: GenCollectForAllocation
[12.773s][info ][gc,start     ] GC(94) Pause Young (Allocation Failure)
[12.773s][info ][gc,task      ] GC(94) Using 4 workers of 4 for evacuation
[12.779s][debug][gc,ref       ] GC(94) Skipped phase1 of Reference Processing due to unavailable references
[12.779s][debug][gc,ref       ] GC(94) Skipped phase2 of Reference Processing due to unavailable references
[12.779s][debug][gc,ref       ] GC(94) Skipped phase3 of Reference Processing due to unavailable references
[12.779s][debug][gc,ref       ] GC(94) Skipped phase4 of Reference Processing due to unavailable references
[12.779s][debug][gc,age       ] GC(94) Desired survivor size 15368192 bytes, new threshold 6 (max threshold 6)
[12.779s][info ][gc,heap      ] GC(94) ParNew: 255783K->13783K(270336K)
[12.779s][info ][gc,heap      ] GC(94) CMS: 204230K->206380K(600768K)
[12.779s][info ][gc,metaspace ] GC(94) Metaspace: 47810K->47810K(1093632K)
[12.779s][info ][gc           ] GC(94) Pause Young (Allocation Failure) 449M->215M(850M) 6.369ms
[12.779s][info ][gc,cpu       ] GC(94) User=0.03s Sys=0.00s Real=0.01s
[12.779s][info ][safepoint    ] Leaving safepoint region
[12.779s][info ][safepoint    ] Total time for which application threads were stopped: 0.0098078 seconds, Stopping threads took: 0.0032235 seconds
[12.814s][info ][safepoint    ] Application time: 0.0346198 seconds
[12.814s][info ][safepoint    ] Entering safepoint region: GenCollectForAllocation
[12.814s][info ][gc,start     ] GC(95) Pause Young (Allocation Failure)
[12.814s][info ][gc,task      ] GC(95) Using 4 workers of 4 for evacuation
[12.820s][debug][gc,ref       ] GC(95) Skipped phase1 of Reference Processing due to unavailable references
[12.820s][debug][gc,ref       ] GC(95) Skipped phase2 of Reference Processing due to unavailable references
[12.820s][debug][gc,ref       ] GC(95) Skipped phase3 of Reference Processing due to unavailable references
[12.820s][debug][gc,ref       ] GC(95) Skipped phase4 of Reference Processing due to unavailable references
[12.821s][debug][gc,age       ] GC(95) Desired survivor size 15368192 bytes, new threshold 6 (max threshold 6)
[12.821s][info ][gc,heap      ] GC(95) ParNew: 254103K->10732K(270336K)
[12.821s][info ][gc,heap      ] GC(95) CMS: 206380K->207941K(600768K)
[12.821s][info ][gc,metaspace ] GC(95) Metaspace: 47816K->47816K(1093632K)
[12.821s][info ][gc           ] GC(95) Pause Young (Allocation Failure) 449M->213M(850M) 6.296ms
[12.821s][info ][gc,cpu       ] GC(95) User=0.02s Sys=0.00s Real=0.01s
[12.821s][info ][safepoint    ] Leaving safepoint region
[12.821s][info ][safepoint    ] Total time for which application threads were stopped: 0.0066539 seconds, Stopping threads took: 0.0001659 seconds
[12.872s][info ][safepoint    ] Application time: 0.0513896 seconds
[12.872s][info ][safepoint    ] Entering safepoint region: GenCollectForAllocation
[12.873s][info ][gc,start     ] GC(96) Pause Young (Allocation Failure)
[12.873s][info ][gc,task      ] GC(96) Using 4 workers of 4 for evacuation
[12.878s][debug][gc,ref       ] GC(96) Skipped phase1 of Reference Processing due to unavailable references
[12.878s][debug][gc,ref       ] GC(96) Skipped phase2 of Reference Processing due to unavailable references
[12.878s][debug][gc,ref       ] GC(96) Skipped phase3 of Reference Processing due to unavailable references
[12.878s][debug][gc,ref       ] GC(96) Skipped phase4 of Reference Processing due to unavailable references
[12.878s][debug][gc,age       ] GC(96) Desired survivor size 15368192 bytes, new threshold 6 (max threshold 6)
[12.878s][info ][gc,heap      ] GC(96) ParNew: 251052K->11072K(270336K)
[12.878s][info ][gc,heap      ] GC(96) CMS: 207941K->208913K(600768K)
[12.878s][info ][gc,metaspace ] GC(96) Metaspace: 47820K->47820K(1093632K)
[12.878s][info ][gc           ] GC(96) Pause Young (Allocation Failure) 448M->214M(850M) 5.568ms
[12.878s][info ][gc,cpu       ] GC(96) User=0.02s Sys=0.00s Real=0.01s
[12.878s][info ][safepoint    ] Leaving safepoint region
[12.878s][info ][safepoint    ] Total time for which application threads were stopped: 0.0060853 seconds, Stopping threads took: 0.0003137 seconds
[12.930s][info ][safepoint    ] Application time: 0.0519571 seconds
[12.936s][info ][safepoint    ] Entering safepoint region: GenCollectForAllocation
[12.936s][info ][gc,start     ] GC(97) Pause Young (Allocation Failure)
[12.936s][info ][gc,task      ] GC(97) Using 4 workers of 4 for evacuation
[12.942s][debug][gc,ref       ] GC(97) Skipped phase1 of Reference Processing due to unavailable references
[12.942s][debug][gc,ref       ] GC(97) Skipped phase2 of Reference Processing due to unavailable references
[12.942s][debug][gc,ref       ] GC(97) Skipped phase3 of Reference Processing due to unavailable references
[12.942s][debug][gc,ref       ] GC(97) Skipped phase4 of Reference Processing due to unavailable references
[12.942s][debug][gc,age       ] GC(97) Desired survivor size 15368192 bytes, new threshold 6 (max threshold 6)
[12.942s][info ][gc,heap      ] GC(97) ParNew: 251392K->16102K(270336K)
[12.942s][info ][gc,heap      ] GC(97) CMS: 208913K->209667K(600768K)
[12.942s][info ][gc,metaspace ] GC(97) Metaspace: 47824K->47824K(1093632K)
[12.942s][info ][gc           ] GC(97) Pause Young (Allocation Failure) 449M->220M(850M) 5.940ms
[12.942s][info ][gc,cpu       ] GC(97) User=0.03s Sys=0.00s Real=0.00s
[12.942s][info ][safepoint    ] Leaving safepoint region
[12.942s][info ][safepoint    ] Total time for which application threads were stopped: 0.0117483 seconds, Stopping threads took: 0.0055759 seconds
[12.982s][info ][safepoint    ] Application time: 0.0401139 seconds
[12.984s][info ][safepoint    ] Entering safepoint region: GenCollectForAllocation
[12.985s][info ][gc,start     ] GC(98) Pause Young (Allocation Failure)
[12.985s][info ][gc,task      ] GC(98) Using 4 workers of 4 for evacuation
[12.991s][debug][gc,ref       ] GC(98) Skipped phase1 of Reference Processing due to unavailable references
[12.991s][debug][gc,ref       ] GC(98) Skipped phase2 of Reference Processing due to unavailable references
[12.991s][debug][gc,ref       ] GC(98) Skipped phase3 of Reference Processing due to unavailable references
[12.991s][debug][gc,ref       ] GC(98) Skipped phase4 of Reference Processing due to unavailable references
[12.992s][debug][gc,age       ] GC(98) Desired survivor size 15368192 bytes, new threshold 6 (max threshold 6)
[12.992s][info ][gc,heap      ] GC(98) ParNew: 256422K->12427K(270336K)
[12.992s][info ][gc,heap      ] GC(98) CMS: 209667K->211850K(600768K)
[12.992s][info ][gc,metaspace ] GC(98) Metaspace: 47870K->47870K(1093632K)
[12.992s][info ][gc           ] GC(98) Pause Young (Allocation Failure) 455M->219M(850M) 7.150ms
[12.992s][info ][gc,cpu       ] GC(98) User=0.03s Sys=0.00s Real=0.01s
[12.992s][info ][safepoint    ] Leaving safepoint region
[12.992s][info ][safepoint    ] Total time for which application threads were stopped: 0.0096048 seconds, Stopping threads took: 0.0022119 seconds
[13.049s][info ][safepoint    ] Application time: 0.0575595 seconds
[13.051s][info ][safepoint    ] Entering safepoint region: GenCollectForAllocation
[13.051s][info ][gc,start     ] GC(99) Pause Young (Allocation Failure)
[13.051s][info ][gc,task      ] GC(99) Using 4 workers of 4 for evacuation
[13.057s][debug][gc,ref       ] GC(99) Skipped phase1 of Reference Processing due to unavailable references
[13.057s][debug][gc,ref       ] GC(99) Skipped phase2 of Reference Processing due to unavailable references
[13.057s][debug][gc,ref       ] GC(99) Skipped phase3 of Reference Processing due to unavailable references
[13.057s][debug][gc,ref       ] GC(99) Skipped phase4 of Reference Processing due to unavailable references
[13.057s][debug][gc,age       ] GC(99) Desired survivor size 15368192 bytes, new threshold 6 (max threshold 6)
[13.057s][info ][gc,heap      ] GC(99) ParNew: 252747K->12464K(270336K)
[13.057s][info ][gc,heap      ] GC(99) CMS: 211850K->213621K(600768K)
[13.057s][info ][gc,metaspace ] GC(99) Metaspace: 47873K->47873K(1093632K)
[13.057s][info ][gc           ] GC(99) Pause Young (Allocation Failure) 453M->220M(850M) 6.222ms
[13.057s][info ][gc,cpu       ] GC(99) User=0.02s Sys=0.00s Real=0.01s
[13.057s][info ][safepoint    ] Leaving safepoint region
[13.057s][info ][safepoint    ] Total time for which application threads were stopped: 0.0078952 seconds, Stopping threads took: 0.0014608 seconds
[13.135s][info ][safepoint    ] Application time: 0.0780628 seconds
[13.140s][info ][safepoint    ] Entering safepoint region: GenCollectForAllocation
[13.140s][info ][gc,start     ] GC(100) Pause Young (Allocation Failure)
[13.140s][info ][gc,task      ] GC(100) Using 4 workers of 4 for evacuation
[13.147s][debug][gc,ref       ] GC(100) Skipped phase1 of Reference Processing due to unavailable references
[13.147s][debug][gc,ref       ] GC(100) Skipped phase2 of Reference Processing due to unavailable references
[13.147s][debug][gc,ref       ] GC(100) Skipped phase3 of Reference Processing due to unavailable references
[13.147s][debug][gc,ref       ] GC(100) Skipped phase4 of Reference Processing due to unavailable references
[13.147s][debug][gc,age       ] GC(100) Desired survivor size 15368192 bytes, new threshold 6 (max threshold 6)
[13.147s][info ][gc,heap      ] GC(100) ParNew: 252784K->16501K(270336K)
[13.147s][info ][gc,heap      ] GC(100) CMS: 213621K->214530K(600768K)
[13.147s][info ][gc,metaspace ] GC(100) Metaspace: 47873K->47873K(1093632K)
[13.147s][info ][gc           ] GC(100) Pause Young (Allocation Failure) 455M->225M(850M) 7.023ms
[13.147s][info ][gc,cpu       ] GC(100) User=0.03s Sys=0.00s Real=0.00s
[13.147s][info ][safepoint    ] Leaving safepoint region
[13.147s][info ][safepoint    ] Total time for which application threads were stopped: 0.0116950 seconds, Stopping threads took: 0.0044447 seconds
[13.205s][info ][safepoint    ] Application time: 0.0579282 seconds
[13.205s][info ][safepoint    ] Entering safepoint region: GenCollectForAllocation
[13.205s][info ][gc,start     ] GC(101) Pause Young (Allocation Failure)
[13.205s][info ][gc,task      ] GC(101) Using 4 workers of 4 for evacuation
[13.224s][debug][gc,ref       ] GC(101) Skipped phase1 of Reference Processing due to unavailable references
[13.224s][debug][gc,ref       ] GC(101) Skipped phase2 of Reference Processing due to unavailable references
[13.224s][debug][gc,ref       ] GC(101) Skipped phase3 of Reference Processing due to unavailable references
[13.224s][debug][gc,ref       ] GC(101) Skipped phase4 of Reference Processing due to unavailable references
[13.224s][debug][gc,age       ] GC(101) Desired survivor size 15368192 bytes, new threshold 6 (max threshold 6)
[13.224s][info ][gc,heap      ] GC(101) ParNew: 256821K->19223K(270336K)
[13.224s][info ][gc,heap      ] GC(101) CMS: 214530K->216062K(600768K)
[13.224s][info ][gc,metaspace ] GC(101) Metaspace: 47874K->47874K(1093632K)
[13.224s][info ][gc           ] GC(101) Pause Young (Allocation Failure) 460M->229M(850M) 18.323ms
[13.224s][info ][gc,cpu       ] GC(101) User=0.08s Sys=0.00s Real=0.02s
[13.224s][info ][safepoint    ] Leaving safepoint region
[13.224s][info ][safepoint    ] Total time for which application threads were stopped: 0.0188306 seconds, Stopping threads took: 0.0003154 seconds
[13.279s][info ][safepoint    ] Application time: 0.0551359 seconds
[13.279s][info ][safepoint    ] Entering safepoint region: GenCollectForAllocation
[13.279s][info ][gc,start     ] GC(102) Pause Young (Allocation Failure)
[13.279s][info ][gc,task      ] GC(102) Using 4 workers of 4 for evacuation
[13.285s][debug][gc,ref       ] GC(102) Skipped phase1 of Reference Processing due to unavailable references
[13.285s][debug][gc,ref       ] GC(102) Skipped phase2 of Reference Processing due to unavailable references
[13.285s][debug][gc,ref       ] GC(102) Skipped phase3 of Reference Processing due to unavailable references
[13.285s][debug][gc,ref       ] GC(102) Skipped phase4 of Reference Processing due to unavailable references
[13.285s][debug][gc,age       ] GC(102) Desired survivor size 15368192 bytes, new threshold 6 (max threshold 6)
[13.285s][info ][gc,heap      ] GC(102) ParNew: 259543K->13779K(270336K)
[13.285s][info ][gc,heap      ] GC(102) CMS: 216062K->217278K(600768K)
[13.285s][info ][gc,metaspace ] GC(102) Metaspace: 47874K->47874K(1093632K)
[13.285s][info ][gc           ] GC(102) Pause Young (Allocation Failure) 464M->225M(850M) 5.966ms
[13.285s][info ][gc,cpu       ] GC(102) User=0.03s Sys=0.00s Real=0.00s
[13.285s][info ][safepoint    ] Leaving safepoint region
[13.285s][info ][safepoint    ] Total time for which application threads were stopped: 0.0064077 seconds, Stopping threads took: 0.0002385 seconds
[13.331s][info ][safepoint    ] Application time: 0.0458826 seconds
[13.335s][info ][safepoint    ] Entering safepoint region: GenCollectForAllocation
[13.335s][info ][gc,start     ] GC(103) Pause Young (Allocation Failure)
[13.335s][info ][gc,task      ] GC(103) Using 4 workers of 4 for evacuation
[13.342s][debug][gc,ref       ] GC(103) Skipped phase1 of Reference Processing due to unavailable references
[13.342s][debug][gc,ref       ] GC(103) Skipped phase2 of Reference Processing due to unavailable references
[13.342s][debug][gc,ref       ] GC(103) Skipped phase3 of Reference Processing due to unavailable references
[13.342s][debug][gc,ref       ] GC(103) Skipped phase4 of Reference Processing due to unavailable references
[13.342s][debug][gc,age       ] GC(103) Desired survivor size 15368192 bytes, new threshold 6 (max threshold 6)
[13.342s][info ][gc,heap      ] GC(103) ParNew: 254099K->16964K(270336K)
[13.342s][info ][gc,heap      ] GC(103) CMS: 217278K->219112K(600768K)
[13.342s][info ][gc,metaspace ] GC(103) Metaspace: 47881K->47881K(1093632K)
[13.342s][info ][gc           ] GC(103) Pause Young (Allocation Failure) 460M->230M(850M) 7.121ms
[13.342s][info ][gc,cpu       ] GC(103) User=0.02s Sys=0.00s Real=0.01s
[13.342s][info ][safepoint    ] Leaving safepoint region
[13.342s][info ][safepoint    ] Total time for which application threads were stopped: 0.0106412 seconds, Stopping threads took: 0.0032958 seconds
[13.399s][info ][safepoint    ] Application time: 0.0570412 seconds
[13.399s][info ][safepoint    ] Entering safepoint region: GenCollectForAllocation
[13.399s][info ][gc,start     ] GC(104) Pause Young (Allocation Failure)
[13.399s][info ][gc,task      ] GC(104) Using 4 workers of 4 for evacuation
[13.407s][debug][gc,ref       ] GC(104) Skipped phase1 of Reference Processing due to unavailable references
[13.407s][debug][gc,ref       ] GC(104) Skipped phase2 of Reference Processing due to unavailable references
[13.407s][debug][gc,ref       ] GC(104) Skipped phase3 of Reference Processing due to unavailable references
[13.407s][debug][gc,ref       ] GC(104) Skipped phase4 of Reference Processing due to unavailable references
[13.408s][debug][gc,age       ] GC(104) Desired survivor size 15368192 bytes, new threshold 6 (max threshold 6)
[13.408s][info ][gc,heap      ] GC(104) ParNew: 257284K->15939K(270336K)
[13.408s][info ][gc,heap      ] GC(104) CMS: 219112K->221117K(600768K)
[13.408s][info ][gc,metaspace ] GC(104) Metaspace: 47925K->47925K(1093632K)
[13.408s][info ][gc           ] GC(104) Pause Young (Allocation Failure) 465M->231M(850M) 8.281ms
[13.408s][info ][gc,cpu       ] GC(104) User=0.03s Sys=0.00s Real=0.01s
[13.408s][info ][safepoint    ] Leaving safepoint region
[13.408s][info ][safepoint    ] Total time for which application threads were stopped: 0.0087069 seconds, Stopping threads took: 0.0002065 seconds
[13.441s][info ][safepoint    ] Application time: 0.0335603 seconds
[13.445s][info ][safepoint    ] Entering safepoint region: Deoptimize
[13.447s][info ][safepoint    ] Leaving safepoint region
[13.447s][info ][safepoint    ] Total time for which application threads were stopped: 0.0052855 seconds, Stopping threads took: 0.0041409 seconds
[13.477s][info ][safepoint    ] Application time: 0.0308107 seconds
[13.486s][info ][safepoint    ] Entering safepoint region: GenCollectForAllocation
[13.487s][info ][gc,start     ] GC(105) Pause Young (Allocation Failure)
[13.487s][info ][gc,task      ] GC(105) Using 4 workers of 4 for evacuation
[13.495s][debug][gc,ref       ] GC(105) Skipped phase1 of Reference Processing due to unavailable references
[13.495s][debug][gc,ref       ] GC(105) Skipped phase3 of Reference Processing due to unavailable references
[13.495s][debug][gc,age       ] GC(105) Desired survivor size 15368192 bytes, new threshold 6 (max threshold 6)
[13.495s][info ][gc,heap      ] GC(105) ParNew: 256259K->17283K(270336K)
[13.495s][info ][gc,heap      ] GC(105) CMS: 221117K->223496K(600768K)
[13.495s][info ][gc,metaspace ] GC(105) Metaspace: 48097K->48097K(1093632K)
[13.495s][info ][gc           ] GC(105) Pause Young (Allocation Failure) 466M->235M(850M) 8.632ms
[13.495s][info ][gc,cpu       ] GC(105) User=0.03s Sys=0.00s Real=0.01s
[13.495s][info ][safepoint    ] Leaving safepoint region
[13.495s][info ][safepoint    ] Total time for which application threads were stopped: 0.0177507 seconds, Stopping threads took: 0.0088808 seconds
[13.540s][info ][safepoint    ] Application time: 0.0449172 seconds
[13.541s][info ][safepoint    ] Entering safepoint region: GenCollectForAllocation
[13.541s][info ][gc,start     ] GC(106) Pause Young (Allocation Failure)
[13.541s][info ][gc,task      ] GC(106) Using 4 workers of 4 for evacuation
[13.549s][debug][gc,ref       ] GC(106) Skipped phase1 of Reference Processing due to unavailable references
[13.549s][debug][gc,ref       ] GC(106) Skipped phase3 of Reference Processing due to unavailable references
[13.549s][debug][gc,age       ] GC(106) Desired survivor size 15368192 bytes, new threshold 6 (max threshold 6)
[13.549s][info ][gc,heap      ] GC(106) ParNew: 257603K->13348K(270336K)
[13.549s][info ][gc,heap      ] GC(106) CMS: 223496K->226176K(600768K)
[13.549s][info ][gc,metaspace ] GC(106) Metaspace: 48138K->48138K(1093632K)
[13.549s][info ][gc           ] GC(106) Pause Young (Allocation Failure) 469M->233M(850M) 8.568ms
[13.549s][info ][gc,cpu       ] GC(106) User=0.03s Sys=0.00s Real=0.01s
[13.549s][info ][safepoint    ] Leaving safepoint region
[13.549s][info ][safepoint    ] Total time for which application threads were stopped: 0.0091586 seconds, Stopping threads took: 0.0003351 seconds
[13.601s][info ][safepoint    ] Application time: 0.0515724 seconds
[13.601s][info ][safepoint    ] Entering safepoint region: GenCollectForAllocation
[13.601s][info ][gc,start     ] GC(107) Pause Young (Allocation Failure)
[13.601s][info ][gc,task      ] GC(107) Using 4 workers of 4 for evacuation
[13.607s][debug][gc,ref       ] GC(107) Skipped phase1 of Reference Processing due to unavailable references
[13.607s][debug][gc,ref       ] GC(107) Skipped phase3 of Reference Processing due to unavailable references
[13.607s][debug][gc,age       ] GC(107) Desired survivor size 15368192 bytes, new threshold 6 (max threshold 6)
[13.607s][info ][gc,heap      ] GC(107) ParNew: 253668K->10890K(270336K)
[13.607s][info ][gc,heap      ] GC(107) CMS: 226176K->227231K(600768K)
[13.607s][info ][gc,metaspace ] GC(107) Metaspace: 48416K->48416K(1093632K)
[13.607s][info ][gc           ] GC(107) Pause Young (Allocation Failure) 468M->232M(850M) 5.662ms
[13.607s][info ][gc,cpu       ] GC(107) User=0.02s Sys=0.00s Real=0.00s
[13.607s][info ][safepoint    ] Leaving safepoint region
[13.607s][info ][safepoint    ] Total time for which application threads were stopped: 0.0060959 seconds, Stopping threads took: 0.0001743 seconds
[13.657s][info ][safepoint    ] Application time: 0.0502913 seconds
[13.658s][info ][safepoint    ] Entering safepoint region: GenCollectForAllocation
[13.658s][info ][gc,start     ] GC(108) Pause Young (Allocation Failure)
[13.658s][info ][gc,task      ] GC(108) Using 4 workers of 4 for evacuation
[13.665s][debug][gc,ref       ] GC(108) Skipped phase1 of Reference Processing due to unavailable references
[13.665s][debug][gc,ref       ] GC(108) Skipped phase3 of Reference Processing due to unavailable references
[13.665s][debug][gc,age       ] GC(108) Desired survivor size 15368192 bytes, new threshold 6 (max threshold 6)
[13.665s][info ][gc,heap      ] GC(108) ParNew: 251210K->11671K(270336K)
[13.665s][info ][gc,heap      ] GC(108) CMS: 227231K->227979K(600768K)
[13.665s][info ][gc,metaspace ] GC(108) Metaspace: 48460K->48460K(1093632K)
[13.665s][info ][gc           ] GC(108) Pause Young (Allocation Failure) 467M->234M(850M) 6.962ms
[13.665s][info ][gc,cpu       ] GC(108) User=0.02s Sys=0.00s Real=0.00s
[13.665s][info ][safepoint    ] Leaving safepoint region
[13.665s][info ][safepoint    ] Total time for which application threads were stopped: 0.0074405 seconds, Stopping threads took: 0.0002677 seconds
[13.737s][info ][safepoint    ] Application time: 0.0716972 seconds
[13.741s][info ][safepoint    ] Entering safepoint region: GenCollectForAllocation
[13.741s][info ][gc,start     ] GC(109) Pause Young (Allocation Failure)
[13.741s][info ][gc,task      ] GC(109) Using 4 workers of 4 for evacuation
[13.748s][debug][gc,ref       ] GC(109) Skipped phase1 of Reference Processing due to unavailable references
[13.748s][debug][gc,ref       ] GC(109) Skipped phase3 of Reference Processing due to unavailable references
[13.748s][debug][gc,age       ] GC(109) Desired survivor size 15368192 bytes, new threshold 6 (max threshold 6)
[13.748s][info ][gc,heap      ] GC(109) ParNew: 251991K->9128K(270336K)
[13.748s][info ][gc,heap      ] GC(109) CMS: 227979K->230107K(600768K)
[13.748s][info ][gc,metaspace ] GC(109) Metaspace: 48477K->48477K(1093632K)
[13.748s][info ][gc           ] GC(109) Pause Young (Allocation Failure) 468M->233M(850M) 6.719ms
[13.748s][info ][gc,cpu       ] GC(109) User=0.03s Sys=0.00s Real=0.01s
[13.748s][info ][safepoint    ] Leaving safepoint region
[13.748s][info ][safepoint    ] Total time for which application threads were stopped: 0.0112678 seconds, Stopping threads took: 0.0043105 seconds
[13.805s][info ][safepoint    ] Application time: 0.0573336 seconds
[13.805s][info ][safepoint    ] Entering safepoint region: GenCollectForAllocation
[13.806s][info ][gc,start     ] GC(110) Pause Young (Allocation Failure)
[13.806s][info ][gc,task      ] GC(110) Using 4 workers of 4 for evacuation
[13.812s][debug][gc,ref       ] GC(110) Skipped phase1 of Reference Processing due to unavailable references
[13.812s][debug][gc,ref       ] GC(110) Skipped phase3 of Reference Processing due to unavailable references
[13.812s][debug][gc,ref       ] GC(110) Skipped phase4 of Reference Processing due to unavailable references
[13.812s][debug][gc,age       ] GC(110) Desired survivor size 15368192 bytes, new threshold 6 (max threshold 6)
[13.812s][info ][gc,heap      ] GC(110) ParNew: 249448K->6019K(270336K)
[13.812s][info ][gc,heap      ] GC(110) CMS: 230107K->233048K(600768K)
[13.812s][info ][gc,metaspace ] GC(110) Metaspace: 48496K->48496K(1093632K)
[13.812s][info ][gc           ] GC(110) Pause Young (Allocation Failure) 468M->233M(850M) 6.664ms
[13.812s][info ][gc,cpu       ] GC(110) User=0.02s Sys=0.00s Real=0.01s
[13.812s][info ][safepoint    ] Leaving safepoint region
[13.812s][info ][safepoint    ] Total time for which application threads were stopped: 0.0070151 seconds, Stopping threads took: 0.0001177 seconds
[13.861s][info ][safepoint    ] Application time: 0.0491032 seconds
[13.862s][info ][safepoint    ] Entering safepoint region: GenCollectForAllocation
[13.862s][info ][gc,start     ] GC(111) Pause Young (Allocation Failure)
[13.862s][info ][gc,task      ] GC(111) Using 4 workers of 4 for evacuation
[13.868s][debug][gc,ref       ] GC(111) Skipped phase1 of Reference Processing due to unavailable references
[13.868s][debug][gc,ref       ] GC(111) Skipped phase3 of Reference Processing due to unavailable references
[13.868s][debug][gc,age       ] GC(111) Desired survivor size 15368192 bytes, new threshold 6 (max threshold 6)
[13.868s][info ][gc,heap      ] GC(111) ParNew: 246339K->4010K(270336K)
[13.868s][info ][gc,heap      ] GC(111) CMS: 233048K->233927K(600768K)
[13.868s][info ][gc,metaspace ] GC(111) Metaspace: 48519K->48519K(1093632K)
[13.868s][info ][gc           ] GC(111) Pause Young (Allocation Failure) 468M->232M(850M) 6.394ms
[13.868s][info ][gc,cpu       ] GC(111) User=0.02s Sys=0.00s Real=0.01s
[13.868s][info ][safepoint    ] Leaving safepoint region
[13.868s][info ][safepoint    ] Total time for which application threads were stopped: 0.0068312 seconds, Stopping threads took: 0.0001838 seconds
[13.918s][info ][safepoint    ] Application time: 0.0497223 seconds
[13.918s][info ][safepoint    ] Entering safepoint region: GenCollectForAllocation
[13.918s][info ][gc,start     ] GC(112) Pause Young (Allocation Failure)
[13.918s][info ][gc,task      ] GC(112) Using 4 workers of 4 for evacuation
[13.923s][debug][gc,ref       ] GC(112) Skipped phase1 of Reference Processing due to unavailable references
[13.923s][debug][gc,ref       ] GC(112) Skipped phase3 of Reference Processing due to unavailable references
[13.923s][debug][gc,age       ] GC(112) Desired survivor size 15368192 bytes, new threshold 6 (max threshold 6)
[13.923s][info ][gc,heap      ] GC(112) ParNew: 244330K->6393K(270336K)
[13.923s][info ][gc,heap      ] GC(112) CMS: 233927K->234151K(600768K)
[13.923s][info ][gc,metaspace ] GC(112) Metaspace: 48535K->48535K(1093632K)
[13.923s][info ][gc           ] GC(112) Pause Young (Allocation Failure) 467M->234M(850M) 5.039ms
[13.923s][info ][gc,cpu       ] GC(112) User=0.02s Sys=0.00s Real=0.00s
[13.923s][info ][safepoint    ] Leaving safepoint region
[13.923s][info ][safepoint    ] Total time for which application threads were stopped: 0.0054602 seconds, Stopping threads took: 0.0001919 seconds
[13.956s][info ][safepoint    ] Application time: 0.0326826 seconds
[13.960s][info ][safepoint    ] Entering safepoint region: Deoptimize
[13.962s][info ][safepoint    ] Leaving safepoint region
[13.962s][info ][safepoint    ] Total time for which application threads were stopped: 0.0055481 seconds, Stopping threads took: 0.0043130 seconds
[13.982s][info ][safepoint    ] Application time: 0.0206456 seconds
[13.984s][info ][safepoint    ] Entering safepoint region: GenCollectForAllocation
[13.984s][info ][gc,start     ] GC(113) Pause Young (Allocation Failure)
[13.984s][info ][gc,task      ] GC(113) Using 4 workers of 4 for evacuation
[13.990s][debug][gc,ref       ] GC(113) Skipped phase1 of Reference Processing due to unavailable references
[13.990s][debug][gc,ref       ] GC(113) Skipped phase3 of Reference Processing due to unavailable references
[13.991s][debug][gc,age       ] GC(113) Desired survivor size 15368192 bytes, new threshold 6 (max threshold 6)
[13.991s][info ][gc,heap      ] GC(113) ParNew: 246713K->7460K(270336K)
[13.991s][info ][gc,heap      ] GC(113) CMS: 234151K->234642K(600768K)
[13.991s][info ][gc,metaspace ] GC(113) Metaspace: 48551K->48551K(1093632K)
[13.991s][info ][gc           ] GC(113) Pause Young (Allocation Failure) 469M->236M(850M) 6.256ms
[13.991s][info ][gc,cpu       ] GC(113) User=0.03s Sys=0.00s Real=0.01s
[13.991s][info ][safepoint    ] Leaving safepoint region
[13.991s][info ][safepoint    ] Total time for which application threads were stopped: 0.0082717 seconds, Stopping threads took: 0.0017775 seconds
[14.048s][info ][safepoint    ] Application time: 0.0573670 seconds
[14.048s][info ][safepoint    ] Entering safepoint region: RevokeBias
[14.048s][info ][safepoint    ] Leaving safepoint region
[14.048s][info ][safepoint    ] Total time for which application threads were stopped: 0.0003271 seconds, Stopping threads took: 0.0001708 seconds
[14.050s][info ][safepoint    ] Application time: 0.0016844 seconds
[14.050s][info ][safepoint    ] Entering safepoint region: GenCollectForAllocation
[14.050s][info ][gc,start     ] GC(114) Pause Young (Allocation Failure)
[14.050s][info ][gc,task      ] GC(114) Using 4 workers of 4 for evacuation
[14.057s][debug][gc,ref       ] GC(114) Skipped phase1 of Reference Processing due to unavailable references
[14.057s][debug][gc,ref       ] GC(114) Skipped phase3 of Reference Processing due to unavailable references
[14.057s][debug][gc,age       ] GC(114) Desired survivor size 15368192 bytes, new threshold 6 (max threshold 6)
[14.057s][info ][gc,heap      ] GC(114) ParNew: 247780K->9642K(270336K)
[14.057s][info ][gc,heap      ] GC(114) CMS: 234642K->235103K(600768K)
[14.057s][info ][gc,metaspace ] GC(114) Metaspace: 48615K->48615K(1093632K)
[14.057s][info ][gc           ] GC(114) Pause Young (Allocation Failure) 471M->239M(850M) 6.769ms
[14.057s][info ][gc,cpu       ] GC(114) User=0.03s Sys=0.00s Real=0.01s
[14.057s][info ][safepoint    ] Leaving safepoint region
[14.057s][info ][safepoint    ] Total time for which application threads were stopped: 0.0071073 seconds, Stopping threads took: 0.0001540 seconds
[14.112s][info ][safepoint    ] Application time: 0.0549937 seconds
[14.117s][info ][safepoint    ] Entering safepoint region: GenCollectForAllocation
[14.117s][info ][gc,start     ] GC(115) Pause Young (Allocation Failure)
[14.117s][info ][gc,task      ] GC(115) Using 4 workers of 4 for evacuation
[14.123s][debug][gc,ref       ] GC(115) Skipped phase1 of Reference Processing due to unavailable references
[14.123s][debug][gc,ref       ] GC(115) Skipped phase3 of Reference Processing due to unavailable references
[14.123s][debug][gc,age       ] GC(115) Desired survivor size 15368192 bytes, new threshold 6 (max threshold 6)
[14.123s][info ][gc,heap      ] GC(115) ParNew: 249962K->10050K(270336K)
[14.123s][info ][gc,heap      ] GC(115) CMS: 235103K->235663K(600768K)
[14.123s][info ][gc,metaspace ] GC(115) Metaspace: 48765K->48765K(1093632K)
[14.123s][info ][gc           ] GC(115) Pause Young (Allocation Failure) 473M->239M(850M) 6.369ms
[14.123s][info ][gc,cpu       ] GC(115) User=0.02s Sys=0.00s Real=0.00s
[14.123s][info ][safepoint    ] Leaving safepoint region
[14.123s][info ][safepoint    ] Total time for which application threads were stopped: 0.0109533 seconds, Stopping threads took: 0.0043380 seconds
[14.168s][info ][safepoint    ] Application time: 0.0449249 seconds
[14.172s][info ][safepoint    ] Entering safepoint region: GenCollectForAllocation
[14.184s][info ][gc,start     ] GC(116) Pause Young (Allocation Failure)
[14.184s][info ][gc,task      ] GC(116) Using 4 workers of 4 for evacuation
[14.191s][debug][gc,ref       ] GC(116) Skipped phase1 of Reference Processing due to unavailable references
[14.191s][debug][gc,ref       ] GC(116) Skipped phase3 of Reference Processing due to unavailable references
[14.191s][debug][gc,age       ] GC(116) Desired survivor size 15368192 bytes, new threshold 6 (max threshold 6)
[14.191s][info ][gc,heap      ] GC(116) ParNew: 250370K->10326K(270336K)
[14.191s][info ][gc,heap      ] GC(116) CMS: 235663K->236200K(600768K)
[14.191s][info ][gc,metaspace ] GC(116) Metaspace: 48771K->48771K(1093632K)
[14.191s][info ][gc           ] GC(116) Pause Young (Allocation Failure) 474M->240M(850M) 6.845ms
[14.191s][info ][gc,cpu       ] GC(116) User=0.03s Sys=0.00s Real=0.01s
[14.191s][info ][safepoint    ] Leaving safepoint region
[14.191s][info ][safepoint    ] Total time for which application threads were stopped: 0.0228180 seconds, Stopping threads took: 0.0037455 seconds
[14.262s][info ][safepoint    ] Application time: 0.0715352 seconds
[14.263s][info ][safepoint    ] Entering safepoint region: GenCollectForAllocation
[14.263s][info ][gc,start     ] GC(117) Pause Young (Allocation Failure)
[14.263s][info ][gc,task      ] GC(117) Using 4 workers of 4 for evacuation
[14.270s][debug][gc,ref       ] GC(117) Skipped phase1 of Reference Processing due to unavailable references
[14.270s][debug][gc,ref       ] GC(117) Skipped phase3 of Reference Processing due to unavailable references
[14.270s][debug][gc,ref       ] GC(117) Skipped phase4 of Reference Processing due to unavailable references
[14.270s][debug][gc,age       ] GC(117) Desired survivor size 15368192 bytes, new threshold 6 (max threshold 6)
[14.270s][info ][gc,heap      ] GC(117) ParNew: 250194K->10337K(270336K)
[14.270s][info ][gc,heap      ] GC(117) CMS: 236200K->237298K(600768K)
[14.270s][info ][gc,metaspace ] GC(117) Metaspace: 48771K->48771K(1093632K)
[14.270s][info ][gc           ] GC(117) Pause Young (Allocation Failure) 474M->241M(850M) 6.874ms
[14.270s][info ][gc,cpu       ] GC(117) User=0.03s Sys=0.00s Real=0.01s
[14.270s][info ][safepoint    ] Leaving safepoint region
[14.270s][info ][safepoint    ] Total time for which application threads were stopped: 0.0073642 seconds, Stopping threads took: 0.0002560 seconds
[14.330s][info ][safepoint    ] Application time: 0.0602688 seconds
[14.333s][info ][safepoint    ] Entering safepoint region: GenCollectForAllocation
[14.334s][info ][gc,start     ] GC(118) Pause Young (Allocation Failure)
[14.334s][info ][gc,task      ] GC(118) Using 4 workers of 4 for evacuation
[14.342s][debug][gc,ref       ] GC(118) Skipped phase1 of Reference Processing due to unavailable references
[14.342s][debug][gc,ref       ] GC(118) Skipped phase3 of Reference Processing due to unavailable references
[14.342s][debug][gc,ref       ] GC(118) Skipped phase4 of Reference Processing due to unavailable references
[14.342s][debug][gc,age       ] GC(118) Desired survivor size 15368192 bytes, new threshold 6 (max threshold 6)
[14.342s][info ][gc,heap      ] GC(118) ParNew: 250657K->7993K(270336K)
[14.342s][info ][gc,heap      ] GC(118) CMS: 237298K->238837K(600768K)
[14.342s][info ][gc,metaspace ] GC(118) Metaspace: 48773K->48773K(1093632K)
[14.342s][info ][gc           ] GC(118) Pause Young (Allocation Failure) 476M->241M(850M) 8.529ms
[14.342s][info ][gc,cpu       ] GC(118) User=0.03s Sys=0.00s Real=0.01s
[14.342s][info ][safepoint    ] Leaving safepoint region
[14.342s][info ][safepoint    ] Total time for which application threads were stopped: 0.0119375 seconds, Stopping threads took: 0.0031562 seconds
[14.401s][info ][safepoint    ] Application time: 0.0590612 seconds
[14.404s][info ][safepoint    ] Entering safepoint region: GenCollectForAllocation
[14.405s][info ][gc,start     ] GC(119) Pause Young (Allocation Failure)
[14.405s][info ][gc,task      ] GC(119) Using 4 workers of 4 for evacuation
[14.412s][debug][gc,ref       ] GC(119) Skipped phase1 of Reference Processing due to unavailable references
[14.412s][debug][gc,ref       ] GC(119) Skipped phase3 of Reference Processing due to unavailable references
[14.412s][debug][gc,ref       ] GC(119) Skipped phase4 of Reference Processing due to unavailable references
[14.412s][debug][gc,age       ] GC(119) Desired survivor size 15368192 bytes, new threshold 6 (max threshold 6)
[14.412s][info ][gc,heap      ] GC(119) ParNew: 248313K->5473K(270336K)
[14.412s][info ][gc,heap      ] GC(119) CMS: 238837K->240717K(600768K)
[14.412s][info ][gc,metaspace ] GC(119) Metaspace: 48775K->48775K(1093632K)
[14.412s][info ][gc           ] GC(119) Pause Young (Allocation Failure) 475M->240M(850M) 7.668ms
[14.412s][info ][gc,cpu       ] GC(119) User=0.02s Sys=0.00s Real=0.01s
[14.412s][info ][safepoint    ] Leaving safepoint region
[14.412s][info ][safepoint    ] Total time for which application threads were stopped: 0.0110954 seconds, Stopping threads took: 0.0032104 seconds
[14.477s][info ][safepoint    ] Application time: 0.0641676 seconds
[14.478s][info ][safepoint    ] Entering safepoint region: GenCollectForAllocation
[14.478s][info ][gc,start     ] GC(120) Pause Young (Allocation Failure)
[14.478s][info ][gc,task      ] GC(120) Using 4 workers of 4 for evacuation
[14.484s][debug][gc,ref       ] GC(120) Skipped phase1 of Reference Processing due to unavailable references
[14.484s][debug][gc,ref       ] GC(120) Skipped phase3 of Reference Processing due to unavailable references
[14.484s][debug][gc,ref       ] GC(120) Skipped phase4 of Reference Processing due to unavailable references
[14.484s][debug][gc,age       ] GC(120) Desired survivor size 15368192 bytes, new threshold 6 (max threshold 6)
[14.484s][info ][gc,heap      ] GC(120) ParNew: 245793K->5291K(270336K)
[14.484s][info ][gc,heap      ] GC(120) CMS: 240717K->242428K(600768K)
[14.484s][info ][gc,metaspace ] GC(120) Metaspace: 48776K->48776K(1093632K)
[14.484s][info ][gc           ] GC(120) Pause Young (Allocation Failure) 475M->241M(850M) 5.507ms
[14.484s][info ][gc,cpu       ] GC(120) User=0.02s Sys=0.00s Real=0.00s
[14.484s][info ][safepoint    ] Leaving safepoint region
[14.484s][info ][safepoint    ] Total time for which application threads were stopped: 0.0072993 seconds, Stopping threads took: 0.0015658 seconds
[14.538s][info ][safepoint    ] Application time: 0.0541350 seconds
[14.538s][info ][safepoint    ] Entering safepoint region: GenCollectForAllocation
[14.538s][info ][gc,start     ] GC(121) Pause Young (Allocation Failure)
[14.539s][info ][gc,task      ] GC(121) Using 4 workers of 4 for evacuation
[14.544s][debug][gc,ref       ] GC(121) Skipped phase1 of Reference Processing due to unavailable references
[14.544s][debug][gc,ref       ] GC(121) Skipped phase3 of Reference Processing due to unavailable references
[14.544s][debug][gc,age       ] GC(121) Desired survivor size 15368192 bytes, new threshold 6 (max threshold 6)
[14.544s][info ][gc,heap      ] GC(121) ParNew: 245611K->5398K(270336K)
[14.544s][info ][gc,heap      ] GC(121) CMS: 242428K->242824K(600768K)
[14.544s][info ][gc,metaspace ] GC(121) Metaspace: 48835K->48835K(1093632K)
[14.544s][info ][gc           ] GC(121) Pause Young (Allocation Failure) 476M->242M(850M) 5.676ms
[14.544s][info ][gc,cpu       ] GC(121) User=0.02s Sys=0.00s Real=0.00s
[14.544s][info ][safepoint    ] Leaving safepoint region
[14.544s][info ][safepoint    ] Total time for which application threads were stopped: 0.0061263 seconds, Stopping threads took: 0.0002098 seconds
[14.603s][info ][safepoint    ] Application time: 0.0590343 seconds
[14.603s][info ][safepoint    ] Entering safepoint region: GenCollectForAllocation
[14.604s][info ][gc,start     ] GC(122) Pause Young (Allocation Failure)
[14.604s][info ][gc,task      ] GC(122) Using 4 workers of 4 for evacuation
[14.609s][debug][gc,ref       ] GC(122) Skipped phase1 of Reference Processing due to unavailable references
[14.609s][debug][gc,ref       ] GC(122) Skipped phase3 of Reference Processing due to unavailable references
[14.609s][debug][gc,ref       ] GC(122) Skipped phase4 of Reference Processing due to unavailable references
[14.609s][debug][gc,age       ] GC(122) Desired survivor size 15368192 bytes, new threshold 6 (max threshold 6)
[14.609s][info ][gc,heap      ] GC(122) ParNew: 245718K->7507K(270336K)
[14.609s][info ][gc,heap      ] GC(122) CMS: 242824K->243301K(600768K)
[14.609s][info ][gc,metaspace ] GC(122) Metaspace: 48837K->48837K(1093632K)
[14.609s][info ][gc           ] GC(122) Pause Young (Allocation Failure) 477M->244M(850M) 5.376ms
[14.609s][info ][gc,cpu       ] GC(122) User=0.02s Sys=0.00s Real=0.01s
[14.609s][info ][safepoint    ] Leaving safepoint region
[14.609s][info ][safepoint    ] Total time for which application threads were stopped: 0.0058716 seconds, Stopping threads took: 0.0001976 seconds
[14.649s][info ][safepoint    ] Application time: 0.0402147 seconds
[14.650s][info ][safepoint    ] Entering safepoint region: GenCollectForAllocation
[14.650s][info ][gc,start     ] GC(123) Pause Young (Allocation Failure)
[14.650s][info ][gc,task      ] GC(123) Using 4 workers of 4 for evacuation
[14.655s][debug][gc,ref       ] GC(123) Skipped phase1 of Reference Processing due to unavailable references
[14.655s][debug][gc,ref       ] GC(123) Skipped phase2 of Reference Processing due to unavailable references
[14.655s][debug][gc,ref       ] GC(123) Skipped phase3 of Reference Processing due to unavailable references
[14.655s][debug][gc,ref       ] GC(123) Skipped phase4 of Reference Processing due to unavailable references
[14.655s][debug][gc,age       ] GC(123) Desired survivor size 15368192 bytes, new threshold 6 (max threshold 6)
[14.655s][info ][gc,heap      ] GC(123) ParNew: 247827K->6770K(270336K)
[14.655s][info ][gc,heap      ] GC(123) CMS: 243301K->243726K(600768K)
[14.655s][info ][gc,metaspace ] GC(123) Metaspace: 48837K->48837K(1093632K)
[14.655s][info ][gc           ] GC(123) Pause Young (Allocation Failure) 479M->244M(850M) 5.193ms
[14.655s][info ][gc,cpu       ] GC(123) User=0.02s Sys=0.00s Real=0.00s
[14.655s][info ][safepoint    ] Leaving safepoint region
[14.655s][info ][safepoint    ] Total time for which application threads were stopped: 0.0055630 seconds, Stopping threads took: 0.0001496 seconds
[14.693s][info ][safepoint    ] Application time: 0.0376615 seconds
[14.697s][info ][safepoint    ] Entering safepoint region: GenCollectForAllocation
[14.697s][info ][gc,start     ] GC(124) Pause Young (Allocation Failure)
[14.697s][info ][gc,task      ] GC(124) Using 4 workers of 4 for evacuation
[14.702s][debug][gc,ref       ] GC(124) Skipped phase1 of Reference Processing due to unavailable references
[14.702s][debug][gc,ref       ] GC(124) Skipped phase3 of Reference Processing due to unavailable references
[14.702s][debug][gc,ref       ] GC(124) Skipped phase4 of Reference Processing due to unavailable references
[14.702s][debug][gc,age       ] GC(124) Desired survivor size 15368192 bytes, new threshold 6 (max threshold 6)
[14.702s][info ][gc,heap      ] GC(124) ParNew: 247090K->6704K(270336K)
[14.702s][info ][gc,heap      ] GC(124) CMS: 243726K->244164K(600768K)
[14.702s][info ][gc,metaspace ] GC(124) Metaspace: 48837K->48837K(1093632K)
[14.702s][info ][gc           ] GC(124) Pause Young (Allocation Failure) 479M->244M(850M) 4.876ms
[14.702s][info ][gc,cpu       ] GC(124) User=0.02s Sys=0.00s Real=0.00s
[14.702s][info ][safepoint    ] Leaving safepoint region
[14.702s][info ][safepoint    ] Total time for which application threads were stopped: 0.0094876 seconds, Stopping threads took: 0.0043670 seconds
[14.763s][info ][safepoint    ] Application time: 0.0610135 seconds
[14.763s][info ][safepoint    ] Entering safepoint region: GenCollectForAllocation
[14.764s][info ][gc,start     ] GC(125) Pause Young (Allocation Failure)
[14.764s][info ][gc,task      ] GC(125) Using 4 workers of 4 for evacuation
[14.769s][debug][gc,ref       ] GC(125) Skipped phase1 of Reference Processing due to unavailable references
[14.769s][debug][gc,ref       ] GC(125) Skipped phase3 of Reference Processing due to unavailable references
[14.769s][debug][gc,ref       ] GC(125) Skipped phase4 of Reference Processing due to unavailable references
[14.769s][debug][gc,age       ] GC(125) Desired survivor size 15368192 bytes, new threshold 6 (max threshold 6)
[14.769s][info ][gc,heap      ] GC(125) ParNew: 247024K->6345K(270336K)
[14.769s][info ][gc,heap      ] GC(125) CMS: 244164K->244641K(600768K)
[14.769s][info ][gc,metaspace ] GC(125) Metaspace: 48837K->48837K(1093632K)
[14.769s][info ][gc           ] GC(125) Pause Young (Allocation Failure) 479M->245M(850M) 5.204ms
[14.769s][info ][gc,cpu       ] GC(125) User=0.02s Sys=0.00s Real=0.01s
[14.769s][info ][safepoint    ] Leaving safepoint region
[14.769s][info ][safepoint    ] Total time for which application threads were stopped: 0.0056284 seconds, Stopping threads took: 0.0001694 seconds
[14.836s][info ][safepoint    ] Application time: 0.0673359 seconds
[14.836s][info ][safepoint    ] Entering safepoint region: GenCollectForAllocation
[14.837s][info ][gc,start     ] GC(126) Pause Young (Allocation Failure)
[14.837s][info ][gc,task      ] GC(126) Using 4 workers of 4 for evacuation
[14.841s][debug][gc,ref       ] GC(126) Skipped phase1 of Reference Processing due to unavailable references
[14.841s][debug][gc,ref       ] GC(126) Skipped phase3 of Reference Processing due to unavailable references
[14.841s][debug][gc,ref       ] GC(126) Skipped phase4 of Reference Processing due to unavailable references
[14.842s][debug][gc,age       ] GC(126) Desired survivor size 15368192 bytes, new threshold 6 (max threshold 6)
[14.842s][info ][gc,heap      ] GC(126) ParNew: 246665K->5206K(270336K)
[14.842s][info ][gc,heap      ] GC(126) CMS: 244641K->245896K(600768K)
[14.842s][info ][gc,metaspace ] GC(126) Metaspace: 48840K->48840K(1093632K)
[14.842s][info ][gc           ] GC(126) Pause Young (Allocation Failure) 479M->245M(850M) 5.032ms
[14.842s][info ][gc,cpu       ] GC(126) User=0.02s Sys=0.00s Real=0.00s
[14.842s][info ][safepoint    ] Leaving safepoint region
[14.842s][info ][safepoint    ] Total time for which application threads were stopped: 0.0054718 seconds, Stopping threads took: 0.0002105 seconds
[14.886s][info ][safepoint    ] Application time: 0.0445212 seconds
[14.890s][info ][safepoint    ] Entering safepoint region: GenCollectForAllocation
[14.890s][info ][gc,start     ] GC(127) Pause Young (Allocation Failure)
[14.890s][info ][gc,task      ] GC(127) Using 4 workers of 4 for evacuation
[14.895s][debug][gc,ref       ] GC(127) Skipped phase1 of Reference Processing due to unavailable references
[14.895s][debug][gc,ref       ] GC(127) Skipped phase2 of Reference Processing due to unavailable references
[14.895s][debug][gc,ref       ] GC(127) Skipped phase3 of Reference Processing due to unavailable references
[14.895s][debug][gc,ref       ] GC(127) Skipped phase4 of Reference Processing due to unavailable references
[14.895s][debug][gc,age       ] GC(127) Desired survivor size 15368192 bytes, new threshold 6 (max threshold 6)
[14.895s][info ][gc,heap      ] GC(127) ParNew: 245526K->3598K(270336K)
[14.895s][info ][gc,heap      ] GC(127) CMS: 245896K->247498K(600768K)
[14.895s][info ][gc,metaspace ] GC(127) Metaspace: 48840K->48840K(1093632K)
[14.895s][info ][gc           ] GC(127) Pause Young (Allocation Failure) 479M->245M(850M) 5.011ms
[14.895s][info ][gc,cpu       ] GC(127) User=0.02s Sys=0.00s Real=0.00s
[14.895s][info ][safepoint    ] Leaving safepoint region
[14.895s][info ][safepoint    ] Total time for which application threads were stopped: 0.0087005 seconds, Stopping threads took: 0.0034360 seconds
[14.954s][info ][safepoint    ] Application time: 0.0588145 seconds
[14.956s][info ][safepoint    ] Entering safepoint region: GenCollectForAllocation
[14.956s][info ][gc,start     ] GC(128) Pause Young (Allocation Failure)
[14.956s][info ][gc,task      ] GC(128) Using 4 workers of 4 for evacuation
[14.959s][debug][gc,ref       ] GC(128) Skipped phase1 of Reference Processing due to unavailable references
[14.960s][debug][gc,ref       ] GC(128) Skipped phase2 of Reference Processing due to unavailable references
[14.960s][debug][gc,ref       ] GC(128) Skipped phase3 of Reference Processing due to unavailable references
[14.960s][debug][gc,ref       ] GC(128) Skipped phase4 of Reference Processing due to unavailable references
[14.960s][debug][gc,age       ] GC(128) Desired survivor size 15368192 bytes, new threshold 6 (max threshold 6)
[14.960s][info ][gc,heap      ] GC(128) ParNew: 243918K->2920K(270336K)
[14.960s][info ][gc,heap      ] GC(128) CMS: 247498K->247992K(600768K)
[14.960s][info ][gc,metaspace ] GC(128) Metaspace: 48841K->48841K(1093632K)
[14.960s][info ][gc           ] GC(128) Pause Young (Allocation Failure) 479M->245M(850M) 3.696ms
[14.960s][info ][gc,cpu       ] GC(128) User=0.01s Sys=0.00s Real=0.00s
[14.960s][info ][safepoint    ] Leaving safepoint region
[14.960s][info ][safepoint    ] Total time for which application threads were stopped: 0.0059495 seconds, Stopping threads took: 0.0019968 seconds
[15.017s][info ][safepoint    ] Application time: 0.0572317 seconds
[15.017s][info ][safepoint    ] Entering safepoint region: GenCollectForAllocation
[15.017s][info ][gc,start     ] GC(129) Pause Young (Allocation Failure)
[15.017s][info ][gc,task      ] GC(129) Using 4 workers of 4 for evacuation
[15.021s][debug][gc,ref       ] GC(129) Skipped phase1 of Reference Processing due to unavailable references
[15.021s][debug][gc,ref       ] GC(129) Skipped phase2 of Reference Processing due to unavailable references
[15.021s][debug][gc,ref       ] GC(129) Skipped phase3 of Reference Processing due to unavailable references
[15.021s][debug][gc,ref       ] GC(129) Skipped phase4 of Reference Processing due to unavailable references
[15.021s][debug][gc,age       ] GC(129) Desired survivor size 15368192 bytes, new threshold 6 (max threshold 6)
[15.021s][info ][gc,heap      ] GC(129) ParNew: 243240K->3434K(270336K)
[15.021s][info ][gc,heap      ] GC(129) CMS: 247992K->248282K(600768K)
[15.021s][info ][gc,metaspace ] GC(129) Metaspace: 48841K->48841K(1093632K)
[15.021s][info ][gc           ] GC(129) Pause Young (Allocation Failure) 479M->245M(850M) 3.407ms
[15.021s][info ][gc,cpu       ] GC(129) User=0.01s Sys=0.00s Real=0.00s
[15.021s][info ][safepoint    ] Leaving safepoint region
[15.021s][info ][safepoint    ] Total time for which application threads were stopped: 0.0038723 seconds, Stopping threads took: 0.0002362 seconds
[15.076s][info ][safepoint    ] Application time: 0.0548786 seconds
[15.076s][info ][safepoint    ] Entering safepoint region: GenCollectForAllocation
[15.076s][info ][gc,start     ] GC(130) Pause Young (Allocation Failure)
[15.076s][info ][gc,task      ] GC(130) Using 4 workers of 4 for evacuation
[15.080s][debug][gc,ref       ] GC(130) Skipped phase1 of Reference Processing due to unavailable references
[15.080s][debug][gc,ref       ] GC(130) Skipped phase2 of Reference Processing due to unavailable references
[15.080s][debug][gc,ref       ] GC(130) Skipped phase3 of Reference Processing due to unavailable references
[15.080s][debug][gc,ref       ] GC(130) Skipped phase4 of Reference Processing due to unavailable references
[15.080s][debug][gc,age       ] GC(130) Desired survivor size 15368192 bytes, new threshold 6 (max threshold 6)
[15.080s][info ][gc,heap      ] GC(130) ParNew: 243754K->4386K(270336K)
[15.080s][info ][gc,heap      ] GC(130) CMS: 248282K->248391K(600768K)
[15.080s][info ][gc,metaspace ] GC(130) Metaspace: 48844K->48844K(1093632K)
[15.080s][info ][gc           ] GC(130) Pause Young (Allocation Failure) 480M->246M(850M) 3.743ms
[15.080s][info ][gc,cpu       ] GC(130) User=0.02s Sys=0.00s Real=0.00s
[15.080s][info ][safepoint    ] Leaving safepoint region
[15.080s][info ][safepoint    ] Total time for which application threads were stopped: 0.0041731 seconds, Stopping threads took: 0.0002273 seconds
[15.124s][info ][safepoint    ] Application time: 0.0444752 seconds
[15.127s][info ][safepoint    ] Entering safepoint region: GenCollectForAllocation
[15.127s][info ][gc,start     ] GC(131) Pause Young (Allocation Failure)
[15.127s][info ][gc,task      ] GC(131) Using 4 workers of 4 for evacuation
[15.131s][debug][gc,ref       ] GC(131) Skipped phase1 of Reference Processing due to unavailable references
[15.131s][debug][gc,ref       ] GC(131) Skipped phase2 of Reference Processing due to unavailable references
[15.131s][debug][gc,ref       ] GC(131) Skipped phase3 of Reference Processing due to unavailable references
[15.131s][debug][gc,ref       ] GC(131) Skipped phase4 of Reference Processing due to unavailable references
[15.132s][debug][gc,age       ] GC(131) Desired survivor size 15368192 bytes, new threshold 6 (max threshold 6)
[15.132s][info ][gc,heap      ] GC(131) ParNew: 244706K->4871K(270336K)
[15.132s][info ][gc,heap      ] GC(131) CMS: 248391K->248887K(600768K)
[15.132s][info ][gc,metaspace ] GC(131) Metaspace: 48844K->48844K(1093632K)
[15.132s][info ][gc           ] GC(131) Pause Young (Allocation Failure) 481M->247M(850M) 4.940ms
[15.132s][info ][gc,cpu       ] GC(131) User=0.03s Sys=0.00s Real=0.01s
[15.132s][info ][safepoint    ] Leaving safepoint region
[15.132s][info ][safepoint    ] Total time for which application threads were stopped: 0.0072214 seconds, Stopping threads took: 0.0020463 seconds
[15.174s][info ][safepoint    ] Application time: 0.0419273 seconds
[15.174s][info ][safepoint    ] Entering safepoint region: GenCollectForAllocation
[15.174s][info ][gc,start     ] GC(132) Pause Young (Allocation Failure)
[15.174s][info ][gc,task      ] GC(132) Using 4 workers of 4 for evacuation
[15.179s][debug][gc,ref       ] GC(132) Skipped phase1 of Reference Processing due to unavailable references
[15.179s][debug][gc,ref       ] GC(132) Skipped phase2 of Reference Processing due to unavailable references
[15.179s][debug][gc,ref       ] GC(132) Skipped phase3 of Reference Processing due to unavailable references
[15.179s][debug][gc,ref       ] GC(132) Skipped phase4 of Reference Processing due to unavailable references
[15.179s][debug][gc,age       ] GC(132) Desired survivor size 15368192 bytes, new threshold 6 (max threshold 6)
[15.179s][info ][gc,heap      ] GC(132) ParNew: 245191K->5021K(270336K)
[15.179s][info ][gc,heap      ] GC(132) CMS: 248887K->249383K(600768K)
[15.179s][info ][gc,metaspace ] GC(132) Metaspace: 48856K->48856K(1093632K)
[15.179s][info ][gc           ] GC(132) Pause Young (Allocation Failure) 482M->248M(850M) 5.214ms
[15.179s][info ][gc,cpu       ] GC(132) User=0.02s Sys=0.00s Real=0.01s
[15.179s][info ][safepoint    ] Leaving safepoint region
[15.179s][info ][safepoint    ] Total time for which application threads were stopped: 0.0056265 seconds, Stopping threads took: 0.0001632 seconds
[15.241s][info ][safepoint    ] Application time: 0.0613829 seconds
[15.241s][info ][safepoint    ] Entering safepoint region: GenCollectForAllocation
[15.241s][info ][gc,start     ] GC(133) Pause Young (Allocation Failure)
[15.241s][info ][gc,task      ] GC(133) Using 4 workers of 4 for evacuation
[15.246s][debug][gc,ref       ] GC(133) Skipped phase1 of Reference Processing due to unavailable references
[15.246s][debug][gc,ref       ] GC(133) Skipped phase3 of Reference Processing due to unavailable references
[15.246s][debug][gc,age       ] GC(133) Desired survivor size 15368192 bytes, new threshold 6 (max threshold 6)
[15.246s][info ][gc,heap      ] GC(133) ParNew: 245341K->7346K(270336K)
[15.246s][info ][gc,heap      ] GC(133) CMS: 249383K->249559K(600768K)
[15.246s][info ][gc,metaspace ] GC(133) Metaspace: 48900K->48900K(1093632K)
[15.246s][info ][gc           ] GC(133) Pause Young (Allocation Failure) 483M->250M(850M) 4.926ms
[15.246s][info ][gc,cpu       ] GC(133) User=0.02s Sys=0.00s Real=0.00s
[15.246s][info ][safepoint    ] Leaving safepoint region
[15.246s][info ][safepoint    ] Total time for which application threads were stopped: 0.0054981 seconds, Stopping threads took: 0.0002604 seconds
[15.307s][info ][safepoint    ] Application time: 0.0605617 seconds
[15.321s][info ][safepoint    ] Entering safepoint region: GenCollectForAllocation
[15.321s][info ][gc,start     ] GC(134) Pause Young (Allocation Failure)
[15.321s][info ][gc,task      ] GC(134) Using 4 workers of 4 for evacuation
[15.327s][debug][gc,ref       ] GC(134) Skipped phase1 of Reference Processing due to unavailable references
[15.327s][debug][gc,ref       ] GC(134) Skipped phase3 of Reference Processing due to unavailable references
[15.327s][debug][gc,ref       ] GC(134) Skipped phase4 of Reference Processing due to unavailable references
[15.327s][debug][gc,age       ] GC(134) Desired survivor size 15368192 bytes, new threshold 6 (max threshold 6)
[15.327s][info ][gc,heap      ] GC(134) ParNew: 247666K->7451K(270336K)
[15.327s][info ][gc,heap      ] GC(134) CMS: 249559K->250066K(600768K)
[15.327s][info ][gc,metaspace ] GC(134) Metaspace: 48916K->48916K(1093632K)
[15.327s][info ][gc           ] GC(134) Pause Young (Allocation Failure) 485M->251M(850M) 5.949ms
[15.327s][info ][gc,cpu       ] GC(134) User=0.02s Sys=0.00s Real=0.00s
[15.327s][info ][safepoint    ] Leaving safepoint region
[15.327s][info ][safepoint    ] Total time for which application threads were stopped: 0.0203537 seconds, Stopping threads took: 0.0141689 seconds
[15.425s][info ][safepoint    ] Application time: 0.0980590 seconds
[15.429s][info ][safepoint    ] Entering safepoint region: GenCollectForAllocation
[15.429s][info ][gc,start     ] GC(135) Pause Young (Allocation Failure)
[15.429s][info ][gc,task      ] GC(135) Using 4 workers of 4 for evacuation
[15.434s][debug][gc,ref       ] GC(135) Skipped phase1 of Reference Processing due to unavailable references
[15.434s][debug][gc,ref       ] GC(135) Skipped phase3 of Reference Processing due to unavailable references
[15.434s][debug][gc,ref       ] GC(135) Skipped phase4 of Reference Processing due to unavailable references
[15.435s][debug][gc,age       ] GC(135) Desired survivor size 15368192 bytes, new threshold 6 (max threshold 6)
[15.435s][info ][gc,heap      ] GC(135) ParNew: 247771K->7814K(270336K)
[15.435s][info ][gc,heap      ] GC(135) CMS: 250066K->250576K(600768K)
[15.435s][info ][gc,metaspace ] GC(135) Metaspace: 48944K->48944K(1093632K)
[15.435s][info ][gc           ] GC(135) Pause Young (Allocation Failure) 486M->252M(850M) 5.854ms
[15.435s][info ][gc,cpu       ] GC(135) User=0.03s Sys=0.00s Real=0.00s
[15.435s][info ][safepoint    ] Leaving safepoint region
[15.435s][info ][safepoint    ] Total time for which application threads were stopped: 0.0093827 seconds, Stopping threads took: 0.0032706 seconds
[15.484s][info ][safepoint    ] Application time: 0.0494570 seconds
[15.487s][info ][safepoint    ] Entering safepoint region: GenCollectForAllocation
[15.488s][info ][gc,start     ] GC(136) Pause Young (Allocation Failure)
[15.488s][info ][gc,task      ] GC(136) Using 4 workers of 4 for evacuation
[15.494s][debug][gc,ref       ] GC(136) Skipped phase1 of Reference Processing due to unavailable references
[15.494s][debug][gc,ref       ] GC(136) Skipped phase3 of Reference Processing due to unavailable references
[15.494s][debug][gc,age       ] GC(136) Desired survivor size 15368192 bytes, new threshold 6 (max threshold 6)
[15.494s][info ][gc,heap      ] GC(136) ParNew: 248134K->10322K(270336K)
[15.494s][info ][gc,heap      ] GC(136) CMS: 250576K->251432K(600768K)
[15.494s][info ][gc,metaspace ] GC(136) Metaspace: 48953K->48953K(1093632K)
[15.494s][info ][gc           ] GC(136) Pause Young (Allocation Failure) 487M->255M(850M) 6.452ms
[15.494s][info ][gc,cpu       ] GC(136) User=0.03s Sys=0.00s Real=0.00s
[15.494s][info ][safepoint    ] Leaving safepoint region
[15.494s][info ][safepoint    ] Total time for which application threads were stopped: 0.0100149 seconds, Stopping threads took: 0.0033123 seconds
[15.552s][info ][safepoint    ] Application time: 0.0577132 seconds
[15.555s][info ][safepoint    ] Entering safepoint region: GenCollectForAllocation
[15.555s][info ][gc,start     ] GC(137) Pause Young (Allocation Failure)
[15.555s][info ][gc,task      ] GC(137) Using 4 workers of 4 for evacuation
[15.561s][debug][gc,ref       ] GC(137) Skipped phase1 of Reference Processing due to unavailable references
[15.561s][debug][gc,ref       ] GC(137) Skipped phase3 of Reference Processing due to unavailable references
[15.561s][debug][gc,ref       ] GC(137) Skipped phase4 of Reference Processing due to unavailable references
[15.561s][debug][gc,age       ] GC(137) Desired survivor size 15368192 bytes, new threshold 6 (max threshold 6)
[15.561s][info ][gc,heap      ] GC(137) ParNew: 250642K->7553K(270336K)
[15.561s][info ][gc,heap      ] GC(137) CMS: 251432K->252524K(600768K)
[15.561s][info ][gc,metaspace ] GC(137) Metaspace: 48961K->48961K(1093632K)
[15.561s][info ][gc           ] GC(137) Pause Young (Allocation Failure) 490M->253M(850M) 5.626ms
[15.561s][info ][gc,cpu       ] GC(137) User=0.02s Sys=0.00s Real=0.01s
[15.561s][info ][safepoint    ] Leaving safepoint region
[15.561s][info ][safepoint    ] Total time for which application threads were stopped: 0.0091028 seconds, Stopping threads took: 0.0032533 seconds
[15.596s][info ][safepoint    ] Application time: 0.0349663 seconds
[15.596s][info ][safepoint    ] Entering safepoint region: GenCollectForAllocation
[15.596s][info ][gc,start     ] GC(138) Pause Young (Allocation Failure)
[15.596s][info ][gc,task      ] GC(138) Using 4 workers of 4 for evacuation
[15.601s][debug][gc,ref       ] GC(138) Skipped phase1 of Reference Processing due to unavailable references
[15.601s][debug][gc,ref       ] GC(138) Skipped phase3 of Reference Processing due to unavailable references
[15.601s][debug][gc,ref       ] GC(138) Skipped phase4 of Reference Processing due to unavailable references
[15.601s][debug][gc,age       ] GC(138) Desired survivor size 15368192 bytes, new threshold 6 (max threshold 6)
[15.601s][info ][gc,heap      ] GC(138) ParNew: 247873K->7392K(270336K)
[15.601s][info ][gc,heap      ] GC(138) CMS: 252524K->253161K(600768K)
[15.601s][info ][gc,metaspace ] GC(138) Metaspace: 48969K->48969K(1093632K)
[15.601s][info ][gc           ] GC(138) Pause Young (Allocation Failure) 488M->254M(850M) 4.855ms
[15.601s][info ][gc,cpu       ] GC(138) User=0.02s Sys=0.00s Real=0.00s
[15.601s][info ][safepoint    ] Leaving safepoint region
[15.601s][info ][safepoint    ] Total time for which application threads were stopped: 0.0052344 seconds, Stopping threads took: 0.0001475 seconds
[15.657s][info ][safepoint    ] Application time: 0.0559193 seconds
[15.657s][info ][safepoint    ] Entering safepoint region: GenCollectForAllocation
[15.658s][info ][gc,start     ] GC(139) Pause Young (Allocation Failure)
[15.658s][info ][gc,task      ] GC(139) Using 4 workers of 4 for evacuation
[15.662s][debug][gc,ref       ] GC(139) Skipped phase1 of Reference Processing due to unavailable references
[15.662s][debug][gc,ref       ] GC(139) Skipped phase3 of Reference Processing due to unavailable references
[15.662s][debug][gc,ref       ] GC(139) Skipped phase4 of Reference Processing due to unavailable references
[15.662s][debug][gc,age       ] GC(139) Desired survivor size 15368192 bytes, new threshold 6 (max threshold 6)
[15.662s][info ][gc,heap      ] GC(139) ParNew: 247712K->6098K(270336K)
[15.662s][info ][gc,heap      ] GC(139) CMS: 253161K->254027K(600768K)
[15.662s][info ][gc,metaspace ] GC(139) Metaspace: 48988K->48988K(1093632K)
[15.662s][info ][gc           ] GC(139) Pause Young (Allocation Failure) 489M->254M(850M) 4.572ms
[15.662s][info ][gc,cpu       ] GC(139) User=0.02s Sys=0.00s Real=0.00s
[15.662s][info ][safepoint    ] Leaving safepoint region
[15.662s][info ][safepoint    ] Total time for which application threads were stopped: 0.0049798 seconds, Stopping threads took: 0.0001779 seconds
[15.712s][info ][safepoint    ] Application time: 0.0501633 seconds
[15.713s][info ][safepoint    ] Entering safepoint region: GenCollectForAllocation
[15.713s][info ][gc,start     ] GC(140) Pause Young (Allocation Failure)
[15.713s][info ][gc,task      ] GC(140) Using 4 workers of 4 for evacuation
[15.717s][debug][gc,ref       ] GC(140) Skipped phase1 of Reference Processing due to unavailable references
[15.717s][debug][gc,ref       ] GC(140) Skipped phase3 of Reference Processing due to unavailable references
[15.717s][debug][gc,ref       ] GC(140) Skipped phase4 of Reference Processing due to unavailable references
[15.717s][debug][gc,age       ] GC(140) Desired survivor size 15368192 bytes, new threshold 6 (max threshold 6)
[15.717s][info ][gc,heap      ] GC(140) ParNew: 246418K->6672K(270336K)
[15.717s][info ][gc,heap      ] GC(140) CMS: 254027K->254680K(600768K)
[15.717s][info ][gc,metaspace ] GC(140) Metaspace: 48996K->48996K(1093632K)
[15.717s][info ][gc           ] GC(140) Pause Young (Allocation Failure) 488M->255M(850M) 4.274ms
[15.717s][info ][gc,cpu       ] GC(140) User=0.02s Sys=0.00s Real=0.01s
[15.717s][info ][safepoint    ] Leaving safepoint region
[15.717s][info ][safepoint    ] Total time for which application threads were stopped: 0.0046287 seconds, Stopping threads took: 0.0001629 seconds
[15.757s][info ][safepoint    ] Application time: 0.0402748 seconds
[15.761s][info ][safepoint    ] Entering safepoint region: GenCollectForAllocation
[15.761s][info ][gc,start     ] GC(141) Pause Young (Allocation Failure)
[15.761s][info ][gc,task      ] GC(141) Using 4 workers of 4 for evacuation
[15.767s][debug][gc,ref       ] GC(141) Skipped phase1 of Reference Processing due to unavailable references
[15.767s][debug][gc,ref       ] GC(141) Skipped phase3 of Reference Processing due to unavailable references
[15.767s][debug][gc,ref       ] GC(141) Skipped phase4 of Reference Processing due to unavailable references
[15.767s][debug][gc,age       ] GC(141) Desired survivor size 15368192 bytes, new threshold 6 (max threshold 6)
[15.767s][info ][gc,heap      ] GC(141) ParNew: 246992K->2600K(270336K)
[15.767s][info ][gc,heap      ] GC(141) CMS: 254680K->257000K(600768K)
[15.767s][info ][gc,metaspace ] GC(141) Metaspace: 49010K->49010K(1093632K)
[15.767s][info ][gc           ] GC(141) Pause Young (Allocation Failure) 489M->253M(850M) 6.138ms
[15.767s][info ][gc,cpu       ] GC(141) User=0.02s Sys=0.00s Real=0.00s
[15.767s][info ][safepoint    ] Leaving safepoint region
[15.767s][info ][safepoint    ] Total time for which application threads were stopped: 0.0095663 seconds, Stopping threads took: 0.0032166 seconds
[15.804s][info ][safepoint    ] Application time: 0.0370874 seconds
[15.808s][info ][safepoint    ] Entering safepoint region: GenCollectForAllocation
[15.809s][info ][gc,start     ] GC(142) Pause Young (Allocation Failure)
[15.809s][info ][gc,task      ] GC(142) Using 4 workers of 4 for evacuation
[15.814s][debug][gc,ref       ] GC(142) Skipped phase1 of Reference Processing due to unavailable references
[15.814s][debug][gc,ref       ] GC(142) Skipped phase2 of Reference Processing due to unavailable references
[15.814s][debug][gc,ref       ] GC(142) Skipped phase3 of Reference Processing due to unavailable references
[15.814s][debug][gc,ref       ] GC(142) Skipped phase4 of Reference Processing due to unavailable references
[15.814s][debug][gc,age       ] GC(142) Desired survivor size 15368192 bytes, new threshold 6 (max threshold 6)
[15.814s][info ][gc,heap      ] GC(142) ParNew: 242920K->2547K(270336K)
[15.814s][info ][gc,heap      ] GC(142) CMS: 257000K->257592K(600768K)
[15.814s][info ][gc,metaspace ] GC(142) Metaspace: 49010K->49010K(1093632K)
[15.814s][info ][gc           ] GC(142) Pause Young (Allocation Failure) 488M->254M(850M) 5.148ms
[15.814s][info ][gc,cpu       ] GC(142) User=0.02s Sys=0.00s Real=0.00s
[15.814s][info ][safepoint    ] Leaving safepoint region
[15.814s][info ][safepoint    ] Total time for which application threads were stopped: 0.0097419 seconds, Stopping threads took: 0.0043630 seconds
[15.859s][info ][safepoint    ] Application time: 0.0450735 seconds
[15.860s][info ][safepoint    ] Entering safepoint region: GenCollectForAllocation
[15.860s][info ][gc,start     ] GC(143) Pause Young (Allocation Failure)
[15.860s][info ][gc,task      ] GC(143) Using 4 workers of 4 for evacuation
[15.863s][debug][gc,ref       ] GC(143) Skipped phase1 of Reference Processing due to unavailable references
[15.863s][debug][gc,ref       ] GC(143) Skipped phase3 of Reference Processing due to unavailable references
[15.863s][debug][gc,age       ] GC(143) Desired survivor size 15368192 bytes, new threshold 6 (max threshold 6)
[15.863s][info ][gc,heap      ] GC(143) ParNew: 242867K->2083K(270336K)
[15.863s][info ][gc,heap      ] GC(143) CMS: 257592K->257828K(600768K)
[15.863s][info ][gc,metaspace ] GC(143) Metaspace: 49016K->49016K(1093632K)
[15.863s][info ][gc           ] GC(143) Pause Young (Allocation Failure) 488M->253M(850M) 2.580ms
[15.863s][info ][gc,cpu       ] GC(143) User=0.01s Sys=0.00s Real=0.00s
[15.863s][info ][safepoint    ] Leaving safepoint region
[15.863s][info ][safepoint    ] Total time for which application threads were stopped: 0.0038773 seconds, Stopping threads took: 0.0009535 seconds
[15.931s][info ][safepoint    ] Application time: 0.0679401 seconds
[15.931s][info ][safepoint    ] Entering safepoint region: GenCollectForAllocation
[15.931s][info ][gc,start     ] GC(144) Pause Young (Allocation Failure)
[15.931s][info ][gc,task      ] GC(144) Using 4 workers of 4 for evacuation
[15.933s][debug][gc,ref       ] GC(144) Skipped phase1 of Reference Processing due to unavailable references
[15.933s][debug][gc,ref       ] GC(144) Skipped phase3 of Reference Processing due to unavailable references
[15.934s][debug][gc,age       ] GC(144) Desired survivor size 15368192 bytes, new threshold 6 (max threshold 6)
[15.934s][info ][gc,heap      ] GC(144) ParNew: 242403K->2336K(270336K)
[15.934s][info ][gc,heap      ] GC(144) CMS: 257828K->258015K(600768K)
[15.934s][info ][gc,metaspace ] GC(144) Metaspace: 49024K->49024K(1093632K)
[15.934s][info ][gc           ] GC(144) Pause Young (Allocation Failure) 488M->254M(850M) 2.480ms
[15.934s][info ][gc,cpu       ] GC(144) User=0.01s Sys=0.00s Real=0.00s
[15.934s][info ][safepoint    ] Leaving safepoint region
[15.934s][info ][safepoint    ] Total time for which application threads were stopped: 0.0028619 seconds, Stopping threads took: 0.0001569 seconds
[15.981s][info ][safepoint    ] Application time: 0.0470080 seconds
[15.983s][info ][safepoint    ] Entering safepoint region: GenCollectForAllocation
[15.983s][info ][gc,start     ] GC(145) Pause Young (Allocation Failure)
[15.983s][info ][gc,task      ] GC(145) Using 4 workers of 4 for evacuation
[15.986s][debug][gc,ref       ] GC(145) Skipped phase1 of Reference Processing due to unavailable references
[15.986s][debug][gc,ref       ] GC(145) Skipped phase3 of Reference Processing due to unavailable references
[15.986s][debug][gc,ref       ] GC(145) Skipped phase4 of Reference Processing due to unavailable references
[15.986s][debug][gc,age       ] GC(145) Desired survivor size 15368192 bytes, new threshold 6 (max threshold 6)
[15.986s][info ][gc,heap      ] GC(145) ParNew: 242656K->2442K(270336K)
[15.986s][info ][gc,heap      ] GC(145) CMS: 258015K->258314K(600768K)
[15.986s][info ][gc,metaspace ] GC(145) Metaspace: 49025K->49025K(1093632K)
[15.986s][info ][gc           ] GC(145) Pause Young (Allocation Failure) 488M->254M(850M) 2.960ms
[15.986s][info ][gc,cpu       ] GC(145) User=0.01s Sys=0.00s Real=0.00s
[15.986s][info ][safepoint    ] Leaving safepoint region
[15.986s][info ][safepoint    ] Total time for which application threads were stopped: 0.0050939 seconds, Stopping threads took: 0.0019260 seconds
[16.030s][info ][safepoint    ] Application time: 0.0442244 seconds
[16.033s][info ][safepoint    ] Entering safepoint region: GenCollectForAllocation
[16.034s][info ][gc,start     ] GC(146) Pause Young (Allocation Failure)
[16.034s][info ][gc,task      ] GC(146) Using 4 workers of 4 for evacuation
[16.036s][debug][gc,ref       ] GC(146) Skipped phase1 of Reference Processing due to unavailable references
[16.036s][debug][gc,ref       ] GC(146) Skipped phase3 of Reference Processing due to unavailable references
[16.036s][debug][gc,ref       ] GC(146) Skipped phase4 of Reference Processing due to unavailable references
[16.036s][debug][gc,age       ] GC(146) Desired survivor size 15368192 bytes, new threshold 6 (max threshold 6)
[16.036s][info ][gc,heap      ] GC(146) ParNew: 242762K->2750K(270336K)
[16.036s][info ][gc,heap      ] GC(146) CMS: 258314K->258638K(600768K)
[16.036s][info ][gc,metaspace ] GC(146) Metaspace: 49031K->49031K(1093632K)
[16.036s][info ][gc           ] GC(146) Pause Young (Allocation Failure) 489M->255M(850M) 2.753ms
[16.036s][info ][gc,cpu       ] GC(146) User=0.02s Sys=0.00s Real=0.01s
[16.036s][info ][safepoint    ] Leaving safepoint region
[16.036s][info ][safepoint    ] Total time for which application threads were stopped: 0.0062810 seconds, Stopping threads took: 0.0033061 seconds
[16.094s][info ][safepoint    ] Application time: 0.0574323 seconds
[16.096s][info ][safepoint    ] Entering safepoint region: GenCollectForAllocation
[16.096s][info ][gc,start     ] GC(147) Pause Young (Allocation Failure)
[16.096s][info ][gc,task      ] GC(147) Using 4 workers of 4 for evacuation
[16.099s][debug][gc,ref       ] GC(147) Skipped phase1 of Reference Processing due to unavailable references
[16.099s][debug][gc,ref       ] GC(147) Skipped phase3 of Reference Processing due to unavailable references
[16.099s][debug][gc,ref       ] GC(147) Skipped phase4 of Reference Processing due to unavailable references
[16.099s][debug][gc,age       ] GC(147) Desired survivor size 15368192 bytes, new threshold 6 (max threshold 6)
[16.099s][info ][gc,heap      ] GC(147) ParNew: 243070K->3284K(270336K)
[16.099s][info ][gc,heap      ] GC(147) CMS: 258638K->258797K(600768K)
[16.099s][info ][gc,metaspace ] GC(147) Metaspace: 49039K->49039K(1093632K)
[16.099s][info ][gc           ] GC(147) Pause Young (Allocation Failure) 489M->255M(850M) 2.788ms
[16.099s][info ][gc,cpu       ] GC(147) User=0.01s Sys=0.00s Real=0.00s
[16.099s][info ][safepoint    ] Leaving safepoint region
[16.099s][info ][safepoint    ] Total time for which application threads were stopped: 0.0051132 seconds, Stopping threads took: 0.0020787 seconds
[16.165s][info ][safepoint    ] Application time: 0.0660829 seconds
[16.165s][info ][safepoint    ] Entering safepoint region: GenCollectForAllocation
[16.165s][info ][gc,start     ] GC(148) Pause Young (Allocation Failure)
[16.165s][info ][gc,task      ] GC(148) Using 4 workers of 4 for evacuation
[16.169s][debug][gc,ref       ] GC(148) Skipped phase1 of Reference Processing due to unavailable references
[16.169s][debug][gc,ref       ] GC(148) Skipped phase3 of Reference Processing due to unavailable references
[16.169s][debug][gc,ref       ] GC(148) Skipped phase4 of Reference Processing due to unavailable references
[16.169s][debug][gc,age       ] GC(148) Desired survivor size 15368192 bytes, new threshold 6 (max threshold 6)
[16.169s][info ][gc,heap      ] GC(148) ParNew: 243604K->3792K(270336K)
[16.169s][info ][gc,heap      ] GC(148) CMS: 258797K->258879K(600768K)
[16.169s][info ][gc,metaspace ] GC(148) Metaspace: 49039K->49039K(1093632K)
[16.169s][info ][gc           ] GC(148) Pause Young (Allocation Failure) 490M->256M(850M) 3.631ms
[16.169s][info ][gc,cpu       ] GC(148) User=0.01s Sys=0.00s Real=0.01s
[16.169s][info ][safepoint    ] Leaving safepoint region
[16.169s][info ][safepoint    ] Total time for which application threads were stopped: 0.0042116 seconds, Stopping threads took: 0.0002441 seconds
[16.215s][info ][safepoint    ] Application time: 0.0453788 seconds
[16.220s][info ][safepoint    ] Entering safepoint region: GenCollectForAllocation
[16.220s][info ][gc,start     ] GC(149) Pause Young (Allocation Failure)
[16.220s][info ][gc,task      ] GC(149) Using 4 workers of 4 for evacuation
[16.224s][debug][gc,ref       ] GC(149) Skipped phase1 of Reference Processing due to unavailable references
[16.224s][debug][gc,ref       ] GC(149) Skipped phase3 of Reference Processing due to unavailable references
[16.224s][debug][gc,ref       ] GC(149) Skipped phase4 of Reference Processing due to unavailable references
[16.224s][debug][gc,age       ] GC(149) Desired survivor size 15368192 bytes, new threshold 6 (max threshold 6)
[16.224s][info ][gc,heap      ] GC(149) ParNew: 244112K->4565K(270336K)
[16.224s][info ][gc,heap      ] GC(149) CMS: 258879K->259127K(600768K)
[16.224s][info ][gc,metaspace ] GC(149) Metaspace: 49040K->49040K(1093632K)
[16.224s][info ][gc           ] GC(149) Pause Young (Allocation Failure) 491M->257M(850M) 3.823ms
[16.224s][info ][gc,cpu       ] GC(149) User=0.01s Sys=0.00s Real=0.00s
[16.224s][info ][safepoint    ] Leaving safepoint region
[16.224s][info ][safepoint    ] Total time for which application threads were stopped: 0.0096067 seconds, Stopping threads took: 0.0055477 seconds
[16.272s][info ][safepoint    ] Application time: 0.0472257 seconds
[16.272s][info ][safepoint    ] Entering safepoint region: GenCollectForAllocation
[16.272s][info ][gc,start     ] GC(150) Pause Young (Allocation Failure)
[16.272s][info ][gc,task      ] GC(150) Using 4 workers of 4 for evacuation
[16.278s][debug][gc,ref       ] GC(150) Skipped phase1 of Reference Processing due to unavailable references
[16.278s][debug][gc,ref       ] GC(150) Skipped phase3 of Reference Processing due to unavailable references
[16.278s][debug][gc,age       ] GC(150) Desired survivor size 15368192 bytes, new threshold 6 (max threshold 6)
[16.278s][info ][gc,heap      ] GC(150) ParNew: 244885K->4092K(270336K)
[16.278s][info ][gc,heap      ] GC(150) CMS: 259127K->259372K(600768K)
[16.278s][info ][gc,metaspace ] GC(150) Metaspace: 49061K->49061K(1093632K)
[16.278s][info ][gc           ] GC(150) Pause Young (Allocation Failure) 492M->257M(850M) 6.368ms
[16.278s][info ][gc,cpu       ] GC(150) User=0.01s Sys=0.00s Real=0.01s
[16.279s][info ][safepoint    ] Leaving safepoint region
[16.279s][info ][safepoint    ] Total time for which application threads were stopped: 0.0069607 seconds, Stopping threads took: 0.0003302 seconds
[16.328s][info ][safepoint    ] Application time: 0.0495846 seconds
[16.328s][info ][safepoint    ] Entering safepoint region: GenCollectForAllocation
[16.329s][info ][gc,start     ] GC(151) Pause Young (Allocation Failure)
[16.329s][info ][gc,task      ] GC(151) Using 4 workers of 4 for evacuation
[16.332s][debug][gc,ref       ] GC(151) Skipped phase1 of Reference Processing due to unavailable references
[16.332s][debug][gc,ref       ] GC(151) Skipped phase3 of Reference Processing due to unavailable references
[16.332s][debug][gc,ref       ] GC(151) Skipped phase4 of Reference Processing due to unavailable references
[16.332s][debug][gc,age       ] GC(151) Desired survivor size 15368192 bytes, new threshold 6 (max threshold 6)
[16.332s][info ][gc,heap      ] GC(151) ParNew: 244412K->4333K(270336K)
[16.332s][info ][gc,heap      ] GC(151) CMS: 259372K->259831K(600768K)
[16.332s][info ][gc,metaspace ] GC(151) Metaspace: 49064K->49064K(1093632K)
[16.332s][info ][gc           ] GC(151) Pause Young (Allocation Failure) 491M->257M(850M) 3.706ms
[16.332s][info ][gc,cpu       ] GC(151) User=0.01s Sys=0.00s Real=0.00s
[16.332s][info ][safepoint    ] Leaving safepoint region
[16.332s][info ][safepoint    ] Total time for which application threads were stopped: 0.0041262 seconds, Stopping threads took: 0.0002037 seconds
[16.393s][info ][safepoint    ] Application time: 0.0611637 seconds
[16.394s][info ][safepoint    ] Entering safepoint region: GenCollectForAllocation
[16.394s][info ][gc,start     ] GC(152) Pause Young (Allocation Failure)
[16.394s][info ][gc,task      ] GC(152) Using 4 workers of 4 for evacuation
[16.397s][debug][gc,ref       ] GC(152) Skipped phase1 of Reference Processing due to unavailable references
[16.397s][debug][gc,ref       ] GC(152) Skipped phase3 of Reference Processing due to unavailable references
[16.397s][debug][gc,ref       ] GC(152) Skipped phase4 of Reference Processing due to unavailable references
[16.397s][debug][gc,age       ] GC(152) Desired survivor size 15368192 bytes, new threshold 6 (max threshold 6)
[16.397s][info ][gc,heap      ] GC(152) ParNew: 244653K->4263K(270336K)
[16.397s][info ][gc,heap      ] GC(152) CMS: 259831K->260519K(600768K)
[16.397s][info ][gc,metaspace ] GC(152) Metaspace: 49064K->49064K(1093632K)
[16.397s][info ][gc           ] GC(152) Pause Young (Allocation Failure) 492M->258M(850M) 3.568ms
[16.397s][info ][gc,cpu       ] GC(152) User=0.01s Sys=0.00s Real=0.01s
[16.397s][info ][safepoint    ] Leaving safepoint region
[16.397s][info ][safepoint    ] Total time for which application threads were stopped: 0.0039832 seconds, Stopping threads took: 0.0002071 seconds
[16.459s][info ][safepoint    ] Application time: 0.0613804 seconds
[16.460s][info ][safepoint    ] Entering safepoint region: GenCollectForAllocation
[16.460s][info ][gc,start     ] GC(153) Pause Young (Allocation Failure)
[16.460s][info ][gc,task      ] GC(153) Using 4 workers of 4 for evacuation
[16.472s][debug][gc,ref       ] GC(153) Skipped phase1 of Reference Processing due to unavailable references
[16.472s][debug][gc,ref       ] GC(153) Skipped phase3 of Reference Processing due to unavailable references
[16.473s][debug][gc,age       ] GC(153) Desired survivor size 15368192 bytes, new threshold 6 (max threshold 6)
[16.473s][info ][gc,heap      ] GC(153) ParNew: 244583K->3739K(270336K)
[16.473s][info ][gc,heap      ] GC(153) CMS: 260519K->260973K(600768K)
[16.473s][info ][gc,metaspace ] GC(153) Metaspace: 49066K->49066K(1093632K)
[16.473s][info ][gc           ] GC(153) Pause Young (Allocation Failure) 493M->258M(850M) 12.489ms
[16.473s][info ][gc,cpu       ] GC(153) User=0.04s Sys=0.00s Real=0.01s
[16.473s][info ][safepoint    ] Leaving safepoint region
[16.473s][info ][safepoint    ] Total time for which application threads were stopped: 0.0138668 seconds, Stopping threads took: 0.0011587 seconds
[16.524s][info ][safepoint    ] Application time: 0.0513616 seconds
[16.524s][info ][safepoint    ] Entering safepoint region: GenCollectForAllocation
[16.525s][info ][gc,start     ] GC(154) Pause Young (Allocation Failure)
[16.525s][info ][gc,task      ] GC(154) Using 4 workers of 4 for evacuation
[16.529s][debug][gc,ref       ] GC(154) Skipped phase1 of Reference Processing due to unavailable references
[16.529s][debug][gc,ref       ] GC(154) Skipped phase3 of Reference Processing due to unavailable references
[16.529s][debug][gc,age       ] GC(154) Desired survivor size 15368192 bytes, new threshold 6 (max threshold 6)
[16.529s][info ][gc,heap      ] GC(154) ParNew: 244059K->3844K(270336K)
[16.529s][info ][gc,heap      ] GC(154) CMS: 260973K->261554K(600768K)
[16.529s][info ][gc,metaspace ] GC(154) Metaspace: 49072K->49072K(1093632K)
[16.529s][info ][gc           ] GC(154) Pause Young (Allocation Failure) 493M->259M(850M) 4.457ms
[16.529s][info ][gc,cpu       ] GC(154) User=0.02s Sys=0.00s Real=0.01s
[16.529s][info ][safepoint    ] Leaving safepoint region
[16.529s][info ][safepoint    ] Total time for which application threads were stopped: 0.0048506 seconds, Stopping threads took: 0.0001586 seconds
[16.610s][info ][safepoint    ] Application time: 0.0806053 seconds
[16.610s][info ][safepoint    ] Entering safepoint region: GenCollectForAllocation
[16.610s][info ][gc,start     ] GC(155) Pause Young (Allocation Failure)
[16.610s][info ][gc,task      ] GC(155) Using 4 workers of 4 for evacuation
[16.613s][debug][gc,ref       ] GC(155) Skipped phase1 of Reference Processing due to unavailable references
[16.613s][debug][gc,ref       ] GC(155) Skipped phase3 of Reference Processing due to unavailable references
[16.613s][debug][gc,ref       ] GC(155) Skipped phase4 of Reference Processing due to unavailable references
[16.614s][debug][gc,age       ] GC(155) Desired survivor size 15368192 bytes, new threshold 6 (max threshold 6)
[16.614s][info ][gc,heap      ] GC(155) ParNew: 244164K->5119K(270336K)
[16.614s][info ][gc,heap      ] GC(155) CMS: 261554K->261761K(600768K)
[16.614s][info ][gc,metaspace ] GC(155) Metaspace: 49189K->49189K(1093632K)
[16.614s][info ][gc           ] GC(155) Pause Young (Allocation Failure) 493M->260M(850M) 3.659ms
[16.614s][info ][gc,cpu       ] GC(155) User=0.01s Sys=0.00s Real=0.00s
[16.614s][info ][safepoint    ] Leaving safepoint region
[16.614s][info ][safepoint    ] Total time for which application threads were stopped: 0.0040618 seconds, Stopping threads took: 0.0001467 seconds
[16.652s][info ][safepoint    ] Application time: 0.0385004 seconds
[16.652s][info ][safepoint    ] Entering safepoint region: GenCollectForAllocation
[16.653s][info ][gc,start     ] GC(156) Pause Young (Allocation Failure)
[16.653s][info ][gc,task      ] GC(156) Using 4 workers of 4 for evacuation
[16.656s][debug][gc,ref       ] GC(156) Skipped phase1 of Reference Processing due to unavailable references
[16.657s][debug][gc,ref       ] GC(156) Skipped phase2 of Reference Processing due to unavailable references
[16.657s][debug][gc,ref       ] GC(156) Skipped phase3 of Reference Processing due to unavailable references
[16.657s][debug][gc,ref       ] GC(156) Skipped phase4 of Reference Processing due to unavailable references
[16.657s][debug][gc,age       ] GC(156) Desired survivor size 15368192 bytes, new threshold 6 (max threshold 6)
[16.657s][info ][gc,heap      ] GC(156) ParNew: 245439K->4665K(270336K)
[16.657s][info ][gc,heap      ] GC(156) CMS: 261761K->262247K(600768K)
[16.657s][info ][gc,metaspace ] GC(156) Metaspace: 49193K->49193K(1093632K)
[16.657s][info ][gc           ] GC(156) Pause Young (Allocation Failure) 495M->260M(850M) 4.236ms
[16.657s][info ][gc,cpu       ] GC(156) User=0.02s Sys=0.00s Real=0.01s
[16.657s][info ][safepoint    ] Leaving safepoint region
[16.657s][info ][safepoint    ] Total time for which application threads were stopped: 0.0046638 seconds, Stopping threads took: 0.0001193 seconds
[16.702s][info ][safepoint    ] Application time: 0.0447705 seconds
[16.702s][info ][safepoint    ] Entering safepoint region: GenCollectForAllocation
[16.702s][info ][gc,start     ] GC(157) Pause Young (Allocation Failure)
[16.702s][info ][gc,task      ] GC(157) Using 4 workers of 4 for evacuation
[16.706s][debug][gc,ref       ] GC(157) Skipped phase1 of Reference Processing due to unavailable references
[16.706s][debug][gc,ref       ] GC(157) Skipped phase2 of Reference Processing due to unavailable references
[16.707s][debug][gc,ref       ] GC(157) Skipped phase3 of Reference Processing due to unavailable references
[16.707s][debug][gc,ref       ] GC(157) Skipped phase4 of Reference Processing due to unavailable references
[16.707s][debug][gc,age       ] GC(157) Desired survivor size 15368192 bytes, new threshold 6 (max threshold 6)
[16.707s][info ][gc,heap      ] GC(157) ParNew: 244985K->5627K(270336K)
[16.707s][info ][gc,heap      ] GC(157) CMS: 262247K->262590K(600768K)
[16.707s][info ][gc,metaspace ] GC(157) Metaspace: 49194K->49194K(1093632K)
[16.707s][info ][gc           ] GC(157) Pause Young (Allocation Failure) 495M->261M(850M) 4.696ms
[16.707s][info ][gc,cpu       ] GC(157) User=0.01s Sys=0.00s Real=0.00s
[16.707s][info ][safepoint    ] Leaving safepoint region
[16.707s][info ][safepoint    ] Total time for which application threads were stopped: 0.0050150 seconds, Stopping threads took: 0.0001121 seconds
[16.764s][info ][safepoint    ] Application time: 0.0574344 seconds
[16.764s][info ][safepoint    ] Entering safepoint region: GenCollectForAllocation
[16.765s][info ][gc,start     ] GC(158) Pause Young (Allocation Failure)
[16.765s][info ][gc,task      ] GC(158) Using 4 workers of 4 for evacuation
[16.769s][debug][gc,ref       ] GC(158) Skipped phase1 of Reference Processing due to unavailable references
[16.769s][debug][gc,ref       ] GC(158) Skipped phase3 of Reference Processing due to unavailable references
[16.769s][debug][gc,age       ] GC(158) Desired survivor size 15368192 bytes, new threshold 6 (max threshold 6)
[16.769s][info ][gc,heap      ] GC(158) ParNew: 245947K->7189K(270336K)
[16.769s][info ][gc,heap      ] GC(158) CMS: 262590K->263004K(600768K)
[16.769s][info ][gc,metaspace ] GC(158) Metaspace: 49200K->49200K(1093632K)
[16.769s][info ][gc           ] GC(158) Pause Young (Allocation Failure) 496M->263M(850M) 4.670ms
[16.769s][info ][gc,cpu       ] GC(158) User=0.02s Sys=0.00s Real=0.01s
[16.769s][info ][safepoint    ] Leaving safepoint region
[16.769s][info ][safepoint    ] Total time for which application threads were stopped: 0.0050412 seconds, Stopping threads took: 0.0001111 seconds
[16.808s][info ][safepoint    ] Application time: 0.0388709 seconds
[16.808s][info ][safepoint    ] Entering safepoint region: GenCollectForAllocation
[16.809s][info ][gc,start     ] GC(159) Pause Young (Allocation Failure)
[16.809s][info ][gc,task      ] GC(159) Using 4 workers of 4 for evacuation
[16.814s][debug][gc,ref       ] GC(159) Skipped phase1 of Reference Processing due to unavailable references
[16.814s][debug][gc,ref       ] GC(159) Skipped phase2 of Reference Processing due to unavailable references
[16.815s][debug][gc,ref       ] GC(159) Skipped phase3 of Reference Processing due to unavailable references
[16.815s][debug][gc,ref       ] GC(159) Skipped phase4 of Reference Processing due to unavailable references
[16.815s][debug][gc,age       ] GC(159) Desired survivor size 15368192 bytes, new threshold 6 (max threshold 6)
[16.815s][info ][gc,heap      ] GC(159) ParNew: 247509K->7554K(270336K)
[16.815s][info ][gc,heap      ] GC(159) CMS: 263004K->263818K(600768K)
[16.815s][info ][gc,metaspace ] GC(159) Metaspace: 49200K->49200K(1093632K)
[16.815s][info ][gc           ] GC(159) Pause Young (Allocation Failure) 498M->265M(850M) 6.915ms
[16.816s][info ][gc,cpu       ] GC(159) User=0.02s Sys=0.00s Real=0.00s
[16.816s][info ][safepoint    ] Leaving safepoint region
[16.816s][info ][safepoint    ] Total time for which application threads were stopped: 0.0077860 seconds, Stopping threads took: 0.0001159 seconds
[16.819s][info ][safepoint    ] Application time: 0.0026001 seconds
[16.819s][info ][safepoint    ] Entering safepoint region: ICBufferFull
[16.819s][info ][safepoint    ] Leaving safepoint region
[16.819s][info ][safepoint    ] Total time for which application threads were stopped: 0.0004009 seconds, Stopping threads took: 0.0001451 seconds
[16.854s][info ][safepoint    ] Application time: 0.0344348 seconds
[16.854s][info ][safepoint    ] Entering safepoint region: GenCollectForAllocation
[16.854s][info ][gc,start     ] GC(160) Pause Young (Allocation Failure)
[16.854s][info ][gc,task      ] GC(160) Using 4 workers of 4 for evacuation
[16.859s][debug][gc,ref       ] GC(160) Skipped phase1 of Reference Processing due to unavailable references
[16.859s][debug][gc,ref       ] GC(160) Skipped phase2 of Reference Processing due to unavailable references
[16.859s][debug][gc,ref       ] GC(160) Skipped phase3 of Reference Processing due to unavailable references
[16.859s][debug][gc,ref       ] GC(160) Skipped phase4 of Reference Processing due to unavailable references
[16.859s][debug][gc,age       ] GC(160) Desired survivor size 15368192 bytes, new threshold 6 (max threshold 6)
[16.859s][info ][gc,heap      ] GC(160) ParNew: 247874K->8015K(270336K)
[16.859s][info ][gc,heap      ] GC(160) CMS: 263818K->264567K(600768K)
[16.859s][info ][gc,metaspace ] GC(160) Metaspace: 49200K->49200K(1093632K)
[16.859s][info ][gc           ] GC(160) Pause Young (Allocation Failure) 499M->266M(850M) 5.383ms
[16.859s][info ][gc,cpu       ] GC(160) User=0.02s Sys=0.00s Real=0.01s
[16.859s][info ][safepoint    ] Leaving safepoint region
[16.859s][info ][safepoint    ] Total time for which application threads were stopped: 0.0058411 seconds, Stopping threads took: 0.0001420 seconds
[16.907s][info ][safepoint    ] Application time: 0.0477651 seconds
[16.907s][info ][safepoint    ] Entering safepoint region: GenCollectForAllocation
[16.908s][info ][gc,start     ] GC(161) Pause Young (Allocation Failure)
[16.908s][info ][gc,task      ] GC(161) Using 4 workers of 4 for evacuation
[16.914s][debug][gc,ref       ] GC(161) Skipped phase1 of Reference Processing due to unavailable references
[16.914s][debug][gc,ref       ] GC(161) Skipped phase2 of Reference Processing due to unavailable references
[16.914s][debug][gc,ref       ] GC(161) Skipped phase3 of Reference Processing due to unavailable references
[16.914s][debug][gc,ref       ] GC(161) Skipped phase4 of Reference Processing due to unavailable references
[16.914s][debug][gc,age       ] GC(161) Desired survivor size 15368192 bytes, new threshold 6 (max threshold 6)
[16.914s][info ][gc,heap      ] GC(161) ParNew: 248335K->10368K(270336K)
[16.914s][info ][gc,heap      ] GC(161) CMS: 264567K->265006K(600768K)
[16.914s][info ][gc,metaspace ] GC(161) Metaspace: 49200K->49200K(1093632K)
[16.914s][info ][gc           ] GC(161) Pause Young (Allocation Failure) 500M->268M(850M) 6.453ms
[16.914s][info ][gc,cpu       ] GC(161) User=0.03s Sys=0.00s Real=0.01s
[16.914s][info ][safepoint    ] Leaving safepoint region
[16.914s][info ][safepoint    ] Total time for which application threads were stopped: 0.0068502 seconds, Stopping threads took: 0.0001711 seconds
[16.955s][info ][safepoint    ] Application time: 0.0405433 seconds
[16.955s][info ][safepoint    ] Entering safepoint region: GenCollectForAllocation
[16.955s][info ][gc,start     ] GC(162) Pause Young (Allocation Failure)
[16.955s][info ][gc,task      ] GC(162) Using 4 workers of 4 for evacuation
[16.960s][debug][gc,ref       ] GC(162) Skipped phase1 of Reference Processing due to unavailable references
[16.960s][debug][gc,ref       ] GC(162) Skipped phase3 of Reference Processing due to unavailable references
[16.961s][debug][gc,age       ] GC(162) Desired survivor size 15368192 bytes, new threshold 6 (max threshold 6)
[16.961s][info ][gc,heap      ] GC(162) ParNew: 250688K->9235K(270336K)
[16.961s][info ][gc,heap      ] GC(162) CMS: 265006K->265548K(600768K)
[16.961s][info ][gc,metaspace ] GC(162) Metaspace: 49204K->49204K(1093632K)
[16.961s][info ][gc           ] GC(162) Pause Young (Allocation Failure) 503M->268M(850M) 5.656ms
[16.961s][info ][gc,cpu       ] GC(162) User=0.02s Sys=0.00s Real=0.01s
[16.961s][info ][safepoint    ] Leaving safepoint region
[16.961s][info ][safepoint    ] Total time for which application threads were stopped: 0.0060789 seconds, Stopping threads took: 0.0001924 seconds
[17.000s][info ][safepoint    ] Application time: 0.0392639 seconds
[17.000s][info ][safepoint    ] Entering safepoint region: GenCollectForAllocation
[17.000s][info ][gc,start     ] GC(163) Pause Young (Allocation Failure)
[17.000s][info ][gc,task      ] GC(163) Using 4 workers of 4 for evacuation
[17.006s][debug][gc,ref       ] GC(163) Skipped phase1 of Reference Processing due to unavailable references
[17.006s][debug][gc,ref       ] GC(163) Skipped phase3 of Reference Processing due to unavailable references
[17.006s][debug][gc,ref       ] GC(163) Skipped phase4 of Reference Processing due to unavailable references
[17.006s][debug][gc,age       ] GC(163) Desired survivor size 15368192 bytes, new threshold 6 (max threshold 6)
[17.006s][info ][gc,heap      ] GC(163) ParNew: 249555K->8094K(270336K)
[17.006s][info ][gc,heap      ] GC(163) CMS: 265548K->266377K(600768K)
[17.006s][info ][gc,metaspace ] GC(163) Metaspace: 49208K->49208K(1093632K)
[17.006s][info ][gc           ] GC(163) Pause Young (Allocation Failure) 503M->268M(850M) 5.747ms
[17.006s][info ][gc,cpu       ] GC(163) User=0.02s Sys=0.00s Real=0.00s
[17.006s][info ][safepoint    ] Leaving safepoint region
[17.006s][info ][safepoint    ] Total time for which application threads were stopped: 0.0061881 seconds, Stopping threads took: 0.0001987 seconds
[17.050s][info ][safepoint    ] Application time: 0.0437571 seconds
[17.050s][info ][safepoint    ] Entering safepoint region: GenCollectForAllocation
[17.050s][info ][gc,start     ] GC(164) Pause Young (Allocation Failure)
[17.050s][info ][gc,task      ] GC(164) Using 4 workers of 4 for evacuation
[17.056s][debug][gc,ref       ] GC(164) Skipped phase1 of Reference Processing due to unavailable references
[17.056s][debug][gc,ref       ] GC(164) Skipped phase3 of Reference Processing due to unavailable references
[17.056s][debug][gc,ref       ] GC(164) Skipped phase4 of Reference Processing due to unavailable references
[17.056s][debug][gc,age       ] GC(164) Desired survivor size 15368192 bytes, new threshold 6 (max threshold 6)
[17.056s][info ][gc,heap      ] GC(164) ParNew: 248414K->7913K(270336K)
[17.057s][info ][gc,heap      ] GC(164) CMS: 266377K->267634K(600768K)
[17.057s][info ][gc,metaspace ] GC(164) Metaspace: 49209K->49209K(1093632K)
[17.057s][info ][gc           ] GC(164) Pause Young (Allocation Failure) 502M->269M(850M) 6.230ms
[17.057s][info ][gc,cpu       ] GC(164) User=0.03s Sys=0.00s Real=0.01s
[17.057s][info ][safepoint    ] Leaving safepoint region
[17.057s][info ][safepoint    ] Total time for which application threads were stopped: 0.0065255 seconds, Stopping threads took: 0.0000816 seconds
[17.104s][info ][safepoint    ] Application time: 0.0470072 seconds
[17.104s][info ][safepoint    ] Entering safepoint region: GenCollectForAllocation
[17.104s][info ][gc,start     ] GC(165) Pause Young (Allocation Failure)
[17.104s][info ][gc,task      ] GC(165) Using 4 workers of 4 for evacuation
[17.110s][debug][gc,ref       ] GC(165) Skipped phase1 of Reference Processing due to unavailable references
[17.110s][debug][gc,ref       ] GC(165) Skipped phase3 of Reference Processing due to unavailable references
[17.110s][debug][gc,ref       ] GC(165) Skipped phase4 of Reference Processing due to unavailable references
[17.110s][debug][gc,age       ] GC(165) Desired survivor size 15368192 bytes, new threshold 6 (max threshold 6)
[17.110s][info ][gc,heap      ] GC(165) ParNew: 248233K->8632K(270336K)
[17.110s][info ][gc,heap      ] GC(165) CMS: 267634K->268572K(600768K)
[17.110s][info ][gc,metaspace ] GC(165) Metaspace: 49210K->49210K(1093632K)
[17.110s][info ][gc           ] GC(165) Pause Young (Allocation Failure) 503M->270M(850M) 6.177ms
[17.110s][info ][gc,cpu       ] GC(165) User=0.02s Sys=0.00s Real=0.01s
[17.110s][info ][safepoint    ] Leaving safepoint region
[17.110s][info ][safepoint    ] Total time for which application threads were stopped: 0.0065368 seconds, Stopping threads took: 0.0001260 seconds
[17.152s][info ][safepoint    ] Application time: 0.0421272 seconds
[17.153s][info ][safepoint    ] Entering safepoint region: GenCollectForAllocation
[17.153s][info ][gc,start     ] GC(166) Pause Young (Allocation Failure)
[17.153s][info ][gc,task      ] GC(166) Using 4 workers of 4 for evacuation
[17.159s][debug][gc,ref       ] GC(166) Skipped phase1 of Reference Processing due to unavailable references
[17.159s][debug][gc,ref       ] GC(166) Skipped phase3 of Reference Processing due to unavailable references
[17.159s][debug][gc,ref       ] GC(166) Skipped phase4 of Reference Processing due to unavailable references
[17.160s][debug][gc,age       ] GC(166) Desired survivor size 15368192 bytes, new threshold 6 (max threshold 6)
[17.160s][info ][gc,heap      ] GC(166) ParNew: 248952K->6965K(270336K)
[17.160s][info ][gc,heap      ] GC(166) CMS: 268572K->270056K(600768K)
[17.160s][info ][gc,metaspace ] GC(166) Metaspace: 49212K->49212K(1093632K)
[17.160s][info ][gc           ] GC(166) Pause Young (Allocation Failure) 505M->270M(850M) 6.696ms
[17.160s][info ][gc,cpu       ] GC(166) User=0.03s Sys=0.00s Real=0.01s
[17.160s][info ][safepoint    ] Leaving safepoint region
[17.160s][info ][safepoint    ] Total time for which application threads were stopped: 0.0074014 seconds, Stopping threads took: 0.0004728 seconds
[17.194s][info ][safepoint    ] Application time: 0.0341581 seconds
[17.194s][info ][safepoint    ] Entering safepoint region: GenCollectForAllocation
[17.194s][info ][gc,start     ] GC(167) Pause Young (Allocation Failure)
[17.194s][info ][gc,task      ] GC(167) Using 4 workers of 4 for evacuation
[17.200s][debug][gc,ref       ] GC(167) Skipped phase1 of Reference Processing due to unavailable references
[17.200s][debug][gc,ref       ] GC(167) Skipped phase3 of Reference Processing due to unavailable references
[17.200s][debug][gc,ref       ] GC(167) Skipped phase4 of Reference Processing due to unavailable references
[17.200s][debug][gc,age       ] GC(167) Desired survivor size 15368192 bytes, new threshold 6 (max threshold 6)
[17.201s][info ][gc,heap      ] GC(167) ParNew: 247285K->6512K(270336K)
[17.201s][info ][gc,heap      ] GC(167) CMS: 270056K->271696K(600768K)
[17.201s][info ][gc,metaspace ] GC(167) Metaspace: 49212K->49212K(1093632K)
[17.201s][info ][gc           ] GC(167) Pause Young (Allocation Failure) 505M->271M(850M) 6.267ms
[17.201s][info ][gc,cpu       ] GC(167) User=0.02s Sys=0.00s Real=0.01s
[17.201s][info ][safepoint    ] Leaving safepoint region
[17.201s][info ][safepoint    ] Total time for which application threads were stopped: 0.0066407 seconds, Stopping threads took: 0.0001454 seconds
[17.237s][info ][safepoint    ] Application time: 0.0361036 seconds
[17.237s][info ][safepoint    ] Entering safepoint region: GenCollectForAllocation
[17.237s][info ][gc,start     ] GC(168) Pause Young (Allocation Failure)
[17.237s][info ][gc,task      ] GC(168) Using 4 workers of 4 for evacuation
[17.242s][debug][gc,ref       ] GC(168) Skipped phase1 of Reference Processing due to unavailable references
[17.242s][debug][gc,ref       ] GC(168) Skipped phase2 of Reference Processing due to unavailable references
[17.242s][debug][gc,ref       ] GC(168) Skipped phase3 of Reference Processing due to unavailable references
[17.242s][debug][gc,ref       ] GC(168) Skipped phase4 of Reference Processing due to unavailable references
[17.242s][debug][gc,age       ] GC(168) Desired survivor size 15368192 bytes, new threshold 6 (max threshold 6)
[17.242s][info ][gc,heap      ] GC(168) ParNew: 246832K->5518K(270336K)
[17.242s][info ][gc,heap      ] GC(168) CMS: 271696K->272350K(600768K)
[17.242s][info ][gc,metaspace ] GC(168) Metaspace: 49212K->49212K(1093632K)
[17.242s][info ][gc           ] GC(168) Pause Young (Allocation Failure) 506M->271M(850M) 4.711ms
[17.242s][info ][gc,cpu       ] GC(168) User=0.02s Sys=0.00s Real=0.00s
[17.242s][info ][safepoint    ] Leaving safepoint region
[17.242s][info ][safepoint    ] Total time for which application threads were stopped: 0.0050798 seconds, Stopping threads took: 0.0001469 seconds
[17.300s][info ][safepoint    ] Application time: 0.0582401 seconds
[17.301s][info ][safepoint    ] Entering safepoint region: GenCollectForAllocation
[17.302s][info ][gc,start     ] GC(169) Pause Young (Allocation Failure)
[17.302s][info ][gc,task      ] GC(169) Using 4 workers of 4 for evacuation
[17.306s][debug][gc,ref       ] GC(169) Skipped phase1 of Reference Processing due to unavailable references
[17.306s][debug][gc,ref       ] GC(169) Skipped phase2 of Reference Processing due to unavailable references
[17.306s][debug][gc,ref       ] GC(169) Skipped phase3 of Reference Processing due to unavailable references
[17.306s][debug][gc,ref       ] GC(169) Skipped phase4 of Reference Processing due to unavailable references
[17.306s][debug][gc,age       ] GC(169) Desired survivor size 15368192 bytes, new threshold 6 (max threshold 6)
[17.306s][info ][gc,heap      ] GC(169) ParNew: 245838K->5064K(270336K)
[17.306s][info ][gc,heap      ] GC(169) CMS: 272350K->272887K(600768K)
[17.306s][info ][gc,metaspace ] GC(169) Metaspace: 49212K->49212K(1093632K)
[17.306s][info ][gc           ] GC(169) Pause Young (Allocation Failure) 506M->271M(850M) 4.626ms
[17.306s][info ][gc,cpu       ] GC(169) User=0.02s Sys=0.00s Real=0.00s
[17.306s][info ][safepoint    ] Leaving safepoint region
[17.306s][info ][safepoint    ] Total time for which application threads were stopped: 0.0061354 seconds, Stopping threads took: 0.0012938 seconds
[17.353s][info ][safepoint    ] Application time: 0.0468938 seconds
[17.353s][info ][safepoint    ] Entering safepoint region: GenCollectForAllocation
[17.353s][info ][gc,start     ] GC(170) Pause Young (Allocation Failure)
[17.353s][info ][gc,task      ] GC(170) Using 4 workers of 4 for evacuation
[17.360s][debug][gc,ref       ] GC(170) Skipped phase1 of Reference Processing due to unavailable references
[17.360s][debug][gc,ref       ] GC(170) Skipped phase2 of Reference Processing due to unavailable references
[17.360s][debug][gc,ref       ] GC(170) Skipped phase3 of Reference Processing due to unavailable references
[17.360s][debug][gc,ref       ] GC(170) Skipped phase4 of Reference Processing due to unavailable references
[17.360s][debug][gc,age       ] GC(170) Desired survivor size 15368192 bytes, new threshold 6 (max threshold 6)
[17.360s][info ][gc,heap      ] GC(170) ParNew: 245384K->7055K(270336K)
[17.360s][info ][gc,heap      ] GC(170) CMS: 272887K->273423K(600768K)
[17.360s][info ][gc,metaspace ] GC(170) Metaspace: 49213K->49213K(1093632K)
[17.360s][info ][gc           ] GC(170) Pause Young (Allocation Failure) 506M->273M(850M) 6.701ms
[17.360s][info ][gc,cpu       ] GC(170) User=0.02s Sys=0.00s Real=0.01s
[17.360s][info ][safepoint    ] Leaving safepoint region
[17.360s][info ][safepoint    ] Total time for which application threads were stopped: 0.0070485 seconds, Stopping threads took: 0.0001081 seconds
[17.393s][info ][safepoint    ] Application time: 0.0329676 seconds
[17.393s][info ][safepoint    ] Entering safepoint region: GenCollectForAllocation
[17.394s][info ][gc,start     ] GC(171) Pause Young (Allocation Failure)
[17.394s][info ][gc,task      ] GC(171) Using 4 workers of 4 for evacuation
[17.400s][debug][gc,ref       ] GC(171) Skipped phase1 of Reference Processing due to unavailable references
[17.400s][debug][gc,ref       ] GC(171) Skipped phase2 of Reference Processing due to unavailable references
[17.400s][debug][gc,ref       ] GC(171) Skipped phase3 of Reference Processing due to unavailable references
[17.400s][debug][gc,ref       ] GC(171) Skipped phase4 of Reference Processing due to unavailable references
[17.400s][debug][gc,age       ] GC(171) Desired survivor size 15368192 bytes, new threshold 6 (max threshold 6)
[17.400s][info ][gc,heap      ] GC(171) ParNew: 247375K->6610K(270336K)
[17.400s][info ][gc,heap      ] GC(171) CMS: 273423K->274300K(600768K)
[17.400s][info ][gc,metaspace ] GC(171) Metaspace: 49213K->49213K(1093632K)
[17.400s][info ][gc           ] GC(171) Pause Young (Allocation Failure) 508M->274M(850M) 6.321ms
[17.400s][info ][gc,cpu       ] GC(171) User=0.02s Sys=0.00s Real=0.01s
[17.400s][info ][safepoint    ] Leaving safepoint region
[17.400s][info ][safepoint    ] Total time for which application threads were stopped: 0.0067302 seconds, Stopping threads took: 0.0001578 seconds
[17.432s][info ][safepoint    ] Application time: 0.0318747 seconds
[17.432s][info ][safepoint    ] Entering safepoint region: GenCollectForAllocation
[17.432s][info ][gc,start     ] GC(172) Pause Young (Allocation Failure)
[17.432s][info ][gc,task      ] GC(172) Using 4 workers of 4 for evacuation
[17.439s][debug][gc,ref       ] GC(172) Skipped phase1 of Reference Processing due to unavailable references
[17.439s][debug][gc,ref       ] GC(172) Skipped phase2 of Reference Processing due to unavailable references
[17.439s][debug][gc,ref       ] GC(172) Skipped phase3 of Reference Processing due to unavailable references
[17.439s][debug][gc,ref       ] GC(172) Skipped phase4 of Reference Processing due to unavailable references
[17.439s][debug][gc,age       ] GC(172) Desired survivor size 15368192 bytes, new threshold 6 (max threshold 6)
[17.439s][info ][gc,heap      ] GC(172) ParNew: 246930K->5299K(270336K)
[17.439s][info ][gc,heap      ] GC(172) CMS: 274300K->275342K(600768K)
[17.439s][info ][gc,metaspace ] GC(172) Metaspace: 49213K->49213K(1093632K)
[17.439s][info ][gc           ] GC(172) Pause Young (Allocation Failure) 509M->274M(850M) 6.509ms
[17.439s][info ][gc,cpu       ] GC(172) User=0.03s Sys=0.00s Real=0.01s
[17.439s][info ][safepoint    ] Leaving safepoint region
[17.439s][info ][safepoint    ] Total time for which application threads were stopped: 0.0069153 seconds, Stopping threads took: 0.0001755 seconds
[17.479s][info ][safepoint    ] Application time: 0.0401830 seconds
[17.479s][info ][safepoint    ] Entering safepoint region: GenCollectForAllocation
[17.479s][info ][gc,start     ] GC(173) Pause Young (Allocation Failure)
[17.479s][info ][gc,task      ] GC(173) Using 4 workers of 4 for evacuation
[17.484s][debug][gc,ref       ] GC(173) Skipped phase1 of Reference Processing due to unavailable references
[17.484s][debug][gc,ref       ] GC(173) Skipped phase2 of Reference Processing due to unavailable references
[17.484s][debug][gc,ref       ] GC(173) Skipped phase3 of Reference Processing due to unavailable references
[17.484s][debug][gc,ref       ] GC(173) Skipped phase4 of Reference Processing due to unavailable references
[17.484s][debug][gc,age       ] GC(173) Desired survivor size 15368192 bytes, new threshold 6 (max threshold 6)
[17.485s][info ][gc,heap      ] GC(173) ParNew: 245619K->5495K(270336K)
[17.485s][info ][gc,heap      ] GC(173) CMS: 275342K->275677K(600768K)
[17.485s][info ][gc,metaspace ] GC(173) Metaspace: 49213K->49213K(1093632K)
[17.485s][info ][gc           ] GC(173) Pause Young (Allocation Failure) 508M->274M(850M) 5.149ms
[17.485s][info ][gc,cpu       ] GC(173) User=0.02s Sys=0.00s Real=0.00s
[17.485s][info ][safepoint    ] Leaving safepoint region
[17.485s][info ][safepoint    ] Total time for which application threads were stopped: 0.0055741 seconds, Stopping threads took: 0.0001939 seconds
[17.530s][info ][safepoint    ] Application time: 0.0451358 seconds
[17.530s][info ][safepoint    ] Entering safepoint region: GenCollectForAllocation
[17.530s][info ][gc,start     ] GC(174) Pause Young (Allocation Failure)
[17.530s][info ][gc,task      ] GC(174) Using 4 workers of 4 for evacuation
[17.535s][debug][gc,ref       ] GC(174) Skipped phase1 of Reference Processing due to unavailable references
[17.535s][debug][gc,ref       ] GC(174) Skipped phase2 of Reference Processing due to unavailable references
[17.535s][debug][gc,ref       ] GC(174) Skipped phase3 of Reference Processing due to unavailable references
[17.535s][debug][gc,ref       ] GC(174) Skipped phase4 of Reference Processing due to unavailable references
[17.535s][debug][gc,age       ] GC(174) Desired survivor size 15368192 bytes, new threshold 6 (max threshold 6)
[17.535s][info ][gc,heap      ] GC(174) ParNew: 245815K->6219K(270336K)
[17.535s][info ][gc,heap      ] GC(174) CMS: 275677K->276023K(600768K)
[17.535s][info ][gc,metaspace ] GC(174) Metaspace: 49213K->49213K(1093632K)
[17.535s][info ][gc           ] GC(174) Pause Young (Allocation Failure) 509M->275M(850M) 5.197ms
[17.535s][info ][gc,cpu       ] GC(174) User=0.02s Sys=0.00s Real=0.00s
[17.535s][info ][safepoint    ] Leaving safepoint region
[17.535s][info ][safepoint    ] Total time for which application threads were stopped: 0.0055825 seconds, Stopping threads took: 0.0001708 seconds
[17.578s][info ][safepoint    ] Application time: 0.0430744 seconds
[17.579s][info ][safepoint    ] Entering safepoint region: GenCollectForAllocation
[17.579s][info ][gc,start     ] GC(175) Pause Young (Allocation Failure)
[17.579s][info ][gc,task      ] GC(175) Using 4 workers of 4 for evacuation
[17.584s][debug][gc,ref       ] GC(175) Skipped phase1 of Reference Processing due to unavailable references
[17.584s][debug][gc,ref       ] GC(175) Skipped phase2 of Reference Processing due to unavailable references
[17.584s][debug][gc,ref       ] GC(175) Skipped phase3 of Reference Processing due to unavailable references
[17.584s][debug][gc,ref       ] GC(175) Skipped phase4 of Reference Processing due to unavailable references
[17.584s][debug][gc,age       ] GC(175) Desired survivor size 15368192 bytes, new threshold 6 (max threshold 6)
[17.584s][info ][gc,heap      ] GC(175) ParNew: 246539K->4494K(270336K)
[17.584s][info ][gc,heap      ] GC(175) CMS: 276023K->276592K(600768K)
[17.584s][info ][gc,metaspace ] GC(175) Metaspace: 49215K->49215K(1093632K)
[17.584s][info ][gc           ] GC(175) Pause Young (Allocation Failure) 510M->274M(850M) 5.187ms
[17.584s][info ][gc,cpu       ] GC(175) User=0.02s Sys=0.00s Real=0.00s
[17.584s][info ][safepoint    ] Leaving safepoint region
[17.584s][info ][safepoint    ] Total time for which application threads were stopped: 0.0056551 seconds, Stopping threads took: 0.0001300 seconds
[17.633s][info ][safepoint    ] Application time: 0.0490704 seconds
[17.633s][info ][safepoint    ] Entering safepoint region: GenCollectForAllocation
[17.634s][info ][gc,start     ] GC(176) Pause Young (Allocation Failure)
[17.634s][info ][gc,task      ] GC(176) Using 4 workers of 4 for evacuation
[17.639s][debug][gc,ref       ] GC(176) Skipped phase1 of Reference Processing due to unavailable references
[17.639s][debug][gc,ref       ] GC(176) Skipped phase2 of Reference Processing due to unavailable references
[17.639s][debug][gc,ref       ] GC(176) Skipped phase3 of Reference Processing due to unavailable references
[17.639s][debug][gc,ref       ] GC(176) Skipped phase4 of Reference Processing due to unavailable references
[17.640s][debug][gc,age       ] GC(176) Desired survivor size 15368192 bytes, new threshold 6 (max threshold 6)
[17.640s][info ][gc,heap      ] GC(176) ParNew: 244814K->4769K(270336K)
[17.640s][info ][gc,heap      ] GC(176) CMS: 276592K->278272K(600768K)
[17.640s][info ][gc,metaspace ] GC(176) Metaspace: 49215K->49215K(1093632K)
[17.640s][info ][gc           ] GC(176) Pause Young (Allocation Failure) 509M->276M(850M) 6.128ms
[17.640s][info ][gc,cpu       ] GC(176) User=0.01s Sys=0.01s Real=0.01s
[17.640s][info ][safepoint    ] Leaving safepoint region
[17.640s][info ][safepoint    ] Total time for which application threads were stopped: 0.0064900 seconds, Stopping threads took: 0.0001312 seconds
[17.680s][info ][safepoint    ] Application time: 0.0407284 seconds
[17.681s][info ][safepoint    ] Entering safepoint region: GenCollectForAllocation
[17.681s][info ][gc,start     ] GC(177) Pause Young (Allocation Failure)
[17.681s][info ][gc,task      ] GC(177) Using 4 workers of 4 for evacuation
[17.684s][debug][gc,ref       ] GC(177) Skipped phase1 of Reference Processing due to unavailable references
[17.684s][debug][gc,ref       ] GC(177) Skipped phase2 of Reference Processing due to unavailable references
[17.684s][debug][gc,ref       ] GC(177) Skipped phase3 of Reference Processing due to unavailable references
[17.684s][debug][gc,ref       ] GC(177) Skipped phase4 of Reference Processing due to unavailable references
[17.684s][debug][gc,age       ] GC(177) Desired survivor size 15368192 bytes, new threshold 6 (max threshold 6)
[17.684s][info ][gc,heap      ] GC(177) ParNew: 245089K->3352K(270336K)
[17.684s][info ][gc,heap      ] GC(177) CMS: 278272K->278590K(600768K)
[17.684s][info ][gc,metaspace ] GC(177) Metaspace: 49215K->49215K(1093632K)
[17.684s][info ][gc           ] GC(177) Pause Young (Allocation Failure) 511M->275M(850M) 3.695ms
[17.685s][info ][gc,cpu       ] GC(177) User=0.02s Sys=0.00s Real=0.00s
[17.685s][info ][safepoint    ] Leaving safepoint region
[17.685s][info ][safepoint    ] Total time for which application threads were stopped: 0.0040148 seconds, Stopping threads took: 0.0001111 seconds
[17.727s][info ][safepoint    ] Application time: 0.0420776 seconds
[17.727s][info ][safepoint    ] Entering safepoint region: GenCollectForAllocation
[17.727s][info ][gc,start     ] GC(178) Pause Young (Allocation Failure)
[17.727s][info ][gc,task      ] GC(178) Using 4 workers of 4 for evacuation
[17.730s][debug][gc,ref       ] GC(178) Skipped phase1 of Reference Processing due to unavailable references
[17.730s][debug][gc,ref       ] GC(178) Skipped phase2 of Reference Processing due to unavailable references
[17.730s][debug][gc,ref       ] GC(178) Skipped phase3 of Reference Processing due to unavailable references
[17.730s][debug][gc,ref       ] GC(178) Skipped phase4 of Reference Processing due to unavailable references
[17.730s][debug][gc,age       ] GC(178) Desired survivor size 15368192 bytes, new threshold 6 (max threshold 6)
[17.730s][info ][gc,heap      ] GC(178) ParNew: 243672K->3932K(270336K)
[17.730s][info ][gc,heap      ] GC(178) CMS: 278590K->278889K(600768K)
[17.730s][info ][gc,metaspace ] GC(178) Metaspace: 49215K->49215K(1093632K)
[17.730s][info ][gc           ] GC(178) Pause Young (Allocation Failure) 510M->276M(850M) 3.499ms
[17.730s][info ][gc,cpu       ] GC(178) User=0.02s Sys=0.00s Real=0.01s
[17.730s][info ][safepoint    ] Leaving safepoint region
[17.730s][info ][safepoint    ] Total time for which application threads were stopped: 0.0038301 seconds, Stopping threads took: 0.0001222 seconds
[17.785s][info ][safepoint    ] Application time: 0.0544602 seconds
[17.785s][info ][safepoint    ] Entering safepoint region: GenCollectForAllocation
[17.785s][info ][gc,start     ] GC(179) Pause Young (Allocation Failure)
[17.785s][info ][gc,task      ] GC(179) Using 4 workers of 4 for evacuation
[17.789s][debug][gc,ref       ] GC(179) Skipped phase1 of Reference Processing due to unavailable references
[17.789s][debug][gc,ref       ] GC(179) Skipped phase2 of Reference Processing due to unavailable references
[17.789s][debug][gc,ref       ] GC(179) Skipped phase3 of Reference Processing due to unavailable references
[17.789s][debug][gc,ref       ] GC(179) Skipped phase4 of Reference Processing due to unavailable references
[17.789s][debug][gc,age       ] GC(179) Desired survivor size 15368192 bytes, new threshold 6 (max threshold 6)
[17.789s][info ][gc,heap      ] GC(179) ParNew: 244252K->3691K(270336K)
[17.789s][info ][gc,heap      ] GC(179) CMS: 278889K->279300K(600768K)
[17.789s][info ][gc,metaspace ] GC(179) Metaspace: 49215K->49215K(1093632K)
[17.789s][info ][gc           ] GC(179) Pause Young (Allocation Failure) 510M->276M(850M) 3.932ms
[17.789s][info ][gc,cpu       ] GC(179) User=0.02s Sys=0.00s Real=0.01s
[17.789s][info ][safepoint    ] Leaving safepoint region
[17.789s][info ][safepoint    ] Total time for which application threads were stopped: 0.0043120 seconds, Stopping threads took: 0.0001586 seconds
[17.822s][info ][safepoint    ] Application time: 0.0324551 seconds
[17.822s][info ][safepoint    ] Entering safepoint region: GenCollectForAllocation
[17.822s][info ][gc,start     ] GC(180) Pause Young (Allocation Failure)
[17.822s][info ][gc,task      ] GC(180) Using 4 workers of 4 for evacuation
[17.827s][debug][gc,ref       ] GC(180) Skipped phase1 of Reference Processing due to unavailable references
[17.827s][debug][gc,ref       ] GC(180) Skipped phase2 of Reference Processing due to unavailable references
[17.827s][debug][gc,ref       ] GC(180) Skipped phase3 of Reference Processing due to unavailable references
[17.827s][debug][gc,ref       ] GC(180) Skipped phase4 of Reference Processing due to unavailable references
[17.827s][debug][gc,age       ] GC(180) Desired survivor size 15368192 bytes, new threshold 6 (max threshold 6)
[17.827s][info ][gc,heap      ] GC(180) ParNew: 244011K->3955K(270336K)
[17.827s][info ][gc,heap      ] GC(180) CMS: 279300K->279752K(600768K)
[17.827s][info ][gc,metaspace ] GC(180) Metaspace: 49215K->49215K(1093632K)
[17.827s][info ][gc           ] GC(180) Pause Young (Allocation Failure) 511M->277M(850M) 4.737ms
[17.827s][info ][gc,cpu       ] GC(180) User=0.01s Sys=0.00s Real=0.00s
[17.827s][info ][safepoint    ] Leaving safepoint region
[17.827s][info ][safepoint    ] Total time for which application threads were stopped: 0.0050941 seconds, Stopping threads took: 0.0001224 seconds
[17.860s][info ][safepoint    ] Application time: 0.0333017 seconds
[17.860s][info ][safepoint    ] Entering safepoint region: GenCollectForAllocation
[17.861s][info ][gc,start     ] GC(181) Pause Young (Allocation Failure)
[17.861s][info ][gc,task      ] GC(181) Using 4 workers of 4 for evacuation
[17.865s][debug][gc,ref       ] GC(181) Skipped phase1 of Reference Processing due to unavailable references
[17.865s][debug][gc,ref       ] GC(181) Skipped phase2 of Reference Processing due to unavailable references
[17.865s][debug][gc,ref       ] GC(181) Skipped phase3 of Reference Processing due to unavailable references
[17.865s][debug][gc,ref       ] GC(181) Skipped phase4 of Reference Processing due to unavailable references
[17.865s][debug][gc,age       ] GC(181) Desired survivor size 15368192 bytes, new threshold 6 (max threshold 6)
[17.865s][info ][gc,heap      ] GC(181) ParNew: 244275K->4892K(270336K)
[17.865s][info ][gc,heap      ] GC(181) CMS: 279752K->280175K(600768K)
[17.865s][info ][gc,metaspace ] GC(181) Metaspace: 49215K->49215K(1093632K)
[17.865s][info ][gc           ] GC(181) Pause Young (Allocation Failure) 511M->278M(850M) 4.367ms
[17.865s][info ][gc,cpu       ] GC(181) User=0.02s Sys=0.00s Real=0.00s
[17.865s][info ][safepoint    ] Leaving safepoint region
[17.865s][info ][safepoint    ] Total time for which application threads were stopped: 0.0047437 seconds, Stopping threads took: 0.0001704 seconds
[17.920s][info ][safepoint    ] Application time: 0.0548686 seconds
[17.920s][info ][safepoint    ] Entering safepoint region: GenCollectForAllocation
[17.920s][info ][gc,start     ] GC(182) Pause Young (Allocation Failure)
[17.920s][info ][gc,task      ] GC(182) Using 4 workers of 4 for evacuation
[17.925s][debug][gc,ref       ] GC(182) Skipped phase1 of Reference Processing due to unavailable references
[17.925s][debug][gc,ref       ] GC(182) Skipped phase2 of Reference Processing due to unavailable references
[17.925s][debug][gc,ref       ] GC(182) Skipped phase3 of Reference Processing due to unavailable references
[17.925s][debug][gc,ref       ] GC(182) Skipped phase4 of Reference Processing due to unavailable references
[17.925s][debug][gc,age       ] GC(182) Desired survivor size 15368192 bytes, new threshold 6 (max threshold 6)
[17.925s][info ][gc,heap      ] GC(182) ParNew: 245212K->5459K(270336K)
[17.925s][info ][gc,heap      ] GC(182) CMS: 280175K->280662K(600768K)
[17.925s][info ][gc,metaspace ] GC(182) Metaspace: 49238K->49238K(1093632K)
[17.925s][info ][gc           ] GC(182) Pause Young (Allocation Failure) 513M->279M(850M) 5.117ms
[17.925s][info ][gc,cpu       ] GC(182) User=0.02s Sys=0.00s Real=0.00s
[17.925s][info ][safepoint    ] Leaving safepoint region
[17.925s][info ][safepoint    ] Total time for which application threads were stopped: 0.0054598 seconds, Stopping threads took: 0.0001632 seconds
[17.963s][info ][safepoint    ] Application time: 0.0377256 seconds
[17.963s][info ][safepoint    ] Entering safepoint region: GenCollectForAllocation
[17.963s][info ][gc,start     ] GC(183) Pause Young (Allocation Failure)
[17.963s][info ][gc,task      ] GC(183) Using 4 workers of 4 for evacuation
[17.968s][debug][gc,ref       ] GC(183) Skipped phase1 of Reference Processing due to unavailable references
[17.968s][debug][gc,ref       ] GC(183) Skipped phase3 of Reference Processing due to unavailable references
[17.968s][debug][gc,age       ] GC(183) Desired survivor size 15368192 bytes, new threshold 6 (max threshold 6)
[17.969s][info ][gc,heap      ] GC(183) ParNew: 245779K->6557K(270336K)
[17.969s][info ][gc,heap      ] GC(183) CMS: 280662K->281060K(600768K)
[17.969s][info ][gc,metaspace ] GC(183) Metaspace: 49779K->49779K(1095680K)
[17.969s][info ][gc           ] GC(183) Pause Young (Allocation Failure) 514M->280M(850M) 5.065ms
[17.969s][info ][gc,cpu       ] GC(183) User=0.02s Sys=0.00s Real=0.01s
[17.969s][info ][safepoint    ] Leaving safepoint region
[17.969s][info ][safepoint    ] Total time for which application threads were stopped: 0.0054469 seconds, Stopping threads took: 0.0001736 seconds
[18.008s][info ][safepoint    ] Application time: 0.0391895 seconds
[18.011s][info ][safepoint    ] Entering safepoint region: GenCollectForAllocation
[18.011s][info ][gc,start     ] GC(184) Pause Young (Allocation Failure)
[18.011s][info ][gc,task      ] GC(184) Using 4 workers of 4 for evacuation
[18.017s][debug][gc,ref       ] GC(184) Skipped phase1 of Reference Processing due to unavailable references
[18.017s][debug][gc,ref       ] GC(184) Skipped phase3 of Reference Processing due to unavailable references
[18.017s][debug][gc,age       ] GC(184) Desired survivor size 15368192 bytes, new threshold 6 (max threshold 6)
[18.017s][info ][gc,heap      ] GC(184) ParNew: 246877K->5048K(270336K)
[18.017s][info ][gc,heap      ] GC(184) CMS: 281060K->281478K(600768K)
[18.017s][info ][gc,metaspace ] GC(184) Metaspace: 49847K->49847K(1095680K)
[18.017s][info ][gc           ] GC(184) Pause Young (Allocation Failure) 515M->279M(850M) 5.504ms
[18.017s][info ][gc,cpu       ] GC(184) User=0.02s Sys=0.00s Real=0.01s
[18.017s][info ][safepoint    ] Leaving safepoint region
[18.017s][info ][safepoint    ] Total time for which application threads were stopped: 0.0090642 seconds, Stopping threads took: 0.0033383 seconds
[18.058s][info ][safepoint    ] Application time: 0.0411238 seconds
[18.058s][info ][safepoint    ] Entering safepoint region: GenCollectForAllocation
[18.058s][info ][gc,start     ] GC(185) Pause Young (Allocation Failure)
[18.058s][info ][gc,task      ] GC(185) Using 4 workers of 4 for evacuation
[18.063s][debug][gc,ref       ] GC(185) Skipped phase1 of Reference Processing due to unavailable references
[18.064s][debug][gc,ref       ] GC(185) Skipped phase3 of Reference Processing due to unavailable references
[18.064s][debug][gc,ref       ] GC(185) Skipped phase4 of Reference Processing due to unavailable references
[18.064s][debug][gc,age       ] GC(185) Desired survivor size 15368192 bytes, new threshold 6 (max threshold 6)
[18.064s][info ][gc,heap      ] GC(185) ParNew: 245368K->6226K(270336K)
[18.064s][info ][gc,heap      ] GC(185) CMS: 281478K->282046K(600768K)
[18.064s][info ][gc,metaspace ] GC(185) Metaspace: 49879K->49879K(1095680K)
[18.064s][info ][gc           ] GC(185) Pause Young (Allocation Failure) 514M->281M(850M) 5.432ms
[18.064s][info ][gc,cpu       ] GC(185) User=0.03s Sys=0.00s Real=0.00s
[18.064s][info ][safepoint    ] Leaving safepoint region
[18.064s][info ][safepoint    ] Total time for which application threads were stopped: 0.0057245 seconds, Stopping threads took: 0.0000983 seconds
[18.111s][info ][safepoint    ] Application time: 0.0470367 seconds
[18.111s][info ][safepoint    ] Entering safepoint region: GenCollectForAllocation
[18.111s][info ][gc,start     ] GC(186) Pause Young (Allocation Failure)
[18.111s][info ][gc,task      ] GC(186) Using 4 workers of 4 for evacuation
[18.116s][debug][gc,ref       ] GC(186) Skipped phase1 of Reference Processing due to unavailable references
[18.116s][debug][gc,ref       ] GC(186) Skipped phase3 of Reference Processing due to unavailable references
[18.116s][debug][gc,ref       ] GC(186) Skipped phase4 of Reference Processing due to unavailable references
[18.116s][debug][gc,age       ] GC(186) Desired survivor size 15368192 bytes, new threshold 6 (max threshold 6)
[18.116s][info ][gc,heap      ] GC(186) ParNew: 246546K->6308K(270336K)
[18.116s][info ][gc,heap      ] GC(186) CMS: 282046K->282625K(600768K)
[18.116s][info ][gc,metaspace ] GC(186) Metaspace: 49949K->49949K(1095680K)
[18.116s][info ][gc           ] GC(186) Pause Young (Allocation Failure) 516M->282M(850M) 5.346ms
[18.116s][info ][gc,cpu       ] GC(186) User=0.03s Sys=0.00s Real=0.01s
[18.116s][info ][safepoint    ] Leaving safepoint region
[18.116s][info ][safepoint    ] Total time for which application threads were stopped: 0.0056485 seconds, Stopping threads took: 0.0001152 seconds
[18.166s][info ][safepoint    ] Application time: 0.0493397 seconds
[18.166s][info ][safepoint    ] Entering safepoint region: GenCollectForAllocation
[18.166s][info ][gc,start     ] GC(187) Pause Young (Allocation Failure)
[18.166s][info ][gc,task      ] GC(187) Using 4 workers of 4 for evacuation
[18.172s][debug][gc,ref       ] GC(187) Skipped phase1 of Reference Processing due to unavailable references
[18.172s][debug][gc,ref       ] GC(187) Skipped phase3 of Reference Processing due to unavailable references
[18.172s][debug][gc,ref       ] GC(187) Skipped phase4 of Reference Processing due to unavailable references
[18.172s][debug][gc,age       ] GC(187) Desired survivor size 15368192 bytes, new threshold 6 (max threshold 6)
[18.172s][info ][gc,heap      ] GC(187) ParNew: 246628K->5024K(270336K)
[18.172s][info ][gc,heap      ] GC(187) CMS: 282625K->283480K(600768K)
[18.172s][info ][gc,metaspace ] GC(187) Metaspace: 49967K->49967K(1095680K)
[18.172s][info ][gc           ] GC(187) Pause Young (Allocation Failure) 516M->281M(850M) 5.981ms
[18.172s][info ][gc,cpu       ] GC(187) User=0.03s Sys=0.00s Real=0.01s
[18.172s][info ][safepoint    ] Leaving safepoint region
[18.172s][info ][safepoint    ] Total time for which application threads were stopped: 0.0064364 seconds, Stopping threads took: 0.0002508 seconds
[18.211s][info ][safepoint    ] Application time: 0.0386656 seconds
[18.211s][info ][safepoint    ] Entering safepoint region: GenCollectForAllocation
[18.211s][info ][gc,start     ] GC(188) Pause Young (Allocation Failure)
[18.211s][info ][gc,task      ] GC(188) Using 4 workers of 4 for evacuation
[18.216s][debug][gc,ref       ] GC(188) Skipped phase1 of Reference Processing due to unavailable references
[18.216s][debug][gc,ref       ] GC(188) Skipped phase3 of Reference Processing due to unavailable references
[18.216s][debug][gc,ref       ] GC(188) Skipped phase4 of Reference Processing due to unavailable references
[18.217s][debug][gc,age       ] GC(188) Desired survivor size 15368192 bytes, new threshold 6 (max threshold 6)
[18.217s][info ][gc,heap      ] GC(188) ParNew: 245344K->3571K(270336K)
[18.217s][info ][gc,heap      ] GC(188) CMS: 283480K->284752K(600768K)
[18.217s][info ][gc,metaspace ] GC(188) Metaspace: 49980K->49980K(1095680K)
[18.217s][info ][gc           ] GC(188) Pause Young (Allocation Failure) 516M->281M(850M) 5.384ms
[18.217s][info ][gc,cpu       ] GC(188) User=0.03s Sys=0.00s Real=0.01s
[18.217s][info ][safepoint    ] Leaving safepoint region
[18.217s][info ][safepoint    ] Total time for which application threads were stopped: 0.0056857 seconds, Stopping threads took: 0.0000961 seconds
[18.254s][info ][safepoint    ] Application time: 0.0375903 seconds
[18.255s][info ][safepoint    ] Entering safepoint region: GenCollectForAllocation
[18.255s][info ][gc,start     ] GC(189) Pause Young (Allocation Failure)
[18.255s][info ][gc,task      ] GC(189) Using 4 workers of 4 for evacuation
[18.259s][debug][gc,ref       ] GC(189) Skipped phase1 of Reference Processing due to unavailable references
[18.259s][debug][gc,ref       ] GC(189) Skipped phase3 of Reference Processing due to unavailable references
[18.259s][debug][gc,ref       ] GC(189) Skipped phase4 of Reference Processing due to unavailable references
[18.260s][debug][gc,age       ] GC(189) Desired survivor size 15368192 bytes, new threshold 6 (max threshold 6)
[18.260s][info ][gc,heap      ] GC(189) ParNew: 243891K->4118K(270336K)
[18.260s][info ][gc,heap      ] GC(189) CMS: 284752K->285000K(600768K)
[18.260s][info ][gc,metaspace ] GC(189) Metaspace: 50008K->50008K(1095680K)
[18.260s][info ][gc           ] GC(189) Pause Young (Allocation Failure) 516M->282M(850M) 5.084ms
[18.260s][info ][gc,cpu       ] GC(189) User=0.01s Sys=0.00s Real=0.01s
[18.260s][info ][safepoint    ] Leaving safepoint region
[18.260s][info ][safepoint    ] Total time for which application threads were stopped: 0.0054560 seconds, Stopping threads took: 0.0001928 seconds
[18.330s][info ][safepoint    ] Application time: 0.0700575 seconds
[18.330s][info ][safepoint    ] Entering safepoint region: GenCollectForAllocation
[18.330s][info ][gc,start     ] GC(190) Pause Young (Allocation Failure)
[18.330s][info ][gc,task      ] GC(190) Using 4 workers of 4 for evacuation
[18.335s][debug][gc,ref       ] GC(190) Skipped phase1 of Reference Processing due to unavailable references
[18.335s][debug][gc,ref       ] GC(190) Skipped phase3 of Reference Processing due to unavailable references
[18.335s][debug][gc,age       ] GC(190) Desired survivor size 15368192 bytes, new threshold 6 (max threshold 6)
[18.335s][info ][gc,heap      ] GC(190) ParNew: 244438K->4250K(270336K)
[18.336s][info ][gc,heap      ] GC(190) CMS: 285000K->285402K(600768K)
[18.336s][info ][gc,metaspace ] GC(190) Metaspace: 50420K->50420K(1095680K)
[18.336s][info ][gc           ] GC(190) Pause Young (Allocation Failure) 517M->282M(850M) 5.292ms
[18.336s][info ][gc,cpu       ] GC(190) User=0.03s Sys=0.00s Real=0.00s
[18.336s][info ][safepoint    ] Leaving safepoint region
[18.336s][info ][safepoint    ] Total time for which application threads were stopped: 0.0056593 seconds, Stopping threads took: 0.0000872 seconds
[18.389s][info ][safepoint    ] Application time: 0.0537090 seconds
[18.389s][info ][safepoint    ] Entering safepoint region: GenCollectForAllocation
[18.390s][info ][gc,start     ] GC(191) Pause Young (Allocation Failure)
[18.390s][info ][gc,task      ] GC(191) Using 4 workers of 4 for evacuation
[18.395s][debug][gc,ref       ] GC(191) Skipped phase1 of Reference Processing due to unavailable references
[18.395s][debug][gc,ref       ] GC(191) Skipped phase3 of Reference Processing due to unavailable references
[18.395s][debug][gc,age       ] GC(191) Desired survivor size 15368192 bytes, new threshold 6 (max threshold 6)
[18.395s][info ][gc,heap      ] GC(191) ParNew: 244570K->3605K(270336K)
[18.395s][info ][gc,heap      ] GC(191) CMS: 285402K->285985K(600768K)
[18.395s][info ][gc,metaspace ] GC(191) Metaspace: 50537K->50537K(1095680K)
[18.395s][info ][gc           ] GC(191) Pause Young (Allocation Failure) 517M->282M(850M) 5.495ms
[18.395s][info ][gc,cpu       ] GC(191) User=0.03s Sys=0.00s Real=0.00s
[18.395s][info ][safepoint    ] Leaving safepoint region
[18.395s][info ][safepoint    ] Total time for which application threads were stopped: 0.0058251 seconds, Stopping threads took: 0.0001227 seconds
[18.422s][info ][safepoint    ] Application time: 0.0269719 seconds
[18.422s][info ][safepoint    ] Entering safepoint region: BulkRevokeBias
[18.425s][info ][safepoint    ] Leaving safepoint region
[18.425s][info ][safepoint    ] Total time for which application threads were stopped: 0.0025033 seconds, Stopping threads took: 0.0001239 seconds
[18.441s][info ][safepoint    ] Application time: 0.0165967 seconds
[18.441s][info ][safepoint    ] Entering safepoint region: GenCollectForAllocation
[18.442s][info ][gc,start     ] GC(192) Pause Young (Allocation Failure)
[18.442s][info ][gc,task      ] GC(192) Using 4 workers of 4 for evacuation
[18.446s][debug][gc,ref       ] GC(192) Skipped phase1 of Reference Processing due to unavailable references
[18.446s][debug][gc,ref       ] GC(192) Skipped phase3 of Reference Processing due to unavailable references
[18.446s][debug][gc,age       ] GC(192) Desired survivor size 15368192 bytes, new threshold 6 (max threshold 6)
[18.446s][info ][gc,heap      ] GC(192) ParNew: 243925K->3842K(270336K)
[18.446s][info ][gc,heap      ] GC(192) CMS: 285985K->286555K(600768K)
[18.446s][info ][gc,metaspace ] GC(192) Metaspace: 50680K->50680K(1095680K)
[18.446s][info ][gc           ] GC(192) Pause Young (Allocation Failure) 517M->283M(850M) 4.833ms
[18.446s][info ][gc,cpu       ] GC(192) User=0.02s Sys=0.00s Real=0.00s
[18.446s][info ][safepoint    ] Leaving safepoint region
[18.446s][info ][safepoint    ] Total time for which application threads were stopped: 0.0051631 seconds, Stopping threads took: 0.0001371 seconds
[18.505s][info ][safepoint    ] Application time: 0.0585656 seconds
[18.505s][info ][safepoint    ] Entering safepoint region: GenCollectForAllocation
[18.505s][info ][gc,start     ] GC(193) Pause Young (Allocation Failure)
[18.505s][info ][gc,task      ] GC(193) Using 4 workers of 4 for evacuation
[18.510s][debug][gc,ref       ] GC(193) Skipped phase1 of Reference Processing due to unavailable references
[18.510s][debug][gc,ref       ] GC(193) Skipped phase3 of Reference Processing due to unavailable references
[18.510s][debug][gc,age       ] GC(193) Desired survivor size 15368192 bytes, new threshold 6 (max threshold 6)
[18.510s][info ][gc,heap      ] GC(193) ParNew: 244162K->2407K(270336K)
[18.510s][info ][gc,heap      ] GC(193) CMS: 286555K->286872K(600768K)
[18.510s][info ][gc,metaspace ] GC(193) Metaspace: 50842K->50842K(1095680K)
[18.510s][info ][gc           ] GC(193) Pause Young (Allocation Failure) 518M->282M(850M) 4.678ms
[18.510s][info ][gc,cpu       ] GC(193) User=0.02s Sys=0.00s Real=0.01s
[18.510s][info ][safepoint    ] Leaving safepoint region
[18.510s][info ][safepoint    ] Total time for which application threads were stopped: 0.0051167 seconds, Stopping threads took: 0.0001931 seconds
[18.561s][info ][safepoint    ] Application time: 0.0506257 seconds
[18.561s][info ][safepoint    ] Entering safepoint region: GenCollectForAllocation
[18.561s][info ][gc,start     ] GC(194) Pause Young (Allocation Failure)
[18.561s][info ][gc,task      ] GC(194) Using 4 workers of 4 for evacuation
[18.566s][debug][gc,ref       ] GC(194) Skipped phase1 of Reference Processing due to unavailable references
[18.566s][debug][gc,ref       ] GC(194) Skipped phase3 of Reference Processing due to unavailable references
[18.566s][debug][gc,ref       ] GC(194) Skipped phase4 of Reference Processing due to unavailable references
[18.566s][debug][gc,age       ] GC(194) Desired survivor size 15368192 bytes, new threshold 6 (max threshold 6)
[18.566s][info ][gc,heap      ] GC(194) ParNew: 242727K->2707K(270336K)
[18.566s][info ][gc,heap      ] GC(194) CMS: 286872K->287152K(600768K)
[18.566s][info ][gc,metaspace ] GC(194) Metaspace: 50923K->50923K(1095680K)
[18.566s][info ][gc           ] GC(194) Pause Young (Allocation Failure) 517M->283M(850M) 4.702ms
[18.566s][info ][gc,cpu       ] GC(194) User=0.03s Sys=0.00s Real=0.00s
[18.566s][info ][safepoint    ] Leaving safepoint region
[18.566s][info ][safepoint    ] Total time for which application threads were stopped: 0.0050773 seconds, Stopping threads took: 0.0001595 seconds
[18.606s][info ][safepoint    ] Application time: 0.0403543 seconds
[18.606s][info ][safepoint    ] Entering safepoint region: GenCollectForAllocation
[18.607s][info ][gc,start     ] GC(195) Pause Young (Allocation Failure)
[18.607s][info ][gc,task      ] GC(195) Using 4 workers of 4 for evacuation
[18.612s][debug][gc,ref       ] GC(195) Skipped phase1 of Reference Processing due to unavailable references
[18.612s][debug][gc,ref       ] GC(195) Skipped phase3 of Reference Processing due to unavailable references
[18.612s][debug][gc,ref       ] GC(195) Skipped phase4 of Reference Processing due to unavailable references
[18.612s][debug][gc,age       ] GC(195) Desired survivor size 15368192 bytes, new threshold 6 (max threshold 6)
[18.612s][info ][gc,heap      ] GC(195) ParNew: 243027K->1841K(270336K)
[18.612s][info ][gc,heap      ] GC(195) CMS: 287152K->287807K(600768K)
[18.612s][info ][gc,metaspace ] GC(195) Metaspace: 50947K->50947K(1095680K)
[18.612s][info ][gc           ] GC(195) Pause Young (Allocation Failure) 517M->282M(850M) 5.409ms
[18.612s][info ][gc,cpu       ] GC(195) User=0.03s Sys=0.00s Real=0.01s
[18.612s][info ][safepoint    ] Leaving safepoint region
[18.612s][info ][safepoint    ] Total time for which application threads were stopped: 0.0057532 seconds, Stopping threads took: 0.0001346 seconds
[18.647s][info ][safepoint    ] Application time: 0.0346141 seconds
[18.647s][info ][safepoint    ] Entering safepoint region: GenCollectForAllocation
[18.647s][info ][gc,start     ] GC(196) Pause Young (Allocation Failure)
[18.647s][info ][gc,task      ] GC(196) Using 4 workers of 4 for evacuation
[18.651s][debug][gc,ref       ] GC(196) Skipped phase1 of Reference Processing due to unavailable references
[18.651s][debug][gc,ref       ] GC(196) Skipped phase3 of Reference Processing due to unavailable references
[18.651s][debug][gc,ref       ] GC(196) Skipped phase4 of Reference Processing due to unavailable references
[18.651s][debug][gc,age       ] GC(196) Desired survivor size 15368192 bytes, new threshold 6 (max threshold 6)
[18.651s][info ][gc,heap      ] GC(196) ParNew: 242161K->1443K(270336K)
[18.651s][info ][gc,heap      ] GC(196) CMS: 287807K->288311K(600768K)
[18.651s][info ][gc,metaspace ] GC(196) Metaspace: 50983K->50983K(1095680K)
[18.651s][info ][gc           ] GC(196) Pause Young (Allocation Failure) 517M->282M(850M) 3.803ms
[18.651s][info ][gc,cpu       ] GC(196) User=0.01s Sys=0.00s Real=0.01s
[18.651s][info ][safepoint    ] Leaving safepoint region
[18.651s][info ][safepoint    ] Total time for which application threads were stopped: 0.0041267 seconds, Stopping threads took: 0.0001456 seconds
[18.700s][info ][safepoint    ] Application time: 0.0496247 seconds
[18.701s][info ][safepoint    ] Entering safepoint region: GenCollectForAllocation
[18.701s][info ][gc,start     ] GC(197) Pause Young (Allocation Failure)
[18.701s][info ][gc,task      ] GC(197) Using 4 workers of 4 for evacuation
[18.705s][debug][gc,ref       ] GC(197) Skipped phase1 of Reference Processing due to unavailable references
[18.705s][debug][gc,ref       ] GC(197) Skipped phase3 of Reference Processing due to unavailable references
[18.705s][debug][gc,ref       ] GC(197) Skipped phase4 of Reference Processing due to unavailable references
[18.705s][debug][gc,age       ] GC(197) Desired survivor size 15368192 bytes, new threshold 6 (max threshold 6)
[18.705s][info ][gc,heap      ] GC(197) ParNew: 241763K->2060K(270336K)
[18.705s][info ][gc,heap      ] GC(197) CMS: 288311K->288412K(600768K)
[18.705s][info ][gc,metaspace ] GC(197) Metaspace: 51028K->51028K(1095680K)
[18.705s][info ][gc           ] GC(197) Pause Young (Allocation Failure) 517M->283M(850M) 3.876ms
[18.705s][info ][gc,cpu       ] GC(197) User=0.02s Sys=0.00s Real=0.00s
[18.705s][info ][safepoint    ] Leaving safepoint region
[18.705s][info ][safepoint    ] Total time for which application threads were stopped: 0.0043396 seconds, Stopping threads took: 0.0002300 seconds
[18.750s][info ][safepoint    ] Application time: 0.0452776 seconds
[18.750s][info ][safepoint    ] Entering safepoint region: GenCollectForAllocation
[18.751s][info ][gc,start     ] GC(198) Pause Young (Allocation Failure)
[18.751s][info ][gc,task      ] GC(198) Using 4 workers of 4 for evacuation
[18.754s][debug][gc,ref       ] GC(198) Skipped phase1 of Reference Processing due to unavailable references
[18.754s][debug][gc,ref       ] GC(198) Skipped phase2 of Reference Processing due to unavailable references
[18.754s][debug][gc,ref       ] GC(198) Skipped phase3 of Reference Processing due to unavailable references
[18.754s][debug][gc,ref       ] GC(198) Skipped phase4 of Reference Processing due to unavailable references
[18.754s][debug][gc,age       ] GC(198) Desired survivor size 15368192 bytes, new threshold 6 (max threshold 6)
[18.754s][info ][gc,heap      ] GC(198) ParNew: 242380K->2463K(270336K)
[18.754s][info ][gc,heap      ] GC(198) CMS: 288412K->288488K(600768K)
[18.754s][info ][gc,metaspace ] GC(198) Metaspace: 51055K->51055K(1095680K)
[18.754s][info ][gc           ] GC(198) Pause Young (Allocation Failure) 518M->284M(850M) 3.479ms
[18.754s][info ][gc,cpu       ] GC(198) User=0.02s Sys=0.00s Real=0.00s
[18.754s][info ][safepoint    ] Leaving safepoint region
[18.754s][info ][safepoint    ] Total time for which application threads were stopped: 0.0042453 seconds, Stopping threads took: 0.0002207 seconds
[18.790s][info ][safepoint    ] Application time: 0.0353851 seconds
[18.790s][info ][safepoint    ] Entering safepoint region: GenCollectForAllocation
[18.790s][info ][gc,start     ] GC(199) Pause Young (Allocation Failure)
[18.790s][info ][gc,task      ] GC(199) Using 4 workers of 4 for evacuation
[18.794s][debug][gc,ref       ] GC(199) Skipped phase1 of Reference Processing due to unavailable references
[18.794s][debug][gc,ref       ] GC(199) Skipped phase2 of Reference Processing due to unavailable references
[18.794s][debug][gc,ref       ] GC(199) Skipped phase3 of Reference Processing due to unavailable references
[18.794s][debug][gc,ref       ] GC(199) Skipped phase4 of Reference Processing due to unavailable references
[18.794s][debug][gc,age       ] GC(199) Desired survivor size 15368192 bytes, new threshold 6 (max threshold 6)
[18.794s][info ][gc,heap      ] GC(199) ParNew: 242783K->1701K(270336K)
[18.794s][info ][gc,heap      ] GC(199) CMS: 288488K->288819K(600768K)
[18.794s][info ][gc,metaspace ] GC(199) Metaspace: 51088K->51088K(1095680K)
[18.794s][info ][gc           ] GC(199) Pause Young (Allocation Failure) 518M->283M(850M) 3.659ms
[18.794s][info ][gc,cpu       ] GC(199) User=0.01s Sys=0.00s Real=0.00s
[18.794s][info ][safepoint    ] Leaving safepoint region
[18.794s][info ][safepoint    ] Total time for which application threads were stopped: 0.0041689 seconds, Stopping threads took: 0.0003202 seconds
[18.841s][info ][safepoint    ] Application time: 0.0466974 seconds
[18.841s][info ][safepoint    ] Entering safepoint region: GenCollectForAllocation
[18.841s][info ][gc,start     ] GC(200) Pause Young (Allocation Failure)
[18.841s][info ][gc,task      ] GC(200) Using 4 workers of 4 for evacuation
[18.845s][debug][gc,ref       ] GC(200) Skipped phase1 of Reference Processing due to unavailable references
[18.845s][debug][gc,ref       ] GC(200) Skipped phase2 of Reference Processing due to unavailable references
[18.845s][debug][gc,ref       ] GC(200) Skipped phase3 of Reference Processing due to unavailable references
[18.845s][debug][gc,ref       ] GC(200) Skipped phase4 of Reference Processing due to unavailable references
[18.845s][debug][gc,age       ] GC(200) Desired survivor size 15368192 bytes, new threshold 6 (max threshold 6)
[18.845s][info ][gc,heap      ] GC(200) ParNew: 242021K->2163K(270336K)
[18.845s][info ][gc,heap      ] GC(200) CMS: 288819K->288967K(600768K)
[18.845s][info ][gc,metaspace ] GC(200) Metaspace: 51089K->51089K(1095680K)
[18.845s][info ][gc           ] GC(200) Pause Young (Allocation Failure) 518M->284M(850M) 4.066ms
[18.845s][info ][gc,cpu       ] GC(200) User=0.02s Sys=0.00s Real=0.00s
[18.845s][info ][safepoint    ] Leaving safepoint region
[18.845s][info ][safepoint    ] Total time for which application threads were stopped: 0.0044207 seconds, Stopping threads took: 0.0001436 seconds
[18.890s][info ][safepoint    ] Application time: 0.0449890 seconds
[18.890s][info ][safepoint    ] Entering safepoint region: GenCollectForAllocation
[18.891s][info ][gc,start     ] GC(201) Pause Young (Allocation Failure)
[18.891s][info ][gc,task      ] GC(201) Using 4 workers of 4 for evacuation
[18.894s][debug][gc,ref       ] GC(201) Skipped phase1 of Reference Processing due to unavailable references
[18.894s][debug][gc,ref       ] GC(201) Skipped phase2 of Reference Processing due to unavailable references
[18.894s][debug][gc,ref       ] GC(201) Skipped phase3 of Reference Processing due to unavailable references
[18.894s][debug][gc,ref       ] GC(201) Skipped phase4 of Reference Processing due to unavailable references
[18.894s][debug][gc,age       ] GC(201) Desired survivor size 15368192 bytes, new threshold 6 (max threshold 6)
[18.894s][info ][gc,heap      ] GC(201) ParNew: 242483K->2904K(270336K)
[18.894s][info ][gc,heap      ] GC(201) CMS: 288967K->289059K(600768K)
[18.894s][info ][gc,metaspace ] GC(201) Metaspace: 51098K->51098K(1095680K)
[18.894s][info ][gc           ] GC(201) Pause Young (Allocation Failure) 518M->285M(850M) 3.709ms
[18.894s][info ][gc,cpu       ] GC(201) User=0.02s Sys=0.00s Real=0.00s
[18.894s][info ][safepoint    ] Leaving safepoint region
[18.894s][info ][safepoint    ] Total time for which application threads were stopped: 0.0040498 seconds, Stopping threads took: 0.0001275 seconds
[18.930s][info ][safepoint    ] Application time: 0.0358237 seconds
[18.930s][info ][safepoint    ] Entering safepoint region: GenCollectForAllocation
[18.930s][info ][gc,start     ] GC(202) Pause Young (Allocation Failure)
[18.930s][info ][gc,task      ] GC(202) Using 4 workers of 4 for evacuation
[18.934s][debug][gc,ref       ] GC(202) Skipped phase1 of Reference Processing due to unavailable references
[18.934s][debug][gc,ref       ] GC(202) Skipped phase2 of Reference Processing due to unavailable references
[18.934s][debug][gc,ref       ] GC(202) Skipped phase3 of Reference Processing due to unavailable references
[18.934s][debug][gc,ref       ] GC(202) Skipped phase4 of Reference Processing due to unavailable references
[18.934s][debug][gc,age       ] GC(202) Desired survivor size 15368192 bytes, new threshold 6 (max threshold 6)
[18.934s][info ][gc,heap      ] GC(202) ParNew: 243224K->1963K(270336K)
[18.934s][info ][gc,heap      ] GC(202) CMS: 289059K->289110K(600768K)
[18.934s][info ][gc,metaspace ] GC(202) Metaspace: 51105K->51105K(1095680K)
[18.934s][info ][gc           ] GC(202) Pause Young (Allocation Failure) 519M->284M(850M) 4.057ms
[18.934s][info ][gc,cpu       ] GC(202) User=0.02s Sys=0.00s Real=0.00s
[18.935s][info ][safepoint    ] Leaving safepoint region
[18.935s][info ][safepoint    ] Total time for which application threads were stopped: 0.0043944 seconds, Stopping threads took: 0.0001014 seconds
[18.978s][info ][safepoint    ] Application time: 0.0435048 seconds
[18.978s][info ][safepoint    ] Entering safepoint region: GenCollectForAllocation
[18.978s][info ][gc,start     ] GC(203) Pause Young (Allocation Failure)
[18.978s][info ][gc,task      ] GC(203) Using 4 workers of 4 for evacuation
[18.983s][debug][gc,ref       ] GC(203) Skipped phase1 of Reference Processing due to unavailable references
[18.983s][debug][gc,ref       ] GC(203) Skipped phase2 of Reference Processing due to unavailable references
[18.983s][debug][gc,ref       ] GC(203) Skipped phase3 of Reference Processing due to unavailable references
[18.983s][debug][gc,ref       ] GC(203) Skipped phase4 of Reference Processing due to unavailable references
[18.984s][debug][gc,age       ] GC(203) Desired survivor size 15368192 bytes, new threshold 6 (max threshold 6)
[18.984s][info ][gc,heap      ] GC(203) ParNew: 242283K->2339K(270336K)
[18.984s][info ][gc,heap      ] GC(203) CMS: 289110K->289662K(600768K)
[18.984s][info ][gc,metaspace ] GC(203) Metaspace: 51108K->51108K(1095680K)
[18.984s][info ][gc           ] GC(203) Pause Young (Allocation Failure) 518M->285M(850M) 5.441ms
[18.984s][info ][gc,cpu       ] GC(203) User=0.02s Sys=0.00s Real=0.00s
[18.984s][info ][safepoint    ] Leaving safepoint region
[18.984s][info ][safepoint    ] Total time for which application threads were stopped: 0.0057649 seconds, Stopping threads took: 0.0001210 seconds
[19.072s][info ][safepoint    ] Application time: 0.0880895 seconds
[19.072s][info ][safepoint    ] Entering safepoint region: GenCollectForAllocation
[19.072s][info ][gc,start     ] GC(204) Pause Young (Allocation Failure)
[19.072s][info ][gc,task      ] GC(204) Using 4 workers of 4 for evacuation
[19.076s][debug][gc,ref       ] GC(204) Skipped phase1 of Reference Processing due to unavailable references
[19.076s][debug][gc,ref       ] GC(204) Skipped phase2 of Reference Processing due to unavailable references
[19.076s][debug][gc,ref       ] GC(204) Skipped phase3 of Reference Processing due to unavailable references
[19.076s][debug][gc,ref       ] GC(204) Skipped phase4 of Reference Processing due to unavailable references
[19.077s][debug][gc,age       ] GC(204) Desired survivor size 15368192 bytes, new threshold 6 (max threshold 6)
[19.077s][info ][gc,heap      ] GC(204) ParNew: 242659K->2670K(270336K)
[19.077s][info ][gc,heap      ] GC(204) CMS: 289662K->289879K(600768K)
[19.077s][info ][gc,metaspace ] GC(204) Metaspace: 51119K->51119K(1095680K)
[19.077s][info ][gc           ] GC(204) Pause Young (Allocation Failure) 519M->285M(850M) 4.432ms
[19.077s][info ][gc,cpu       ] GC(204) User=0.02s Sys=0.00s Real=0.01s
[19.077s][info ][safepoint    ] Leaving safepoint region
[19.077s][info ][safepoint    ] Total time for which application threads were stopped: 0.0047426 seconds, Stopping threads took: 0.0001293 seconds
[19.126s][info ][safepoint    ] Application time: 0.0494785 seconds
[19.126s][info ][safepoint    ] Entering safepoint region: GenCollectForAllocation
[19.126s][info ][gc,start     ] GC(205) Pause Young (Allocation Failure)
[19.127s][info ][gc,task      ] GC(205) Using 4 workers of 4 for evacuation
[19.130s][debug][gc,ref       ] GC(205) Skipped phase1 of Reference Processing due to unavailable references
[19.130s][debug][gc,ref       ] GC(205) Skipped phase2 of Reference Processing due to unavailable references
[19.130s][debug][gc,ref       ] GC(205) Skipped phase3 of Reference Processing due to unavailable references
[19.130s][debug][gc,ref       ] GC(205) Skipped phase4 of Reference Processing due to unavailable references
[19.130s][debug][gc,age       ] GC(205) Desired survivor size 15368192 bytes, new threshold 6 (max threshold 6)
[19.130s][info ][gc,heap      ] GC(205) ParNew: 242990K->1774K(270336K)
[19.130s][info ][gc,heap      ] GC(205) CMS: 289879K->289913K(600768K)
[19.130s][info ][gc,metaspace ] GC(205) Metaspace: 51119K->51119K(1095680K)
[19.130s][info ][gc           ] GC(205) Pause Young (Allocation Failure) 520M->284M(850M) 3.345ms
[19.130s][info ][gc,cpu       ] GC(205) User=0.02s Sys=0.00s Real=0.01s
[19.130s][info ][safepoint    ] Leaving safepoint region
[19.130s][info ][safepoint    ] Total time for which application threads were stopped: 0.0036473 seconds, Stopping threads took: 0.0000899 seconds
[19.193s][info ][safepoint    ] Application time: 0.0635720 seconds
[19.194s][info ][safepoint    ] Entering safepoint region: GenCollectForAllocation
[19.194s][info ][gc,start     ] GC(206) Pause Young (Allocation Failure)
[19.194s][info ][gc,task      ] GC(206) Using 4 workers of 4 for evacuation
[19.198s][debug][gc,ref       ] GC(206) Skipped phase1 of Reference Processing due to unavailable references
[19.198s][debug][gc,ref       ] GC(206) Skipped phase2 of Reference Processing due to unavailable references
[19.198s][debug][gc,ref       ] GC(206) Skipped phase3 of Reference Processing due to unavailable references
[19.198s][debug][gc,ref       ] GC(206) Skipped phase4 of Reference Processing due to unavailable references
[19.198s][debug][gc,age       ] GC(206) Desired survivor size 15368192 bytes, new threshold 6 (max threshold 6)
[19.198s][info ][gc,heap      ] GC(206) ParNew: 242094K->2165K(270336K)
[19.198s][info ][gc,heap      ] GC(206) CMS: 289913K->290518K(600768K)
[19.198s][info ][gc,metaspace ] GC(206) Metaspace: 51125K->51125K(1095680K)
[19.198s][info ][gc           ] GC(206) Pause Young (Allocation Failure) 519M->285M(850M) 4.508ms
[19.198s][info ][gc,cpu       ] GC(206) User=0.01s Sys=0.00s Real=0.01s
[19.198s][info ][safepoint    ] Leaving safepoint region
[19.198s][info ][safepoint    ] Total time for which application threads were stopped: 0.0048430 seconds, Stopping threads took: 0.0001125 seconds
[19.252s][info ][safepoint    ] Application time: 0.0535978 seconds
[19.252s][info ][safepoint    ] Entering safepoint region: GenCollectForAllocation
[19.252s][info ][gc,start     ] GC(207) Pause Young (Allocation Failure)
[19.252s][info ][gc,task      ] GC(207) Using 4 workers of 4 for evacuation
[19.255s][debug][gc,ref       ] GC(207) Skipped phase1 of Reference Processing due to unavailable references
[19.255s][debug][gc,ref       ] GC(207) Skipped phase2 of Reference Processing due to unavailable references
[19.255s][debug][gc,ref       ] GC(207) Skipped phase3 of Reference Processing due to unavailable references
[19.255s][debug][gc,ref       ] GC(207) Skipped phase4 of Reference Processing due to unavailable references
[19.256s][debug][gc,age       ] GC(207) Desired survivor size 15368192 bytes, new threshold 6 (max threshold 6)
[19.256s][info ][gc,heap      ] GC(207) ParNew: 242485K->1569K(270336K)
[19.256s][info ][gc,heap      ] GC(207) CMS: 290518K->290684K(600768K)
[19.256s][info ][gc,metaspace ] GC(207) Metaspace: 51129K->51129K(1095680K)
[19.256s][info ][gc           ] GC(207) Pause Young (Allocation Failure) 520M->285M(850M) 3.276ms
[19.256s][info ][gc,cpu       ] GC(207) User=0.01s Sys=0.00s Real=0.00s
[19.256s][info ][safepoint    ] Leaving safepoint region
[19.256s][info ][safepoint    ] Total time for which application threads were stopped: 0.0036521 seconds, Stopping threads took: 0.0001186 seconds
[19.296s][info ][safepoint    ] Application time: 0.0400880 seconds
[19.296s][info ][safepoint    ] Entering safepoint region: GenCollectForAllocation
[19.296s][info ][gc,start     ] GC(208) Pause Young (Allocation Failure)
[19.296s][info ][gc,task      ] GC(208) Using 4 workers of 4 for evacuation
[19.299s][debug][gc,ref       ] GC(208) Skipped phase1 of Reference Processing due to unavailable references
[19.299s][debug][gc,ref       ] GC(208) Skipped phase2 of Reference Processing due to unavailable references
[19.299s][debug][gc,ref       ] GC(208) Skipped phase3 of Reference Processing due to unavailable references
[19.299s][debug][gc,ref       ] GC(208) Skipped phase4 of Reference Processing due to unavailable references
[19.300s][debug][gc,age       ] GC(208) Desired survivor size 15368192 bytes, new threshold 6 (max threshold 6)
[19.300s][info ][gc,heap      ] GC(208) ParNew: 241889K->1647K(270336K)
[19.300s][info ][gc,heap      ] GC(208) CMS: 290684K->290814K(600768K)
[19.300s][info ][gc,metaspace ] GC(208) Metaspace: 51139K->51139K(1095680K)
[19.300s][info ][gc           ] GC(208) Pause Young (Allocation Failure) 520M->285M(850M) 3.583ms
[19.300s][info ][gc,cpu       ] GC(208) User=0.01s Sys=0.00s Real=0.00s
[19.300s][info ][safepoint    ] Leaving safepoint region
[19.300s][info ][safepoint    ] Total time for which application threads were stopped: 0.0038834 seconds, Stopping threads took: 0.0000987 seconds
[19.353s][info ][safepoint    ] Application time: 0.0536390 seconds
[19.354s][info ][safepoint    ] Entering safepoint region: GenCollectForAllocation
[19.354s][info ][gc,start     ] GC(209) Pause Young (Allocation Failure)
[19.354s][info ][gc,task      ] GC(209) Using 4 workers of 4 for evacuation
[19.357s][debug][gc,ref       ] GC(209) Skipped phase1 of Reference Processing due to unavailable references
[19.357s][debug][gc,ref       ] GC(209) Skipped phase2 of Reference Processing due to unavailable references
[19.357s][debug][gc,ref       ] GC(209) Skipped phase3 of Reference Processing due to unavailable references
[19.357s][debug][gc,ref       ] GC(209) Skipped phase4 of Reference Processing due to unavailable references
[19.357s][debug][gc,age       ] GC(209) Desired survivor size 15368192 bytes, new threshold 6 (max threshold 6)
[19.357s][info ][gc,heap      ] GC(209) ParNew: 241967K->1129K(270336K)
[19.357s][info ][gc,heap      ] GC(209) CMS: 290814K->291139K(600768K)
[19.357s][info ][gc,metaspace ] GC(209) Metaspace: 51140K->51140K(1095680K)
[19.357s][info ][gc           ] GC(209) Pause Young (Allocation Failure) 520M->285M(850M) 3.132ms
[19.357s][info ][gc,cpu       ] GC(209) User=0.01s Sys=0.00s Real=0.01s
[19.357s][info ][safepoint    ] Leaving safepoint region
[19.357s][info ][safepoint    ] Total time for which application threads were stopped: 0.0035591 seconds, Stopping threads took: 0.0002236 seconds
[19.400s][info ][safepoint    ] Application time: 0.0433874 seconds
[19.401s][info ][safepoint    ] Entering safepoint region: GenCollectForAllocation
[19.401s][info ][gc,start     ] GC(210) Pause Young (Allocation Failure)
[19.401s][info ][gc,task      ] GC(210) Using 4 workers of 4 for evacuation
[19.404s][debug][gc,ref       ] GC(210) Skipped phase1 of Reference Processing due to unavailable references
[19.404s][debug][gc,ref       ] GC(210) Skipped phase2 of Reference Processing due to unavailable references
[19.404s][debug][gc,ref       ] GC(210) Skipped phase3 of Reference Processing due to unavailable references
[19.404s][debug][gc,ref       ] GC(210) Skipped phase4 of Reference Processing due to unavailable references
[19.404s][debug][gc,age       ] GC(210) Desired survivor size 15368192 bytes, new threshold 6 (max threshold 6)
[19.404s][info ][gc,heap      ] GC(210) ParNew: 241449K->952K(270336K)
[19.404s][info ][gc,heap      ] GC(210) CMS: 291139K->291212K(600768K)
[19.404s][info ][gc,metaspace ] GC(210) Metaspace: 51141K->51141K(1095680K)
[19.404s][info ][gc           ] GC(210) Pause Young (Allocation Failure) 520M->285M(850M) 2.666ms
[19.404s][info ][gc,cpu       ] GC(210) User=0.01s Sys=0.00s Real=0.00s
[19.404s][info ][safepoint    ] Leaving safepoint region
[19.404s][info ][safepoint    ] Total time for which application threads were stopped: 0.0035163 seconds, Stopping threads took: 0.0006458 seconds
[19.474s][info ][safepoint    ] Application time: 0.0698073 seconds
[19.474s][info ][safepoint    ] Entering safepoint region: GenCollectForAllocation
[19.474s][info ][gc,start     ] GC(211) Pause Young (Allocation Failure)
[19.474s][info ][gc,task      ] GC(211) Using 4 workers of 4 for evacuation
[19.478s][debug][gc,ref       ] GC(211) Skipped phase1 of Reference Processing due to unavailable references
[19.479s][debug][gc,ref       ] GC(211) Skipped phase2 of Reference Processing due to unavailable references
[19.479s][debug][gc,ref       ] GC(211) Skipped phase3 of Reference Processing due to unavailable references
[19.479s][debug][gc,ref       ] GC(211) Skipped phase4 of Reference Processing due to unavailable references
[19.479s][debug][gc,age       ] GC(211) Desired survivor size 15368192 bytes, new threshold 6 (max threshold 6)
[19.479s][info ][gc,heap      ] GC(211) ParNew: 241272K->2932K(270336K)
[19.479s][info ][gc,heap      ] GC(211) CMS: 291212K->291248K(600768K)
[19.479s][info ][gc,metaspace ] GC(211) Metaspace: 51143K->51143K(1095680K)
[19.479s][info ][gc           ] GC(211) Pause Young (Allocation Failure) 520M->287M(850M) 4.771ms
[19.479s][info ][gc,cpu       ] GC(211) User=0.02s Sys=0.00s Real=0.01s
[19.479s][info ][safepoint    ] Leaving safepoint region
[19.479s][info ][safepoint    ] Total time for which application threads were stopped: 0.0051155 seconds, Stopping threads took: 0.0001313 seconds
[19.542s][info ][safepoint    ] Application time: 0.0629414 seconds
[19.542s][info ][safepoint    ] Entering safepoint region: GenCollectForAllocation
[19.542s][info ][gc,start     ] GC(212) Pause Young (Allocation Failure)
[19.542s][info ][gc,task      ] GC(212) Using 4 workers of 4 for evacuation
[19.551s][debug][gc,ref       ] GC(212) Skipped phase1 of Reference Processing due to unavailable references
[19.551s][debug][gc,ref       ] GC(212) Skipped phase2 of Reference Processing due to unavailable references
[19.551s][debug][gc,ref       ] GC(212) Skipped phase3 of Reference Processing due to unavailable references
[19.551s][debug][gc,ref       ] GC(212) Skipped phase4 of Reference Processing due to unavailable references
[19.552s][debug][gc,age       ] GC(212) Desired survivor size 15368192 bytes, new threshold 6 (max threshold 6)
[19.552s][info ][gc,heap      ] GC(212) ParNew: 243252K->6391K(270336K)
[19.552s][info ][gc,heap      ] GC(212) CMS: 291248K->291760K(600768K)
[19.552s][info ][gc,metaspace ] GC(212) Metaspace: 51144K->51144K(1095680K)
[19.552s][info ][gc           ] GC(212) Pause Young (Allocation Failure) 521M->291M(850M) 9.566ms
[19.552s][info ][gc,cpu       ] GC(212) User=0.04s Sys=0.00s Real=0.01s
[19.552s][info ][safepoint    ] Leaving safepoint region
[19.552s][info ][safepoint    ] Total time for which application threads were stopped: 0.0099771 seconds, Stopping threads took: 0.0001860 seconds
[19.603s][info ][safepoint    ] Application time: 0.0513985 seconds
[19.603s][info ][safepoint    ] Entering safepoint region: GenCollectForAllocation
[19.604s][info ][gc,start     ] GC(213) Pause Young (Allocation Failure)
[19.604s][info ][gc,task      ] GC(213) Using 4 workers of 4 for evacuation
[19.612s][debug][gc,ref       ] GC(213) Skipped phase1 of Reference Processing due to unavailable references
[19.612s][debug][gc,ref       ] GC(213) Skipped phase2 of Reference Processing due to unavailable references
[19.612s][debug][gc,ref       ] GC(213) Skipped phase3 of Reference Processing due to unavailable references
[19.612s][debug][gc,ref       ] GC(213) Skipped phase4 of Reference Processing due to unavailable references
[19.612s][debug][gc,age       ] GC(213) Desired survivor size 15368192 bytes, new threshold 6 (max threshold 6)
[19.612s][info ][gc,heap      ] GC(213) ParNew: 246711K->8957K(270336K)
[19.612s][info ][gc,heap      ] GC(213) CMS: 291760K->291821K(600768K)
[19.612s][info ][gc,metaspace ] GC(213) Metaspace: 51150K->51150K(1095680K)
[19.612s][info ][gc           ] GC(213) Pause Young (Allocation Failure) 525M->293M(850M) 8.909ms
[19.612s][info ][gc,cpu       ] GC(213) User=0.04s Sys=0.00s Real=0.01s
[19.612s][info ][safepoint    ] Leaving safepoint region
[19.612s][info ][safepoint    ] Total time for which application threads were stopped: 0.0093159 seconds, Stopping threads took: 0.0001821 seconds
[19.656s][info ][safepoint    ] Application time: 0.0439757 seconds
[19.657s][info ][safepoint    ] Entering safepoint region: GenCollectForAllocation
[19.657s][info ][gc,start     ] GC(214) Pause Young (Allocation Failure)
[19.657s][info ][gc,task      ] GC(214) Using 4 workers of 4 for evacuation
[19.665s][debug][gc,ref       ] GC(214) Skipped phase1 of Reference Processing due to unavailable references
[19.665s][debug][gc,ref       ] GC(214) Skipped phase2 of Reference Processing due to unavailable references
[19.665s][debug][gc,ref       ] GC(214) Skipped phase3 of Reference Processing due to unavailable references
[19.665s][debug][gc,ref       ] GC(214) Skipped phase4 of Reference Processing due to unavailable references
[19.665s][debug][gc,age       ] GC(214) Desired survivor size 15368192 bytes, new threshold 6 (max threshold 6)
[19.665s][info ][gc,heap      ] GC(214) ParNew: 249277K->13273K(270336K)
[19.665s][info ][gc,heap      ] GC(214) CMS: 291821K->291896K(600768K)
[19.665s][info ][gc,metaspace ] GC(214) Metaspace: 51152K->51152K(1095680K)
[19.665s][info ][gc           ] GC(214) Pause Young (Allocation Failure) 528M->298M(850M) 8.241ms
[19.665s][info ][gc,cpu       ] GC(214) User=0.03s Sys=0.00s Real=0.00s
[19.665s][info ][safepoint    ] Leaving safepoint region
[19.665s][info ][safepoint    ] Total time for which application threads were stopped: 0.0087704 seconds, Stopping threads took: 0.0001630 seconds
[19.722s][info ][safepoint    ] Application time: 0.0567889 seconds
[19.722s][info ][safepoint    ] Entering safepoint region: GenCollectForAllocation
[19.722s][info ][gc,start     ] GC(215) Pause Young (Allocation Failure)
[19.723s][info ][gc,task      ] GC(215) Using 4 workers of 4 for evacuation
[19.731s][debug][gc,ref       ] GC(215) Skipped phase1 of Reference Processing due to unavailable references
[19.731s][debug][gc,ref       ] GC(215) Skipped phase2 of Reference Processing due to unavailable references
[19.731s][debug][gc,ref       ] GC(215) Skipped phase3 of Reference Processing due to unavailable references
[19.731s][debug][gc,ref       ] GC(215) Skipped phase4 of Reference Processing due to unavailable references
[19.731s][debug][gc,age       ] GC(215) Desired survivor size 15368192 bytes, new threshold 6 (max threshold 6)
[19.731s][info ][gc,heap      ] GC(215) ParNew: 253593K->9193K(270336K)
[19.731s][info ][gc,heap      ] GC(215) CMS: 291896K->291958K(600768K)
[19.731s][info ][gc,metaspace ] GC(215) Metaspace: 51159K->51159K(1095680K)
[19.731s][info ][gc           ] GC(215) Pause Young (Allocation Failure) 532M->294M(850M) 8.369ms
[19.731s][info ][gc,cpu       ] GC(215) User=0.03s Sys=0.00s Real=0.01s
[19.731s][info ][safepoint    ] Leaving safepoint region
[19.731s][info ][safepoint    ] Total time for which application threads were stopped: 0.0087913 seconds, Stopping threads took: 0.0001813 seconds
[19.781s][info ][safepoint    ] Application time: 0.0504940 seconds
[19.782s][info ][safepoint    ] Entering safepoint region: GenCollectForAllocation
[19.782s][info ][gc,start     ] GC(216) Pause Young (Allocation Failure)
[19.782s][info ][gc,task      ] GC(216) Using 4 workers of 4 for evacuation
[19.791s][debug][gc,ref       ] GC(216) Skipped phase1 of Reference Processing due to unavailable references
[19.791s][debug][gc,ref       ] GC(216) Skipped phase2 of Reference Processing due to unavailable references
[19.791s][debug][gc,ref       ] GC(216) Skipped phase3 of Reference Processing due to unavailable references
[19.791s][debug][gc,ref       ] GC(216) Skipped phase4 of Reference Processing due to unavailable references
[19.791s][debug][gc,age       ] GC(216) Desired survivor size 15368192 bytes, new threshold 6 (max threshold 6)
[19.791s][info ][gc,heap      ] GC(216) ParNew: 249513K->12783K(270336K)
[19.791s][info ][gc,heap      ] GC(216) CMS: 291958K->292021K(600768K)
[19.791s][info ][gc,metaspace ] GC(216) Metaspace: 51164K->51164K(1095680K)
[19.791s][info ][gc           ] GC(216) Pause Young (Allocation Failure) 528M->297M(850M) 9.164ms
[19.791s][info ][gc,cpu       ] GC(216) User=0.04s Sys=0.00s Real=0.01s
[19.791s][info ][safepoint    ] Leaving safepoint region
[19.791s][info ][safepoint    ] Total time for which application threads were stopped: 0.0095432 seconds, Stopping threads took: 0.0001895 seconds
[19.832s][info ][safepoint    ] Application time: 0.0408894 seconds
[19.832s][info ][safepoint    ] Entering safepoint region: GenCollectForAllocation
[19.832s][info ][gc,start     ] GC(217) Pause Young (Allocation Failure)
[19.832s][info ][gc,task      ] GC(217) Using 4 workers of 4 for evacuation
[19.845s][debug][gc,ref       ] GC(217) Skipped phase1 of Reference Processing due to unavailable references
[19.845s][debug][gc,ref       ] GC(217) Skipped phase2 of Reference Processing due to unavailable references
[19.845s][debug][gc,ref       ] GC(217) Skipped phase3 of Reference Processing due to unavailable references
[19.845s][debug][gc,ref       ] GC(217) Skipped phase4 of Reference Processing due to unavailable references
[19.845s][debug][gc,age       ] GC(217) Desired survivor size 15368192 bytes, new threshold 6 (max threshold 6)
[19.845s][info ][gc,heap      ] GC(217) ParNew: 253103K->10195K(270336K)
[19.846s][info ][gc,heap      ] GC(217) CMS: 292021K->293792K(600768K)
[19.846s][info ][gc,metaspace ] GC(217) Metaspace: 51166K->51166K(1095680K)
[19.846s][info ][gc           ] GC(217) Pause Young (Allocation Failure) 532M->296M(850M) 13.271ms
[19.846s][info ][gc,cpu       ] GC(217) User=0.05s Sys=0.00s Real=0.01s
[19.846s][info ][safepoint    ] Leaving safepoint region
[19.846s][info ][safepoint    ] Total time for which application threads were stopped: 0.0136376 seconds, Stopping threads took: 0.0001796 seconds
[19.910s][info ][safepoint    ] Application time: 0.0644838 seconds
[19.910s][info ][safepoint    ] Entering safepoint region: GenCollectForAllocation
[19.910s][info ][gc,start     ] GC(218) Pause Young (Allocation Failure)
[19.910s][info ][gc,task      ] GC(218) Using 4 workers of 4 for evacuation
[19.920s][debug][gc,ref       ] GC(218) Skipped phase1 of Reference Processing due to unavailable references
[19.920s][debug][gc,ref       ] GC(218) Skipped phase2 of Reference Processing due to unavailable references
[19.920s][debug][gc,ref       ] GC(218) Skipped phase3 of Reference Processing due to unavailable references
[19.920s][debug][gc,ref       ] GC(218) Skipped phase4 of Reference Processing due to unavailable references
[19.920s][debug][gc,age       ] GC(218) Desired survivor size 15368192 bytes, new threshold 6 (max threshold 6)
[19.920s][info ][gc,heap      ] GC(218) ParNew: 250515K->7123K(270336K)
[19.920s][info ][gc,heap      ] GC(218) CMS: 293792K->297109K(600768K)
[19.920s][info ][gc,metaspace ] GC(218) Metaspace: 51168K->51168K(1095680K)
[19.920s][info ][gc           ] GC(218) Pause Young (Allocation Failure) 531M->297M(850M) 9.926ms
[19.920s][info ][gc,cpu       ] GC(218) User=0.04s Sys=0.00s Real=0.01s
[19.920s][info ][safepoint    ] Leaving safepoint region
[19.920s][info ][safepoint    ] Total time for which application threads were stopped: 0.0102568 seconds, Stopping threads took: 0.0001315 seconds
[19.961s][info ][safepoint    ] Application time: 0.0402427 seconds
[19.961s][info ][safepoint    ] Entering safepoint region: GenCollectForAllocation
[19.961s][info ][gc,start     ] GC(219) Pause Young (Allocation Failure)
[19.961s][info ][gc,task      ] GC(219) Using 4 workers of 4 for evacuation
[19.968s][debug][gc,ref       ] GC(219) Skipped phase1 of Reference Processing due to unavailable references
[19.968s][debug][gc,ref       ] GC(219) Skipped phase2 of Reference Processing due to unavailable references
[19.968s][debug][gc,ref       ] GC(219) Skipped phase3 of Reference Processing due to unavailable references
[19.968s][debug][gc,ref       ] GC(219) Skipped phase4 of Reference Processing due to unavailable references
[19.968s][debug][gc,age       ] GC(219) Desired survivor size 15368192 bytes, new threshold 6 (max threshold 6)
[19.968s][info ][gc,heap      ] GC(219) ParNew: 247443K->3137K(270336K)
[19.968s][info ][gc,heap      ] GC(219) CMS: 297109K->299337K(600768K)
[19.968s][info ][gc,metaspace ] GC(219) Metaspace: 51168K->51168K(1095680K)
[19.968s][info ][gc           ] GC(219) Pause Young (Allocation Failure) 531M->295M(850M) 6.872ms
[19.968s][info ][gc,cpu       ] GC(219) User=0.03s Sys=0.00s Real=0.01s
[19.968s][info ][safepoint    ] Leaving safepoint region
[19.968s][info ][safepoint    ] Total time for which application threads were stopped: 0.0072792 seconds, Stopping threads took: 0.0001719 seconds
[20.015s][info ][safepoint    ] Application time: 0.0471031 seconds
[20.015s][info ][safepoint    ] Entering safepoint region: GenCollectForAllocation
[20.015s][info ][gc,start     ] GC(220) Pause Young (Allocation Failure)
[20.015s][info ][gc,task      ] GC(220) Using 4 workers of 4 for evacuation
[20.019s][debug][gc,ref       ] GC(220) Skipped phase1 of Reference Processing due to unavailable references
[20.019s][debug][gc,ref       ] GC(220) Skipped phase2 of Reference Processing due to unavailable references
[20.019s][debug][gc,ref       ] GC(220) Skipped phase3 of Reference Processing due to unavailable references
[20.019s][debug][gc,ref       ] GC(220) Skipped phase4 of Reference Processing due to unavailable references
[20.019s][debug][gc,age       ] GC(220) Desired survivor size 15368192 bytes, new threshold 6 (max threshold 6)
[20.019s][info ][gc,heap      ] GC(220) ParNew: 243457K->1699K(270336K)
[20.019s][info ][gc,heap      ] GC(220) CMS: 299337K->299889K(600768K)
[20.019s][info ][gc,metaspace ] GC(220) Metaspace: 51207K->51207K(1095680K)
[20.019s][info ][gc           ] GC(220) Pause Young (Allocation Failure) 530M->294M(850M) 3.760ms
[20.019s][info ][gc,cpu       ] GC(220) User=0.02s Sys=0.00s Real=0.01s
[20.019s][info ][safepoint    ] Leaving safepoint region
[20.019s][info ][safepoint    ] Total time for which application threads were stopped: 0.0040576 seconds, Stopping threads took: 0.0001125 seconds
[20.084s][info ][safepoint    ] Application time: 0.0645737 seconds
[20.084s][info ][safepoint    ] Entering safepoint region: GenCollectForAllocation
[20.084s][info ][gc,start     ] GC(221) Pause Young (Allocation Failure)
[20.084s][info ][gc,task      ] GC(221) Using 4 workers of 4 for evacuation
[20.087s][debug][gc,ref       ] GC(221) Skipped phase1 of Reference Processing due to unavailable references
[20.087s][debug][gc,ref       ] GC(221) Skipped phase2 of Reference Processing due to unavailable references
[20.087s][debug][gc,ref       ] GC(221) Skipped phase3 of Reference Processing due to unavailable references
[20.087s][debug][gc,ref       ] GC(221) Skipped phase4 of Reference Processing due to unavailable references
[20.087s][debug][gc,age       ] GC(221) Desired survivor size 15368192 bytes, new threshold 6 (max threshold 6)
[20.087s][info ][gc,heap      ] GC(221) ParNew: 242019K->1110K(270336K)
[20.087s][info ][gc,heap      ] GC(221) CMS: 299889K->300357K(600768K)
[20.087s][info ][gc,metaspace ] GC(221) Metaspace: 51209K->51209K(1095680K)
[20.087s][info ][gc           ] GC(221) Pause Young (Allocation Failure) 529M->294M(850M) 2.900ms
[20.087s][info ][gc,cpu       ] GC(221) User=0.01s Sys=0.00s Real=0.00s
[20.087s][info ][safepoint    ] Leaving safepoint region
[20.087s][info ][safepoint    ] Total time for which application threads were stopped: 0.0031234 seconds, Stopping threads took: 0.0000190 seconds
[20.123s][info ][safepoint    ] Application time: 0.0357403 seconds
[20.123s][info ][safepoint    ] Entering safepoint region: GenCollectForAllocation
[20.123s][info ][gc,start     ] GC(222) Pause Young (Allocation Failure)
[20.123s][info ][gc,task      ] GC(222) Using 4 workers of 4 for evacuation
[20.125s][debug][gc,ref       ] GC(222) Skipped phase1 of Reference Processing due to unavailable references
[20.125s][debug][gc,ref       ] GC(222) Skipped phase2 of Reference Processing due to unavailable references
[20.125s][debug][gc,ref       ] GC(222) Skipped phase3 of Reference Processing due to unavailable references
[20.125s][debug][gc,ref       ] GC(222) Skipped phase4 of Reference Processing due to unavailable references
[20.125s][debug][gc,age       ] GC(222) Desired survivor size 15368192 bytes, new threshold 6 (max threshold 6)
[20.125s][info ][gc,heap      ] GC(222) ParNew: 241430K->641K(270336K)
[20.125s][info ][gc,heap      ] GC(222) CMS: 300357K->300643K(600768K)
[20.125s][info ][gc,metaspace ] GC(222) Metaspace: 51227K->51227K(1095680K)
[20.125s][info ][gc           ] GC(222) Pause Young (Allocation Failure) 529M->294M(850M) 2.381ms
[20.125s][info ][gc,cpu       ] GC(222) User=0.01s Sys=0.00s Real=0.00s
[20.125s][info ][safepoint    ] Leaving safepoint region
[20.125s][info ][safepoint    ] Total time for which application threads were stopped: 0.0026764 seconds, Stopping threads took: 0.0001063 seconds
[20.196s][info ][safepoint    ] Application time: 0.0701778 seconds
[20.196s][info ][safepoint    ] Entering safepoint region: GenCollectForAllocation
[20.196s][info ][gc,start     ] GC(223) Pause Young (Allocation Failure)
[20.196s][info ][gc,task      ] GC(223) Using 4 workers of 4 for evacuation
[20.198s][debug][gc,ref       ] GC(223) Skipped phase1 of Reference Processing due to unavailable references
[20.198s][debug][gc,ref       ] GC(223) Skipped phase2 of Reference Processing due to unavailable references
[20.198s][debug][gc,ref       ] GC(223) Skipped phase3 of Reference Processing due to unavailable references
[20.198s][debug][gc,ref       ] GC(223) Skipped phase4 of Reference Processing due to unavailable references
[20.198s][debug][gc,age       ] GC(223) Desired survivor size 15368192 bytes, new threshold 6 (max threshold 6)
[20.198s][info ][gc,heap      ] GC(223) ParNew: 240961K->778K(270336K)
[20.198s][info ][gc,heap      ] GC(223) CMS: 300643K->300694K(600768K)
[20.198s][info ][gc,metaspace ] GC(223) Metaspace: 51227K->51227K(1095680K)
[20.198s][info ][gc           ] GC(223) Pause Young (Allocation Failure) 528M->294M(850M) 1.993ms
[20.198s][info ][gc,cpu       ] GC(223) User=0.01s Sys=0.00s Real=0.00s
[20.198s][info ][safepoint    ] Leaving safepoint region
[20.198s][info ][safepoint    ] Total time for which application threads were stopped: 0.0023431 seconds, Stopping threads took: 0.0001188 seconds
[20.235s][info ][safepoint    ] Application time: 0.0372347 seconds
[20.236s][info ][safepoint    ] Entering safepoint region: GenCollectForAllocation
[20.236s][info ][gc,start     ] GC(224) Pause Young (Allocation Failure)
[20.236s][info ][gc,task      ] GC(224) Using 4 workers of 4 for evacuation
[20.238s][debug][gc,ref       ] GC(224) Skipped phase1 of Reference Processing due to unavailable references
[20.238s][debug][gc,ref       ] GC(224) Skipped phase2 of Reference Processing due to unavailable references
[20.238s][debug][gc,ref       ] GC(224) Skipped phase3 of Reference Processing due to unavailable references
[20.238s][debug][gc,ref       ] GC(224) Skipped phase4 of Reference Processing due to unavailable references
[20.238s][debug][gc,age       ] GC(224) Desired survivor size 15368192 bytes, new threshold 6 (max threshold 6)
[20.238s][info ][gc,heap      ] GC(224) ParNew: 241098K->473K(270336K)
[20.238s][info ][gc,heap      ] GC(224) CMS: 300694K->300759K(600768K)
[20.238s][info ][gc,metaspace ] GC(224) Metaspace: 51227K->51227K(1095680K)
[20.238s][info ][gc           ] GC(224) Pause Young (Allocation Failure) 529M->294M(850M) 1.966ms
[20.238s][info ][gc,cpu       ] GC(224) User=0.00s Sys=0.00s Real=0.00s
[20.238s][info ][safepoint    ] Leaving safepoint region
[20.238s][info ][safepoint    ] Total time for which application threads were stopped: 0.0030492 seconds, Stopping threads took: 0.0009076 seconds
[20.298s][info ][safepoint    ] Application time: 0.0594279 seconds
[20.298s][info ][safepoint    ] Entering safepoint region: GenCollectForAllocation
[20.298s][info ][gc,start     ] GC(225) Pause Young (Allocation Failure)
[20.298s][info ][gc,task      ] GC(225) Using 4 workers of 4 for evacuation
[20.301s][debug][gc,ref       ] GC(225) Skipped phase1 of Reference Processing due to unavailable references
[20.301s][debug][gc,ref       ] GC(225) Skipped phase3 of Reference Processing due to unavailable references
[20.301s][debug][gc,age       ] GC(225) Desired survivor size 15368192 bytes, new threshold 6 (max threshold 6)
[20.301s][info ][gc,heap      ] GC(225) ParNew: 240793K->673K(270336K)
[20.301s][info ][gc,heap      ] GC(225) CMS: 300759K->300804K(600768K)
[20.301s][info ][gc,metaspace ] GC(225) Metaspace: 51232K->51232K(1095680K)
[20.301s][info ][gc           ] GC(225) Pause Young (Allocation Failure) 528M->294M(850M) 2.666ms
[20.301s][info ][gc,cpu       ] GC(225) User=0.00s Sys=0.00s Real=0.00s
[20.301s][info ][safepoint    ] Leaving safepoint region
[20.301s][info ][safepoint    ] Total time for which application threads were stopped: 0.0032468 seconds, Stopping threads took: 0.0003492 seconds
[20.344s][info ][safepoint    ] Application time: 0.0431879 seconds
[20.344s][info ][safepoint    ] Entering safepoint region: GenCollectForAllocation
[20.345s][info ][gc,start     ] GC(226) Pause Young (Allocation Failure)
[20.345s][info ][gc,task      ] GC(226) Using 4 workers of 4 for evacuation
[20.346s][debug][gc,ref       ] GC(226) Skipped phase1 of Reference Processing due to unavailable references
[20.346s][debug][gc,ref       ] GC(226) Skipped phase2 of Reference Processing due to unavailable references
[20.346s][debug][gc,ref       ] GC(226) Skipped phase3 of Reference Processing due to unavailable references
[20.346s][debug][gc,ref       ] GC(226) Skipped phase4 of Reference Processing due to unavailable references
[20.347s][debug][gc,age       ] GC(226) Desired survivor size 15368192 bytes, new threshold 6 (max threshold 6)
[20.347s][info ][gc,heap      ] GC(226) ParNew: 240993K->614K(270336K)
[20.347s][info ][gc,heap      ] GC(226) CMS: 300804K->300848K(600768K)
[20.347s][info ][gc,metaspace ] GC(226) Metaspace: 51237K->51237K(1095680K)
[20.347s][info ][gc           ] GC(226) Pause Young (Allocation Failure) 529M->294M(850M) 2.022ms
[20.347s][info ][gc,cpu       ] GC(226) User=0.01s Sys=0.00s Real=0.00s
[20.347s][info ][safepoint    ] Leaving safepoint region
[20.347s][info ][safepoint    ] Total time for which application threads were stopped: 0.0025523 seconds, Stopping threads took: 0.0001528 seconds
[20.396s][info ][safepoint    ] Application time: 0.0495494 seconds
[20.396s][info ][safepoint    ] Entering safepoint region: GenCollectForAllocation
[20.397s][info ][gc,start     ] GC(227) Pause Young (Allocation Failure)
[20.397s][info ][gc,task      ] GC(227) Using 4 workers of 4 for evacuation
[20.398s][debug][gc,ref       ] GC(227) Skipped phase1 of Reference Processing due to unavailable references
[20.398s][debug][gc,ref       ] GC(227) Skipped phase2 of Reference Processing due to unavailable references
[20.398s][debug][gc,ref       ] GC(227) Skipped phase3 of Reference Processing due to unavailable references
[20.398s][debug][gc,ref       ] GC(227) Skipped phase4 of Reference Processing due to unavailable references
[20.399s][debug][gc,age       ] GC(227) Desired survivor size 15368192 bytes, new threshold 6 (max threshold 6)
[20.399s][info ][gc,heap      ] GC(227) ParNew: 240934K->697K(270336K)
[20.399s][info ][gc,heap      ] GC(227) CMS: 300848K->300908K(600768K)
[20.399s][info ][gc,metaspace ] GC(227) Metaspace: 51237K->51237K(1095680K)
[20.399s][info ][gc           ] GC(227) Pause Young (Allocation Failure) 529M->294M(850M) 1.995ms
[20.399s][info ][gc,cpu       ] GC(227) User=0.00s Sys=0.00s Real=0.00s
[20.399s][info ][safepoint    ] Leaving safepoint region
[20.399s][info ][safepoint    ] Total time for which application threads were stopped: 0.0023178 seconds, Stopping threads took: 0.0001481 seconds
[20.452s][info ][safepoint    ] Application time: 0.0535557 seconds
[20.456s][info ][safepoint    ] Entering safepoint region: GenCollectForAllocation
[20.456s][info ][gc,start     ] GC(228) Pause Young (Allocation Failure)
[20.456s][info ][gc,task      ] GC(228) Using 4 workers of 4 for evacuation
[20.458s][debug][gc,ref       ] GC(228) Skipped phase1 of Reference Processing due to unavailable references
[20.458s][debug][gc,ref       ] GC(228) Skipped phase2 of Reference Processing due to unavailable references
[20.458s][debug][gc,ref       ] GC(228) Skipped phase3 of Reference Processing due to unavailable references
[20.458s][debug][gc,ref       ] GC(228) Skipped phase4 of Reference Processing due to unavailable references
[20.458s][debug][gc,age       ] GC(228) Desired survivor size 15368192 bytes, new threshold 6 (max threshold 6)
[20.458s][info ][gc,heap      ] GC(228) ParNew: 241017K->675K(270336K)
[20.458s][info ][gc,heap      ] GC(228) CMS: 300908K->300955K(600768K)
[20.458s][info ][gc,metaspace ] GC(228) Metaspace: 51238K->51238K(1095680K)
[20.458s][info ][gc           ] GC(228) Pause Young (Allocation Failure) 529M->294M(850M) 2.050ms
[20.458s][info ][gc,cpu       ] GC(228) User=0.01s Sys=0.00s Real=0.00s
[20.458s][info ][safepoint    ] Leaving safepoint region
[20.458s][info ][safepoint    ] Total time for which application threads were stopped: 0.0058694 seconds, Stopping threads took: 0.0035665 seconds
[20.511s][info ][safepoint    ] Application time: 0.0531171 seconds
[20.511s][info ][safepoint    ] Entering safepoint region: GenCollectForAllocation
[20.512s][info ][gc,start     ] GC(229) Pause Young (Allocation Failure)
[20.512s][info ][gc,task      ] GC(229) Using 4 workers of 4 for evacuation
[20.513s][debug][gc,ref       ] GC(229) Skipped phase1 of Reference Processing due to unavailable references
[20.513s][debug][gc,ref       ] GC(229) Skipped phase2 of Reference Processing due to unavailable references
[20.513s][debug][gc,ref       ] GC(229) Skipped phase3 of Reference Processing due to unavailable references
[20.513s][debug][gc,ref       ] GC(229) Skipped phase4 of Reference Processing due to unavailable references
[20.514s][debug][gc,age       ] GC(229) Desired survivor size 15368192 bytes, new threshold 6 (max threshold 6)
[20.514s][info ][gc,heap      ] GC(229) ParNew: 240995K->602K(270336K)
[20.514s][info ][gc,heap      ] GC(229) CMS: 300955K->301036K(600768K)
[20.514s][info ][gc,metaspace ] GC(229) Metaspace: 51238K->51238K(1095680K)
[20.514s][info ][gc           ] GC(229) Pause Young (Allocation Failure) 529M->294M(850M) 2.120ms
[20.514s][info ][gc,cpu       ] GC(229) User=0.01s Sys=0.00s Real=0.00s
[20.514s][info ][safepoint    ] Leaving safepoint region
[20.514s][info ][safepoint    ] Total time for which application threads were stopped: 0.0024478 seconds, Stopping threads took: 0.0001315 seconds
[20.562s][info ][safepoint    ] Application time: 0.0487796 seconds
[20.563s][info ][safepoint    ] Entering safepoint region: GenCollectForAllocation
[20.563s][info ][gc,start     ] GC(230) Pause Young (Allocation Failure)
[20.563s][info ][gc,task      ] GC(230) Using 4 workers of 4 for evacuation
[20.565s][debug][gc,ref       ] GC(230) Skipped phase1 of Reference Processing due to unavailable references
[20.565s][debug][gc,ref       ] GC(230) Skipped phase3 of Reference Processing due to unavailable references
[20.565s][debug][gc,ref       ] GC(230) Skipped phase4 of Reference Processing due to unavailable references
[20.565s][debug][gc,age       ] GC(230) Desired survivor size 15368192 bytes, new threshold 6 (max threshold 6)
[20.565s][info ][gc,heap      ] GC(230) ParNew: 240922K->679K(270336K)
[20.565s][info ][gc,heap      ] GC(230) CMS: 301036K->301074K(600768K)
[20.565s][info ][gc,metaspace ] GC(230) Metaspace: 51239K->51239K(1095680K)
[20.565s][info ][gc           ] GC(230) Pause Young (Allocation Failure) 529M->294M(850M) 2.273ms
[20.565s][info ][gc,cpu       ] GC(230) User=0.01s Sys=0.00s Real=0.00s
[20.565s][info ][safepoint    ] Leaving safepoint region
[20.565s][info ][safepoint    ] Total time for which application threads were stopped: 0.0026327 seconds, Stopping threads took: 0.0001692 seconds
[20.624s][info ][safepoint    ] Application time: 0.0589467 seconds
[20.624s][info ][safepoint    ] Entering safepoint region: GenCollectForAllocation
[20.624s][info ][gc,start     ] GC(231) Pause Young (Allocation Failure)
[20.624s][info ][gc,task      ] GC(231) Using 4 workers of 4 for evacuation
[20.627s][debug][gc,ref       ] GC(231) Skipped phase1 of Reference Processing due to unavailable references
[20.627s][debug][gc,ref       ] GC(231) Skipped phase2 of Reference Processing due to unavailable references
[20.627s][debug][gc,ref       ] GC(231) Skipped phase3 of Reference Processing due to unavailable references
[20.627s][debug][gc,ref       ] GC(231) Skipped phase4 of Reference Processing due to unavailable references
[20.627s][debug][gc,age       ] GC(231) Desired survivor size 15368192 bytes, new threshold 6 (max threshold 6)
[20.627s][info ][gc,heap      ] GC(231) ParNew: 240999K->595K(270336K)
[20.627s][info ][gc,heap      ] GC(231) CMS: 301074K->301144K(600768K)
[20.627s][info ][gc,metaspace ] GC(231) Metaspace: 51239K->51239K(1095680K)
[20.627s][info ][gc           ] GC(231) Pause Young (Allocation Failure) 529M->294M(850M) 2.567ms
[20.627s][info ][gc,cpu       ] GC(231) User=0.01s Sys=0.00s Real=0.00s
[20.627s][info ][safepoint    ] Leaving safepoint region
[20.627s][info ][safepoint    ] Total time for which application threads were stopped: 0.0027870 seconds, Stopping threads took: 0.0000437 seconds
[20.674s][info ][safepoint    ] Application time: 0.0469019 seconds
[20.674s][info ][safepoint    ] Entering safepoint region: GenCollectForAllocation
[20.674s][info ][gc,start     ] GC(232) Pause Young (Allocation Failure)
[20.674s][info ][gc,task      ] GC(232) Using 4 workers of 4 for evacuation
[20.676s][debug][gc,ref       ] GC(232) Skipped phase1 of Reference Processing due to unavailable references
[20.676s][debug][gc,ref       ] GC(232) Skipped phase2 of Reference Processing due to unavailable references
[20.676s][debug][gc,ref       ] GC(232) Skipped phase3 of Reference Processing due to unavailable references
[20.676s][debug][gc,ref       ] GC(232) Skipped phase4 of Reference Processing due to unavailable references
[20.676s][debug][gc,age       ] GC(232) Desired survivor size 15368192 bytes, new threshold 6 (max threshold 6)
[20.676s][info ][gc,heap      ] GC(232) ParNew: 240915K->691K(270336K)
[20.676s][info ][gc,heap      ] GC(232) CMS: 301144K->301228K(600768K)
[20.676s][info ][gc,metaspace ] GC(232) Metaspace: 51239K->51239K(1095680K)
[20.676s][info ][gc           ] GC(232) Pause Young (Allocation Failure) 529M->294M(850M) 2.335ms
[20.676s][info ][gc,cpu       ] GC(232) User=0.00s Sys=0.00s Real=0.01s
[20.677s][info ][safepoint    ] Leaving safepoint region
[20.677s][info ][safepoint    ] Total time for which application threads were stopped: 0.0026723 seconds, Stopping threads took: 0.0001689 seconds
[20.733s][info ][safepoint    ] Application time: 0.0564828 seconds
[20.733s][info ][safepoint    ] Entering safepoint region: GenCollectForAllocation
[20.733s][info ][gc,start     ] GC(233) Pause Young (Allocation Failure)
[20.733s][info ][gc,task      ] GC(233) Using 4 workers of 4 for evacuation
[20.735s][debug][gc,ref       ] GC(233) Skipped phase1 of Reference Processing due to unavailable references
[20.735s][debug][gc,ref       ] GC(233) Skipped phase2 of Reference Processing due to unavailable references
[20.735s][debug][gc,ref       ] GC(233) Skipped phase3 of Reference Processing due to unavailable references
[20.735s][debug][gc,ref       ] GC(233) Skipped phase4 of Reference Processing due to unavailable references
[20.735s][debug][gc,age       ] GC(233) Desired survivor size 15368192 bytes, new threshold 6 (max threshold 6)
[20.736s][info ][gc,heap      ] GC(233) ParNew: 241011K->680K(270336K)
[20.736s][info ][gc,heap      ] GC(233) CMS: 301228K->301275K(600768K)
[20.736s][info ][gc,metaspace ] GC(233) Metaspace: 51239K->51239K(1095680K)
[20.736s][info ][gc           ] GC(233) Pause Young (Allocation Failure) 529M->294M(850M) 2.265ms
[20.736s][info ][gc,cpu       ] GC(233) User=0.01s Sys=0.00s Real=0.00s
[20.736s][info ][safepoint    ] Leaving safepoint region
[20.736s][info ][safepoint    ] Total time for which application threads were stopped: 0.0025492 seconds, Stopping threads took: 0.0000973 seconds
[20.786s][info ][safepoint    ] Application time: 0.0508638 seconds
[20.787s][info ][safepoint    ] Entering safepoint region: GenCollectForAllocation
[20.787s][info ][gc,start     ] GC(234) Pause Young (Allocation Failure)
[20.787s][info ][gc,task      ] GC(234) Using 4 workers of 4 for evacuation
[20.789s][debug][gc,ref       ] GC(234) Skipped phase1 of Reference Processing due to unavailable references
[20.789s][debug][gc,ref       ] GC(234) Skipped phase2 of Reference Processing due to unavailable references
[20.789s][debug][gc,ref       ] GC(234) Skipped phase3 of Reference Processing due to unavailable references
[20.789s][debug][gc,ref       ] GC(234) Skipped phase4 of Reference Processing due to unavailable references
[20.789s][debug][gc,age       ] GC(234) Desired survivor size 15368192 bytes, new threshold 6 (max threshold 6)
[20.789s][info ][gc,heap      ] GC(234) ParNew: 241000K->699K(270336K)
[20.789s][info ][gc,heap      ] GC(234) CMS: 301275K->301338K(600768K)
[20.789s][info ][gc,metaspace ] GC(234) Metaspace: 51239K->51239K(1095680K)
[20.789s][info ][gc           ] GC(234) Pause Young (Allocation Failure) 529M->294M(850M) 2.068ms
[20.789s][info ][gc,cpu       ] GC(234) User=0.01s Sys=0.00s Real=0.01s
[20.789s][info ][safepoint    ] Leaving safepoint region
[20.789s][info ][safepoint    ] Total time for which application threads were stopped: 0.0025108 seconds, Stopping threads took: 0.0002502 seconds
[20.847s][info ][safepoint    ] Application time: 0.0576990 seconds
[20.848s][info ][safepoint    ] Entering safepoint region: GenCollectForAllocation
[20.848s][info ][gc,start     ] GC(235) Pause Young (Allocation Failure)
[20.848s][info ][gc,task      ] GC(235) Using 4 workers of 4 for evacuation
[20.850s][debug][gc,ref       ] GC(235) Skipped phase1 of Reference Processing due to unavailable references
[20.850s][debug][gc,ref       ] GC(235) Skipped phase2 of Reference Processing due to unavailable references
[20.850s][debug][gc,ref       ] GC(235) Skipped phase3 of Reference Processing due to unavailable references
[20.850s][debug][gc,ref       ] GC(235) Skipped phase4 of Reference Processing due to unavailable references
[20.850s][debug][gc,age       ] GC(235) Desired survivor size 15368192 bytes, new threshold 6 (max threshold 6)
[20.850s][info ][gc,heap      ] GC(235) ParNew: 241019K->692K(270336K)
[20.850s][info ][gc,heap      ] GC(235) CMS: 301338K->301408K(600768K)
[20.850s][info ][gc,metaspace ] GC(235) Metaspace: 51239K->51239K(1095680K)
[20.851s][info ][gc           ] GC(235) Pause Young (Allocation Failure) 529M->295M(850M) 2.615ms
[20.851s][info ][gc,cpu       ] GC(235) User=0.01s Sys=0.00s Real=0.00s
[20.851s][info ][safepoint    ] Leaving safepoint region
[20.851s][info ][safepoint    ] Total time for which application threads were stopped: 0.0038093 seconds, Stopping threads took: 0.0010138 seconds
[20.910s][info ][safepoint    ] Application time: 0.0595800 seconds
[20.910s][info ][safepoint    ] Entering safepoint region: GenCollectForAllocation
[20.910s][info ][gc,start     ] GC(236) Pause Young (Allocation Failure)
[20.910s][info ][gc,task      ] GC(236) Using 4 workers of 4 for evacuation
[20.912s][debug][gc,ref       ] GC(236) Skipped phase1 of Reference Processing due to unavailable references
[20.912s][debug][gc,ref       ] GC(236) Skipped phase2 of Reference Processing due to unavailable references
[20.912s][debug][gc,ref       ] GC(236) Skipped phase3 of Reference Processing due to unavailable references
[20.912s][debug][gc,ref       ] GC(236) Skipped phase4 of Reference Processing due to unavailable references
[20.913s][debug][gc,age       ] GC(236) Desired survivor size 15368192 bytes, new threshold 6 (max threshold 6)
[20.913s][info ][gc,heap      ] GC(236) ParNew: 241012K->831K(270336K)
[20.913s][info ][gc,heap      ] GC(236) CMS: 301408K->301461K(600768K)
[20.913s][info ][gc,metaspace ] GC(236) Metaspace: 51240K->51240K(1095680K)
[20.913s][info ][gc           ] GC(236) Pause Young (Allocation Failure) 529M->295M(850M) 2.210ms
[20.913s][info ][gc,cpu       ] GC(236) User=0.01s Sys=0.00s Real=0.00s
[20.913s][info ][safepoint    ] Leaving safepoint region
[20.913s][info ][safepoint    ] Total time for which application threads were stopped: 0.0025287 seconds, Stopping threads took: 0.0001468 seconds
[20.970s][info ][safepoint    ] Application time: 0.0574684 seconds
[20.973s][info ][safepoint    ] Entering safepoint region: GenCollectForAllocation
[20.973s][info ][gc,start     ] GC(237) Pause Young (Allocation Failure)
[20.973s][info ][gc,task      ] GC(237) Using 4 workers of 4 for evacuation
[20.975s][debug][gc,ref       ] GC(237) Skipped phase1 of Reference Processing due to unavailable references
[20.975s][debug][gc,ref       ] GC(237) Skipped phase2 of Reference Processing due to unavailable references
[20.975s][debug][gc,ref       ] GC(237) Skipped phase3 of Reference Processing due to unavailable references
[20.975s][debug][gc,ref       ] GC(237) Skipped phase4 of Reference Processing due to unavailable references
[20.976s][debug][gc,age       ] GC(237) Desired survivor size 15368192 bytes, new threshold 6 (max threshold 6)
[20.976s][info ][gc,heap      ] GC(237) ParNew: 241151K->751K(270336K)
[20.976s][info ][gc,heap      ] GC(237) CMS: 301461K->301527K(600768K)
[20.976s][info ][gc,metaspace ] GC(237) Metaspace: 51241K->51241K(1095680K)
[20.976s][info ][gc           ] GC(237) Pause Young (Allocation Failure) 529M->295M(850M) 2.227ms
[20.976s][info ][gc,cpu       ] GC(237) User=0.01s Sys=0.00s Real=0.00s
[20.976s][info ][safepoint    ] Leaving safepoint region
[20.976s][info ][safepoint    ] Total time for which application threads were stopped: 0.0053814 seconds, Stopping threads took: 0.0029792 seconds
[21.025s][info ][safepoint    ] Application time: 0.0490629 seconds
[21.025s][info ][safepoint    ] Entering safepoint region: GenCollectForAllocation
[21.025s][info ][gc,start     ] GC(238) Pause Young (Allocation Failure)
[21.025s][info ][gc,task      ] GC(238) Using 4 workers of 4 for evacuation
[21.027s][debug][gc,ref       ] GC(238) Skipped phase1 of Reference Processing due to unavailable references
[21.027s][debug][gc,ref       ] GC(238) Skipped phase2 of Reference Processing due to unavailable references
[21.027s][debug][gc,ref       ] GC(238) Skipped phase3 of Reference Processing due to unavailable references
[21.027s][debug][gc,ref       ] GC(238) Skipped phase4 of Reference Processing due to unavailable references
[21.027s][debug][gc,age       ] GC(238) Desired survivor size 15368192 bytes, new threshold 6 (max threshold 6)
[21.027s][info ][gc,heap      ] GC(238) ParNew: 241071K->750K(270336K)
[21.027s][info ][gc,heap      ] GC(238) CMS: 301527K->301595K(600768K)
[21.027s][info ][gc,metaspace ] GC(238) Metaspace: 51261K->51261K(1095680K)
[21.027s][info ][gc           ] GC(238) Pause Young (Allocation Failure) 529M->295M(850M) 2.097ms
[21.027s][info ][gc,cpu       ] GC(238) User=0.01s Sys=0.00s Real=0.00s
[21.027s][info ][safepoint    ] Leaving safepoint region
[21.027s][info ][safepoint    ] Total time for which application threads were stopped: 0.0024413 seconds, Stopping threads took: 0.0001368 seconds
[21.075s][info ][safepoint    ] Application time: 0.0477854 seconds
[21.075s][info ][safepoint    ] Entering safepoint region: GenCollectForAllocation
[21.075s][info ][gc,start     ] GC(239) Pause Young (Allocation Failure)
[21.075s][info ][gc,task      ] GC(239) Using 4 workers of 4 for evacuation
[21.077s][debug][gc,ref       ] GC(239) Skipped phase1 of Reference Processing due to unavailable references
[21.077s][debug][gc,ref       ] GC(239) Skipped phase2 of Reference Processing due to unavailable references
[21.077s][debug][gc,ref       ] GC(239) Skipped phase3 of Reference Processing due to unavailable references
[21.077s][debug][gc,ref       ] GC(239) Skipped phase4 of Reference Processing due to unavailable references
[21.077s][debug][gc,age       ] GC(239) Desired survivor size 15368192 bytes, new threshold 6 (max threshold 6)
[21.077s][info ][gc,heap      ] GC(239) ParNew: 241070K->747K(270336K)
[21.077s][info ][gc,heap      ] GC(239) CMS: 301595K->301660K(600768K)
[21.077s][info ][gc,metaspace ] GC(239) Metaspace: 51263K->51263K(1095680K)
[21.077s][info ][gc           ] GC(239) Pause Young (Allocation Failure) 529M->295M(850M) 2.181ms
[21.077s][info ][gc,cpu       ] GC(239) User=0.01s Sys=0.00s Real=0.01s
[21.077s][info ][safepoint    ] Leaving safepoint region
[21.077s][info ][safepoint    ] Total time for which application threads were stopped: 0.0025023 seconds, Stopping threads took: 0.0001232 seconds
[21.134s][info ][safepoint    ] Application time: 0.0561352 seconds
[21.134s][info ][safepoint    ] Entering safepoint region: GenCollectForAllocation
[21.134s][info ][gc,start     ] GC(240) Pause Young (Allocation Failure)
[21.134s][info ][gc,task      ] GC(240) Using 4 workers of 4 for evacuation
[21.136s][debug][gc,ref       ] GC(240) Skipped phase1 of Reference Processing due to unavailable references
[21.136s][debug][gc,ref       ] GC(240) Skipped phase2 of Reference Processing due to unavailable references
[21.136s][debug][gc,ref       ] GC(240) Skipped phase3 of Reference Processing due to unavailable references
[21.136s][debug][gc,ref       ] GC(240) Skipped phase4 of Reference Processing due to unavailable references
[21.136s][debug][gc,age       ] GC(240) Desired survivor size 15368192 bytes, new threshold 6 (max threshold 6)
[21.136s][info ][gc,heap      ] GC(240) ParNew: 241067K->909K(270336K)
[21.136s][info ][gc,heap      ] GC(240) CMS: 301660K->301722K(600768K)
[21.136s][info ][gc,metaspace ] GC(240) Metaspace: 51263K->51263K(1095680K)
[21.136s][info ][gc           ] GC(240) Pause Young (Allocation Failure) 530M->295M(850M) 2.294ms
[21.136s][info ][gc,cpu       ] GC(240) User=0.01s Sys=0.00s Real=0.01s
[21.136s][info ][safepoint    ] Leaving safepoint region
[21.136s][info ][safepoint    ] Total time for which application threads were stopped: 0.0026354 seconds, Stopping threads took: 0.0001577 seconds
[21.194s][info ][safepoint    ] Application time: 0.0573629 seconds
[21.194s][info ][safepoint    ] Entering safepoint region: GenCollectForAllocation
[21.194s][info ][gc,start     ] GC(241) Pause Young (Allocation Failure)
[21.194s][info ][gc,task      ] GC(241) Using 4 workers of 4 for evacuation
[21.196s][debug][gc,ref       ] GC(241) Skipped phase1 of Reference Processing due to unavailable references
[21.196s][debug][gc,ref       ] GC(241) Skipped phase2 of Reference Processing due to unavailable references
[21.196s][debug][gc,ref       ] GC(241) Skipped phase3 of Reference Processing due to unavailable references
[21.196s][debug][gc,ref       ] GC(241) Skipped phase4 of Reference Processing due to unavailable references
[21.196s][debug][gc,age       ] GC(241) Desired survivor size 15368192 bytes, new threshold 6 (max threshold 6)
[21.196s][info ][gc,heap      ] GC(241) ParNew: 241229K->669K(270336K)
[21.196s][info ][gc,heap      ] GC(241) CMS: 301722K->301803K(600768K)
[21.196s][info ][gc,metaspace ] GC(241) Metaspace: 51263K->51263K(1095680K)
[21.196s][info ][gc           ] GC(241) Pause Young (Allocation Failure) 530M->295M(850M) 2.268ms
[21.196s][info ][gc,cpu       ] GC(241) User=0.01s Sys=0.00s Real=0.01s
[21.196s][info ][safepoint    ] Leaving safepoint region
[21.196s][info ][safepoint    ] Total time for which application threads were stopped: 0.0026145 seconds, Stopping threads took: 0.0001306 seconds
[21.253s][info ][safepoint    ] Application time: 0.0564676 seconds
[21.253s][info ][safepoint    ] Entering safepoint region: GenCollectForAllocation
[21.253s][info ][gc,start     ] GC(242) Pause Young (Allocation Failure)
[21.253s][info ][gc,task      ] GC(242) Using 4 workers of 4 for evacuation
[21.255s][debug][gc,ref       ] GC(242) Skipped phase1 of Reference Processing due to unavailable references
[21.255s][debug][gc,ref       ] GC(242) Skipped phase2 of Reference Processing due to unavailable references
[21.255s][debug][gc,ref       ] GC(242) Skipped phase3 of Reference Processing due to unavailable references
[21.255s][debug][gc,ref       ] GC(242) Skipped phase4 of Reference Processing due to unavailable references
[21.255s][debug][gc,age       ] GC(242) Desired survivor size 15368192 bytes, new threshold 6 (max threshold 6)
[21.255s][info ][gc,heap      ] GC(242) ParNew: 240989K->883K(270336K)
[21.255s][info ][gc,heap      ] GC(242) CMS: 301803K->301886K(600768K)
[21.255s][info ][gc,metaspace ] GC(242) Metaspace: 51266K->51266K(1095680K)
[21.255s][info ][gc           ] GC(242) Pause Young (Allocation Failure) 530M->295M(850M) 2.137ms
[21.255s][info ][gc,cpu       ] GC(242) User=0.01s Sys=0.00s Real=0.00s
[21.255s][info ][safepoint    ] Leaving safepoint region
[21.255s][info ][safepoint    ] Total time for which application threads were stopped: 0.0023842 seconds, Stopping threads took: 0.0000787 seconds
[21.312s][info ][safepoint    ] Application time: 0.0564440 seconds
[21.312s][info ][safepoint    ] Entering safepoint region: GenCollectForAllocation
[21.312s][info ][gc,start     ] GC(243) Pause Young (Allocation Failure)
[21.312s][info ][gc,task      ] GC(243) Using 4 workers of 4 for evacuation
[21.315s][debug][gc,ref       ] GC(243) Skipped phase1 of Reference Processing due to unavailable references
[21.315s][debug][gc,ref       ] GC(243) Skipped phase2 of Reference Processing due to unavailable references
[21.315s][debug][gc,ref       ] GC(243) Skipped phase3 of Reference Processing due to unavailable references
[21.315s][debug][gc,ref       ] GC(243) Skipped phase4 of Reference Processing due to unavailable references
[21.315s][debug][gc,age       ] GC(243) Desired survivor size 15368192 bytes, new threshold 6 (max threshold 6)
[21.315s][info ][gc,heap      ] GC(243) ParNew: 241203K->730K(270336K)
[21.315s][info ][gc,heap      ] GC(243) CMS: 301886K->301959K(600768K)
[21.315s][info ][gc,metaspace ] GC(243) Metaspace: 51266K->51266K(1095680K)
[21.315s][info ][gc           ] GC(243) Pause Young (Allocation Failure) 530M->295M(850M) 3.175ms
[21.315s][info ][gc,cpu       ] GC(243) User=0.01s Sys=0.00s Real=0.00s
[21.315s][info ][safepoint    ] Leaving safepoint region
[21.315s][info ][safepoint    ] Total time for which application threads were stopped: 0.0034716 seconds, Stopping threads took: 0.0001296 seconds
[21.371s][info ][safepoint    ] Application time: 0.0553429 seconds
[21.371s][info ][safepoint    ] Entering safepoint region: GenCollectForAllocation
[21.371s][info ][gc,start     ] GC(244) Pause Young (Allocation Failure)
[21.371s][info ][gc,task      ] GC(244) Using 4 workers of 4 for evacuation
[21.373s][debug][gc,ref       ] GC(244) Skipped phase1 of Reference Processing due to unavailable references
[21.373s][debug][gc,ref       ] GC(244) Skipped phase2 of Reference Processing due to unavailable references
[21.373s][debug][gc,ref       ] GC(244) Skipped phase3 of Reference Processing due to unavailable references
[21.373s][debug][gc,ref       ] GC(244) Skipped phase4 of Reference Processing due to unavailable references
[21.373s][debug][gc,age       ] GC(244) Desired survivor size 15368192 bytes, new threshold 6 (max threshold 6)
[21.373s][info ][gc,heap      ] GC(244) ParNew: 241050K->865K(270336K)
[21.373s][info ][gc,heap      ] GC(244) CMS: 301959K->302029K(600768K)
[21.373s][info ][gc,metaspace ] GC(244) Metaspace: 51266K->51266K(1095680K)
[21.373s][info ][gc           ] GC(244) Pause Young (Allocation Failure) 530M->295M(850M) 2.283ms
[21.373s][info ][gc,cpu       ] GC(244) User=0.01s Sys=0.00s Real=0.00s
[21.373s][info ][safepoint    ] Leaving safepoint region
[21.373s][info ][safepoint    ] Total time for which application threads were stopped: 0.0026210 seconds, Stopping threads took: 0.0001620 seconds
[21.422s][info ][safepoint    ] Application time: 0.0484697 seconds
[21.422s][info ][safepoint    ] Entering safepoint region: GenCollectForAllocation
[21.422s][info ][gc,start     ] GC(245) Pause Young (Allocation Failure)
[21.422s][info ][gc,task      ] GC(245) Using 4 workers of 4 for evacuation
[21.424s][debug][gc,ref       ] GC(245) Skipped phase1 of Reference Processing due to unavailable references
[21.424s][debug][gc,ref       ] GC(245) Skipped phase2 of Reference Processing due to unavailable references
[21.424s][debug][gc,ref       ] GC(245) Skipped phase3 of Reference Processing due to unavailable references
[21.424s][debug][gc,ref       ] GC(245) Skipped phase4 of Reference Processing due to unavailable references
[21.424s][debug][gc,age       ] GC(245) Desired survivor size 15368192 bytes, new threshold 6 (max threshold 6)
[21.424s][info ][gc,heap      ] GC(245) ParNew: 241185K->944K(270336K)
[21.424s][info ][gc,heap      ] GC(245) CMS: 302029K->302099K(600768K)
[21.424s][info ][gc,metaspace ] GC(245) Metaspace: 51267K->51267K(1095680K)
[21.424s][info ][gc           ] GC(245) Pause Young (Allocation Failure) 530M->295M(850M) 2.363ms
[21.424s][info ][gc,cpu       ] GC(245) User=0.01s Sys=0.00s Real=0.00s
[21.424s][info ][safepoint    ] Leaving safepoint region
[21.424s][info ][safepoint    ] Total time for which application threads were stopped: 0.0026552 seconds, Stopping threads took: 0.0001156 seconds
[21.478s][info ][safepoint    ] Application time: 0.0533037 seconds
[21.478s][info ][safepoint    ] Entering safepoint region: GenCollectForAllocation
[21.478s][info ][gc,start     ] GC(246) Pause Young (Allocation Failure)
[21.478s][info ][gc,task      ] GC(246) Using 4 workers of 4 for evacuation
[21.480s][debug][gc,ref       ] GC(246) Skipped phase1 of Reference Processing due to unavailable references
[21.480s][debug][gc,ref       ] GC(246) Skipped phase2 of Reference Processing due to unavailable references
[21.480s][debug][gc,ref       ] GC(246) Skipped phase3 of Reference Processing due to unavailable references
[21.480s][debug][gc,ref       ] GC(246) Skipped phase4 of Reference Processing due to unavailable references
[21.480s][debug][gc,age       ] GC(246) Desired survivor size 15368192 bytes, new threshold 6 (max threshold 6)
[21.480s][info ][gc,heap      ] GC(246) ParNew: 241264K->692K(270336K)
[21.480s][info ][gc,heap      ] GC(246) CMS: 302099K->302186K(600768K)
[21.480s][info ][gc,metaspace ] GC(246) Metaspace: 51287K->51287K(1095680K)
[21.480s][info ][gc           ] GC(246) Pause Young (Allocation Failure) 530M->295M(850M) 2.138ms
[21.480s][info ][gc,cpu       ] GC(246) User=0.00s Sys=0.00s Real=0.00s
[21.480s][info ][safepoint    ] Leaving safepoint region
[21.480s][info ][safepoint    ] Total time for which application threads were stopped: 0.0024765 seconds, Stopping threads took: 0.0001671 seconds
[21.536s][info ][safepoint    ] Application time: 0.0555740 seconds
[21.536s][info ][safepoint    ] Entering safepoint region: GenCollectForAllocation
[21.536s][info ][gc,start     ] GC(247) Pause Young (Allocation Failure)
[21.536s][info ][gc,task      ] GC(247) Using 4 workers of 4 for evacuation
[21.538s][debug][gc,ref       ] GC(247) Skipped phase1 of Reference Processing due to unavailable references
[21.538s][debug][gc,ref       ] GC(247) Skipped phase2 of Reference Processing due to unavailable references
[21.538s][debug][gc,ref       ] GC(247) Skipped phase3 of Reference Processing due to unavailable references
[21.538s][debug][gc,ref       ] GC(247) Skipped phase4 of Reference Processing due to unavailable references
[21.538s][debug][gc,age       ] GC(247) Desired survivor size 15368192 bytes, new threshold 6 (max threshold 6)
[21.538s][info ][gc,heap      ] GC(247) ParNew: 241012K->885K(270336K)
[21.538s][info ][gc,heap      ] GC(247) CMS: 302186K->302276K(600768K)
[21.538s][info ][gc,metaspace ] GC(247) Metaspace: 51287K->51287K(1095680K)
[21.538s][info ][gc           ] GC(247) Pause Young (Allocation Failure) 530M->296M(850M) 2.222ms
[21.538s][info ][gc,cpu       ] GC(247) User=0.01s Sys=0.00s Real=0.00s
[21.538s][info ][safepoint    ] Leaving safepoint region
[21.538s][info ][safepoint    ] Total time for which application threads were stopped: 0.0025478 seconds, Stopping threads took: 0.0001458 seconds
[21.593s][info ][safepoint    ] Application time: 0.0543361 seconds
[21.593s][info ][safepoint    ] Entering safepoint region: GenCollectForAllocation
[21.593s][info ][gc,start     ] GC(248) Pause Young (Allocation Failure)
[21.593s][info ][gc,task      ] GC(248) Using 4 workers of 4 for evacuation
[21.595s][debug][gc,ref       ] GC(248) Skipped phase1 of Reference Processing due to unavailable references
[21.595s][debug][gc,ref       ] GC(248) Skipped phase2 of Reference Processing due to unavailable references
[21.595s][debug][gc,ref       ] GC(248) Skipped phase3 of Reference Processing due to unavailable references
[21.595s][debug][gc,ref       ] GC(248) Skipped phase4 of Reference Processing due to unavailable references
[21.595s][debug][gc,age       ] GC(248) Desired survivor size 15368192 bytes, new threshold 6 (max threshold 6)
[21.595s][info ][gc,heap      ] GC(248) ParNew: 241205K->950K(270336K)
[21.595s][info ][gc,heap      ] GC(248) CMS: 302276K->302351K(600768K)
[21.595s][info ][gc,metaspace ] GC(248) Metaspace: 51287K->51287K(1095680K)
[21.595s][info ][gc           ] GC(248) Pause Young (Allocation Failure) 530M->296M(850M) 2.288ms
[21.595s][info ][gc,cpu       ] GC(248) User=0.01s Sys=0.00s Real=0.00s
[21.595s][info ][safepoint    ] Leaving safepoint region
[21.595s][info ][safepoint    ] Total time for which application threads were stopped: 0.0026184 seconds, Stopping threads took: 0.0001618 seconds
[21.655s][info ][safepoint    ] Application time: 0.0601681 seconds
[21.656s][info ][safepoint    ] Entering safepoint region: GenCollectForAllocation
[21.656s][info ][gc,start     ] GC(249) Pause Young (Allocation Failure)
[21.656s][info ][gc,task      ] GC(249) Using 4 workers of 4 for evacuation
[21.658s][debug][gc,ref       ] GC(249) Skipped phase1 of Reference Processing due to unavailable references
[21.658s][debug][gc,ref       ] GC(249) Skipped phase2 of Reference Processing due to unavailable references
[21.658s][debug][gc,ref       ] GC(249) Skipped phase3 of Reference Processing due to unavailable references
[21.658s][debug][gc,ref       ] GC(249) Skipped phase4 of Reference Processing due to unavailable references
[21.658s][debug][gc,age       ] GC(249) Desired survivor size 15368192 bytes, new threshold 6 (max threshold 6)
[21.658s][info ][gc,heap      ] GC(249) ParNew: 241270K->783K(270336K)
[21.658s][info ][gc,heap      ] GC(249) CMS: 302351K->302444K(600768K)
[21.658s][info ][gc,metaspace ] GC(249) Metaspace: 51287K->51287K(1095680K)
[21.658s][info ][gc           ] GC(249) Pause Young (Allocation Failure) 530M->296M(850M) 2.354ms
[21.658s][info ][gc,cpu       ] GC(249) User=0.00s Sys=0.00s Real=0.00s
[21.658s][info ][safepoint    ] Leaving safepoint region
[21.658s][info ][safepoint    ] Total time for which application threads were stopped: 0.0027153 seconds, Stopping threads took: 0.0001964 seconds
[21.716s][info ][safepoint    ] Application time: 0.0574414 seconds
[21.716s][info ][safepoint    ] Entering safepoint region: GenCollectForAllocation
[21.716s][info ][gc,start     ] GC(250) Pause Young (Allocation Failure)
[21.716s][info ][gc,task      ] GC(250) Using 4 workers of 4 for evacuation
[21.718s][debug][gc,ref       ] GC(250) Skipped phase1 of Reference Processing due to unavailable references
[21.718s][debug][gc,ref       ] GC(250) Skipped phase2 of Reference Processing due to unavailable references
[21.718s][debug][gc,ref       ] GC(250) Skipped phase3 of Reference Processing due to unavailable references
[21.718s][debug][gc,ref       ] GC(250) Skipped phase4 of Reference Processing due to unavailable references
[21.718s][debug][gc,age       ] GC(250) Desired survivor size 15368192 bytes, new threshold 6 (max threshold 6)
[21.718s][info ][gc,heap      ] GC(250) ParNew: 241103K->898K(270336K)
[21.718s][info ][gc,heap      ] GC(250) CMS: 302444K->302525K(600768K)
[21.718s][info ][gc,metaspace ] GC(250) Metaspace: 51287K->51287K(1095680K)
[21.718s][info ][gc           ] GC(250) Pause Young (Allocation Failure) 530M->296M(850M) 2.189ms
[21.718s][info ][gc,cpu       ] GC(250) User=0.00s Sys=0.00s Real=0.00s
[21.718s][info ][safepoint    ] Leaving safepoint region
[21.718s][info ][safepoint    ] Total time for which application threads were stopped: 0.0025840 seconds, Stopping threads took: 0.0002209 seconds
[21.772s][info ][safepoint    ] Application time: 0.0537950 seconds
[21.772s][info ][safepoint    ] Entering safepoint region: GenCollectForAllocation
[21.772s][info ][gc,start     ] GC(251) Pause Young (Allocation Failure)
[21.772s][info ][gc,task      ] GC(251) Using 4 workers of 4 for evacuation
[21.774s][debug][gc,ref       ] GC(251) Skipped phase1 of Reference Processing due to unavailable references
[21.774s][debug][gc,ref       ] GC(251) Skipped phase2 of Reference Processing due to unavailable references
[21.774s][debug][gc,ref       ] GC(251) Skipped phase3 of Reference Processing due to unavailable references
[21.774s][debug][gc,ref       ] GC(251) Skipped phase4 of Reference Processing due to unavailable references
[21.775s][debug][gc,age       ] GC(251) Desired survivor size 15368192 bytes, new threshold 6 (max threshold 6)
[21.775s][info ][gc,heap      ] GC(251) ParNew: 241218K->983K(270336K)
[21.775s][info ][gc,heap      ] GC(251) CMS: 302525K->302594K(600768K)
[21.775s][info ][gc,metaspace ] GC(251) Metaspace: 51287K->51287K(1095680K)
[21.775s][info ][gc           ] GC(251) Pause Young (Allocation Failure) 530M->296M(850M) 2.211ms
[21.775s][info ][gc,cpu       ] GC(251) User=0.01s Sys=0.00s Real=0.00s
[21.775s][info ][safepoint    ] Leaving safepoint region
[21.775s][info ][safepoint    ] Total time for which application threads were stopped: 0.0025608 seconds, Stopping threads took: 0.0001766 seconds
[21.836s][info ][safepoint    ] Application time: 0.0614507 seconds
[21.836s][info ][safepoint    ] Entering safepoint region: GenCollectForAllocation
[21.836s][info ][gc,start     ] GC(252) Pause Young (Allocation Failure)
[21.836s][info ][gc,task      ] GC(252) Using 4 workers of 4 for evacuation
[21.838s][debug][gc,ref       ] GC(252) Skipped phase1 of Reference Processing due to unavailable references
[21.839s][debug][gc,ref       ] GC(252) Skipped phase2 of Reference Processing due to unavailable references
[21.839s][debug][gc,ref       ] GC(252) Skipped phase3 of Reference Processing due to unavailable references
[21.839s][debug][gc,ref       ] GC(252) Skipped phase4 of Reference Processing due to unavailable references
[21.839s][debug][gc,age       ] GC(252) Desired survivor size 15368192 bytes, new threshold 6 (max threshold 6)
[21.839s][info ][gc,heap      ] GC(252) ParNew: 241303K->1064K(270336K)
[21.839s][info ][gc,heap      ] GC(252) CMS: 302594K->302677K(600768K)
[21.839s][info ][gc,metaspace ] GC(252) Metaspace: 51287K->51287K(1095680K)
[21.839s][info ][gc           ] GC(252) Pause Young (Allocation Failure) 531M->296M(850M) 2.283ms
[21.839s][info ][gc,cpu       ] GC(252) User=0.01s Sys=0.00s Real=0.00s
[21.839s][info ][safepoint    ] Leaving safepoint region
[21.839s][info ][safepoint    ] Total time for which application threads were stopped: 0.0025750 seconds, Stopping threads took: 0.0001291 seconds
[21.894s][info ][safepoint    ] Application time: 0.0551279 seconds
[21.894s][info ][safepoint    ] Entering safepoint region: GenCollectForAllocation
[21.894s][info ][gc,start     ] GC(253) Pause Young (Allocation Failure)
[21.894s][info ][gc,task      ] GC(253) Using 4 workers of 4 for evacuation
[21.896s][debug][gc,ref       ] GC(253) Skipped phase1 of Reference Processing due to unavailable references
[21.896s][debug][gc,ref       ] GC(253) Skipped phase2 of Reference Processing due to unavailable references
[21.896s][debug][gc,ref       ] GC(253) Skipped phase3 of Reference Processing due to unavailable references
[21.896s][debug][gc,ref       ] GC(253) Skipped phase4 of Reference Processing due to unavailable references
[21.897s][debug][gc,age       ] GC(253) Desired survivor size 15368192 bytes, new threshold 6 (max threshold 6)
[21.897s][info ][gc,heap      ] GC(253) ParNew: 241384K->878K(270336K)
[21.897s][info ][gc,heap      ] GC(253) CMS: 302677K->302766K(600768K)
[21.897s][info ][gc,metaspace ] GC(253) Metaspace: 51287K->51287K(1095680K)
[21.897s][info ][gc           ] GC(253) Pause Young (Allocation Failure) 531M->296M(850M) 2.398ms
[21.897s][info ][gc,cpu       ] GC(253) User=0.01s Sys=0.00s Real=0.01s
[21.897s][info ][safepoint    ] Leaving safepoint region
[21.897s][info ][safepoint    ] Total time for which application threads were stopped: 0.0027023 seconds, Stopping threads took: 0.0001256 seconds
[21.958s][info ][safepoint    ] Application time: 0.0611729 seconds
[21.958s][info ][safepoint    ] Entering safepoint region: GenCollectForAllocation
[21.958s][info ][gc,start     ] GC(254) Pause Young (Allocation Failure)
[21.958s][info ][gc,task      ] GC(254) Using 4 workers of 4 for evacuation
[21.960s][debug][gc,ref       ] GC(254) Skipped phase1 of Reference Processing due to unavailable references
[21.960s][debug][gc,ref       ] GC(254) Skipped phase2 of Reference Processing due to unavailable references
[21.960s][debug][gc,ref       ] GC(254) Skipped phase3 of Reference Processing due to unavailable references
[21.960s][debug][gc,ref       ] GC(254) Skipped phase4 of Reference Processing due to unavailable references
[21.960s][debug][gc,age       ] GC(254) Desired survivor size 15368192 bytes, new threshold 6 (max threshold 6)
[21.960s][info ][gc,heap      ] GC(254) ParNew: 241198K->1048K(270336K)
[21.960s][info ][gc,heap      ] GC(254) CMS: 302766K->302851K(600768K)
[21.960s][info ][gc,metaspace ] GC(254) Metaspace: 51292K->51292K(1095680K)
[21.960s][info ][gc           ] GC(254) Pause Young (Allocation Failure) 531M->296M(850M) 2.325ms
[21.960s][info ][gc,cpu       ] GC(254) User=0.01s Sys=0.00s Real=0.00s
[21.960s][info ][safepoint    ] Leaving safepoint region
[21.960s][info ][safepoint    ] Total time for which application threads were stopped: 0.0026697 seconds, Stopping threads took: 0.0001675 seconds
[22.019s][info ][safepoint    ] Application time: 0.0585100 seconds
[22.019s][info ][safepoint    ] Entering safepoint region: GenCollectForAllocation
[22.019s][info ][gc,start     ] GC(255) Pause Young (Allocation Failure)
[22.019s][info ][gc,task      ] GC(255) Using 4 workers of 4 for evacuation
[22.022s][debug][gc,ref       ] GC(255) Skipped phase1 of Reference Processing due to unavailable references
[22.022s][debug][gc,ref       ] GC(255) Skipped phase2 of Reference Processing due to unavailable references
[22.022s][debug][gc,ref       ] GC(255) Skipped phase3 of Reference Processing due to unavailable references
[22.022s][debug][gc,ref       ] GC(255) Skipped phase4 of Reference Processing due to unavailable references
[22.022s][debug][gc,age       ] GC(255) Desired survivor size 15368192 bytes, new threshold 6 (max threshold 6)
[22.022s][info ][gc,heap      ] GC(255) ParNew: 241368K->1169K(270336K)
[22.022s][info ][gc,heap      ] GC(255) CMS: 302851K->302958K(600768K)
[22.022s][info ][gc,metaspace ] GC(255) Metaspace: 51292K->51292K(1095680K)
[22.022s][info ][gc           ] GC(255) Pause Young (Allocation Failure) 531M->296M(850M) 2.523ms
[22.022s][info ][gc,cpu       ] GC(255) User=0.01s Sys=0.00s Real=0.00s
[22.022s][info ][safepoint    ] Leaving safepoint region
[22.022s][info ][safepoint    ] Total time for which application threads were stopped: 0.0029270 seconds, Stopping threads took: 0.0001678 seconds
[22.082s][info ][safepoint    ] Application time: 0.0597961 seconds
[22.082s][info ][safepoint    ] Entering safepoint region: GenCollectForAllocation
[22.082s][info ][gc,start     ] GC(256) Pause Young (Allocation Failure)
[22.082s][info ][gc,task      ] GC(256) Using 4 workers of 4 for evacuation
[22.084s][debug][gc,ref       ] GC(256) Skipped phase1 of Reference Processing due to unavailable references
[22.084s][debug][gc,ref       ] GC(256) Skipped phase2 of Reference Processing due to unavailable references
[22.084s][debug][gc,ref       ] GC(256) Skipped phase3 of Reference Processing due to unavailable references
[22.084s][debug][gc,ref       ] GC(256) Skipped phase4 of Reference Processing due to unavailable references
[22.084s][debug][gc,age       ] GC(256) Desired survivor size 15368192 bytes, new threshold 6 (max threshold 6)
[22.084s][info ][gc,heap      ] GC(256) ParNew: 241489K->966K(270336K)
[22.084s][info ][gc,heap      ] GC(256) CMS: 302958K->303050K(600768K)
[22.084s][info ][gc,metaspace ] GC(256) Metaspace: 51292K->51292K(1095680K)
[22.084s][info ][gc           ] GC(256) Pause Young (Allocation Failure) 531M->296M(850M) 2.363ms
[22.084s][info ][gc,cpu       ] GC(256) User=0.01s Sys=0.00s Real=0.00s
[22.084s][info ][safepoint    ] Leaving safepoint region
[22.084s][info ][safepoint    ] Total time for which application threads were stopped: 0.0026477 seconds, Stopping threads took: 0.0001293 seconds
[22.145s][info ][safepoint    ] Application time: 0.0601646 seconds
[22.145s][info ][safepoint    ] Entering safepoint region: GenCollectForAllocation
[22.145s][info ][gc,start     ] GC(257) Pause Young (Allocation Failure)
[22.145s][info ][gc,task      ] GC(257) Using 4 workers of 4 for evacuation
[22.147s][debug][gc,ref       ] GC(257) Skipped phase1 of Reference Processing due to unavailable references
[22.147s][debug][gc,ref       ] GC(257) Skipped phase2 of Reference Processing due to unavailable references
[22.147s][debug][gc,ref       ] GC(257) Skipped phase3 of Reference Processing due to unavailable references
[22.147s][debug][gc,ref       ] GC(257) Skipped phase4 of Reference Processing due to unavailable references
[22.147s][debug][gc,age       ] GC(257) Desired survivor size 15368192 bytes, new threshold 6 (max threshold 6)
[22.147s][info ][gc,heap      ] GC(257) ParNew: 241286K->1172K(270336K)
[22.147s][info ][gc,heap      ] GC(257) CMS: 303050K->303153K(600768K)
[22.147s][info ][gc,metaspace ] GC(257) Metaspace: 51295K->51295K(1095680K)
[22.147s][info ][gc           ] GC(257) Pause Young (Allocation Failure) 531M->297M(850M) 2.353ms
[22.147s][info ][gc,cpu       ] GC(257) User=0.01s Sys=0.00s Real=0.00s
[22.147s][info ][safepoint    ] Leaving safepoint region
[22.147s][info ][safepoint    ] Total time for which application threads were stopped: 0.0027071 seconds, Stopping threads took: 0.0001805 seconds
[22.206s][info ][safepoint    ] Application time: 0.0585744 seconds
[22.207s][info ][safepoint    ] Entering safepoint region: GenCollectForAllocation
[22.207s][info ][gc,start     ] GC(258) Pause Young (Allocation Failure)
[22.207s][info ][gc,task      ] GC(258) Using 4 workers of 4 for evacuation
[22.210s][debug][gc,ref       ] GC(258) Skipped phase1 of Reference Processing due to unavailable references
[22.210s][debug][gc,ref       ] GC(258) Skipped phase2 of Reference Processing due to unavailable references
[22.210s][debug][gc,ref       ] GC(258) Skipped phase3 of Reference Processing due to unavailable references
[22.210s][debug][gc,ref       ] GC(258) Skipped phase4 of Reference Processing due to unavailable references
[22.210s][debug][gc,age       ] GC(258) Desired survivor size 15368192 bytes, new threshold 6 (max threshold 6)
[22.210s][info ][gc,heap      ] GC(258) ParNew: 241492K->1326K(270336K)
[22.210s][info ][gc,heap      ] GC(258) CMS: 303153K->303259K(600768K)
[22.210s][info ][gc,metaspace ] GC(258) Metaspace: 51296K->51296K(1095680K)
[22.210s][info ][gc           ] GC(258) Pause Young (Allocation Failure) 531M->297M(850M) 2.423ms
[22.210s][info ][gc,cpu       ] GC(258) User=0.00s Sys=0.00s Real=0.01s
[22.210s][info ][safepoint    ] Leaving safepoint region
[22.210s][info ][safepoint    ] Total time for which application threads were stopped: 0.0038081 seconds, Stopping threads took: 0.0012050 seconds
[22.271s][info ][safepoint    ] Application time: 0.0610646 seconds
[22.271s][info ][safepoint    ] Entering safepoint region: GenCollectForAllocation
[22.271s][info ][gc,start     ] GC(259) Pause Young (Allocation Failure)
[22.271s][info ][gc,task      ] GC(259) Using 4 workers of 4 for evacuation
[22.274s][debug][gc,ref       ] GC(259) Skipped phase1 of Reference Processing due to unavailable references
[22.274s][debug][gc,ref       ] GC(259) Skipped phase2 of Reference Processing due to unavailable references
[22.274s][debug][gc,ref       ] GC(259) Skipped phase3 of Reference Processing due to unavailable references
[22.274s][debug][gc,ref       ] GC(259) Skipped phase4 of Reference Processing due to unavailable references
[22.274s][debug][gc,age       ] GC(259) Desired survivor size 15368192 bytes, new threshold 6 (max threshold 6)
[22.274s][info ][gc,heap      ] GC(259) ParNew: 241646K->1214K(270336K)
[22.274s][info ][gc,heap      ] GC(259) CMS: 303259K->303363K(600768K)
[22.274s][info ][gc,metaspace ] GC(259) Metaspace: 51296K->51296K(1095680K)
[22.274s][info ][gc           ] GC(259) Pause Young (Allocation Failure) 532M->297M(850M) 2.577ms
[22.274s][info ][gc,cpu       ] GC(259) User=0.01s Sys=0.00s Real=0.00s
[22.274s][info ][safepoint    ] Leaving safepoint region
[22.274s][info ][safepoint    ] Total time for which application threads were stopped: 0.0029179 seconds, Stopping threads took: 0.0001792 seconds
[22.341s][info ][safepoint    ] Application time: 0.0675133 seconds
[22.342s][info ][safepoint    ] Entering safepoint region: GenCollectForAllocation
[22.342s][info ][gc,start     ] GC(260) Pause Young (Allocation Failure)
[22.342s][info ][gc,task      ] GC(260) Using 4 workers of 4 for evacuation
[22.344s][debug][gc,ref       ] GC(260) Skipped phase1 of Reference Processing due to unavailable references
[22.344s][debug][gc,ref       ] GC(260) Skipped phase2 of Reference Processing due to unavailable references
[22.344s][debug][gc,ref       ] GC(260) Skipped phase3 of Reference Processing due to unavailable references
[22.344s][debug][gc,ref       ] GC(260) Skipped phase4 of Reference Processing due to unavailable references
[22.344s][debug][gc,age       ] GC(260) Desired survivor size 15368192 bytes, new threshold 6 (max threshold 6)
[22.344s][info ][gc,heap      ] GC(260) ParNew: 241534K->1530K(270336K)
[22.344s][info ][gc,heap      ] GC(260) CMS: 303363K->303492K(600768K)
[22.344s][info ][gc,metaspace ] GC(260) Metaspace: 51296K->51296K(1095680K)
[22.344s][info ][gc           ] GC(260) Pause Young (Allocation Failure) 532M->297M(850M) 2.733ms
[22.344s][info ][gc,cpu       ] GC(260) User=0.02s Sys=0.00s Real=0.00s
[22.344s][info ][safepoint    ] Leaving safepoint region
[22.344s][info ][safepoint    ] Total time for which application threads were stopped: 0.0030992 seconds, Stopping threads took: 0.0001982 seconds
[22.408s][info ][safepoint    ] Application time: 0.0633946 seconds
[22.408s][info ][safepoint    ] Entering safepoint region: GenCollectForAllocation
[22.408s][info ][gc,start     ] GC(261) Pause Young (Allocation Failure)
[22.408s][info ][gc,task      ] GC(261) Using 4 workers of 4 for evacuation
[22.411s][debug][gc,ref       ] GC(261) Skipped phase1 of Reference Processing due to unavailable references
[22.411s][debug][gc,ref       ] GC(261) Skipped phase2 of Reference Processing due to unavailable references
[22.411s][debug][gc,ref       ] GC(261) Skipped phase3 of Reference Processing due to unavailable references
[22.411s][debug][gc,ref       ] GC(261) Skipped phase4 of Reference Processing due to unavailable references
[22.411s][debug][gc,age       ] GC(261) Desired survivor size 15368192 bytes, new threshold 6 (max threshold 6)
[22.411s][info ][gc,heap      ] GC(261) ParNew: 241850K->1881K(270336K)
[22.411s][info ][gc,heap      ] GC(261) CMS: 303492K->303609K(600768K)
[22.411s][info ][gc,metaspace ] GC(261) Metaspace: 51301K->51301K(1095680K)
[22.411s][info ][gc           ] GC(261) Pause Young (Allocation Failure) 532M->298M(850M) 2.774ms
[22.411s][info ][gc,cpu       ] GC(261) User=0.01s Sys=0.00s Real=0.00s
[22.411s][info ][safepoint    ] Leaving safepoint region
[22.411s][info ][safepoint    ] Total time for which application threads were stopped: 0.0031134 seconds, Stopping threads took: 0.0001541 seconds
[22.478s][info ][safepoint    ] Application time: 0.0674004 seconds
[22.479s][info ][safepoint    ] Entering safepoint region: GenCollectForAllocation
[22.479s][info ][gc,start     ] GC(262) Pause Young (Allocation Failure)
[22.479s][info ][gc,task      ] GC(262) Using 4 workers of 4 for evacuation
[22.482s][debug][gc,ref       ] GC(262) Skipped phase1 of Reference Processing due to unavailable references
[22.482s][debug][gc,ref       ] GC(262) Skipped phase2 of Reference Processing due to unavailable references
[22.482s][debug][gc,ref       ] GC(262) Skipped phase3 of Reference Processing due to unavailable references
[22.482s][debug][gc,ref       ] GC(262) Skipped phase4 of Reference Processing due to unavailable references
[22.482s][debug][gc,age       ] GC(262) Desired survivor size 15368192 bytes, new threshold 6 (max threshold 6)
[22.482s][info ][gc,heap      ] GC(262) ParNew: 242201K->1807K(270336K)
[22.482s][info ][gc,heap      ] GC(262) CMS: 303609K->303747K(600768K)
[22.482s][info ][gc,metaspace ] GC(262) Metaspace: 51306K->51306K(1095680K)
[22.482s][info ][gc           ] GC(262) Pause Young (Allocation Failure) 533M->298M(850M) 3.036ms
[22.482s][info ][gc,cpu       ] GC(262) User=0.01s Sys=0.00s Real=0.00s
[22.482s][info ][safepoint    ] Leaving safepoint region
[22.482s][info ][safepoint    ] Total time for which application threads were stopped: 0.0033073 seconds, Stopping threads took: 0.0001026 seconds
[23.482s][info ][safepoint    ] Application time: 1.0001501 seconds
[23.482s][info ][safepoint    ] Entering safepoint region: Cleanup
[23.482s][info ][safepoint    ] Leaving safepoint region
[23.482s][info ][safepoint    ] Total time for which application threads were stopped: 0.0001558 seconds, Stopping threads took: 0.0000185 seconds
[24.482s][info ][safepoint    ] Application time: 1.0001283 seconds
[24.482s][info ][safepoint    ] Entering safepoint region: Cleanup
[24.482s][info ][safepoint    ] Leaving safepoint region
[24.482s][info ][safepoint    ] Total time for which application threads were stopped: 0.0001134 seconds, Stopping threads took: 0.0000184 seconds
[25.482s][info ][safepoint    ] Application time: 1.0000859 seconds
[25.483s][info ][safepoint    ] Entering safepoint region: Cleanup
[25.483s][info ][safepoint    ] Leaving safepoint region
[25.483s][info ][safepoint    ] Total time for which application threads were stopped: 0.0001581 seconds, Stopping threads took: 0.0000181 seconds
[26.413s][info ][safepoint    ] Application time: 0.9304803 seconds
[26.506s][info ][safepoint    ] Entering safepoint region: RevokeBias
[26.506s][info ][safepoint    ] Leaving safepoint region
[26.506s][info ][safepoint    ] Total time for which application threads were stopped: 0.0001660 seconds, Stopping threads took: 0.0000533 seconds
[26.509s][info ][safepoint    ] Application time: 0.0025404 seconds
[26.509s][info ][safepoint    ] Entering safepoint region: RevokeBias
[26.509s][info ][safepoint    ] Leaving safepoint region
[26.509s][info ][safepoint    ] Total time for which application threads were stopped: 0.0000835 seconds, Stopping threads took: 0.0000281 seconds
[26.516s][info ][safepoint    ] Application time: 0.0064781 seconds
[26.516s][info ][safepoint    ] Entering safepoint region: RevokeBias
[26.516s][info ][safepoint    ] Leaving safepoint region
[26.516s][info ][safepoint    ] Total time for which application threads were stopped: 0.0000697 seconds, Stopping threads took: 0.0000117 seconds
[26.516s][info ][safepoint    ] Application time: 0.0006116 seconds
[26.516s][info ][safepoint    ] Entering safepoint region: RevokeBias
[26.516s][info ][safepoint    ] Leaving safepoint region
[26.516s][info ][safepoint    ] Total time for which application threads were stopped: 0.0000543 seconds, Stopping threads took: 0.0000121 seconds
[26.560s][info ][safepoint    ] Application time: 0.0439571 seconds
[26.560s][info ][safepoint    ] Entering safepoint region: RevokeBias
[26.560s][info ][safepoint    ] Leaving safepoint region
[26.560s][info ][safepoint    ] Total time for which application threads were stopped: 0.0000899 seconds, Stopping threads took: 0.0000162 seconds
[26.579s][info ][safepoint    ] Application time: 0.0183218 seconds
[26.579s][info ][safepoint    ] Entering safepoint region: RevokeBias
[26.579s][info ][safepoint    ] Leaving safepoint region
[26.579s][info ][safepoint    ] Total time for which application threads were stopped: 0.0000921 seconds, Stopping threads took: 0.0000156 seconds
[26.581s][info ][safepoint    ] Application time: 0.0020640 seconds
[26.581s][info ][safepoint    ] Entering safepoint region: RevokeBias
[26.581s][info ][safepoint    ] Leaving safepoint region
[26.581s][info ][safepoint    ] Total time for which application threads were stopped: 0.0000539 seconds, Stopping threads took: 0.0000103 seconds
[26.836s][info ][safepoint    ] Application time: 0.2550109 seconds
[26.836s][info ][safepoint    ] Entering safepoint region: RevokeBias
[26.836s][info ][safepoint    ] Leaving safepoint region
[26.836s][info ][safepoint    ] Total time for which application threads were stopped: 0.0000933 seconds, Stopping threads took: 0.0000167 seconds
[26.854s][info ][safepoint    ] Application time: 0.0180327 seconds
[26.854s][info ][safepoint    ] Entering safepoint region: RevokeBias
[26.854s][info ][safepoint    ] Leaving safepoint region
[26.854s][info ][safepoint    ] Total time for which application threads were stopped: 0.0001435 seconds, Stopping threads took: 0.0000142 seconds
[26.855s][info ][safepoint    ] Application time: 0.0010505 seconds
[26.855s][info ][safepoint    ] Entering safepoint region: RevokeBias
[26.856s][info ][safepoint    ] Leaving safepoint region
[26.856s][info ][safepoint    ] Total time for which application threads were stopped: 0.0000822 seconds, Stopping threads took: 0.0000103 seconds
[26.857s][info ][safepoint    ] Application time: 0.0019179 seconds
[26.858s][info ][safepoint    ] Entering safepoint region: RevokeBias
[26.858s][info ][safepoint    ] Leaving safepoint region
[26.858s][info ][safepoint    ] Total time for which application threads were stopped: 0.0000526 seconds, Stopping threads took: 0.0000100 seconds
[26.872s][info ][safepoint    ] Application time: 0.0146583 seconds
[26.872s][info ][safepoint    ] Entering safepoint region: Deoptimize
[26.874s][info ][safepoint    ] Leaving safepoint region
[26.874s][info ][safepoint    ] Total time for which application threads were stopped: 0.0012917 seconds, Stopping threads took: 0.0000146 seconds
[26.874s][info ][safepoint    ] Application time: 0.0008115 seconds
[26.874s][info ][safepoint    ] Entering safepoint region: RevokeBias
[26.874s][info ][safepoint    ] Leaving safepoint region
[26.874s][info ][safepoint    ] Total time for which application threads were stopped: 0.0000522 seconds, Stopping threads took: 0.0000105 seconds
[26.875s][info ][safepoint    ] Application time: 0.0000659 seconds
[26.875s][info ][safepoint    ] Entering safepoint region: RevokeBias
[26.875s][info ][safepoint    ] Leaving safepoint region
[26.875s][info ][safepoint    ] Total time for which application threads were stopped: 0.0000357 seconds, Stopping threads took: 0.0000072 seconds
[26.875s][info ][safepoint    ] Application time: 0.0000462 seconds
[26.875s][info ][safepoint    ] Entering safepoint region: RevokeBias
[26.875s][info ][safepoint    ] Leaving safepoint region
[26.875s][info ][safepoint    ] Total time for which application threads were stopped: 0.0000328 seconds, Stopping threads took: 0.0000063 seconds
[26.881s][info ][safepoint    ] Application time: 0.0061378 seconds
[26.881s][info ][safepoint    ] Entering safepoint region: RevokeBias
[26.881s][info ][safepoint    ] Leaving safepoint region
[26.881s][info ][safepoint    ] Total time for which application threads were stopped: 0.0000591 seconds, Stopping threads took: 0.0000112 seconds
[26.881s][info ][safepoint    ] Application time: 0.0000518 seconds
[26.881s][info ][safepoint    ] Entering safepoint region: RevokeBias
[26.881s][info ][safepoint    ] Leaving safepoint region
[26.881s][info ][safepoint    ] Total time for which application threads were stopped: 0.0000353 seconds, Stopping threads took: 0.0000068 seconds
[26.887s][info ][safepoint    ] Application time: 0.0058295 seconds
[26.887s][info ][safepoint    ] Entering safepoint region: RevokeBias
[26.887s][info ][safepoint    ] Leaving safepoint region
[26.887s][info ][safepoint    ] Total time for which application threads were stopped: 0.0000641 seconds, Stopping threads took: 0.0000115 seconds
[26.909s][info ][safepoint    ] Application time: 0.0221014 seconds
[26.909s][info ][safepoint    ] Entering safepoint region: RevokeBias
[26.909s][info ][safepoint    ] Leaving safepoint region
[26.909s][info ][safepoint    ] Total time for which application threads were stopped: 0.0001336 seconds, Stopping threads took: 0.0000163 seconds
[26.909s][info ][safepoint    ] Application time: 0.0000990 seconds
[26.909s][info ][safepoint    ] Entering safepoint region: RevokeBias
[26.909s][info ][safepoint    ] Leaving safepoint region
[26.910s][info ][safepoint    ] Total time for which application threads were stopped: 0.0002276 seconds, Stopping threads took: 0.0001169 seconds
[26.956s][info ][safepoint    ] Application time: 0.0460255 seconds
[26.956s][info ][safepoint    ] Entering safepoint region: Deoptimize
[26.957s][info ][safepoint    ] Leaving safepoint region
[26.957s][info ][safepoint    ] Total time for which application threads were stopped: 0.0013387 seconds, Stopping threads took: 0.0000194 seconds
[27.000s][info ][safepoint    ] Application time: 0.0428205 seconds
[27.000s][info ][safepoint    ] Entering safepoint region: Deoptimize
[27.001s][info ][safepoint    ] Leaving safepoint region
[27.001s][info ][safepoint    ] Total time for which application threads were stopped: 0.0013166 seconds, Stopping threads took: 0.0000352 seconds
[27.021s][info ][safepoint    ] Application time: 0.0196763 seconds
[27.021s][info ][safepoint    ] Entering safepoint region: RevokeBias
[27.021s][info ][safepoint    ] Leaving safepoint region
[27.021s][info ][safepoint    ] Total time for which application threads were stopped: 0.0001040 seconds, Stopping threads took: 0.0000179 seconds
[27.021s][info ][safepoint    ] Application time: 0.0005461 seconds
[27.021s][info ][safepoint    ] Entering safepoint region: RevokeBias
[27.021s][info ][safepoint    ] Leaving safepoint region
[27.021s][info ][safepoint    ] Total time for which application threads were stopped: 0.0000364 seconds, Stopping threads took: 0.0000068 seconds
[27.022s][info ][safepoint    ] Application time: 0.0000512 seconds
[27.022s][info ][safepoint    ] Entering safepoint region: RevokeBias
[27.022s][info ][safepoint    ] Leaving safepoint region
[27.022s][info ][safepoint    ] Total time for which application threads were stopped: 0.0000335 seconds, Stopping threads took: 0.0000065 seconds
[27.022s][info ][safepoint    ] Application time: 0.0004333 seconds
[27.022s][info ][safepoint    ] Entering safepoint region: RevokeBias
[27.022s][info ][safepoint    ] Leaving safepoint region
[27.022s][info ][safepoint    ] Total time for which application threads were stopped: 0.0000339 seconds, Stopping threads took: 0.0000060 seconds
[27.022s][info ][safepoint    ] Application time: 0.0000484 seconds
[27.022s][info ][safepoint    ] Entering safepoint region: RevokeBias
[27.022s][info ][safepoint    ] Leaving safepoint region
[27.022s][info ][safepoint    ] Total time for which application threads were stopped: 0.0000350 seconds, Stopping threads took: 0.0000064 seconds
[27.118s][info ][safepoint    ] Application time: 0.0962076 seconds
[27.118s][info ][safepoint    ] Entering safepoint region: RevokeBias
[27.119s][info ][safepoint    ] Leaving safepoint region
[27.119s][info ][safepoint    ] Total time for which application threads were stopped: 0.0001966 seconds, Stopping threads took: 0.0000822 seconds
[27.236s][info ][safepoint    ] Application time: 0.1172402 seconds
[27.236s][info ][safepoint    ] Entering safepoint region: Deoptimize
[27.237s][info ][safepoint    ] Leaving safepoint region
[27.237s][info ][safepoint    ] Total time for which application threads were stopped: 0.0013642 seconds, Stopping threads took: 0.0000196 seconds
[27.238s][info ][safepoint    ] Application time: 0.0003664 seconds
[27.238s][info ][safepoint    ] Entering safepoint region: Deoptimize
[27.238s][info ][safepoint    ] Leaving safepoint region
[27.238s][info ][safepoint    ] Total time for which application threads were stopped: 0.0005206 seconds, Stopping threads took: 0.0000086 seconds
[27.239s][info ][safepoint    ] Application time: 0.0010192 seconds
[27.239s][info ][safepoint    ] Entering safepoint region: RevokeBias
[27.239s][info ][safepoint    ] Leaving safepoint region
[27.239s][info ][safepoint    ] Total time for which application threads were stopped: 0.0000744 seconds, Stopping threads took: 0.0000261 seconds
[27.240s][info ][safepoint    ] Application time: 0.0003836 seconds
[27.240s][info ][safepoint    ] Entering safepoint region: Deoptimize
[27.240s][info ][safepoint    ] Leaving safepoint region
[27.240s][info ][safepoint    ] Total time for which application threads were stopped: 0.0006451 seconds, Stopping threads took: 0.0000218 seconds
[27.245s][info ][safepoint    ] Application time: 0.0048019 seconds
[27.245s][info ][safepoint    ] Entering safepoint region: RevokeBias
[27.245s][info ][safepoint    ] Leaving safepoint region
[27.245s][info ][safepoint    ] Total time for which application threads were stopped: 0.0000694 seconds, Stopping threads took: 0.0000114 seconds
[27.252s][info ][safepoint    ] Application time: 0.0063489 seconds
[27.252s][info ][safepoint    ] Entering safepoint region: RevokeBias
[27.252s][info ][safepoint    ] Leaving safepoint region
[27.252s][info ][safepoint    ] Total time for which application threads were stopped: 0.0000876 seconds, Stopping threads took: 0.0000128 seconds
[27.258s][info ][safepoint    ] Application time: 0.0066878 seconds
[27.258s][info ][safepoint    ] Entering safepoint region: CollectForMetadataAllocation
[27.258s][info ][safepoint    ] Leaving safepoint region
[27.258s][info ][safepoint    ] Total time for which application threads were stopped: 0.0000884 seconds, Stopping threads took: 0.0000117 seconds
[27.313s][info ][safepoint    ] Application time: 0.0546065 seconds
[27.313s][info ][safepoint    ] Entering safepoint region: ICBufferFull
[27.313s][info ][safepoint    ] Leaving safepoint region
[27.313s][info ][safepoint    ] Total time for which application threads were stopped: 0.0003018 seconds, Stopping threads took: 0.0000804 seconds
[27.343s][info ][safepoint    ] Application time: 0.0298611 seconds
[27.343s][info ][safepoint    ] Entering safepoint region: CollectForMetadataAllocation
[27.344s][info ][safepoint    ] Leaving safepoint region
[27.344s][info ][safepoint    ] Total time for which application threads were stopped: 0.0002443 seconds, Stopping threads took: 0.0000181 seconds
[27.556s][info ][safepoint    ] Application time: 0.2120311 seconds
[27.556s][info ][safepoint    ] Entering safepoint region: GenCollectForAllocation
[27.556s][info ][gc,start     ] GC(263) Pause Young (Allocation Failure)
[27.556s][info ][gc,task      ] GC(263) Using 4 workers of 4 for evacuation
[27.562s][debug][gc,ref       ] GC(263) Skipped phase1 of Reference Processing due to unavailable references
[27.562s][debug][gc,age       ] GC(263) Desired survivor size 15368192 bytes, new threshold 6 (max threshold 6)
[27.562s][info ][gc,heap      ] GC(263) ParNew: 242127K->6083K(270336K)
[27.562s][info ][gc,heap      ] GC(263) CMS: 303747K->303894K(600768K)
[27.562s][info ][gc,metaspace ] GC(263) Metaspace: 58641K->58641K(1103872K)
[27.562s][info ][gc           ] GC(263) Pause Young (Allocation Failure) 533M->302M(850M) 6.672ms
[27.562s][info ][gc,cpu       ] GC(263) User=0.03s Sys=0.00s Real=0.00s
[27.563s][info ][safepoint    ] Leaving safepoint region
[27.563s][info ][safepoint    ] Total time for which application threads were stopped: 0.0068839 seconds, Stopping threads took: 0.0000179 seconds
[27.563s][info ][safepoint    ] Application time: 0.0001016 seconds
[27.563s][info ][safepoint    ] Entering safepoint region: CMS_Initial_Mark
[27.563s][info ][gc,start     ] GC(264) Pause Initial Mark
[27.565s][info ][gc           ] GC(264) Pause Initial Mark 303M->303M(850M) 2.174ms
[27.565s][info ][gc,cpu       ] GC(264) User=0.01s Sys=0.00s Real=0.00s
[27.565s][info ][safepoint    ] Leaving safepoint region
[27.565s][info ][safepoint    ] Total time for which application threads were stopped: 0.0023566 seconds, Stopping threads took: 0.0000715 seconds
[27.565s][info ][gc           ] GC(264) Concurrent Mark
[27.648s][info ][safepoint    ] Application time: 0.0829548 seconds
[27.648s][info ][safepoint    ] Entering safepoint region: CollectForMetadataAllocation
[27.648s][info ][safepoint    ] Leaving safepoint region
[27.648s][info ][safepoint    ] Total time for which application threads were stopped: 0.0002732 seconds, Stopping threads took: 0.0000835 seconds
[27.697s][info ][safepoint    ] Application time: 0.0484563 seconds
[27.697s][info ][safepoint    ] Entering safepoint region: CollectForMetadataAllocation
[27.697s][info ][safepoint    ] Leaving safepoint region
[27.697s][info ][safepoint    ] Total time for which application threads were stopped: 0.0001966 seconds, Stopping threads took: 0.0000308 seconds
[27.716s][info ][safepoint    ] Application time: 0.0187274 seconds
[27.716s][info ][safepoint    ] Entering safepoint region: RevokeBias
[27.716s][info ][safepoint    ] Leaving safepoint region
[27.716s][info ][safepoint    ] Total time for which application threads were stopped: 0.0001999 seconds, Stopping threads took: 0.0000539 seconds
[27.899s][info ][safepoint    ] Application time: 0.1829194 seconds
[27.899s][info ][safepoint    ] Entering safepoint region: Deoptimize
[27.900s][info ][safepoint    ] Leaving safepoint region
[27.900s][info ][safepoint    ] Total time for which application threads were stopped: 0.0014642 seconds, Stopping threads took: 0.0000158 seconds
[27.901s][info ][safepoint    ] Application time: 0.0002460 seconds
[27.901s][info ][safepoint    ] Entering safepoint region: CollectForMetadataAllocation
[27.901s][info ][safepoint    ] Leaving safepoint region
[27.901s][info ][safepoint    ] Total time for which application threads were stopped: 0.0000783 seconds, Stopping threads took: 0.0000082 seconds
[27.905s][info ][safepoint    ] Application time: 0.0040783 seconds
[27.905s][info ][safepoint    ] Entering safepoint region: Deoptimize
[27.906s][info ][safepoint    ] Leaving safepoint region
[27.906s][info ][safepoint    ] Total time for which application threads were stopped: 0.0011955 seconds, Stopping threads took: 0.0000690 seconds
[27.908s][info ][safepoint    ] Application time: 0.0024418 seconds
[27.908s][info ][safepoint    ] Entering safepoint region: Deoptimize
[27.910s][info ][safepoint    ] Leaving safepoint region
[27.910s][info ][safepoint    ] Total time for which application threads were stopped: 0.0011700 seconds, Stopping threads took: 0.0000407 seconds
[27.910s][info ][safepoint    ] Application time: 0.0004065 seconds
[27.910s][info ][safepoint    ] Entering safepoint region: Deoptimize
[27.911s][info ][safepoint    ] Leaving safepoint region
[27.911s][info ][safepoint    ] Total time for which application threads were stopped: 0.0005893 seconds, Stopping threads took: 0.0000376 seconds
[27.958s][info ][gc           ] GC(264) Concurrent Mark 392.583ms
[27.958s][info ][gc,cpu       ] GC(264) User=1.72s Sys=0.09s Real=0.40s
[27.958s][info ][gc           ] GC(264) Concurrent Preclean
[27.958s][debug][gc,ref       ] GC(264) Preclean SoftReferences 0.001ms
[27.958s][debug][gc,ref       ] GC(264) Preclean WeakReferences 0.053ms
[27.958s][debug][gc,ref       ] GC(264) Preclean FinalReferences 0.001ms
[27.958s][debug][gc,ref       ] GC(264) Preclean PhantomReferences 0.002ms
[27.962s][info ][gc           ] GC(264) Concurrent Preclean 3.878ms
[27.962s][info ][gc,cpu       ] GC(264) User=0.02s Sys=0.00s Real=0.00s
[27.962s][info ][gc           ] GC(264) Concurrent Abortable Preclean
[28.017s][info ][safepoint    ] Application time: 0.1067571 seconds
[28.017s][info ][safepoint    ] Entering safepoint region: RevokeBias
[28.018s][info ][safepoint    ] Leaving safepoint region
[28.018s][info ][safepoint    ] Total time for which application threads were stopped: 0.0002403 seconds, Stopping threads took: 0.0000552 seconds
[28.018s][info ][safepoint    ] Application time: 0.0004349 seconds
[28.018s][info ][safepoint    ] Entering safepoint region: RevokeBias
[28.018s][info ][safepoint    ] Leaving safepoint region
[28.018s][info ][safepoint    ] Total time for which application threads were stopped: 0.0001071 seconds, Stopping threads took: 0.0000576 seconds
[28.028s][info ][safepoint    ] Application time: 0.0101750 seconds
[28.028s][info ][safepoint    ] Entering safepoint region: CollectForMetadataAllocation
[28.029s][info ][safepoint    ] Leaving safepoint region
[28.029s][info ][safepoint    ] Total time for which application threads were stopped: 0.0001347 seconds, Stopping threads took: 0.0000522 seconds
[28.042s][info ][safepoint    ] Application time: 0.0132263 seconds
[28.042s][info ][safepoint    ] Entering safepoint region: RevokeBias
[28.042s][info ][safepoint    ] Leaving safepoint region
[28.042s][info ][safepoint    ] Total time for which application threads were stopped: 0.0001528 seconds, Stopping threads took: 0.0000531 seconds
[28.042s][info ][safepoint    ] Application time: 0.0000823 seconds
[28.042s][info ][safepoint    ] Entering safepoint region: RevokeBias
[28.042s][info ][safepoint    ] Leaving safepoint region
[28.042s][info ][safepoint    ] Total time for which application threads were stopped: 0.0000489 seconds, Stopping threads took: 0.0000073 seconds
[28.392s][info ][safepoint    ] Application time: 0.3497604 seconds
[28.392s][info ][safepoint    ] Entering safepoint region: RevokeBias
[28.392s][info ][safepoint    ] Leaving safepoint region
[28.392s][info ][safepoint    ] Total time for which application threads were stopped: 0.0001487 seconds, Stopping threads took: 0.0000191 seconds
[29.392s][info ][safepoint    ] Application time: 1.0001256 seconds
[29.392s][info ][safepoint    ] Entering safepoint region: Cleanup
[29.392s][info ][safepoint    ] Leaving safepoint region
[29.392s][info ][safepoint    ] Total time for which application threads were stopped: 0.0000969 seconds, Stopping threads took: 0.0000228 seconds
[29.699s][info ][safepoint    ] Application time: 0.3063418 seconds
[29.699s][info ][safepoint    ] Entering safepoint region: Deoptimize
[29.700s][info ][safepoint    ] Leaving safepoint region
[29.700s][info ][safepoint    ] Total time for which application threads were stopped: 0.0015220 seconds, Stopping threads took: 0.0000174 seconds
[29.701s][info ][safepoint    ] Application time: 0.0005014 seconds
[29.701s][info ][safepoint    ] Entering safepoint region: CollectForMetadataAllocation
[29.701s][info ][safepoint    ] Leaving safepoint region
[29.701s][info ][safepoint    ] Total time for which application threads were stopped: 0.0000740 seconds, Stopping threads took: 0.0000099 seconds
[30.701s][info ][safepoint    ] Application time: 1.0001257 seconds
[30.701s][info ][safepoint    ] Entering safepoint region: Cleanup
[30.701s][info ][safepoint    ] Leaving safepoint region
[30.701s][info ][safepoint    ] Total time for which application threads were stopped: 0.0001849 seconds, Stopping threads took: 0.0000185 seconds
[31.515s][info ][safepoint    ] Application time: 0.8143268 seconds
[31.516s][info ][safepoint    ] Entering safepoint region: GenCollectForAllocation
[31.516s][info ][gc,start     ] GC(265) Pause Young (Allocation Failure)
[31.516s][info ][gc,task      ] GC(265) Using 4 workers of 4 for evacuation
[31.534s][debug][gc,ref       ] GC(265) Skipped phase1 of Reference Processing due to unavailable references
[31.534s][debug][gc,ref       ] GC(265) Skipped phase3 of Reference Processing due to unavailable references
[31.535s][debug][gc,age       ] GC(265) Desired survivor size 15368192 bytes, new threshold 1 (max threshold 6)
[31.535s][info ][gc,heap      ] GC(265) ParNew: 246378K->30016K(270336K)
[31.535s][info ][gc,heap      ] GC(265) CMS: 303894K->306419K(600768K)
[31.535s][info ][gc,metaspace ] GC(265) Metaspace: 60348K->60348K(1103872K)
[31.535s][info ][gc           ] GC(265) Pause Young (Allocation Failure) 537M->328M(850M) 18.793ms
[31.535s][info ][gc,cpu       ] GC(265) User=0.05s Sys=0.00s Real=0.01s
[31.535s][info ][safepoint    ] Leaving safepoint region
[31.535s][info ][safepoint    ] Total time for which application threads were stopped: 0.0191595 seconds, Stopping threads took: 0.0000974 seconds
[31.687s][info ][safepoint    ] Application time: 0.1519264 seconds
[31.687s][info ][safepoint    ] Entering safepoint region: CollectForMetadataAllocation
[31.687s][info ][safepoint    ] Leaving safepoint region
[31.687s][info ][safepoint    ] Total time for which application threads were stopped: 0.0002693 seconds, Stopping threads took: 0.0000575 seconds
[31.883s][info ][safepoint    ] Application time: 0.1961336 seconds
[31.883s][info ][safepoint    ] Entering safepoint region: RevokeBias
[31.883s][info ][safepoint    ] Leaving safepoint region
[31.883s][info ][safepoint    ] Total time for which application threads were stopped: 0.0002160 seconds, Stopping threads took: 0.0000660 seconds
[31.884s][info ][safepoint    ] Application time: 0.0003883 seconds
[31.884s][info ][safepoint    ] Entering safepoint region: RevokeBias
[31.884s][info ][safepoint    ] Leaving safepoint region
[31.884s][info ][safepoint    ] Total time for which application threads were stopped: 0.0000944 seconds, Stopping threads took: 0.0000379 seconds
[31.892s][info ][safepoint    ] Application time: 0.0078406 seconds
[31.892s][info ][safepoint    ] Entering safepoint region: RevokeBias
[31.892s][info ][safepoint    ] Leaving safepoint region
[31.892s][info ][safepoint    ] Total time for which application threads were stopped: 0.0001867 seconds, Stopping threads took: 0.0000750 seconds
[32.122s][info ][safepoint    ] Application time: 0.2305824 seconds
[32.123s][info ][safepoint    ] Entering safepoint region: RevokeBias
[32.123s][info ][safepoint    ] Leaving safepoint region
[32.123s][info ][safepoint    ] Total time for which application threads were stopped: 0.0002204 seconds, Stopping threads took: 0.0000559 seconds
[32.123s][info ][safepoint    ] Application time: 0.0001174 seconds
[32.123s][info ][safepoint    ] Entering safepoint region: RevokeBias
[32.123s][info ][safepoint    ] Leaving safepoint region
[32.123s][info ][safepoint    ] Total time for which application threads were stopped: 0.0000792 seconds, Stopping threads took: 0.0000403 seconds
[32.125s][info ][safepoint    ] Application time: 0.0023264 seconds
[32.125s][info ][safepoint    ] Entering safepoint region: RevokeBias
[32.125s][info ][safepoint    ] Leaving safepoint region
[32.125s][info ][safepoint    ] Total time for which application threads were stopped: 0.0000559 seconds, Stopping threads took: 0.0000182 seconds
[32.125s][info ][safepoint    ] Application time: 0.0000844 seconds
[32.125s][info ][safepoint    ] Entering safepoint region: RevokeBias
[32.125s][info ][safepoint    ] Leaving safepoint region
[32.125s][info ][safepoint    ] Total time for which application threads were stopped: 0.0000825 seconds, Stopping threads took: 0.0000545 seconds
[32.126s][info ][safepoint    ] Application time: 0.0001020 seconds
[32.126s][info ][safepoint    ] Entering safepoint region: RevokeBias
[32.126s][info ][safepoint    ] Leaving safepoint region
[32.126s][info ][safepoint    ] Total time for which application threads were stopped: 0.0002150 seconds, Stopping threads took: 0.0000630 seconds
[32.126s][info ][safepoint    ] Application time: 0.0001488 seconds
[32.126s][info ][safepoint    ] Entering safepoint region: RevokeBias
[32.126s][info ][safepoint    ] Leaving safepoint region
[32.126s][info ][safepoint    ] Total time for which application threads were stopped: 0.0000668 seconds, Stopping threads took: 0.0000375 seconds
[32.126s][info ][safepoint    ] Application time: 0.0000978 seconds
[32.126s][info ][safepoint    ] Entering safepoint region: RevokeBias
[32.126s][info ][safepoint    ] Leaving safepoint region
[32.126s][info ][safepoint    ] Total time for which application threads were stopped: 0.0000540 seconds, Stopping threads took: 0.0000267 seconds
[32.126s][info ][safepoint    ] Application time: 0.0000793 seconds
[32.126s][info ][safepoint    ] Entering safepoint region: RevokeBias
[32.126s][info ][safepoint    ] Leaving safepoint region
[32.127s][info ][safepoint    ] Total time for which application threads were stopped: 0.0002118 seconds, Stopping threads took: 0.0001410 seconds
[32.127s][info ][safepoint    ] Application time: 0.0001169 seconds
[32.127s][info ][safepoint    ] Entering safepoint region: RevokeBias
[32.127s][info ][safepoint    ] Leaving safepoint region
[32.127s][info ][safepoint    ] Total time for which application threads were stopped: 0.0000726 seconds, Stopping threads took: 0.0000429 seconds
[32.127s][info ][safepoint    ] Application time: 0.0000977 seconds
[32.127s][info ][safepoint    ] Entering safepoint region: RevokeBias
[32.127s][info ][safepoint    ] Leaving safepoint region
[32.127s][info ][safepoint    ] Total time for which application threads were stopped: 0.0000624 seconds, Stopping threads took: 0.0000322 seconds
[32.127s][info ][safepoint    ] Application time: 0.0001357 seconds
[32.127s][info ][safepoint    ] Entering safepoint region: RevokeBias
[32.127s][info ][safepoint    ] Leaving safepoint region
[32.127s][info ][safepoint    ] Total time for which application threads were stopped: 0.0000848 seconds, Stopping threads took: 0.0000561 seconds
[32.127s][info ][safepoint    ] Application time: 0.0002856 seconds
[32.127s][info ][safepoint    ] Entering safepoint region: RevokeBias
[32.127s][info ][safepoint    ] Leaving safepoint region
[32.127s][info ][safepoint    ] Total time for which application threads were stopped: 0.0000688 seconds, Stopping threads took: 0.0000386 seconds
[32.221s][info ][safepoint    ] Application time: 0.0939997 seconds
[32.222s][info ][safepoint    ] Entering safepoint region: CollectForMetadataAllocation
[32.222s][info ][safepoint    ] Leaving safepoint region
[32.222s][info ][safepoint    ] Total time for which application threads were stopped: 0.0002274 seconds, Stopping threads took: 0.0000942 seconds
[32.223s][info ][gc           ] GC(264) Concurrent Abortable Preclean 4261.646ms
[32.223s][info ][gc,cpu       ] GC(264) User=7.02s Sys=0.23s Real=4.26s
[32.223s][info ][safepoint    ] Application time: 0.0015857 seconds
[32.223s][info ][safepoint    ] Entering safepoint region: CMS_Final_Remark
[32.223s][info ][gc,start     ] GC(264) Pause Remark
[32.247s][debug][gc,phases    ] GC(264) Rescan (parallel) 23.377ms
[32.247s][debug][gc,ref       ] GC(264) Skipped phase1 of Reference Processing due to unavailable references
[32.247s][debug][gc,ref       ] GC(264) Skipped phase3 of Reference Processing due to unavailable references
[32.247s][debug][gc,ref       ] GC(264) Skipped phase4 of Reference Processing due to unavailable references
[32.247s][debug][gc,phases    ] GC(264) Reference Processing 0.033ms
[32.247s][debug][gc,phases    ] GC(264) Weak Processing 0.245ms
[32.248s][debug][gc,phases    ] GC(264) ClassLoaderData 1.214ms
[32.248s][debug][gc,phases    ] GC(264) Dictionary 0.021ms
[32.248s][debug][gc,phases    ] GC(264) ProtectionDomainCacheTable 0.005ms
[32.249s][debug][gc,phases    ] GC(264) ResolvedMethodTable 0.234ms
[32.277s][debug][gc,phases    ] GC(264) Class Unloading 29.332ms
[32.282s][debug][gc,phases    ] GC(264) Scrub Symbol Table 5.607ms
[32.283s][debug][gc,phases    ] GC(264) Scrub String Table 0.465ms
[32.283s][info ][gc           ] GC(264) Pause Remark 454M->454M(850M) 59.487ms
[32.283s][info ][gc,cpu       ] GC(264) User=0.18s Sys=0.00s Real=0.06s
[32.283s][info ][safepoint    ] Leaving safepoint region
[32.283s][info ][safepoint    ] Total time for which application threads were stopped: 0.0596562 seconds, Stopping threads took: 0.0000644 seconds
[32.283s][info ][gc           ] GC(264) Concurrent Sweep
[32.283s][info ][safepoint    ] Application time: 0.0002640 seconds
[32.283s][info ][safepoint    ] Entering safepoint region: RevokeBias
[32.284s][info ][safepoint    ] Leaving safepoint region
[32.284s][info ][safepoint    ] Total time for which application threads were stopped: 0.0002321 seconds, Stopping threads took: 0.0001316 seconds
[32.286s][info ][safepoint    ] Application time: 0.0022447 seconds
[32.286s][info ][safepoint    ] Entering safepoint region: RevokeBias
[32.286s][info ][safepoint    ] Leaving safepoint region
[32.286s][info ][safepoint    ] Total time for which application threads were stopped: 0.0001961 seconds, Stopping threads took: 0.0000633 seconds
[32.294s][info ][safepoint    ] Application time: 0.0079454 seconds
[32.294s][info ][safepoint    ] Entering safepoint region: ICBufferFull
[32.294s][info ][safepoint    ] Leaving safepoint region
[32.294s][info ][safepoint    ] Total time for which application threads were stopped: 0.0002227 seconds, Stopping threads took: 0.0000142 seconds
[32.301s][info ][safepoint    ] Application time: 0.0070047 seconds
[32.301s][info ][safepoint    ] Entering safepoint region: RevokeBias
[32.301s][info ][safepoint    ] Leaving safepoint region
[32.301s][info ][safepoint    ] Total time for which application threads were stopped: 0.0001390 seconds, Stopping threads took: 0.0000291 seconds
[32.351s][info ][safepoint    ] Application time: 0.0493232 seconds
[32.351s][info ][safepoint    ] Entering safepoint region: ICBufferFull
[32.351s][info ][safepoint    ] Leaving safepoint region
[32.351s][info ][safepoint    ] Total time for which application threads were stopped: 0.0002719 seconds, Stopping threads took: 0.0000401 seconds
[32.426s][info ][safepoint    ] Application time: 0.0751566 seconds
[32.426s][info ][safepoint    ] Entering safepoint region: ICBufferFull
[32.426s][info ][safepoint    ] Leaving safepoint region
[32.426s][info ][safepoint    ] Total time for which application threads were stopped: 0.0002513 seconds, Stopping threads took: 0.0000181 seconds
[32.429s][info ][safepoint    ] Application time: 0.0030173 seconds
[32.429s][info ][safepoint    ] Entering safepoint region: Deoptimize
[32.431s][info ][safepoint    ] Leaving safepoint region
[32.431s][info ][safepoint    ] Total time for which application threads were stopped: 0.0014928 seconds, Stopping threads took: 0.0000121 seconds
[32.432s][info ][safepoint    ] Application time: 0.0005761 seconds
[32.432s][info ][safepoint    ] Entering safepoint region: Deoptimize
[32.432s][info ][safepoint    ] Leaving safepoint region
[32.432s][info ][safepoint    ] Total time for which application threads were stopped: 0.0005977 seconds, Stopping threads took: 0.0000108 seconds
[32.447s][info ][gc           ] GC(264) Concurrent Sweep 163.494ms
[32.447s][info ][gc,cpu       ] GC(264) User=0.64s Sys=0.02s Real=0.16s
[32.447s][info ][gc           ] GC(264) Concurrent Reset
[32.463s][info ][gc           ] GC(264) Concurrent Reset 16.105ms
[32.463s][info ][gc,cpu       ] GC(264) User=0.08s Sys=0.00s Real=0.02s
[32.463s][info ][gc,heap      ] GC(264) Old: 303894K->259305K(600768K)
[32.609s][info ][safepoint    ] Application time: 0.1772091 seconds
[32.609s][info ][safepoint    ] Entering safepoint region: GenCollectForAllocation
[32.610s][info ][gc,start     ] GC(266) Pause Young (Allocation Failure)
[32.610s][info ][gc,task      ] GC(266) Using 4 workers of 4 for evacuation
[32.633s][debug][gc,ref       ] GC(266) Skipped phase1 of Reference Processing due to unavailable references
[32.633s][debug][gc,age       ] GC(266) Desired survivor size 15368192 bytes, new threshold 1 (max threshold 6)
[32.633s][info ][gc,heap      ] GC(266) ParNew: 270336K->30016K(270336K)
[32.633s][info ][gc,heap      ] GC(266) CMS: 259305K->288770K(600768K)
[32.633s][info ][gc,metaspace ] GC(266) Metaspace: 60799K->60799K(1105920K)
[32.633s][info ][gc           ] GC(266) Pause Young (Allocation Failure) 517M->311M(850M) 23.502ms
[32.633s][info ][gc,cpu       ] GC(266) User=0.08s Sys=0.01s Real=0.02s
[32.633s][info ][safepoint    ] Leaving safepoint region
[32.633s][info ][safepoint    ] Total time for which application threads were stopped: 0.0238717 seconds, Stopping threads took: 0.0000172 seconds
[32.747s][info ][safepoint    ] Application time: 0.1141217 seconds
[32.747s][info ][safepoint    ] Entering safepoint region: Deoptimize
[32.749s][info ][safepoint    ] Leaving safepoint region
[32.749s][info ][safepoint    ] Total time for which application threads were stopped: 0.0015311 seconds, Stopping threads took: 0.0000169 seconds
[32.814s][info ][safepoint    ] Application time: 0.0647946 seconds
[32.814s][info ][safepoint    ] Entering safepoint region: Deoptimize
[32.815s][info ][safepoint    ] Leaving safepoint region
[32.815s][info ][safepoint    ] Total time for which application threads were stopped: 0.0015988 seconds, Stopping threads took: 0.0000346 seconds
[33.814s][info ][safepoint    ] Application time: 0.9988738 seconds
[33.814s][info ][safepoint    ] Entering safepoint region: ICBufferFull
[33.815s][info ][safepoint    ] Leaving safepoint region
[33.815s][info ][safepoint    ] Total time for which application threads were stopped: 0.0002725 seconds, Stopping threads took: 0.0000565 seconds
[33.919s][info ][safepoint    ] Application time: 0.1044863 seconds
[33.919s][info ][safepoint    ] Entering safepoint region: GenCollectForAllocation
[33.919s][info ][gc,start     ] GC(267) Pause Young (Allocation Failure)
[33.919s][info ][gc,task      ] GC(267) Using 4 workers of 4 for evacuation
[33.937s][debug][gc,ref       ] GC(267) Skipped phase1 of Reference Processing due to unavailable references
[33.937s][debug][gc,ref       ] GC(267) Skipped phase3 of Reference Processing due to unavailable references
[33.937s][debug][gc,age       ] GC(267) Desired survivor size 15368192 bytes, new threshold 6 (max threshold 6)
[33.937s][info ][gc,heap      ] GC(267) ParNew: 270336K->14639K(270336K)
[33.937s][info ][gc,heap      ] GC(267) CMS: 288770K->314034K(600768K)
[33.937s][info ][gc,metaspace ] GC(267) Metaspace: 61516K->61516K(1105920K)
[33.937s][info ][gc           ] GC(267) Pause Young (Allocation Failure) 546M->320M(850M) 17.836ms
[33.937s][info ][gc,cpu       ] GC(267) User=0.08s Sys=0.00s Real=0.02s
[33.937s][info ][safepoint    ] Leaving safepoint region
[33.937s][info ][safepoint    ] Total time for which application threads were stopped: 0.0180618 seconds, Stopping threads took: 0.0000370 seconds
[34.365s][info ][safepoint    ] Application time: 0.4279395 seconds
[34.365s][info ][safepoint    ] Entering safepoint region: Deoptimize
[34.367s][info ][safepoint    ] Leaving safepoint region
[34.367s][info ][safepoint    ] Total time for which application threads were stopped: 0.0016301 seconds, Stopping threads took: 0.0000174 seconds
[34.476s][info ][safepoint    ] Application time: 0.1092947 seconds
[34.476s][info ][safepoint    ] Entering safepoint region: ICBufferFull
[34.476s][info ][safepoint    ] Leaving safepoint region
[34.476s][info ][safepoint    ] Total time for which application threads were stopped: 0.0001978 seconds, Stopping threads took: 0.0000158 seconds
[34.799s][info ][safepoint    ] Application time: 0.3226009 seconds
[34.799s][info ][safepoint    ] Entering safepoint region: GenCollectForAllocation
[34.799s][info ][gc,start     ] GC(268) Pause Young (Allocation Failure)
[34.799s][info ][gc,task      ] GC(268) Using 4 workers of 4 for evacuation
[34.812s][debug][gc,ref       ] GC(268) Skipped phase1 of Reference Processing due to unavailable references
[34.812s][debug][gc,ref       ] GC(268) Skipped phase3 of Reference Processing due to unavailable references
[34.812s][debug][gc,age       ] GC(268) Desired survivor size 15368192 bytes, new threshold 1 (max threshold 6)
[34.812s][info ][gc,heap      ] GC(268) ParNew: 254959K->25290K(270336K)
[34.812s][info ][gc,heap      ] GC(268) CMS: 314034K->314034K(600768K)
[34.812s][info ][gc,metaspace ] GC(268) Metaspace: 61891K->61891K(1105920K)
[34.812s][info ][gc           ] GC(268) Pause Young (Allocation Failure) 555M->331M(850M) 12.687ms
[34.812s][info ][gc,cpu       ] GC(268) User=0.05s Sys=0.00s Real=0.01s
[34.812s][info ][safepoint    ] Leaving safepoint region
[34.812s][info ][safepoint    ] Total time for which application threads were stopped: 0.0130020 seconds, Stopping threads took: 0.0000156 seconds
[35.131s][info ][safepoint    ] Application time: 0.3188721 seconds
[35.131s][info ][safepoint    ] Entering safepoint region: Deoptimize
[35.133s][info ][safepoint    ] Leaving safepoint region
[35.133s][info ][safepoint    ] Total time for which application threads were stopped: 0.0017006 seconds, Stopping threads took: 0.0000153 seconds
[35.133s][info ][safepoint    ] Application time: 0.0006605 seconds
[35.133s][info ][safepoint    ] Entering safepoint region: Deoptimize
[35.134s][info ][safepoint    ] Leaving safepoint region
[35.134s][info ][safepoint    ] Total time for which application threads were stopped: 0.0005890 seconds, Stopping threads took: 0.0000104 seconds
[35.243s][info ][safepoint    ] Application time: 0.1087664 seconds
[35.243s][info ][safepoint    ] Entering safepoint region: Deoptimize
[35.244s][info ][safepoint    ] Leaving safepoint region
[35.244s][info ][safepoint    ] Total time for which application threads were stopped: 0.0016302 seconds, Stopping threads took: 0.0000168 seconds
[35.245s][info ][safepoint    ] Application time: 0.0002768 seconds
[35.245s][info ][safepoint    ] Entering safepoint region: Deoptimize
[35.245s][info ][safepoint    ] Leaving safepoint region
[35.245s][info ][safepoint    ] Total time for which application threads were stopped: 0.0007344 seconds, Stopping threads took: 0.0000549 seconds
[35.385s][info ][safepoint    ] Application time: 0.1401722 seconds
[35.385s][info ][safepoint    ] Entering safepoint region: Deoptimize
[35.387s][info ][safepoint    ] Leaving safepoint region
[35.387s][info ][safepoint    ] Total time for which application threads were stopped: 0.0016569 seconds, Stopping threads took: 0.0000166 seconds
[35.389s][info ][safepoint    ] Application time: 0.0015002 seconds
[35.389s][info ][safepoint    ] Entering safepoint region: Deoptimize
[35.389s][info ][safepoint    ] Leaving safepoint region
[35.389s][info ][safepoint    ] Total time for which application threads were stopped: 0.0007469 seconds, Stopping threads took: 0.0000337 seconds
[35.390s][info ][safepoint    ] Application time: 0.0008390 seconds
[35.390s][info ][safepoint    ] Entering safepoint region: Deoptimize
[35.391s][info ][safepoint    ] Leaving safepoint region
[35.391s][info ][safepoint    ] Total time for which application threads were stopped: 0.0005997 seconds, Stopping threads took: 0.0000100 seconds
[35.392s][info ][safepoint    ] Application time: 0.0009685 seconds
[35.392s][info ][safepoint    ] Entering safepoint region: Deoptimize
[35.392s][info ][safepoint    ] Leaving safepoint region
[35.392s][info ][safepoint    ] Total time for which application threads were stopped: 0.0005835 seconds, Stopping threads took: 0.0000105 seconds
[35.393s][info ][safepoint    ] Application time: 0.0006964 seconds
[35.393s][info ][safepoint    ] Entering safepoint region: Deoptimize
[35.394s][info ][safepoint    ] Leaving safepoint region
[35.394s][info ][safepoint    ] Total time for which application threads were stopped: 0.0005976 seconds, Stopping threads took: 0.0000108 seconds
[35.659s][info ][safepoint    ] Application time: 0.2656478 seconds
[35.659s][info ][safepoint    ] Entering safepoint region: GenCollectForAllocation
[35.660s][info ][gc,start     ] GC(269) Pause Young (Allocation Failure)
[35.660s][info ][gc,task      ] GC(269) Using 4 workers of 4 for evacuation
[35.679s][debug][gc,ref       ] GC(269) Skipped phase1 of Reference Processing due to unavailable references
[35.679s][debug][gc,ref       ] GC(269) Skipped phase3 of Reference Processing due to unavailable references
[35.679s][debug][gc,age       ] GC(269) Desired survivor size 15368192 bytes, new threshold 1 (max threshold 6)
[35.679s][info ][gc,heap      ] GC(269) ParNew: 265610K->22829K(270336K)
[35.679s][info ][gc,heap      ] GC(269) CMS: 314034K->326483K(600768K)
[35.679s][info ][gc,metaspace ] GC(269) Metaspace: 62226K->62226K(1105920K)
[35.679s][info ][gc           ] GC(269) Pause Young (Allocation Failure) 566M->341M(850M) 19.363ms
[35.679s][info ][gc,cpu       ] GC(269) User=0.08s Sys=0.01s Real=0.02s
[35.679s][info ][safepoint    ] Leaving safepoint region
[35.679s][info ][safepoint    ] Total time for which application threads were stopped: 0.0196964 seconds, Stopping threads took: 0.0000189 seconds
[36.309s][info ][safepoint    ] Application time: 0.6301756 seconds
[36.309s][info ][safepoint    ] Entering safepoint region: ICBufferFull
[36.310s][info ][safepoint    ] Leaving safepoint region
[36.310s][info ][safepoint    ] Total time for which application threads were stopped: 0.0002806 seconds, Stopping threads took: 0.0000587 seconds
[36.895s][info ][safepoint    ] Application time: 0.5851883 seconds
[36.895s][info ][safepoint    ] Entering safepoint region: ICBufferFull
[36.895s][info ][safepoint    ] Leaving safepoint region
[36.895s][info ][safepoint    ] Total time for which application threads were stopped: 0.0002187 seconds, Stopping threads took: 0.0000168 seconds
[37.097s][info ][safepoint    ] Application time: 0.2014248 seconds
[37.097s][info ][safepoint    ] Entering safepoint region: GenCollectForAllocation
[37.097s][info ][gc,start     ] GC(270) Pause Young (Allocation Failure)
[37.097s][info ][gc,task      ] GC(270) Using 4 workers of 4 for evacuation
[37.114s][debug][gc,ref       ] GC(270) Skipped phase1 of Reference Processing due to unavailable references
[37.114s][debug][gc,ref       ] GC(270) Skipped phase3 of Reference Processing due to unavailable references
[37.114s][debug][gc,age       ] GC(270) Desired survivor size 15368192 bytes, new threshold 6 (max threshold 6)
[37.114s][info ][gc,heap      ] GC(270) ParNew: 263149K->17338K(270336K)
[37.114s][info ][gc,heap      ] GC(270) CMS: 326483K->339405K(600768K)
[37.114s][info ][gc,metaspace ] GC(270) Metaspace: 62493K->62493K(1105920K)
[37.114s][info ][gc           ] GC(270) Pause Young (Allocation Failure) 575M->348M(850M) 17.509ms
[37.114s][info ][gc,cpu       ] GC(270) User=0.06s Sys=0.00s Real=0.01s
[37.115s][info ][safepoint    ] Leaving safepoint region
[37.115s][info ][safepoint    ] Total time for which application threads were stopped: 0.0178211 seconds, Stopping threads took: 0.0000823 seconds
[37.285s][info ][safepoint    ] Application time: 0.1703720 seconds
[37.285s][info ][safepoint    ] Entering safepoint region: RevokeBias
[37.285s][info ][safepoint    ] Leaving safepoint region
[37.285s][info ][safepoint    ] Total time for which application threads were stopped: 0.0001614 seconds, Stopping threads took: 0.0000172 seconds
[38.193s][info ][safepoint    ] Application time: 0.9081245 seconds
[38.193s][info ][safepoint    ] Entering safepoint region: ICBufferFull
[38.193s][info ][safepoint    ] Leaving safepoint region
[38.193s][info ][safepoint    ] Total time for which application threads were stopped: 0.0002065 seconds, Stopping threads took: 0.0000184 seconds
[38.752s][info ][safepoint    ] Application time: 0.5589053 seconds
[38.752s][info ][safepoint    ] Entering safepoint region: ICBufferFull
[38.753s][info ][safepoint    ] Leaving safepoint region
[38.753s][info ][safepoint    ] Total time for which application threads were stopped: 0.0003044 seconds, Stopping threads took: 0.0000665 seconds
[38.773s][info ][safepoint    ] Application time: 0.0204629 seconds
[38.773s][info ][safepoint    ] Entering safepoint region: GenCollectForAllocation
[38.773s][info ][gc,start     ] GC(271) Pause Young (Allocation Failure)
[38.773s][info ][gc,task      ] GC(271) Using 4 workers of 4 for evacuation
[38.780s][debug][gc,ref       ] GC(271) Skipped phase1 of Reference Processing due to unavailable references
[38.780s][debug][gc,ref       ] GC(271) Skipped phase3 of Reference Processing due to unavailable references
[38.780s][debug][gc,age       ] GC(271) Desired survivor size 15368192 bytes, new threshold 6 (max threshold 6)
[38.780s][info ][gc,heap      ] GC(271) ParNew: 257658K->11835K(270336K)
[38.780s][info ][gc,heap      ] GC(271) CMS: 339405K->339405K(600768K)
[38.780s][info ][gc,metaspace ] GC(271) Metaspace: 62617K->62617K(1107968K)
[38.780s][info ][gc           ] GC(271) Pause Young (Allocation Failure) 583M->343M(850M) 6.573ms
[38.780s][info ][gc,cpu       ] GC(271) User=0.03s Sys=0.00s Real=0.01s
[38.780s][info ][safepoint    ] Leaving safepoint region
[38.780s][info ][safepoint    ] Total time for which application threads were stopped: 0.0067577 seconds, Stopping threads took: 0.0000183 seconds
[39.780s][info ][safepoint    ] Application time: 1.0001465 seconds
[39.780s][info ][safepoint    ] Entering safepoint region: Cleanup
[39.780s][info ][safepoint    ] Leaving safepoint region
[39.780s][info ][safepoint    ] Total time for which application threads were stopped: 0.0001941 seconds, Stopping threads took: 0.0000170 seconds
[40.622s][info ][safepoint    ] Application time: 0.8416464 seconds
[40.622s][info ][safepoint    ] Entering safepoint region: GenCollectForAllocation
[40.622s][info ][gc,start     ] GC(272) Pause Young (Allocation Failure)
[40.622s][info ][gc,task      ] GC(272) Using 4 workers of 4 for evacuation
[40.628s][debug][gc,ref       ] GC(272) Skipped phase1 of Reference Processing due to unavailable references
[40.628s][debug][gc,ref       ] GC(272) Skipped phase3 of Reference Processing due to unavailable references
[40.628s][debug][gc,age       ] GC(272) Desired survivor size 15368192 bytes, new threshold 6 (max threshold 6)
[40.628s][info ][gc,heap      ] GC(272) ParNew: 252155K->12046K(270336K)
[40.628s][info ][gc,heap      ] GC(272) CMS: 339405K->339405K(600768K)
[40.628s][info ][gc,metaspace ] GC(272) Metaspace: 62740K->62740K(1107968K)
[40.628s][info ][gc           ] GC(272) Pause Young (Allocation Failure) 577M->343M(850M) 6.004ms
[40.628s][info ][gc,cpu       ] GC(272) User=0.03s Sys=0.00s Real=0.01s
[40.628s][info ][safepoint    ] Leaving safepoint region
[40.628s][info ][safepoint    ] Total time for which application threads were stopped: 0.0063149 seconds, Stopping threads took: 0.0000182 seconds
[41.300s][info ][safepoint    ] Application time: 0.6719378 seconds
[41.300s][info ][safepoint    ] Entering safepoint region: ICBufferFull
[41.301s][info ][safepoint    ] Leaving safepoint region
[41.301s][info ][safepoint    ] Total time for which application threads were stopped: 0.0003435 seconds, Stopping threads took: 0.0001214 seconds
[41.572s][info ][safepoint    ] Application time: 0.2712811 seconds
[41.572s][info ][safepoint    ] Entering safepoint region: ICBufferFull
[41.572s][info ][safepoint    ] Leaving safepoint region
[41.572s][info ][safepoint    ] Total time for which application threads were stopped: 0.0002771 seconds, Stopping threads took: 0.0000368 seconds
[41.958s][info ][safepoint    ] Application time: 0.3859904 seconds
[41.958s][info ][safepoint    ] Entering safepoint region: ICBufferFull
[41.959s][info ][safepoint    ] Leaving safepoint region
[41.959s][info ][safepoint    ] Total time for which application threads were stopped: 0.0002989 seconds, Stopping threads took: 0.0000177 seconds
[42.286s][info ][safepoint    ] Application time: 0.3277566 seconds
[42.286s][info ][safepoint    ] Entering safepoint region: RevokeBias
[42.287s][info ][safepoint    ] Leaving safepoint region
[42.287s][info ][safepoint    ] Total time for which application threads were stopped: 0.0001876 seconds, Stopping threads took: 0.0000167 seconds
[42.287s][info ][safepoint    ] Application time: 0.0001479 seconds
[42.287s][info ][safepoint    ] Entering safepoint region: RevokeBias
[42.287s][info ][safepoint    ] Leaving safepoint region
[42.287s][info ][safepoint    ] Total time for which application threads were stopped: 0.0000446 seconds, Stopping threads took: 0.0000077 seconds
[42.500s][info ][safepoint    ] Application time: 0.2133116 seconds
[42.500s][info ][safepoint    ] Entering safepoint region: GenCollectForAllocation
[42.500s][info ][gc,start     ] GC(273) Pause Young (Allocation Failure)
[42.500s][info ][gc,task      ] GC(273) Using 4 workers of 4 for evacuation
[42.506s][debug][gc,ref       ] GC(273) Skipped phase1 of Reference Processing due to unavailable references
[42.506s][debug][gc,ref       ] GC(273) Skipped phase3 of Reference Processing due to unavailable references
[42.506s][debug][gc,age       ] GC(273) Desired survivor size 15368192 bytes, new threshold 6 (max threshold 6)
[42.506s][info ][gc,heap      ] GC(273) ParNew: 252366K->9066K(270336K)
[42.506s][info ][gc,heap      ] GC(273) CMS: 339405K->339405K(600768K)
[42.506s][info ][gc,metaspace ] GC(273) Metaspace: 62836K->62836K(1107968K)
[42.506s][info ][gc           ] GC(273) Pause Young (Allocation Failure) 577M->340M(850M) 6.128ms
[42.506s][info ][gc,cpu       ] GC(273) User=0.03s Sys=0.00s Real=0.00s
[42.506s][info ][safepoint    ] Leaving safepoint region
[42.506s][info ][safepoint    ] Total time for which application threads were stopped: 0.0063377 seconds, Stopping threads took: 0.0000422 seconds
[43.507s][info ][safepoint    ] Application time: 1.0001044 seconds
[43.507s][info ][safepoint    ] Entering safepoint region: Cleanup
[43.507s][info ][safepoint    ] Leaving safepoint region
[43.507s][info ][safepoint    ] Total time for which application threads were stopped: 0.0002096 seconds, Stopping threads took: 0.0000765 seconds
[44.410s][info ][safepoint    ] Application time: 0.9030921 seconds
[44.410s][info ][safepoint    ] Entering safepoint region: GenCollectForAllocation
[44.410s][info ][gc,start     ] GC(274) Pause Young (Allocation Failure)
[44.410s][info ][gc,task      ] GC(274) Using 4 workers of 4 for evacuation
[44.416s][debug][gc,ref       ] GC(274) Skipped phase1 of Reference Processing due to unavailable references
[44.416s][debug][gc,ref       ] GC(274) Skipped phase3 of Reference Processing due to unavailable references
[44.416s][debug][gc,ref       ] GC(274) Skipped phase4 of Reference Processing due to unavailable references
[44.416s][debug][gc,age       ] GC(274) Desired survivor size 15368192 bytes, new threshold 6 (max threshold 6)
[44.416s][info ][gc,heap      ] GC(274) ParNew: 249386K->9289K(270336K)
[44.416s][info ][gc,heap      ] GC(274) CMS: 339405K->339405K(600768K)
[44.416s][info ][gc,metaspace ] GC(274) Metaspace: 62900K->62900K(1107968K)
[44.416s][info ][gc           ] GC(274) Pause Young (Allocation Failure) 574M->340M(850M) 6.022ms
[44.416s][info ][gc,cpu       ] GC(274) User=0.03s Sys=0.00s Real=0.01s
[44.416s][info ][safepoint    ] Leaving safepoint region
[44.416s][info ][safepoint    ] Total time for which application threads were stopped: 0.0062396 seconds, Stopping threads took: 0.0000161 seconds
[45.416s][info ][safepoint    ] Application time: 1.0001367 seconds
[45.416s][info ][safepoint    ] Entering safepoint region: Cleanup
[45.416s][info ][safepoint    ] Leaving safepoint region
[45.416s][info ][safepoint    ] Total time for which application threads were stopped: 0.0001520 seconds, Stopping threads took: 0.0000424 seconds
[46.359s][info ][safepoint    ] Application time: 0.9421638 seconds
[46.359s][info ][safepoint    ] Entering safepoint region: GenCollectForAllocation
[46.359s][info ][gc,start     ] GC(275) Pause Young (Allocation Failure)
[46.359s][info ][gc,task      ] GC(275) Using 4 workers of 4 for evacuation
[46.365s][debug][gc,ref       ] GC(275) Skipped phase1 of Reference Processing due to unavailable references
[46.365s][debug][gc,ref       ] GC(275) Skipped phase3 of Reference Processing due to unavailable references
[46.365s][debug][gc,age       ] GC(275) Desired survivor size 15368192 bytes, new threshold 6 (max threshold 6)
[46.365s][info ][gc,heap      ] GC(275) ParNew: 249609K->9409K(270336K)
[46.365s][info ][gc,heap      ] GC(275) CMS: 339405K->339405K(600768K)
[46.365s][info ][gc,metaspace ] GC(275) Metaspace: 62956K->62956K(1107968K)
[46.365s][info ][gc           ] GC(275) Pause Young (Allocation Failure) 575M->340M(850M) 6.435ms
[46.365s][info ][gc,cpu       ] GC(275) User=0.03s Sys=0.00s Real=0.00s
[46.365s][info ][safepoint    ] Leaving safepoint region
[46.365s][info ][safepoint    ] Total time for which application threads were stopped: 0.0066962 seconds, Stopping threads took: 0.0000635 seconds
[47.366s][info ][safepoint    ] Application time: 1.0001596 seconds
[47.366s][info ][safepoint    ] Entering safepoint region: Cleanup
[47.366s][info ][safepoint    ] Leaving safepoint region
[47.366s][info ][safepoint    ] Total time for which application threads were stopped: 0.0001676 seconds, Stopping threads took: 0.0000436 seconds
[48.348s][info ][safepoint    ] Application time: 0.9817883 seconds
[48.348s][info ][safepoint    ] Entering safepoint region: GenCollectForAllocation
[48.348s][info ][gc,start     ] GC(276) Pause Young (Allocation Failure)
[48.348s][info ][gc,task      ] GC(276) Using 4 workers of 4 for evacuation
[48.356s][debug][gc,ref       ] GC(276) Skipped phase1 of Reference Processing due to unavailable references
[48.357s][debug][gc,ref       ] GC(276) Skipped phase3 of Reference Processing due to unavailable references
[48.357s][debug][gc,ref       ] GC(276) Skipped phase4 of Reference Processing due to unavailable references
[48.357s][debug][gc,age       ] GC(276) Desired survivor size 15368192 bytes, new threshold 6 (max threshold 6)
[48.357s][info ][gc,heap      ] GC(276) ParNew: 249729K->7656K(270336K)
[48.357s][info ][gc,heap      ] GC(276) CMS: 339405K->344876K(600768K)
[48.357s][info ][gc,metaspace ] GC(276) Metaspace: 62991K->62991K(1107968K)
[48.357s][info ][gc           ] GC(276) Pause Young (Allocation Failure) 575M->344M(850M) 8.991ms
[48.357s][info ][gc,cpu       ] GC(276) User=0.03s Sys=0.00s Real=0.01s
[48.357s][info ][safepoint    ] Leaving safepoint region
[48.357s][info ][safepoint    ] Total time for which application threads were stopped: 0.0092495 seconds, Stopping threads took: 0.0000802 seconds
[49.357s][info ][safepoint    ] Application time: 1.0001416 seconds
[49.357s][info ][safepoint    ] Entering safepoint region: Cleanup
[49.357s][info ][safepoint    ] Leaving safepoint region
[49.357s][info ][safepoint    ] Total time for which application threads were stopped: 0.0001773 seconds, Stopping threads took: 0.0000655 seconds
[50.348s][info ][safepoint    ] Application time: 0.9907599 seconds
[50.348s][info ][safepoint    ] Entering safepoint region: GenCollectForAllocation
[50.348s][info ][gc,start     ] GC(277) Pause Young (Allocation Failure)
[50.348s][info ][gc,task      ] GC(277) Using 4 workers of 4 for evacuation
[50.353s][debug][gc,ref       ] GC(277) Skipped phase1 of Reference Processing due to unavailable references
[50.353s][debug][gc,ref       ] GC(277) Skipped phase3 of Reference Processing due to unavailable references
[50.353s][debug][gc,ref       ] GC(277) Skipped phase4 of Reference Processing due to unavailable references
[50.353s][debug][gc,age       ] GC(277) Desired survivor size 15368192 bytes, new threshold 6 (max threshold 6)
[50.353s][info ][gc,heap      ] GC(277) ParNew: 247976K->2499K(270336K)
[50.353s][info ][gc,heap      ] GC(277) CMS: 344876K->346478K(600768K)
[50.353s][info ][gc,metaspace ] GC(277) Metaspace: 63011K->63011K(1107968K)
[50.353s][info ][gc           ] GC(277) Pause Young (Allocation Failure) 578M->340M(850M) 4.815ms
[50.353s][info ][gc,cpu       ] GC(277) User=0.02s Sys=0.00s Real=0.00s
[50.353s][info ][safepoint    ] Leaving safepoint region
[50.353s][info ][safepoint    ] Total time for which application threads were stopped: 0.0052663 seconds, Stopping threads took: 0.0001138 seconds
[51.353s][info ][safepoint    ] Application time: 1.0001437 seconds
[51.354s][info ][safepoint    ] Entering safepoint region: Cleanup
[51.354s][info ][safepoint    ] Leaving safepoint region
[51.354s][info ][safepoint    ] Total time for which application threads were stopped: 0.0001271 seconds, Stopping threads took: 0.0000417 seconds
[52.354s][info ][safepoint    ] Application time: 1.0001307 seconds
[52.354s][info ][safepoint    ] Entering safepoint region: Cleanup
[52.354s][info ][safepoint    ] Leaving safepoint region
[52.354s][info ][safepoint    ] Total time for which application threads were stopped: 0.0001493 seconds, Stopping threads took: 0.0000422 seconds
[52.363s][info ][safepoint    ] Application time: 0.0090543 seconds
[52.363s][info ][safepoint    ] Entering safepoint region: GenCollectForAllocation
[52.363s][info ][gc,start     ] GC(278) Pause Young (Allocation Failure)
[52.363s][info ][gc,task      ] GC(278) Using 4 workers of 4 for evacuation
[52.366s][debug][gc,ref       ] GC(278) Skipped phase1 of Reference Processing due to unavailable references
[52.366s][debug][gc,ref       ] GC(278) Skipped phase3 of Reference Processing due to unavailable references
[52.366s][debug][gc,ref       ] GC(278) Skipped phase4 of Reference Processing due to unavailable references
[52.366s][debug][gc,age       ] GC(278) Desired survivor size 15368192 bytes, new threshold 6 (max threshold 6)
[52.366s][info ][gc,heap      ] GC(278) ParNew: 242819K->1046K(270336K)
[52.366s][info ][gc,heap      ] GC(278) CMS: 346478K->346648K(600768K)
[52.366s][info ][gc,metaspace ] GC(278) Metaspace: 63042K->63042K(1107968K)
[52.366s][info ][gc           ] GC(278) Pause Young (Allocation Failure) 575M->339M(850M) 3.135ms
[52.366s][info ][gc,cpu       ] GC(278) User=0.01s Sys=0.00s Real=0.00s
[52.366s][info ][safepoint    ] Leaving safepoint region
[52.366s][info ][safepoint    ] Total time for which application threads were stopped: 0.0032807 seconds, Stopping threads took: 0.0000132 seconds
[53.366s][info ][safepoint    ] Application time: 1.0001379 seconds
[53.367s][info ][safepoint    ] Entering safepoint region: Cleanup
[53.367s][info ][safepoint    ] Leaving safepoint region
[53.367s][info ][safepoint    ] Total time for which application threads were stopped: 0.0001349 seconds, Stopping threads took: 0.0000418 seconds
[54.367s][info ][safepoint    ] Application time: 1.0000967 seconds
[54.367s][info ][safepoint    ] Entering safepoint region: Cleanup
[54.367s][info ][safepoint    ] Leaving safepoint region
[54.367s][info ][safepoint    ] Total time for which application threads were stopped: 0.0001472 seconds, Stopping threads took: 0.0000675 seconds
[54.413s][info ][safepoint    ] Application time: 0.0458108 seconds
[54.413s][info ][safepoint    ] Entering safepoint region: GenCollectForAllocation
[54.413s][info ][gc,start     ] GC(279) Pause Young (Allocation Failure)
[54.413s][info ][gc,task      ] GC(279) Using 4 workers of 4 for evacuation
[54.416s][debug][gc,ref       ] GC(279) Skipped phase1 of Reference Processing due to unavailable references
[54.416s][debug][gc,ref       ] GC(279) Skipped phase3 of Reference Processing due to unavailable references
[54.416s][debug][gc,ref       ] GC(279) Skipped phase4 of Reference Processing due to unavailable references
[54.416s][debug][gc,age       ] GC(279) Desired survivor size 15368192 bytes, new threshold 6 (max threshold 6)
[54.416s][info ][gc,heap      ] GC(279) ParNew: 241366K->949K(270336K)
[54.416s][info ][gc,heap      ] GC(279) CMS: 346648K->346780K(600768K)
[54.416s][info ][gc,metaspace ] GC(279) Metaspace: 63051K->63051K(1107968K)
[54.416s][info ][gc           ] GC(279) Pause Young (Allocation Failure) 574M->339M(850M) 3.102ms
[54.416s][info ][gc,cpu       ] GC(279) User=0.01s Sys=0.00s Real=0.01s
[54.416s][info ][safepoint    ] Leaving safepoint region
[54.416s][info ][safepoint    ] Total time for which application threads were stopped: 0.0032738 seconds, Stopping threads took: 0.0000317 seconds
[55.416s][info ][safepoint    ] Application time: 1.0000983 seconds
[55.416s][info ][safepoint    ] Entering safepoint region: Cleanup
[55.416s][info ][safepoint    ] Leaving safepoint region
[55.416s][info ][safepoint    ] Total time for which application threads were stopped: 0.0002099 seconds, Stopping threads took: 0.0001071 seconds
[56.417s][info ][safepoint    ] Application time: 1.0000922 seconds
[56.417s][info ][safepoint    ] Entering safepoint region: Cleanup
[56.417s][info ][safepoint    ] Leaving safepoint region
[56.417s][info ][safepoint    ] Total time for which application threads were stopped: 0.0001350 seconds, Stopping threads took: 0.0000391 seconds
[56.453s][info ][safepoint    ] Application time: 0.0362723 seconds
[56.453s][info ][safepoint    ] Entering safepoint region: GenCollectForAllocation
[56.453s][info ][gc,start     ] GC(280) Pause Young (Allocation Failure)
[56.453s][info ][gc,task      ] GC(280) Using 4 workers of 4 for evacuation
[56.456s][debug][gc,ref       ] GC(280) Skipped phase1 of Reference Processing due to unavailable references
[56.456s][debug][gc,ref       ] GC(280) Skipped phase3 of Reference Processing due to unavailable references
[56.456s][debug][gc,ref       ] GC(280) Skipped phase4 of Reference Processing due to unavailable references
[56.456s][debug][gc,age       ] GC(280) Desired survivor size 15368192 bytes, new threshold 6 (max threshold 6)
[56.456s][info ][gc,heap      ] GC(280) ParNew: 241269K->982K(270336K)
[56.456s][info ][gc,heap      ] GC(280) CMS: 346780K->346860K(600768K)
[56.456s][info ][gc,metaspace ] GC(280) Metaspace: 63069K->63069K(1107968K)
[56.456s][info ][gc           ] GC(280) Pause Young (Allocation Failure) 574M->339M(850M) 2.857ms
[56.456s][info ][gc,cpu       ] GC(280) User=0.01s Sys=0.00s Real=0.01s
[56.456s][info ][safepoint    ] Leaving safepoint region
[56.456s][info ][safepoint    ] Total time for which application threads were stopped: 0.0030066 seconds, Stopping threads took: 0.0000165 seconds
[57.456s][info ][safepoint    ] Application time: 1.0000949 seconds
[57.456s][info ][safepoint    ] Entering safepoint region: Cleanup
[57.456s][info ][safepoint    ] Leaving safepoint region
[57.456s][info ][safepoint    ] Total time for which application threads were stopped: 0.0001251 seconds, Stopping threads took: 0.0000451 seconds
[58.456s][info ][safepoint    ] Application time: 1.0000975 seconds
[58.456s][info ][safepoint    ] Entering safepoint region: Cleanup
[58.457s][info ][safepoint    ] Leaving safepoint region
[58.457s][info ][safepoint    ] Total time for which application threads were stopped: 0.0001915 seconds, Stopping threads took: 0.0000886 seconds
[58.507s][info ][safepoint    ] Application time: 0.0502366 seconds
[58.507s][info ][safepoint    ] Entering safepoint region: GenCollectForAllocation
[58.507s][info ][gc,start     ] GC(281) Pause Young (Allocation Failure)
[58.507s][info ][gc,task      ] GC(281) Using 4 workers of 4 for evacuation
[58.510s][debug][gc,ref       ] GC(281) Skipped phase1 of Reference Processing due to unavailable references
[58.510s][debug][gc,ref       ] GC(281) Skipped phase2 of Reference Processing due to unavailable references
[58.510s][debug][gc,ref       ] GC(281) Skipped phase3 of Reference Processing due to unavailable references
[58.510s][debug][gc,ref       ] GC(281) Skipped phase4 of Reference Processing due to unavailable references
[58.510s][debug][gc,age       ] GC(281) Desired survivor size 15368192 bytes, new threshold 6 (max threshold 6)
[58.510s][info ][gc,heap      ] GC(281) ParNew: 241302K->670K(270336K)
[58.510s][info ][gc,heap      ] GC(281) CMS: 346860K->347026K(600768K)
[58.510s][info ][gc,metaspace ] GC(281) Metaspace: 63074K->63074K(1107968K)
[58.510s][info ][gc           ] GC(281) Pause Young (Allocation Failure) 574M->339M(850M) 3.025ms
[58.510s][info ][gc,cpu       ] GC(281) User=0.01s Sys=0.00s Real=0.01s
[58.510s][info ][safepoint    ] Leaving safepoint region
[58.510s][info ][safepoint    ] Total time for which application threads were stopped: 0.0031714 seconds, Stopping threads took: 0.0000173 seconds
[59.510s][info ][safepoint    ] Application time: 1.0000905 seconds
[59.510s][info ][safepoint    ] Entering safepoint region: Cleanup
[59.510s][info ][safepoint    ] Leaving safepoint region
[59.510s][info ][safepoint    ] Total time for which application threads were stopped: 0.0001340 seconds, Stopping threads took: 0.0000401 seconds
[60.510s][info ][safepoint    ] Application time: 1.0001276 seconds
[60.511s][info ][safepoint    ] Entering safepoint region: Cleanup
[60.511s][info ][safepoint    ] Leaving safepoint region
[60.511s][info ][safepoint    ] Total time for which application threads were stopped: 0.0001571 seconds, Stopping threads took: 0.0000568 seconds
[60.561s][info ][safepoint    ] Application time: 0.0508074 seconds
[60.562s][info ][safepoint    ] Entering safepoint region: GenCollectForAllocation
[60.562s][info ][gc,start     ] GC(282) Pause Young (Allocation Failure)
[60.562s][info ][gc,task      ] GC(282) Using 4 workers of 4 for evacuation
[60.564s][debug][gc,ref       ] GC(282) Skipped phase1 of Reference Processing due to unavailable references
[60.564s][debug][gc,ref       ] GC(282) Skipped phase2 of Reference Processing due to unavailable references
[60.564s][debug][gc,ref       ] GC(282) Skipped phase3 of Reference Processing due to unavailable references
[60.564s][debug][gc,ref       ] GC(282) Skipped phase4 of Reference Processing due to unavailable references
[60.565s][debug][gc,age       ] GC(282) Desired survivor size 15368192 bytes, new threshold 6 (max threshold 6)
[60.565s][info ][gc,heap      ] GC(282) ParNew: 240990K->798K(270336K)
[60.565s][info ][gc,heap      ] GC(282) CMS: 347026K->347035K(600768K)
[60.565s][info ][gc,metaspace ] GC(282) Metaspace: 63089K->63089K(1107968K)
[60.565s][info ][gc           ] GC(282) Pause Young (Allocation Failure) 574M->339M(850M) 2.906ms
[60.565s][info ][gc,cpu       ] GC(282) User=0.01s Sys=0.00s Real=0.00s
[60.565s][info ][safepoint    ] Leaving safepoint region
[60.565s][info ][safepoint    ] Total time for which application threads were stopped: 0.0030591 seconds, Stopping threads took: 0.0000170 seconds
[61.565s][info ][safepoint    ] Application time: 1.0001074 seconds
[61.565s][info ][safepoint    ] Entering safepoint region: Cleanup
[61.565s][info ][safepoint    ] Leaving safepoint region
[61.565s][info ][safepoint    ] Total time for which application threads were stopped: 0.0002061 seconds, Stopping threads took: 0.0001067 seconds
[62.562s][info ][safepoint    ] Application time: 0.9971958 seconds
[62.562s][info ][safepoint    ] Entering safepoint region: GenCollectForAllocation
[62.562s][info ][gc,start     ] GC(283) Pause Young (Allocation Failure)
[62.562s][info ][gc,task      ] GC(283) Using 4 workers of 4 for evacuation
[62.574s][debug][gc,ref       ] GC(283) Skipped phase1 of Reference Processing due to unavailable references
[62.574s][debug][gc,ref       ] GC(283) Skipped phase2 of Reference Processing due to unavailable references
[62.574s][debug][gc,ref       ] GC(283) Skipped phase3 of Reference Processing due to unavailable references
[62.574s][debug][gc,ref       ] GC(283) Skipped phase4 of Reference Processing due to unavailable references
[62.574s][debug][gc,age       ] GC(283) Desired survivor size 15368192 bytes, new threshold 6 (max threshold 6)
[62.574s][info ][gc,heap      ] GC(283) ParNew: 241118K->790K(270336K)
[62.574s][info ][gc,heap      ] GC(283) CMS: 347035K->347108K(600768K)
[62.574s][info ][gc,metaspace ] GC(283) Metaspace: 63106K->63106K(1107968K)
[62.574s][info ][gc           ] GC(283) Pause Young (Allocation Failure) 574M->339M(850M) 11.804ms
[62.574s][info ][gc,cpu       ] GC(283) User=0.05s Sys=0.01s Real=0.01s
[62.574s][info ][safepoint    ] Leaving safepoint region
[62.574s][info ][safepoint    ] Total time for which application threads were stopped: 0.0120500 seconds, Stopping threads took: 0.0000312 seconds
[63.574s][info ][safepoint    ] Application time: 1.0001006 seconds
[63.574s][info ][safepoint    ] Entering safepoint region: Cleanup
[63.574s][info ][safepoint    ] Leaving safepoint region
[63.574s][info ][safepoint    ] Total time for which application threads were stopped: 0.0000927 seconds, Stopping threads took: 0.0000178 seconds
[64.575s][info ][safepoint    ] Application time: 1.0000836 seconds
[64.575s][info ][safepoint    ] Entering safepoint region: Cleanup
[64.575s][info ][safepoint    ] Leaving safepoint region
[64.575s][info ][safepoint    ] Total time for which application threads were stopped: 0.0001177 seconds, Stopping threads took: 0.0000342 seconds
[64.600s][info ][safepoint    ] Application time: 0.0256346 seconds
[64.600s][info ][safepoint    ] Entering safepoint region: GenCollectForAllocation
[64.601s][info ][gc,start     ] GC(284) Pause Young (Allocation Failure)
[64.601s][info ][gc,task      ] GC(284) Using 4 workers of 4 for evacuation
[64.603s][debug][gc,ref       ] GC(284) Skipped phase1 of Reference Processing due to unavailable references
[64.603s][debug][gc,ref       ] GC(284) Skipped phase2 of Reference Processing due to unavailable references
[64.603s][debug][gc,ref       ] GC(284) Skipped phase3 of Reference Processing due to unavailable references
[64.603s][debug][gc,ref       ] GC(284) Skipped phase4 of Reference Processing due to unavailable references
[64.603s][debug][gc,age       ] GC(284) Desired survivor size 15368192 bytes, new threshold 6 (max threshold 6)
[64.603s][info ][gc,heap      ] GC(284) ParNew: 241110K->757K(270336K)
[64.603s][info ][gc,heap      ] GC(284) CMS: 347108K->347150K(600768K)
[64.603s][info ][gc,metaspace ] GC(284) Metaspace: 63115K->63115K(1107968K)
[64.603s][info ][gc           ] GC(284) Pause Young (Allocation Failure) 574M->339M(850M) 2.961ms
[64.604s][info ][gc,cpu       ] GC(284) User=0.01s Sys=0.00s Real=0.00s
[64.604s][info ][safepoint    ] Leaving safepoint region
[64.604s][info ][safepoint    ] Total time for which application threads were stopped: 0.0031195 seconds, Stopping threads took: 0.0000183 seconds
[65.604s][info ][safepoint    ] Application time: 1.0000955 seconds
[65.604s][info ][safepoint    ] Entering safepoint region: Cleanup
[65.604s][info ][safepoint    ] Leaving safepoint region
[65.604s][info ][safepoint    ] Total time for which application threads were stopped: 0.0001743 seconds, Stopping threads took: 0.0000877 seconds
[66.604s][info ][safepoint    ] Application time: 1.0000893 seconds
[66.604s][info ][safepoint    ] Entering safepoint region: Cleanup
[66.604s][info ][safepoint    ] Leaving safepoint region
[66.604s][info ][safepoint    ] Total time for which application threads were stopped: 0.0003611 seconds, Stopping threads took: 0.0000860 seconds
[66.646s][info ][safepoint    ] Application time: 0.0420324 seconds
[66.646s][info ][safepoint    ] Entering safepoint region: GenCollectForAllocation
[66.647s][info ][gc,start     ] GC(285) Pause Young (Allocation Failure)
[66.647s][info ][gc,task      ] GC(285) Using 4 workers of 4 for evacuation
[66.649s][debug][gc,ref       ] GC(285) Skipped phase1 of Reference Processing due to unavailable references
[66.649s][debug][gc,ref       ] GC(285) Skipped phase2 of Reference Processing due to unavailable references
[66.649s][debug][gc,ref       ] GC(285) Skipped phase3 of Reference Processing due to unavailable references
[66.649s][debug][gc,ref       ] GC(285) Skipped phase4 of Reference Processing due to unavailable references
[66.649s][debug][gc,age       ] GC(285) Desired survivor size 15368192 bytes, new threshold 6 (max threshold 6)
[66.650s][info ][gc,heap      ] GC(285) ParNew: 241077K->911K(270336K)
[66.650s][info ][gc,heap      ] GC(285) CMS: 347150K->347156K(600768K)
[66.650s][info ][gc,metaspace ] GC(285) Metaspace: 63126K->63126K(1107968K)
[66.650s][info ][gc           ] GC(285) Pause Young (Allocation Failure) 574M->339M(850M) 3.018ms
[66.650s][info ][gc,cpu       ] GC(285) User=0.01s Sys=0.00s Real=0.01s
[66.650s][info ][safepoint    ] Leaving safepoint region
[66.650s][info ][safepoint    ] Total time for which application threads were stopped: 0.0031768 seconds, Stopping threads took: 0.0000319 seconds
[67.650s][info ][safepoint    ] Application time: 1.0001318 seconds
[67.650s][info ][safepoint    ] Entering safepoint region: Cleanup
[67.650s][info ][safepoint    ] Leaving safepoint region
[67.650s][info ][safepoint    ] Total time for which application threads were stopped: 0.0002791 seconds, Stopping threads took: 0.0000433 seconds
[68.249s][info ][safepoint    ] Application time: 0.5987686 seconds
[68.249s][info ][safepoint    ] Entering safepoint region: GenCollectForAllocation
[68.249s][info ][gc,start     ] GC(286) Pause Young (Allocation Failure)
[68.249s][info ][gc,task      ] GC(286) Using 4 workers of 4 for evacuation
[68.256s][debug][gc,ref       ] GC(286) Skipped phase1 of Reference Processing due to unavailable references
[68.256s][debug][gc,ref       ] GC(286) Skipped phase2 of Reference Processing due to unavailable references
[68.256s][debug][gc,ref       ] GC(286) Skipped phase3 of Reference Processing due to unavailable references
[68.256s][debug][gc,ref       ] GC(286) Skipped phase4 of Reference Processing due to unavailable references
[68.256s][debug][gc,age       ] GC(286) Desired survivor size 15368192 bytes, new threshold 6 (max threshold 6)
[68.256s][info ][gc,heap      ] GC(286) ParNew: 241231K->5350K(270336K)
[68.256s][info ][gc,heap      ] GC(286) CMS: 347156K->347204K(600768K)
[68.256s][info ][gc,metaspace ] GC(286) Metaspace: 63191K->63191K(1107968K)
[68.256s][info ][gc           ] GC(286) Pause Young (Allocation Failure) 574M->344M(850M) 7.290ms
[68.256s][info ][gc,cpu       ] GC(286) User=0.02s Sys=0.01s Real=0.01s
[68.256s][info ][safepoint    ] Leaving safepoint region
[68.256s][info ][safepoint    ] Total time for which application threads were stopped: 0.0075780 seconds, Stopping threads took: 0.0000376 seconds
[69.257s][info ][safepoint    ] Application time: 1.0001064 seconds
[69.257s][info ][safepoint    ] Entering safepoint region: Cleanup
[69.257s][info ][safepoint    ] Leaving safepoint region
[69.257s][info ][safepoint    ] Total time for which application threads were stopped: 0.0001760 seconds, Stopping threads took: 0.0000421 seconds
[69.703s][info ][safepoint    ] Application time: 0.4457882 seconds
[69.703s][info ][safepoint    ] Entering safepoint region: GenCollectForAllocation
[69.703s][info ][gc,start     ] GC(287) Pause Young (Allocation Failure)
[69.703s][info ][gc,task      ] GC(287) Using 4 workers of 4 for evacuation
[69.720s][debug][gc,ref       ] GC(287) Skipped phase1 of Reference Processing due to unavailable references
[69.720s][debug][gc,ref       ] GC(287) Skipped phase2 of Reference Processing due to unavailable references
[69.720s][debug][gc,ref       ] GC(287) Skipped phase3 of Reference Processing due to unavailable references
[69.720s][debug][gc,ref       ] GC(287) Skipped phase4 of Reference Processing due to unavailable references
[69.720s][debug][gc,age       ] GC(287) Desired survivor size 15368192 bytes, new threshold 6 (max threshold 6)
[69.720s][info ][gc,heap      ] GC(287) ParNew: 245670K->11990K(270336K)
[69.720s][info ][gc,heap      ] GC(287) CMS: 347204K->347218K(600768K)
[69.720s][info ][gc,metaspace ] GC(287) Metaspace: 63210K->63210K(1107968K)
[69.720s][info ][gc           ] GC(287) Pause Young (Allocation Failure) 578M->350M(850M) 17.254ms
[69.720s][info ][gc,cpu       ] GC(287) User=0.03s Sys=0.00s Real=0.02s
[69.720s][info ][safepoint    ] Leaving safepoint region
[69.720s][info ][safepoint    ] Total time for which application threads were stopped: 0.0175050 seconds, Stopping threads took: 0.0000634 seconds
[70.721s][info ][safepoint    ] Application time: 1.0014177 seconds
[70.722s][info ][safepoint    ] Entering safepoint region: Cleanup
[70.722s][info ][safepoint    ] Leaving safepoint region
[70.722s][info ][safepoint    ] Total time for which application threads were stopped: 0.0002211 seconds, Stopping threads took: 0.0000494 seconds
[71.215s][info ][safepoint    ] Application time: 0.4930768 seconds
[71.215s][info ][safepoint    ] Entering safepoint region: GenCollectForAllocation
[71.215s][info ][gc,start     ] GC(288) Pause Young (Allocation Failure)
[71.215s][info ][gc,task      ] GC(288) Using 4 workers of 4 for evacuation
[71.222s][debug][gc,ref       ] GC(288) Skipped phase1 of Reference Processing due to unavailable references
[71.222s][debug][gc,ref       ] GC(288) Skipped phase2 of Reference Processing due to unavailable references
[71.222s][debug][gc,ref       ] GC(288) Skipped phase3 of Reference Processing due to unavailable references
[71.222s][debug][gc,ref       ] GC(288) Skipped phase4 of Reference Processing due to unavailable references
[71.222s][debug][gc,age       ] GC(288) Desired survivor size 15368192 bytes, new threshold 6 (max threshold 6)
[71.222s][info ][gc,heap      ] GC(288) ParNew: 252310K->16692K(270336K)
[71.222s][info ][gc,heap      ] GC(288) CMS: 347218K->347232K(600768K)
[71.222s][info ][gc,metaspace ] GC(288) Metaspace: 63226K->63226K(1107968K)
[71.222s][info ][gc           ] GC(288) Pause Young (Allocation Failure) 585M->355M(850M) 7.210ms
[71.222s][info ][gc,cpu       ] GC(288) User=0.02s Sys=0.00s Real=0.01s
[71.222s][info ][safepoint    ] Leaving safepoint region
[71.222s][info ][safepoint    ] Total time for which application threads were stopped: 0.0073935 seconds, Stopping threads took: 0.0000180 seconds
[72.222s][info ][safepoint    ] Application time: 1.0001028 seconds
[72.222s][info ][safepoint    ] Entering safepoint region: Cleanup
[72.222s][info ][safepoint    ] Leaving safepoint region
[72.222s][info ][safepoint    ] Total time for which application threads were stopped: 0.0001435 seconds, Stopping threads took: 0.0000214 seconds
[72.873s][info ][safepoint    ] Application time: 0.6502694 seconds
[72.873s][info ][safepoint    ] Entering safepoint region: GenCollectForAllocation
[72.873s][info ][gc,start     ] GC(289) Pause Young (Allocation Failure)
[72.873s][info ][gc,task      ] GC(289) Using 4 workers of 4 for evacuation
[72.880s][debug][gc,ref       ] GC(289) Skipped phase1 of Reference Processing due to unavailable references
[72.880s][debug][gc,ref       ] GC(289) Skipped phase2 of Reference Processing due to unavailable references
[72.880s][debug][gc,ref       ] GC(289) Skipped phase3 of Reference Processing due to unavailable references
[72.880s][debug][gc,ref       ] GC(289) Skipped phase4 of Reference Processing due to unavailable references
[72.880s][debug][gc,age       ] GC(289) Desired survivor size 15368192 bytes, new threshold 6 (max threshold 6)
[72.880s][info ][gc,heap      ] GC(289) ParNew: 257012K->15077K(270336K)
[72.880s][info ][gc,heap      ] GC(289) CMS: 347232K->347271K(600768K)
[72.880s][info ][gc,metaspace ] GC(289) Metaspace: 63245K->63245K(1107968K)
[72.880s][info ][gc           ] GC(289) Pause Young (Allocation Failure) 590M->353M(850M) 7.321ms
[72.880s][info ][gc,cpu       ] GC(289) User=0.03s Sys=0.00s Real=0.01s
[72.880s][info ][safepoint    ] Leaving safepoint region
[72.880s][info ][safepoint    ] Total time for which application threads were stopped: 0.0075252 seconds, Stopping threads took: 0.0000171 seconds
[73.643s][info ][safepoint    ] Application time: 0.7630045 seconds
[73.643s][info ][safepoint    ] Entering safepoint region: ICBufferFull
[73.644s][info ][safepoint    ] Leaving safepoint region
[73.644s][info ][safepoint    ] Total time for which application threads were stopped: 0.0002384 seconds, Stopping threads took: 0.0000173 seconds
[74.064s][info ][safepoint    ] Application time: 0.4204371 seconds
[74.064s][info ][safepoint    ] Entering safepoint region: GenCollectForAllocation
[74.064s][info ][gc,start     ] GC(290) Pause Young (Allocation Failure)
[74.064s][info ][gc,task      ] GC(290) Using 4 workers of 4 for evacuation
[74.076s][debug][gc,ref       ] GC(290) Skipped phase1 of Reference Processing due to unavailable references
[74.076s][debug][gc,ref       ] GC(290) Skipped phase3 of Reference Processing due to unavailable references
[74.076s][debug][gc,age       ] GC(290) Desired survivor size 15368192 bytes, new threshold 5 (max threshold 6)
[74.076s][info ][gc,heap      ] GC(290) ParNew: 255397K->24101K(270336K)
[74.076s][info ][gc,heap      ] GC(290) CMS: 347271K->347328K(600768K)
[74.076s][info ][gc,metaspace ] GC(290) Metaspace: 63288K->63288K(1107968K)
[74.076s][info ][gc           ] GC(290) Pause Young (Allocation Failure) 588M->362M(850M) 11.636ms
[74.076s][info ][gc,cpu       ] GC(290) User=0.04s Sys=0.00s Real=0.02s
[74.076s][info ][safepoint    ] Leaving safepoint region
[74.076s][info ][safepoint    ] Total time for which application threads were stopped: 0.0118558 seconds, Stopping threads took: 0.0000325 seconds
[75.076s][info ][safepoint    ] Application time: 1.0001933 seconds
[75.076s][info ][safepoint    ] Entering safepoint region: Cleanup
[75.077s][info ][safepoint    ] Leaving safepoint region
[75.077s][info ][safepoint    ] Total time for which application threads were stopped: 0.0004111 seconds, Stopping threads took: 0.0001259 seconds
[75.082s][info ][safepoint    ] Application time: 0.0052583 seconds
[75.082s][info ][safepoint    ] Entering safepoint region: GenCollectForAllocation
[75.082s][info ][gc,start     ] GC(291) Pause Young (Allocation Failure)
[75.082s][info ][gc,task      ] GC(291) Using 4 workers of 4 for evacuation
[75.108s][debug][gc,ref       ] GC(291) Skipped phase1 of Reference Processing due to unavailable references
[75.108s][debug][gc,ref       ] GC(291) Skipped phase3 of Reference Processing due to unavailable references
[75.108s][debug][gc,age       ] GC(291) Desired survivor size 15368192 bytes, new threshold 5 (max threshold 6)
[75.108s][info ][gc,heap      ] GC(291) ParNew: 264421K->29002K(270336K)
[75.108s][info ][gc,heap      ] GC(291) CMS: 347328K->349107K(600768K)
[75.108s][info ][gc,metaspace ] GC(291) Metaspace: 63318K->63318K(1107968K)
[75.108s][info ][gc           ] GC(291) Pause Young (Allocation Failure) 597M->369M(850M) 25.924ms
[75.108s][info ][gc,cpu       ] GC(291) User=0.07s Sys=0.01s Real=0.03s
[75.108s][info ][safepoint    ] Leaving safepoint region
[75.108s][info ][safepoint    ] Total time for which application threads were stopped: 0.0261102 seconds, Stopping threads took: 0.0000510 seconds
[75.601s][info ][safepoint    ] Application time: 0.4930151 seconds
[75.601s][info ][safepoint    ] Entering safepoint region: Deoptimize
[75.603s][info ][safepoint    ] Leaving safepoint region
[75.603s][info ][safepoint    ] Total time for which application threads were stopped: 0.0017652 seconds, Stopping threads took: 0.0000167 seconds
[76.176s][info ][safepoint    ] Application time: 0.5734519 seconds
[76.176s][info ][safepoint    ] Entering safepoint region: GenCollectForAllocation
[76.176s][info ][gc,start     ] GC(292) Pause Young (Allocation Failure)
[76.176s][info ][gc,task      ] GC(292) Using 4 workers of 4 for evacuation
[76.189s][debug][gc,ref       ] GC(292) Skipped phase1 of Reference Processing due to unavailable references
[76.189s][debug][gc,ref       ] GC(292) Skipped phase3 of Reference Processing due to unavailable references
[76.189s][debug][gc,age       ] GC(292) Desired survivor size 15368192 bytes, new threshold 3 (max threshold 6)
[76.189s][info ][gc,heap      ] GC(292) ParNew: 269322K->20048K(270336K)
[76.189s][info ][gc,heap      ] GC(292) CMS: 349107K->352520K(600768K)
[76.189s][info ][gc,metaspace ] GC(292) Metaspace: 63357K->63357K(1107968K)
[76.189s][info ][gc           ] GC(292) Pause Young (Allocation Failure) 603M->363M(850M) 12.824ms
[76.189s][info ][gc,cpu       ] GC(292) User=0.05s Sys=0.01s Real=0.01s
[76.189s][info ][safepoint    ] Leaving safepoint region
[76.189s][info ][safepoint    ] Total time for which application threads were stopped: 0.0130314 seconds, Stopping threads took: 0.0000177 seconds
[77.174s][info ][safepoint    ] Application time: 0.9845672 seconds
[77.174s][info ][safepoint    ] Entering safepoint region: GenCollectForAllocation
[77.174s][info ][gc,start     ] GC(293) Pause Young (Allocation Failure)
[77.174s][info ][gc,task      ] GC(293) Using 4 workers of 4 for evacuation
[77.188s][debug][gc,ref       ] GC(293) Skipped phase1 of Reference Processing due to unavailable references
[77.188s][debug][gc,ref       ] GC(293) Skipped phase3 of Reference Processing due to unavailable references
[77.188s][debug][gc,age       ] GC(293) Desired survivor size 15368192 bytes, new threshold 6 (max threshold 6)
[77.189s][info ][gc,heap      ] GC(293) ParNew: 260368K->18696K(270336K)
[77.189s][info ][gc,heap      ] GC(293) CMS: 352520K->359103K(600768K)
[77.189s][info ][gc,metaspace ] GC(293) Metaspace: 63374K->63374K(1107968K)
[77.189s][info ][gc           ] GC(293) Pause Young (Allocation Failure) 598M->368M(850M) 14.340ms
[77.189s][info ][gc,cpu       ] GC(293) User=0.04s Sys=0.01s Real=0.02s
[77.189s][info ][safepoint    ] Leaving safepoint region
[77.189s][info ][safepoint    ] Total time for which application threads were stopped: 0.0146815 seconds, Stopping threads took: 0.0000159 seconds
[78.114s][info ][safepoint    ] Application time: 0.9256603 seconds
[78.114s][info ][safepoint    ] Entering safepoint region: GenCollectForAllocation
[78.115s][info ][gc,start     ] GC(294) Pause Young (Allocation Failure)
[78.115s][info ][gc,task      ] GC(294) Using 4 workers of 4 for evacuation
[78.123s][debug][gc,ref       ] GC(294) Skipped phase1 of Reference Processing due to unavailable references
[78.123s][debug][gc,ref       ] GC(294) Skipped phase3 of Reference Processing due to unavailable references
[78.123s][debug][gc,age       ] GC(294) Desired survivor size 15368192 bytes, new threshold 6 (max threshold 6)
[78.123s][info ][gc,heap      ] GC(294) ParNew: 259016K->22048K(270336K)
[78.123s][info ][gc,heap      ] GC(294) CMS: 359103K->359103K(600768K)
[78.123s][info ][gc,metaspace ] GC(294) Metaspace: 63400K->63400K(1107968K)
[78.123s][info ][gc           ] GC(294) Pause Young (Allocation Failure) 603M->372M(850M) 8.677ms
[78.123s][info ][gc,cpu       ] GC(294) User=0.03s Sys=0.00s Real=0.01s
[78.123s][info ][safepoint    ] Leaving safepoint region
[78.123s][info ][safepoint    ] Total time for which application threads were stopped: 0.0089473 seconds, Stopping threads took: 0.0000801 seconds
[78.735s][info ][safepoint    ] Application time: 0.6117635 seconds
[78.735s][info ][safepoint    ] Entering safepoint region: ICBufferFull
[78.735s][info ][safepoint    ] Leaving safepoint region
[78.735s][info ][safepoint    ] Total time for which application threads were stopped: 0.0002332 seconds, Stopping threads took: 0.0000172 seconds
[79.024s][info ][safepoint    ] Application time: 0.2890271 seconds
[79.024s][info ][safepoint    ] Entering safepoint region: ICBufferFull
[79.025s][info ][safepoint    ] Leaving safepoint region
[79.025s][info ][safepoint    ] Total time for which application threads were stopped: 0.0002019 seconds, Stopping threads took: 0.0000165 seconds
[79.099s][info ][safepoint    ] Application time: 0.0742478 seconds
[79.099s][info ][safepoint    ] Entering safepoint region: GenCollectForAllocation
[79.099s][info ][gc,start     ] GC(295) Pause Young (Allocation Failure)
[79.099s][info ][gc,task      ] GC(295) Using 4 workers of 4 for evacuation
[79.155s][debug][gc,ref       ] GC(295) Skipped phase1 of Reference Processing due to unavailable references
[79.155s][debug][gc,ref       ] GC(295) Skipped phase3 of Reference Processing due to unavailable references
[79.155s][debug][gc,age       ] GC(295) Desired survivor size 15368192 bytes, new threshold 1 (max threshold 6)
[79.155s][info ][gc,heap      ] GC(295) ParNew: 262368K->30016K(270336K)
[79.155s][info ][gc,heap      ] GC(295) CMS: 359103K->388967K(600768K)
[79.155s][info ][gc,metaspace ] GC(295) Metaspace: 63703K->63703K(1107968K)
[79.155s][info ][gc           ] GC(295) Pause Young (Allocation Failure) 606M->409M(850M) 56.166ms
[79.155s][info ][gc,cpu       ] GC(295) User=0.21s Sys=0.00s Real=0.05s
[79.155s][info ][safepoint    ] Leaving safepoint region
[79.155s][info ][safepoint    ] Total time for which application threads were stopped: 0.0563820 seconds, Stopping threads took: 0.0000173 seconds
[79.376s][info ][safepoint    ] Application time: 0.2212590 seconds
[79.376s][info ][safepoint    ] Entering safepoint region: RevokeBias
[79.377s][info ][safepoint    ] Leaving safepoint region
[79.377s][info ][safepoint    ] Total time for which application threads were stopped: 0.0001771 seconds, Stopping threads took: 0.0000162 seconds
[80.377s][info ][safepoint    ] Application time: 1.0000773 seconds
[80.377s][info ][safepoint    ] Entering safepoint region: Cleanup
[80.377s][info ][safepoint    ] Leaving safepoint region
[80.377s][info ][safepoint    ] Total time for which application threads were stopped: 0.0001258 seconds, Stopping threads took: 0.0000187 seconds
[81.377s][info ][safepoint    ] Application time: 1.0001244 seconds
[81.377s][info ][safepoint    ] Entering safepoint region: Cleanup
[81.377s][info ][safepoint    ] Leaving safepoint region
[81.377s][info ][safepoint    ] Total time for which application threads were stopped: 0.0001364 seconds, Stopping threads took: 0.0000172 seconds
[81.506s][info ][safepoint    ] Application time: 0.1291163 seconds
[81.506s][info ][safepoint    ] Entering safepoint region: RevokeBias
[81.507s][info ][safepoint    ] Leaving safepoint region
[81.507s][info ][safepoint    ] Total time for which application threads were stopped: 0.0002251 seconds, Stopping threads took: 0.0000160 seconds
[81.507s][info ][safepoint    ] Application time: 0.0005095 seconds
[81.507s][info ][safepoint    ] Entering safepoint region: RevokeBias
[81.507s][info ][safepoint    ] Leaving safepoint region
[81.507s][info ][safepoint    ] Total time for which application threads were stopped: 0.0001624 seconds, Stopping threads took: 0.0000761 seconds
[81.507s][info ][safepoint    ] Application time: 0.0000951 seconds
[81.507s][info ][safepoint    ] Entering safepoint region: RevokeBias
[81.507s][info ][safepoint    ] Leaving safepoint region
[81.507s][info ][safepoint    ] Total time for which application threads were stopped: 0.0000783 seconds, Stopping threads took: 0.0000085 seconds
[82.186s][info ][safepoint    ] Application time: 0.6786176 seconds
[82.186s][info ][safepoint    ] Entering safepoint region: GenCollectForAllocation
[82.186s][info ][gc,start     ] GC(296) Pause Young (Allocation Failure)
[82.186s][info ][gc,task      ] GC(296) Using 4 workers of 4 for evacuation
[82.207s][debug][gc,ref       ] GC(296) Skipped phase1 of Reference Processing due to unavailable references
[82.207s][debug][gc,ref       ] GC(296) Skipped phase3 of Reference Processing due to unavailable references
[82.207s][debug][gc,age       ] GC(296) Desired survivor size 15368192 bytes, new threshold 6 (max threshold 6)
[82.207s][info ][gc,heap      ] GC(296) ParNew: 270336K->25954K(270336K)
[82.207s][info ][gc,heap      ] GC(296) CMS: 388967K->400413K(600768K)
[82.207s][info ][gc,metaspace ] GC(296) Metaspace: 63755K->63755K(1107968K)
[82.207s][info ][gc           ] GC(296) Pause Young (Allocation Failure) 643M->416M(850M) 20.739ms
[82.207s][info ][gc,cpu       ] GC(296) User=0.08s Sys=0.01s Real=0.02s
[82.207s][info ][safepoint    ] Leaving safepoint region
[82.207s][info ][safepoint    ] Total time for which application threads were stopped: 0.0210497 seconds, Stopping threads took: 0.0000700 seconds
[82.567s][info ][safepoint    ] Application time: 0.3602585 seconds
[82.567s][info ][safepoint    ] Entering safepoint region: RevokeBias
[82.568s][info ][safepoint    ] Leaving safepoint region
[82.568s][info ][safepoint    ] Total time for which application threads were stopped: 0.0001461 seconds, Stopping threads took: 0.0000425 seconds
[83.263s][info ][safepoint    ] Application time: 0.6950992 seconds
[83.263s][info ][safepoint    ] Entering safepoint region: GenCollectForAllocation
[83.263s][info ][gc,start     ] GC(297) Pause Young (Allocation Failure)
[83.263s][info ][gc,task      ] GC(297) Using 4 workers of 4 for evacuation
[83.274s][debug][gc,ref       ] GC(297) Skipped phase1 of Reference Processing due to unavailable references
[83.274s][debug][gc,ref       ] GC(297) Skipped phase2 of Reference Processing due to unavailable references
[83.274s][debug][gc,ref       ] GC(297) Skipped phase3 of Reference Processing due to unavailable references
[83.274s][debug][gc,age       ] GC(297) Desired survivor size 15368192 bytes, new threshold 6 (max threshold 6)
[83.274s][info ][gc,heap      ] GC(297) ParNew: 266274K->10997K(270336K)
[83.274s][info ][gc,heap      ] GC(297) CMS: 400413K->400413K(600768K)
[83.274s][info ][gc,metaspace ] GC(297) Metaspace: 63760K->63760K(1107968K)
[83.274s][info ][gc           ] GC(297) Pause Young (Allocation Failure) 651M->401M(850M) 10.908ms
[83.274s][info ][gc,cpu       ] GC(297) User=0.03s Sys=0.00s Real=0.01s
[83.274s][info ][safepoint    ] Leaving safepoint region
[83.274s][info ][safepoint    ] Total time for which application threads were stopped: 0.0111409 seconds, Stopping threads took: 0.0000189 seconds
[84.274s][info ][safepoint    ] Application time: 1.0001056 seconds
[84.274s][info ][safepoint    ] Entering safepoint region: Cleanup
[84.274s][info ][safepoint    ] Leaving safepoint region
[84.274s][info ][safepoint    ] Total time for which application threads were stopped: 0.0001458 seconds, Stopping threads took: 0.0000415 seconds
[84.428s][info ][safepoint    ] Application time: 0.1538078 seconds
[84.428s][info ][safepoint    ] Entering safepoint region: GenCollectForAllocation
[84.428s][info ][gc,start     ] GC(298) Pause Young (Allocation Failure)
[84.428s][info ][gc,task      ] GC(298) Using 4 workers of 4 for evacuation
[84.436s][debug][gc,ref       ] GC(298) Skipped phase1 of Reference Processing due to unavailable references
[84.436s][debug][gc,ref       ] GC(298) Skipped phase2 of Reference Processing due to unavailable references
[84.436s][debug][gc,ref       ] GC(298) Skipped phase3 of Reference Processing due to unavailable references
[84.436s][debug][gc,age       ] GC(298) Desired survivor size 15368192 bytes, new threshold 6 (max threshold 6)
[84.436s][info ][gc,heap      ] GC(298) ParNew: 251317K->10636K(270336K)
[84.436s][info ][gc,heap      ] GC(298) CMS: 400413K->400413K(600768K)
[84.436s][info ][gc,metaspace ] GC(298) Metaspace: 63782K->63782K(1107968K)
[84.436s][info ][gc           ] GC(298) Pause Young (Allocation Failure) 636M->401M(850M) 7.858ms
[84.436s][info ][gc,cpu       ] GC(298) User=0.03s Sys=0.00s Real=0.01s
[84.436s][info ][safepoint    ] Leaving safepoint region
[84.436s][info ][safepoint    ] Total time for which application threads were stopped: 0.0080406 seconds, Stopping threads took: 0.0000186 seconds
[85.436s][info ][safepoint    ] Application time: 1.0001012 seconds
[85.436s][info ][safepoint    ] Entering safepoint region: Cleanup
[85.437s][info ][safepoint    ] Leaving safepoint region
[85.437s][info ][safepoint    ] Total time for which application threads were stopped: 0.0003959 seconds, Stopping threads took: 0.0001987 seconds
[85.600s][info ][safepoint    ] Application time: 0.1632812 seconds
[85.600s][info ][safepoint    ] Entering safepoint region: GenCollectForAllocation
[85.600s][info ][gc,start     ] GC(299) Pause Young (Allocation Failure)
[85.600s][info ][gc,task      ] GC(299) Using 4 workers of 4 for evacuation
[85.608s][debug][gc,ref       ] GC(299) Skipped phase1 of Reference Processing due to unavailable references
[85.608s][debug][gc,ref       ] GC(299) Skipped phase2 of Reference Processing due to unavailable references
[85.608s][debug][gc,ref       ] GC(299) Skipped phase3 of Reference Processing due to unavailable references
[85.608s][debug][gc,age       ] GC(299) Desired survivor size 15368192 bytes, new threshold 6 (max threshold 6)
[85.608s][info ][gc,heap      ] GC(299) ParNew: 250956K->10701K(270336K)
[85.608s][info ][gc,heap      ] GC(299) CMS: 400413K->400413K(600768K)
[85.608s][info ][gc,metaspace ] GC(299) Metaspace: 63787K->63787K(1107968K)
[85.608s][info ][gc           ] GC(299) Pause Young (Allocation Failure) 636M->401M(850M) 8.153ms
[85.608s][info ][gc,cpu       ] GC(299) User=0.03s Sys=0.00s Real=0.01s
[85.608s][info ][safepoint    ] Leaving safepoint region
[85.608s][info ][safepoint    ] Total time for which application threads were stopped: 0.0083682 seconds, Stopping threads took: 0.0000424 seconds
[86.608s][info ][safepoint    ] Application time: 1.0001054 seconds
[86.609s][info ][safepoint    ] Entering safepoint region: Cleanup
[86.609s][info ][safepoint    ] Leaving safepoint region
[86.609s][info ][safepoint    ] Total time for which application threads were stopped: 0.0002107 seconds, Stopping threads took: 0.0000869 seconds
[86.816s][info ][safepoint    ] Application time: 0.2068849 seconds
[86.816s][info ][safepoint    ] Entering safepoint region: GenCollectForAllocation
[86.816s][info ][gc,start     ] GC(300) Pause Young (Allocation Failure)
[86.816s][info ][gc,task      ] GC(300) Using 4 workers of 4 for evacuation
[86.825s][debug][gc,ref       ] GC(300) Skipped phase1 of Reference Processing due to unavailable references
[86.825s][debug][gc,ref       ] GC(300) Skipped phase3 of Reference Processing due to unavailable references
[86.825s][debug][gc,age       ] GC(300) Desired survivor size 15368192 bytes, new threshold 6 (max threshold 6)
[86.825s][info ][gc,heap      ] GC(300) ParNew: 251021K->11142K(270336K)
[86.825s][info ][gc,heap      ] GC(300) CMS: 400413K->400413K(600768K)
[86.825s][info ][gc,metaspace ] GC(300) Metaspace: 63803K->63803K(1107968K)
[86.825s][info ][gc           ] GC(300) Pause Young (Allocation Failure) 636M->401M(850M) 9.294ms
[86.825s][info ][gc,cpu       ] GC(300) User=0.04s Sys=0.00s Real=0.00s
[86.825s][info ][safepoint    ] Leaving safepoint region
[86.825s][info ][safepoint    ] Total time for which application threads were stopped: 0.0095122 seconds, Stopping threads took: 0.0000509 seconds
[87.825s][info ][safepoint    ] Application time: 1.0000950 seconds
[87.825s][info ][safepoint    ] Entering safepoint region: Cleanup
[87.825s][info ][safepoint    ] Leaving safepoint region
[87.825s][info ][safepoint    ] Total time for which application threads were stopped: 0.0001672 seconds, Stopping threads took: 0.0000555 seconds
[88.029s][info ][safepoint    ] Application time: 0.2039112 seconds
[88.029s][info ][safepoint    ] Entering safepoint region: GenCollectForAllocation
[88.030s][info ][gc,start     ] GC(301) Pause Young (Allocation Failure)
[88.030s][info ][gc,task      ] GC(301) Using 4 workers of 4 for evacuation
[88.037s][debug][gc,ref       ] GC(301) Skipped phase1 of Reference Processing due to unavailable references
[88.038s][debug][gc,ref       ] GC(301) Skipped phase3 of Reference Processing due to unavailable references
[88.038s][debug][gc,age       ] GC(301) Desired survivor size 15368192 bytes, new threshold 6 (max threshold 6)
[88.038s][info ][gc,heap      ] GC(301) ParNew: 251462K->11389K(270336K)
[88.038s][info ][gc,heap      ] GC(301) CMS: 400413K->400413K(600768K)
[88.038s][info ][gc,metaspace ] GC(301) Metaspace: 63807K->63807K(1107968K)
[88.038s][info ][gc           ] GC(301) Pause Young (Allocation Failure) 636M->402M(850M) 8.221ms
[88.038s][info ][gc,cpu       ] GC(301) User=0.03s Sys=0.00s Real=0.01s
[88.038s][info ][safepoint    ] Leaving safepoint region
[88.038s][info ][safepoint    ] Total time for which application threads were stopped: 0.0084376 seconds, Stopping threads took: 0.0000167 seconds
[89.038s][info ][safepoint    ] Application time: 1.0000904 seconds
[89.038s][info ][safepoint    ] Entering safepoint region: Cleanup
[89.038s][info ][safepoint    ] Leaving safepoint region
[89.038s][info ][safepoint    ] Total time for which application threads were stopped: 0.0001700 seconds, Stopping threads took: 0.0000331 seconds
[89.248s][info ][safepoint    ] Application time: 0.2099073 seconds
[89.248s][info ][safepoint    ] Entering safepoint region: GenCollectForAllocation
[89.248s][info ][gc,start     ] GC(302) Pause Young (Allocation Failure)
[89.248s][info ][gc,task      ] GC(302) Using 4 workers of 4 for evacuation
[89.261s][debug][gc,ref       ] GC(302) Skipped phase1 of Reference Processing due to unavailable references
[89.261s][debug][gc,ref       ] GC(302) Skipped phase3 of Reference Processing due to unavailable references
[89.261s][debug][gc,age       ] GC(302) Desired survivor size 15368192 bytes, new threshold 6 (max threshold 6)
[89.261s][info ][gc,heap      ] GC(302) ParNew: 251709K->7655K(270336K)
[89.261s][info ][gc,heap      ] GC(302) CMS: 400413K->404780K(600768K)
[89.261s][info ][gc,metaspace ] GC(302) Metaspace: 63847K->63847K(1107968K)
[89.261s][info ][gc           ] GC(302) Pause Young (Allocation Failure) 636M->402M(850M) 12.797ms
[89.261s][info ][gc,cpu       ] GC(302) User=0.05s Sys=0.00s Real=0.01s
[89.261s][info ][safepoint    ] Leaving safepoint region
[89.261s][info ][safepoint    ] Total time for which application threads were stopped: 0.0130277 seconds, Stopping threads took: 0.0000431 seconds
[90.261s][info ][safepoint    ] Application time: 1.0001027 seconds
[90.261s][info ][safepoint    ] Entering safepoint region: Cleanup
[90.261s][info ][safepoint    ] Leaving safepoint region
[90.261s][info ][safepoint    ] Total time for which application threads were stopped: 0.0001277 seconds, Stopping threads took: 0.0000396 seconds
[90.448s][info ][safepoint    ] Application time: 0.1864717 seconds
[90.448s][info ][safepoint    ] Entering safepoint region: GenCollectForAllocation
[90.448s][info ][gc,start     ] GC(303) Pause Young (Allocation Failure)
[90.448s][info ][gc,task      ] GC(303) Using 4 workers of 4 for evacuation
[90.453s][debug][gc,ref       ] GC(303) Skipped phase1 of Reference Processing due to unavailable references
[90.454s][debug][gc,ref       ] GC(303) Skipped phase3 of Reference Processing due to unavailable references
[90.454s][debug][gc,ref       ] GC(303) Skipped phase4 of Reference Processing due to unavailable references
[90.454s][debug][gc,age       ] GC(303) Desired survivor size 15368192 bytes, new threshold 6 (max threshold 6)
[90.454s][info ][gc,heap      ] GC(303) ParNew: 247975K->3405K(270336K)
[90.454s][info ][gc,heap      ] GC(303) CMS: 404780K->407319K(600768K)
[90.454s][info ][gc,metaspace ] GC(303) Metaspace: 63859K->63859K(1107968K)
[90.454s][info ][gc           ] GC(303) Pause Young (Allocation Failure) 637M->401M(850M) 5.731ms
[90.454s][info ][gc,cpu       ] GC(303) User=0.02s Sys=0.00s Real=0.00s
[90.454s][info ][safepoint    ] Leaving safepoint region
[90.454s][info ][safepoint    ] Total time for which application threads were stopped: 0.0059287 seconds, Stopping threads took: 0.0000412 seconds
[91.454s][info ][safepoint    ] Application time: 1.0001587 seconds
[91.454s][info ][safepoint    ] Entering safepoint region: Cleanup
[91.454s][info ][safepoint    ] Leaving safepoint region
[91.454s][info ][safepoint    ] Total time for which application threads were stopped: 0.0001237 seconds, Stopping threads took: 0.0000350 seconds
[91.626s][info ][safepoint    ] Application time: 0.1722483 seconds
[91.626s][info ][safepoint    ] Entering safepoint region: GenCollectForAllocation
[91.627s][info ][gc,start     ] GC(304) Pause Young (Allocation Failure)
[91.627s][info ][gc,task      ] GC(304) Using 4 workers of 4 for evacuation
[91.630s][debug][gc,ref       ] GC(304) Skipped phase1 of Reference Processing due to unavailable references
[91.630s][debug][gc,ref       ] GC(304) Skipped phase3 of Reference Processing due to unavailable references
[91.630s][debug][gc,ref       ] GC(304) Skipped phase4 of Reference Processing due to unavailable references
[91.630s][debug][gc,age       ] GC(304) Desired survivor size 15368192 bytes, new threshold 6 (max threshold 6)
[91.630s][info ][gc,heap      ] GC(304) ParNew: 243725K->1622K(270336K)
[91.630s][info ][gc,heap      ] GC(304) CMS: 407319K->407497K(600768K)
[91.630s][info ][gc,metaspace ] GC(304) Metaspace: 63874K->63874K(1107968K)
[91.630s][info ][gc           ] GC(304) Pause Young (Allocation Failure) 635M->399M(850M) 3.360ms
[91.630s][info ][gc,cpu       ] GC(304) User=0.02s Sys=0.00s Real=0.01s
[91.630s][info ][safepoint    ] Leaving safepoint region
[91.630s][info ][safepoint    ] Total time for which application threads were stopped: 0.0035534 seconds, Stopping threads took: 0.0000180 seconds
[92.630s][info ][safepoint    ] Application time: 1.0001350 seconds
[92.630s][info ][safepoint    ] Entering safepoint region: Cleanup
[92.630s][info ][safepoint    ] Leaving safepoint region
[92.630s][info ][safepoint    ] Total time for which application threads were stopped: 0.0001406 seconds, Stopping threads took: 0.0000432 seconds
[92.848s][info ][safepoint    ] Application time: 0.2181629 seconds
[92.848s][info ][safepoint    ] Entering safepoint region: GenCollectForAllocation
[92.849s][info ][gc,start     ] GC(305) Pause Young (Allocation Failure)
[92.849s][info ][gc,task      ] GC(305) Using 4 workers of 4 for evacuation
[92.852s][debug][gc,ref       ] GC(305) Skipped phase1 of Reference Processing due to unavailable references
[92.852s][debug][gc,ref       ] GC(305) Skipped phase3 of Reference Processing due to unavailable references
[92.852s][debug][gc,ref       ] GC(305) Skipped phase4 of Reference Processing due to unavailable references
[92.853s][debug][gc,age       ] GC(305) Desired survivor size 15368192 bytes, new threshold 6 (max threshold 6)
[92.853s][info ][gc,heap      ] GC(305) ParNew: 241942K->1273K(270336K)
[92.853s][info ][gc,heap      ] GC(305) CMS: 407497K->408273K(600768K)
[92.853s][info ][gc,metaspace ] GC(305) Metaspace: 63875K->63875K(1107968K)
[92.853s][info ][gc           ] GC(305) Pause Young (Allocation Failure) 634M->399M(850M) 4.060ms
[92.853s][info ][gc,cpu       ] GC(305) User=0.01s Sys=0.00s Real=0.00s
[92.853s][info ][safepoint    ] Leaving safepoint region
[92.853s][info ][safepoint    ] Total time for which application threads were stopped: 0.0042326 seconds, Stopping threads took: 0.0000184 seconds
[93.853s][info ][safepoint    ] Application time: 1.0001736 seconds
[93.853s][info ][safepoint    ] Entering safepoint region: Cleanup
[93.853s][info ][safepoint    ] Leaving safepoint region
[93.853s][info ][safepoint    ] Total time for which application threads were stopped: 0.0001163 seconds, Stopping threads took: 0.0000398 seconds
[94.030s][info ][safepoint    ] Application time: 0.1772841 seconds
[94.030s][info ][safepoint    ] Entering safepoint region: GenCollectForAllocation
[94.030s][info ][gc,start     ] GC(306) Pause Young (Allocation Failure)
[94.031s][info ][gc,task      ] GC(306) Using 4 workers of 4 for evacuation
[94.034s][debug][gc,ref       ] GC(306) Skipped phase1 of Reference Processing due to unavailable references
[94.034s][debug][gc,ref       ] GC(306) Skipped phase3 of Reference Processing due to unavailable references
[94.034s][debug][gc,ref       ] GC(306) Skipped phase4 of Reference Processing due to unavailable references
[94.034s][debug][gc,age       ] GC(306) Desired survivor size 15368192 bytes, new threshold 6 (max threshold 6)
[94.034s][info ][gc,heap      ] GC(306) ParNew: 241593K->924K(270336K)
[94.034s][info ][gc,heap      ] GC(306) CMS: 408273K->408404K(600768K)
[94.034s][info ][gc,metaspace ] GC(306) Metaspace: 63877K->63877K(1107968K)
[94.034s][info ][gc           ] GC(306) Pause Young (Allocation Failure) 634M->399M(850M) 3.392ms
[94.034s][info ][gc,cpu       ] GC(306) User=0.02s Sys=0.00s Real=0.00s
[94.034s][info ][safepoint    ] Leaving safepoint region
[94.034s][info ][safepoint    ] Total time for which application threads were stopped: 0.0035713 seconds, Stopping threads took: 0.0000175 seconds
[95.034s][info ][safepoint    ] Application time: 1.0001424 seconds
[95.034s][info ][safepoint    ] Entering safepoint region: Cleanup
[95.034s][info ][safepoint    ] Leaving safepoint region
[95.034s][info ][safepoint    ] Total time for which application threads were stopped: 0.0000819 seconds, Stopping threads took: 0.0000184 seconds
[95.260s][info ][safepoint    ] Application time: 0.2258745 seconds
[95.260s][info ][safepoint    ] Entering safepoint region: GenCollectForAllocation
[95.260s][info ][gc,start     ] GC(307) Pause Young (Allocation Failure)
[95.260s][info ][gc,task      ] GC(307) Using 4 workers of 4 for evacuation
[95.263s][debug][gc,ref       ] GC(307) Skipped phase1 of Reference Processing due to unavailable references
[95.263s][debug][gc,ref       ] GC(307) Skipped phase3 of Reference Processing due to unavailable references
[95.263s][debug][gc,ref       ] GC(307) Skipped phase4 of Reference Processing due to unavailable references
[95.263s][debug][gc,age       ] GC(307) Desired survivor size 15368192 bytes, new threshold 6 (max threshold 6)
[95.263s][info ][gc,heap      ] GC(307) ParNew: 241244K->748K(270336K)
[95.263s][info ][gc,heap      ] GC(307) CMS: 408404K->408446K(600768K)
[95.263s][info ][gc,metaspace ] GC(307) Metaspace: 63883K->63883K(1107968K)
[95.263s][info ][gc           ] GC(307) Pause Young (Allocation Failure) 634M->399M(850M) 2.971ms
[95.263s][info ][gc,cpu       ] GC(307) User=0.01s Sys=0.00s Real=0.00s
[95.263s][info ][safepoint    ] Leaving safepoint region
[95.263s][info ][safepoint    ] Total time for which application threads were stopped: 0.0031420 seconds, Stopping threads took: 0.0000166 seconds
[96.263s][info ][safepoint    ] Application time: 1.0001182 seconds
[96.263s][info ][safepoint    ] Entering safepoint region: Cleanup
[96.264s][info ][safepoint    ] Leaving safepoint region
[96.264s][info ][safepoint    ] Total time for which application threads were stopped: 0.0001752 seconds, Stopping threads took: 0.0000440 seconds
[96.479s][info ][safepoint    ] Application time: 0.2155912 seconds
[96.479s][info ][safepoint    ] Entering safepoint region: GenCollectForAllocation
[96.479s][info ][gc,start     ] GC(308) Pause Young (Allocation Failure)
[96.479s][info ][gc,task      ] GC(308) Using 4 workers of 4 for evacuation
[96.482s][debug][gc,ref       ] GC(308) Skipped phase1 of Reference Processing due to unavailable references
[96.482s][debug][gc,ref       ] GC(308) Skipped phase2 of Reference Processing due to unavailable references
[96.482s][debug][gc,ref       ] GC(308) Skipped phase3 of Reference Processing due to unavailable references
[96.482s][debug][gc,ref       ] GC(308) Skipped phase4 of Reference Processing due to unavailable references
[96.482s][debug][gc,age       ] GC(308) Desired survivor size 15368192 bytes, new threshold 6 (max threshold 6)
[96.482s][info ][gc,heap      ] GC(308) ParNew: 241068K->799K(270336K)
[96.482s][info ][gc,heap      ] GC(308) CMS: 408446K->408504K(600768K)
[96.482s][info ][gc,metaspace ] GC(308) Metaspace: 63884K->63884K(1107968K)
[96.482s][info ][gc           ] GC(308) Pause Young (Allocation Failure) 634M->399M(850M) 3.122ms
[96.482s][info ][gc,cpu       ] GC(308) User=0.01s Sys=0.00s Real=0.00s
[96.483s][info ][safepoint    ] Leaving safepoint region
[96.483s][info ][safepoint    ] Total time for which application threads were stopped: 0.0033001 seconds, Stopping threads took: 0.0000187 seconds
[97.483s][info ][safepoint    ] Application time: 1.0001445 seconds
[97.483s][info ][safepoint    ] Entering safepoint region: Cleanup
[97.483s][info ][safepoint    ] Leaving safepoint region
[97.483s][info ][safepoint    ] Total time for which application threads were stopped: 0.0001213 seconds, Stopping threads took: 0.0000439 seconds
[97.710s][info ][safepoint    ] Application time: 0.2267648 seconds
[97.710s][info ][safepoint    ] Entering safepoint region: GenCollectForAllocation
[97.710s][info ][gc,start     ] GC(309) Pause Young (Allocation Failure)
[97.710s][info ][gc,task      ] GC(309) Using 4 workers of 4 for evacuation
[97.713s][debug][gc,ref       ] GC(309) Skipped phase1 of Reference Processing due to unavailable references
[97.713s][debug][gc,ref       ] GC(309) Skipped phase2 of Reference Processing due to unavailable references
[97.713s][debug][gc,ref       ] GC(309) Skipped phase3 of Reference Processing due to unavailable references
[97.713s][debug][gc,ref       ] GC(309) Skipped phase4 of Reference Processing due to unavailable references
[97.713s][debug][gc,age       ] GC(309) Desired survivor size 15368192 bytes, new threshold 6 (max threshold 6)
[97.713s][info ][gc,heap      ] GC(309) ParNew: 241119K->648K(270336K)
[97.713s][info ][gc,heap      ] GC(309) CMS: 408504K->408540K(600768K)
[97.713s][info ][gc,metaspace ] GC(309) Metaspace: 63885K->63885K(1107968K)
[97.713s][info ][gc           ] GC(309) Pause Young (Allocation Failure) 634M->399M(850M) 3.342ms
[97.713s][info ][gc,cpu       ] GC(309) User=0.01s Sys=0.00s Real=0.00s
[97.713s][info ][safepoint    ] Leaving safepoint region
[97.713s][info ][safepoint    ] Total time for which application threads were stopped: 0.0035075 seconds, Stopping threads took: 0.0000342 seconds
[98.713s][info ][safepoint    ] Application time: 1.0000877 seconds
[98.713s][info ][safepoint    ] Entering safepoint region: Cleanup
[98.713s][info ][safepoint    ] Leaving safepoint region
[98.713s][info ][safepoint    ] Total time for which application threads were stopped: 0.0001483 seconds, Stopping threads took: 0.0000828 seconds
[98.930s][info ][safepoint    ] Application time: 0.2164944 seconds
[98.930s][info ][safepoint    ] Entering safepoint region: GenCollectForAllocation
[98.930s][info ][gc,start     ] GC(310) Pause Young (Allocation Failure)
[98.930s][info ][gc,task      ] GC(310) Using 4 workers of 4 for evacuation
[98.933s][debug][gc,ref       ] GC(310) Skipped phase1 of Reference Processing due to unavailable references
[98.933s][debug][gc,ref       ] GC(310) Skipped phase2 of Reference Processing due to unavailable references
[98.933s][debug][gc,ref       ] GC(310) Skipped phase3 of Reference Processing due to unavailable references
[98.933s][debug][gc,ref       ] GC(310) Skipped phase4 of Reference Processing due to unavailable references
[98.933s][debug][gc,age       ] GC(310) Desired survivor size 15368192 bytes, new threshold 6 (max threshold 6)
[98.933s][info ][gc,heap      ] GC(310) ParNew: 240968K->612K(270336K)
[98.933s][info ][gc,heap      ] GC(310) CMS: 408540K->408563K(600768K)
[98.933s][info ][gc,metaspace ] GC(310) Metaspace: 63886K->63886K(1107968K)
[98.933s][info ][gc           ] GC(310) Pause Young (Allocation Failure) 634M->399M(850M) 2.998ms
[98.933s][info ][gc,cpu       ] GC(310) User=0.01s Sys=0.00s Real=0.00s
[98.933s][info ][safepoint    ] Leaving safepoint region
[98.933s][info ][safepoint    ] Total time for which application threads were stopped: 0.0031497 seconds, Stopping threads took: 0.0000179 seconds
[99.933s][info ][safepoint    ] Application time: 1.0000992 seconds
[99.933s][info ][safepoint    ] Entering safepoint region: Cleanup
[99.933s][info ][safepoint    ] Leaving safepoint region
[99.933s][info ][safepoint    ] Total time for which application threads were stopped: 0.0001522 seconds, Stopping threads took: 0.0000385 seconds
[100.175s][info ][safepoint    ] Application time: 0.2417728 seconds
[100.175s][info ][safepoint    ] Entering safepoint region: GenCollectForAllocation
[100.175s][info ][gc,start     ] GC(311) Pause Young (Allocation Failure)
[100.175s][info ][gc,task      ] GC(311) Using 4 workers of 4 for evacuation
[100.178s][debug][gc,ref       ] GC(311) Skipped phase1 of Reference Processing due to unavailable references
[100.178s][debug][gc,ref       ] GC(311) Skipped phase2 of Reference Processing due to unavailable references
[100.178s][debug][gc,ref       ] GC(311) Skipped phase3 of Reference Processing due to unavailable references
[100.178s][debug][gc,ref       ] GC(311) Skipped phase4 of Reference Processing due to unavailable references
[100.178s][debug][gc,age       ] GC(311) Desired survivor size 15368192 bytes, new threshold 6 (max threshold 6)
[100.178s][info ][gc,heap      ] GC(311) ParNew: 240932K->764K(270336K)
[100.178s][info ][gc,heap      ] GC(311) CMS: 408563K->408601K(600768K)
[100.178s][info ][gc,metaspace ] GC(311) Metaspace: 63889K->63889K(1107968K)
[100.178s][info ][gc           ] GC(311) Pause Young (Allocation Failure) 634M->399M(850M) 3.124ms
[100.178s][info ][gc,cpu       ] GC(311) User=0.01s Sys=0.00s Real=0.01s
[100.178s][info ][safepoint    ] Leaving safepoint region
[100.179s][info ][safepoint    ] Total time for which application threads were stopped: 0.0033032 seconds, Stopping threads took: 0.0000194 seconds
[101.179s][info ][safepoint    ] Application time: 1.0001137 seconds
[101.179s][info ][safepoint    ] Entering safepoint region: Cleanup
[101.179s][info ][safepoint    ] Leaving safepoint region
[101.179s][info ][safepoint    ] Total time for which application threads were stopped: 0.0001690 seconds, Stopping threads took: 0.0000610 seconds
[101.407s][info ][safepoint    ] Application time: 0.2281895 seconds
[101.407s][info ][safepoint    ] Entering safepoint region: GenCollectForAllocation
[101.407s][info ][gc,start     ] GC(312) Pause Young (Allocation Failure)
[101.407s][info ][gc,task      ] GC(312) Using 4 workers of 4 for evacuation
[101.410s][debug][gc,ref       ] GC(312) Skipped phase1 of Reference Processing due to unavailable references
[101.410s][debug][gc,ref       ] GC(312) Skipped phase2 of Reference Processing due to unavailable references
[101.410s][debug][gc,ref       ] GC(312) Skipped phase3 of Reference Processing due to unavailable references
[101.410s][debug][gc,ref       ] GC(312) Skipped phase4 of Reference Processing due to unavailable references
[101.411s][debug][gc,age       ] GC(312) Desired survivor size 15368192 bytes, new threshold 6 (max threshold 6)
[101.411s][info ][gc,heap      ] GC(312) ParNew: 241084K->401K(270336K)
[101.411s][info ][gc,heap      ] GC(312) CMS: 408601K->408849K(600768K)
[101.411s][info ][gc,metaspace ] GC(312) Metaspace: 63889K->63889K(1107968K)
[101.411s][info ][gc           ] GC(312) Pause Young (Allocation Failure) 634M->399M(850M) 3.111ms
[101.411s][info ][gc,cpu       ] GC(312) User=0.01s Sys=0.00s Real=0.01s
[101.411s][info ][safepoint    ] Leaving safepoint region
[101.411s][info ][safepoint    ] Total time for which application threads were stopped: 0.0035514 seconds, Stopping threads took: 0.0000163 seconds
[102.411s][info ][safepoint    ] Application time: 1.0001294 seconds
[102.411s][info ][safepoint    ] Entering safepoint region: Cleanup
[102.411s][info ][safepoint    ] Leaving safepoint region
[102.411s][info ][safepoint    ] Total time for which application threads were stopped: 0.0001499 seconds, Stopping threads took: 0.0000392 seconds
[102.651s][info ][safepoint    ] Application time: 0.2399328 seconds
[102.651s][info ][safepoint    ] Entering safepoint region: GenCollectForAllocation
[102.651s][info ][gc,start     ] GC(313) Pause Young (Allocation Failure)
[102.651s][info ][gc,task      ] GC(313) Using 4 workers of 4 for evacuation
[102.654s][debug][gc,ref       ] GC(313) Skipped phase1 of Reference Processing due to unavailable references
[102.654s][debug][gc,ref       ] GC(313) Skipped phase2 of Reference Processing due to unavailable references
[102.654s][debug][gc,ref       ] GC(313) Skipped phase3 of Reference Processing due to unavailable references
[102.654s][debug][gc,ref       ] GC(313) Skipped phase4 of Reference Processing due to unavailable references
[102.654s][debug][gc,age       ] GC(313) Desired survivor size 15368192 bytes, new threshold 6 (max threshold 6)
[102.654s][info ][gc,heap      ] GC(313) ParNew: 240721K->472K(270336K)
[102.654s][info ][gc,heap      ] GC(313) CMS: 408849K->408869K(600768K)
[102.654s][info ][gc,metaspace ] GC(313) Metaspace: 63893K->63893K(1107968K)
[102.654s][info ][gc           ] GC(313) Pause Young (Allocation Failure) 634M->399M(850M) 2.922ms
[102.654s][info ][gc,cpu       ] GC(313) User=0.01s Sys=0.00s Real=0.00s
[102.654s][info ][safepoint    ] Leaving safepoint region
[102.654s][info ][safepoint    ] Total time for which application threads were stopped: 0.0030859 seconds, Stopping threads took: 0.0000180 seconds
[103.654s][info ][safepoint    ] Application time: 1.0001396 seconds
[103.654s][info ][safepoint    ] Entering safepoint region: Cleanup
[103.654s][info ][safepoint    ] Leaving safepoint region
[103.654s][info ][safepoint    ] Total time for which application threads were stopped: 0.0001200 seconds, Stopping threads took: 0.0000395 seconds
[103.868s][info ][safepoint    ] Application time: 0.2133808 seconds
[103.868s][info ][safepoint    ] Entering safepoint region: GenCollectForAllocation
[103.868s][info ][gc,start     ] GC(314) Pause Young (Allocation Failure)
[103.868s][info ][gc,task      ] GC(314) Using 4 workers of 4 for evacuation
[103.871s][debug][gc,ref       ] GC(314) Skipped phase1 of Reference Processing due to unavailable references
[103.871s][debug][gc,ref       ] GC(314) Skipped phase2 of Reference Processing due to unavailable references
[103.871s][debug][gc,ref       ] GC(314) Skipped phase3 of Reference Processing due to unavailable references
[103.871s][debug][gc,ref       ] GC(314) Skipped phase4 of Reference Processing due to unavailable references
[103.871s][debug][gc,age       ] GC(314) Desired survivor size 15368192 bytes, new threshold 6 (max threshold 6)
[103.871s][info ][gc,heap      ] GC(314) ParNew: 240792K->442K(270336K)
[103.871s][info ][gc,heap      ] GC(314) CMS: 408869K->408883K(600768K)
[103.871s][info ][gc,metaspace ] GC(314) Metaspace: 63895K->63895K(1107968K)
[103.871s][info ][gc           ] GC(314) Pause Young (Allocation Failure) 634M->399M(850M) 3.222ms
[103.871s][info ][gc,cpu       ] GC(314) User=0.02s Sys=0.00s Real=0.00s
[103.871s][info ][safepoint    ] Leaving safepoint region
[103.871s][info ][safepoint    ] Total time for which application threads were stopped: 0.0033829 seconds, Stopping threads took: 0.0000191 seconds
[104.438s][info ][safepoint    ] Application time: 0.5670834 seconds
[104.438s][info ][safepoint    ] Entering safepoint region: RevokeBias
[104.438s][info ][safepoint    ] Leaving safepoint region
[104.438s][info ][safepoint    ] Total time for which application threads were stopped: 0.0001421 seconds, Stopping threads took: 0.0000187 seconds
[104.438s][info ][safepoint    ] Application time: 0.0000584 seconds
[104.438s][info ][safepoint    ] Entering safepoint region: RevokeBias
[104.438s][info ][safepoint    ] Leaving safepoint region
[104.438s][info ][safepoint    ] Total time for which application threads were stopped: 0.0000458 seconds, Stopping threads took: 0.0000072 seconds
[104.439s][info ][safepoint    ] Application time: 0.0008478 seconds
[104.439s][info ][safepoint    ] Entering safepoint region: RevokeBias
[104.439s][info ][safepoint    ] Leaving safepoint region
[104.439s][info ][safepoint    ] Total time for which application threads were stopped: 0.0000617 seconds, Stopping threads took: 0.0000104 seconds
[104.975s][info ][safepoint    ] Application time: 0.5356573 seconds
[104.975s][info ][safepoint    ] Entering safepoint region: GenCollectForAllocation
[104.975s][info ][gc,start     ] GC(315) Pause Young (Allocation Failure)
[104.975s][info ][gc,task      ] GC(315) Using 4 workers of 4 for evacuation
[104.980s][debug][gc,ref       ] GC(315) Skipped phase1 of Reference Processing due to unavailable references
[104.980s][debug][gc,ref       ] GC(315) Skipped phase2 of Reference Processing due to unavailable references
[104.980s][debug][gc,ref       ] GC(315) Skipped phase3 of Reference Processing due to unavailable references
[104.980s][debug][gc,age       ] GC(315) Desired survivor size 15368192 bytes, new threshold 6 (max threshold 6)
[104.980s][info ][gc,heap      ] GC(315) ParNew: 240762K->3494K(270336K)
[104.980s][info ][gc,heap      ] GC(315) CMS: 408883K->408919K(600768K)
[104.980s][info ][gc,metaspace ] GC(315) Metaspace: 63902K->63902K(1107968K)
[104.980s][info ][gc           ] GC(315) Pause Young (Allocation Failure) 634M->402M(850M) 4.680ms
[104.980s][info ][gc,cpu       ] GC(315) User=0.01s Sys=0.00s Real=0.01s
[104.980s][info ][safepoint    ] Leaving safepoint region
[104.980s][info ][safepoint    ] Total time for which application threads were stopped: 0.0049017 seconds, Stopping threads took: 0.0000184 seconds
[105.980s][info ][safepoint    ] Application time: 1.0001034 seconds
[105.980s][info ][safepoint    ] Entering safepoint region: Cleanup
[105.980s][info ][safepoint    ] Leaving safepoint region
[105.980s][info ][safepoint    ] Total time for which application threads were stopped: 0.0001232 seconds, Stopping threads took: 0.0000428 seconds
[106.164s][info ][safepoint    ] Application time: 0.1840651 seconds
[106.164s][info ][safepoint    ] Entering safepoint region: GenCollectForAllocation
[106.164s][info ][gc,start     ] GC(316) Pause Young (Allocation Failure)
[106.165s][info ][gc,task      ] GC(316) Using 4 workers of 4 for evacuation
[106.169s][debug][gc,ref       ] GC(316) Skipped phase1 of Reference Processing due to unavailable references
[106.169s][debug][gc,ref       ] GC(316) Skipped phase2 of Reference Processing due to unavailable references
[106.169s][debug][gc,ref       ] GC(316) Skipped phase3 of Reference Processing due to unavailable references
[106.169s][debug][gc,age       ] GC(316) Desired survivor size 15368192 bytes, new threshold 6 (max threshold 6)
[106.170s][info ][gc,heap      ] GC(316) ParNew: 243814K->4509K(270336K)
[106.170s][info ][gc,heap      ] GC(316) CMS: 408919K->408928K(600768K)
[106.170s][info ][gc,metaspace ] GC(316) Metaspace: 63904K->63904K(1107968K)
[106.170s][info ][gc           ] GC(316) Pause Young (Allocation Failure) 637M->403M(850M) 5.054ms
[106.170s][info ][gc,cpu       ] GC(316) User=0.02s Sys=0.00s Real=0.01s
[106.170s][info ][safepoint    ] Leaving safepoint region
[106.170s][info ][safepoint    ] Total time for which application threads were stopped: 0.0052162 seconds, Stopping threads took: 0.0000173 seconds
[107.170s][info ][safepoint    ] Application time: 1.0001199 seconds
[107.170s][info ][safepoint    ] Entering safepoint region: Cleanup
[107.170s][info ][safepoint    ] Leaving safepoint region
[107.170s][info ][safepoint    ] Total time for which application threads were stopped: 0.0001739 seconds, Stopping threads took: 0.0000433 seconds
[107.407s][info ][safepoint    ] Application time: 0.2371437 seconds
[107.407s][info ][safepoint    ] Entering safepoint region: GenCollectForAllocation
[107.407s][info ][gc,start     ] GC(317) Pause Young (Allocation Failure)
[107.407s][info ][gc,task      ] GC(317) Using 4 workers of 4 for evacuation
[107.411s][debug][gc,ref       ] GC(317) Skipped phase1 of Reference Processing due to unavailable references
[107.411s][debug][gc,ref       ] GC(317) Skipped phase3 of Reference Processing due to unavailable references
[107.411s][debug][gc,age       ] GC(317) Desired survivor size 15368192 bytes, new threshold 6 (max threshold 6)
[107.411s][info ][gc,heap      ] GC(317) ParNew: 244829K->4412K(270336K)
[107.411s][info ][gc,heap      ] GC(317) CMS: 408928K->408952K(600768K)
[107.411s][info ][gc,metaspace ] GC(317) Metaspace: 64013K->64013K(1107968K)
[107.411s][info ][gc           ] GC(317) Pause Young (Allocation Failure) 638M->403M(850M) 3.974ms
[107.411s][info ][gc,cpu       ] GC(317) User=0.02s Sys=0.00s Real=0.01s
[107.411s][info ][safepoint    ] Leaving safepoint region
[107.411s][info ][safepoint    ] Total time for which application threads were stopped: 0.0041807 seconds, Stopping threads took: 0.0000314 seconds
[108.411s][info ][safepoint    ] Application time: 1.0000929 seconds
[108.411s][info ][safepoint    ] Entering safepoint region: Cleanup
[108.412s][info ][safepoint    ] Leaving safepoint region
[108.412s][info ][safepoint    ] Total time for which application threads were stopped: 0.0001561 seconds, Stopping threads took: 0.0000680 seconds
[108.661s][info ][safepoint    ] Application time: 0.2492907 seconds
[108.661s][info ][safepoint    ] Entering safepoint region: GenCollectForAllocation
[108.661s][info ][gc,start     ] GC(318) Pause Young (Allocation Failure)
[108.661s][info ][gc,task      ] GC(318) Using 4 workers of 4 for evacuation
[108.665s][debug][gc,ref       ] GC(318) Skipped phase1 of Reference Processing due to unavailable references
[108.665s][debug][gc,ref       ] GC(318) Skipped phase3 of Reference Processing due to unavailable references
[108.665s][debug][gc,age       ] GC(318) Desired survivor size 15368192 bytes, new threshold 6 (max threshold 6)
[108.665s][info ][gc,heap      ] GC(318) ParNew: 244732K->4979K(270336K)
[108.665s][info ][gc,heap      ] GC(318) CMS: 408952K->408965K(600768K)
[108.665s][info ][gc,metaspace ] GC(318) Metaspace: 64016K->64016K(1107968K)
[108.665s][info ][gc           ] GC(318) Pause Young (Allocation Failure) 638M->404M(850M) 4.460ms
[108.666s][info ][gc,cpu       ] GC(318) User=0.01s Sys=0.00s Real=0.00s
[108.666s][info ][safepoint    ] Leaving safepoint region
[108.666s][info ][safepoint    ] Total time for which application threads were stopped: 0.0046394 seconds, Stopping threads took: 0.0000186 seconds
[109.666s][info ][safepoint    ] Application time: 1.0001094 seconds
[109.666s][info ][safepoint    ] Entering safepoint region: Cleanup
[109.666s][info ][safepoint    ] Leaving safepoint region
[109.666s][info ][safepoint    ] Total time for which application threads were stopped: 0.0001365 seconds, Stopping threads took: 0.0000458 seconds
[109.912s][info ][safepoint    ] Application time: 0.2462416 seconds
[109.912s][info ][safepoint    ] Entering safepoint region: GenCollectForAllocation
[109.912s][info ][gc,start     ] GC(319) Pause Young (Allocation Failure)
[109.912s][info ][gc,task      ] GC(319) Using 4 workers of 4 for evacuation
[109.916s][debug][gc,ref       ] GC(319) Skipped phase1 of Reference Processing due to unavailable references
[109.916s][debug][gc,ref       ] GC(319) Skipped phase3 of Reference Processing due to unavailable references
[109.917s][debug][gc,age       ] GC(319) Desired survivor size 15368192 bytes, new threshold 6 (max threshold 6)
[109.917s][info ][gc,heap      ] GC(319) ParNew: 245299K->5103K(270336K)
[109.917s][info ][gc,heap      ] GC(319) CMS: 408965K->408975K(600768K)
[109.917s][info ][gc,metaspace ] GC(319) Metaspace: 64016K->64016K(1107968K)
[109.917s][info ][gc           ] GC(319) Pause Young (Allocation Failure) 638M->404M(850M) 4.550ms
[109.917s][info ][gc,cpu       ] GC(319) User=0.01s Sys=0.00s Real=0.01s
[109.917s][info ][safepoint    ] Leaving safepoint region
[109.917s][info ][safepoint    ] Total time for which application threads were stopped: 0.0047128 seconds, Stopping threads took: 0.0000192 seconds
[110.917s][info ][safepoint    ] Application time: 1.0000529 seconds
[110.917s][info ][safepoint    ] Entering safepoint region: Cleanup
[110.917s][info ][safepoint    ] Leaving safepoint region
[110.917s][info ][safepoint    ] Total time for which application threads were stopped: 0.0002030 seconds, Stopping threads took: 0.0000648 seconds
[111.161s][info ][safepoint    ] Application time: 0.2439595 seconds
[111.161s][info ][safepoint    ] Entering safepoint region: GenCollectForAllocation
[111.161s][info ][gc,start     ] GC(320) Pause Young (Allocation Failure)
[111.161s][info ][gc,task      ] GC(320) Using 4 workers of 4 for evacuation
[111.166s][debug][gc,ref       ] GC(320) Skipped phase1 of Reference Processing due to unavailable references
[111.166s][debug][gc,ref       ] GC(320) Skipped phase3 of Reference Processing due to unavailable references
[111.166s][debug][gc,age       ] GC(320) Desired survivor size 15368192 bytes, new threshold 6 (max threshold 6)
[111.166s][info ][gc,heap      ] GC(320) ParNew: 245423K->6166K(270336K)
[111.166s][info ][gc,heap      ] GC(320) CMS: 408975K->408986K(600768K)
[111.166s][info ][gc,metaspace ] GC(320) Metaspace: 64024K->64024K(1107968K)
[111.166s][info ][gc           ] GC(320) Pause Young (Allocation Failure) 639M->405M(850M) 4.823ms
[111.166s][info ][gc,cpu       ] GC(320) User=0.01s Sys=0.00s Real=0.00s
[111.166s][info ][safepoint    ] Leaving safepoint region
[111.166s][info ][safepoint    ] Total time for which application threads were stopped: 0.0050353 seconds, Stopping threads took: 0.0000182 seconds
[112.166s][info ][safepoint    ] Application time: 1.0001464 seconds
[112.166s][info ][safepoint    ] Entering safepoint region: Cleanup
[112.167s][info ][safepoint    ] Leaving safepoint region
[112.167s][info ][safepoint    ] Total time for which application threads were stopped: 0.0001432 seconds, Stopping threads took: 0.0000438 seconds
[112.384s][info ][safepoint    ] Application time: 0.2174042 seconds
[112.384s][info ][safepoint    ] Entering safepoint region: GenCollectForAllocation
[112.384s][info ][gc,start     ] GC(321) Pause Young (Allocation Failure)
[112.384s][info ][gc,task      ] GC(321) Using 4 workers of 4 for evacuation
[112.396s][debug][gc,ref       ] GC(321) Skipped phase1 of Reference Processing due to unavailable references
[112.396s][debug][gc,ref       ] GC(321) Skipped phase3 of Reference Processing due to unavailable references
[112.396s][debug][gc,ref       ] GC(321) Skipped phase4 of Reference Processing due to unavailable references
[112.396s][debug][gc,age       ] GC(321) Desired survivor size 15368192 bytes, new threshold 6 (max threshold 6)
[112.396s][info ][gc,heap      ] GC(321) ParNew: 246486K->2219K(270336K)
[112.396s][info ][gc,heap      ] GC(321) CMS: 408986K->411908K(600768K)
[112.396s][info ][gc,metaspace ] GC(321) Metaspace: 64033K->64033K(1107968K)
[112.396s][info ][gc           ] GC(321) Pause Young (Allocation Failure) 640M->404M(850M) 12.130ms
[112.396s][info ][gc,cpu       ] GC(321) User=0.04s Sys=0.00s Real=0.02s
[112.396s][info ][safepoint    ] Leaving safepoint region
[112.396s][info ][safepoint    ] Total time for which application threads were stopped: 0.0123205 seconds, Stopping threads took: 0.0000202 seconds
[113.396s][info ][safepoint    ] Application time: 1.0001417 seconds
[113.396s][info ][safepoint    ] Entering safepoint region: Cleanup
[113.397s][info ][safepoint    ] Leaving safepoint region
[113.397s][info ][safepoint    ] Total time for which application threads were stopped: 0.0001173 seconds, Stopping threads took: 0.0000400 seconds
[113.647s][info ][safepoint    ] Application time: 0.2506214 seconds
[113.647s][info ][safepoint    ] Entering safepoint region: GenCollectForAllocation
[113.647s][info ][gc,start     ] GC(322) Pause Young (Allocation Failure)
[113.647s][info ][gc,task      ] GC(322) Using 4 workers of 4 for evacuation
[113.650s][debug][gc,ref       ] GC(322) Skipped phase1 of Reference Processing due to unavailable references
[113.651s][debug][gc,ref       ] GC(322) Skipped phase3 of Reference Processing due to unavailable references
[113.651s][debug][gc,ref       ] GC(322) Skipped phase4 of Reference Processing due to unavailable references
[113.651s][debug][gc,age       ] GC(322) Desired survivor size 15368192 bytes, new threshold 6 (max threshold 6)
[113.651s][info ][gc,heap      ] GC(322) ParNew: 242539K->931K(270336K)
[113.651s][info ][gc,heap      ] GC(322) CMS: 411908K->412188K(600768K)
[113.651s][info ][gc,metaspace ] GC(322) Metaspace: 64033K->64033K(1107968K)
[113.651s][info ][gc           ] GC(322) Pause Young (Allocation Failure) 639M->403M(850M) 3.484ms
[113.651s][info ][gc,cpu       ] GC(322) User=0.02s Sys=0.00s Real=0.01s
[113.651s][info ][safepoint    ] Leaving safepoint region
[113.651s][info ][safepoint    ] Total time for which application threads were stopped: 0.0036381 seconds, Stopping threads took: 0.0000179 seconds
[114.651s][info ][safepoint    ] Application time: 1.0001344 seconds
[114.651s][info ][safepoint    ] Entering safepoint region: Cleanup
[114.651s][info ][safepoint    ] Leaving safepoint region
[114.651s][info ][safepoint    ] Total time for which application threads were stopped: 0.0001140 seconds, Stopping threads took: 0.0000399 seconds
[114.864s][info ][safepoint    ] Application time: 0.2126541 seconds
[114.864s][info ][safepoint    ] Entering safepoint region: GenCollectForAllocation
[114.864s][info ][gc,start     ] GC(323) Pause Young (Allocation Failure)
[114.864s][info ][gc,task      ] GC(323) Using 4 workers of 4 for evacuation
[114.867s][debug][gc,ref       ] GC(323) Skipped phase1 of Reference Processing due to unavailable references
[114.867s][debug][gc,ref       ] GC(323) Skipped phase3 of Reference Processing due to unavailable references
[114.867s][debug][gc,ref       ] GC(323) Skipped phase4 of Reference Processing due to unavailable references
[114.867s][debug][gc,age       ] GC(323) Desired survivor size 15368192 bytes, new threshold 6 (max threshold 6)
[114.867s][info ][gc,heap      ] GC(323) ParNew: 241251K->1130K(270336K)
[114.867s][info ][gc,heap      ] GC(323) CMS: 412188K->412283K(600768K)
[114.867s][info ][gc,metaspace ] GC(323) Metaspace: 64035K->64035K(1107968K)
[114.867s][info ][gc           ] GC(323) Pause Young (Allocation Failure) 638M->403M(850M) 3.224ms
[114.867s][info ][gc,cpu       ] GC(323) User=0.01s Sys=0.00s Real=0.00s
[114.867s][info ][safepoint    ] Leaving safepoint region
[114.867s][info ][safepoint    ] Total time for which application threads were stopped: 0.0033841 seconds, Stopping threads took: 0.0000191 seconds
[115.867s][info ][safepoint    ] Application time: 1.0001023 seconds
[115.867s][info ][safepoint    ] Entering safepoint region: Cleanup
[115.868s][info ][safepoint    ] Leaving safepoint region
[115.868s][info ][safepoint    ] Total time for which application threads were stopped: 0.0001649 seconds, Stopping threads took: 0.0000622 seconds
[116.047s][info ][safepoint    ] Application time: 0.1795119 seconds
[116.047s][info ][safepoint    ] Entering safepoint region: GenCollectForAllocation
[116.047s][info ][gc,start     ] GC(324) Pause Young (Allocation Failure)
[116.047s][info ][gc,task      ] GC(324) Using 4 workers of 4 for evacuation
[116.050s][debug][gc,ref       ] GC(324) Skipped phase1 of Reference Processing due to unavailable references
[116.050s][debug][gc,ref       ] GC(324) Skipped phase3 of Reference Processing due to unavailable references
[116.050s][debug][gc,ref       ] GC(324) Skipped phase4 of Reference Processing due to unavailable references
[116.051s][debug][gc,age       ] GC(324) Desired survivor size 15368192 bytes, new threshold 6 (max threshold 6)
[116.051s][info ][gc,heap      ] GC(324) ParNew: 241450K->1152K(270336K)
[116.051s][info ][gc,heap      ] GC(324) CMS: 412283K->412302K(600768K)
[116.051s][info ][gc,metaspace ] GC(324) Metaspace: 64041K->64041K(1107968K)
[116.051s][info ][gc           ] GC(324) Pause Young (Allocation Failure) 638M->403M(850M) 3.505ms
[116.051s][info ][gc,cpu       ] GC(324) User=0.01s Sys=0.00s Real=0.01s
[116.051s][info ][safepoint    ] Leaving safepoint region
[116.051s][info ][safepoint    ] Total time for which application threads were stopped: 0.0036777 seconds, Stopping threads took: 0.0000420 seconds
[117.051s][info ][safepoint    ] Application time: 1.0001103 seconds
[117.051s][info ][safepoint    ] Entering safepoint region: Cleanup
[117.051s][info ][safepoint    ] Leaving safepoint region
[117.051s][info ][safepoint    ] Total time for which application threads were stopped: 0.0001072 seconds, Stopping threads took: 0.0000400 seconds
[117.273s][info ][safepoint    ] Application time: 0.2214267 seconds
[117.273s][info ][safepoint    ] Entering safepoint region: GenCollectForAllocation
[117.273s][info ][gc,start     ] GC(325) Pause Young (Allocation Failure)
[117.273s][info ][gc,task      ] GC(325) Using 4 workers of 4 for evacuation
[117.276s][debug][gc,ref       ] GC(325) Skipped phase1 of Reference Processing due to unavailable references
[117.276s][debug][gc,ref       ] GC(325) Skipped phase3 of Reference Processing due to unavailable references
[117.276s][debug][gc,ref       ] GC(325) Skipped phase4 of Reference Processing due to unavailable references
[117.276s][debug][gc,age       ] GC(325) Desired survivor size 15368192 bytes, new threshold 6 (max threshold 6)
[117.276s][info ][gc,heap      ] GC(325) ParNew: 241472K->1141K(270336K)
[117.276s][info ][gc,heap      ] GC(325) CMS: 412302K->412408K(600768K)
[117.276s][info ][gc,metaspace ] GC(325) Metaspace: 64046K->64046K(1107968K)
[117.276s][info ][gc           ] GC(325) Pause Young (Allocation Failure) 638M->403M(850M) 3.439ms
[117.276s][info ][gc,cpu       ] GC(325) User=0.02s Sys=0.00s Real=0.01s
[117.276s][info ][safepoint    ] Leaving safepoint region
[117.276s][info ][safepoint    ] Total time for which application threads were stopped: 0.0036060 seconds, Stopping threads took: 0.0000190 seconds
[118.276s][info ][safepoint    ] Application time: 1.0001367 seconds
[118.276s][info ][safepoint    ] Entering safepoint region: Cleanup
[118.277s][info ][safepoint    ] Leaving safepoint region
[118.277s][info ][safepoint    ] Total time for which application threads were stopped: 0.0001355 seconds, Stopping threads took: 0.0000468 seconds
[118.497s][info ][safepoint    ] Application time: 0.2209042 seconds
[118.498s][info ][safepoint    ] Entering safepoint region: GenCollectForAllocation
[118.498s][info ][gc,start     ] GC(326) Pause Young (Allocation Failure)
[118.498s][info ][gc,task      ] GC(326) Using 4 workers of 4 for evacuation
[118.501s][debug][gc,ref       ] GC(326) Skipped phase1 of Reference Processing due to unavailable references
[118.501s][debug][gc,ref       ] GC(326) Skipped phase3 of Reference Processing due to unavailable references
[118.501s][debug][gc,ref       ] GC(326) Skipped phase4 of Reference Processing due to unavailable references
[118.501s][debug][gc,age       ] GC(326) Desired survivor size 15368192 bytes, new threshold 6 (max threshold 6)
[118.501s][info ][gc,heap      ] GC(326) ParNew: 241461K->1297K(270336K)
[118.501s][info ][gc,heap      ] GC(326) CMS: 412408K->412431K(600768K)
[118.501s][info ][gc,metaspace ] GC(326) Metaspace: 64046K->64046K(1107968K)
[118.501s][info ][gc           ] GC(326) Pause Young (Allocation Failure) 638M->404M(850M) 3.493ms
[118.501s][info ][gc,cpu       ] GC(326) User=0.01s Sys=0.00s Real=0.00s
[118.501s][info ][safepoint    ] Leaving safepoint region
[118.501s][info ][safepoint    ] Total time for which application threads were stopped: 0.0037137 seconds, Stopping threads took: 0.0000514 seconds
[118.746s][info ][safepoint    ] Application time: 0.2450642 seconds
[118.746s][info ][safepoint    ] Entering safepoint region: ICBufferFull
[118.747s][info ][safepoint    ] Leaving safepoint region
[118.747s][info ][safepoint    ] Total time for which application threads were stopped: 0.0002567 seconds, Stopping threads took: 0.0000174 seconds
[119.698s][info ][safepoint    ] Application time: 0.9514381 seconds
[119.698s][info ][safepoint    ] Entering safepoint region: GenCollectForAllocation
[119.698s][info ][gc,start     ] GC(327) Pause Young (Allocation Failure)
[119.699s][info ][gc,task      ] GC(327) Using 4 workers of 4 for evacuation
[119.702s][debug][gc,ref       ] GC(327) Skipped phase1 of Reference Processing due to unavailable references
[119.702s][debug][gc,ref       ] GC(327) Skipped phase3 of Reference Processing due to unavailable references
[119.702s][debug][gc,age       ] GC(327) Desired survivor size 15368192 bytes, new threshold 6 (max threshold 6)
[119.702s][info ][gc,heap      ] GC(327) ParNew: 241617K->1453K(270336K)
[119.702s][info ][gc,heap      ] GC(327) CMS: 412431K->412486K(600768K)
[119.702s][info ][gc,metaspace ] GC(327) Metaspace: 64119K->64119K(1107968K)
[119.702s][info ][gc           ] GC(327) Pause Young (Allocation Failure) 638M->404M(850M) 3.856ms
[119.702s][info ][gc,cpu       ] GC(327) User=0.02s Sys=0.00s Real=0.00s
[119.702s][info ][safepoint    ] Leaving safepoint region
[119.702s][info ][safepoint    ] Total time for which application threads were stopped: 0.0042038 seconds, Stopping threads took: 0.0000536 seconds
[120.703s][info ][safepoint    ] Application time: 1.0001198 seconds
[120.703s][info ][safepoint    ] Entering safepoint region: Cleanup
[120.703s][info ][safepoint    ] Leaving safepoint region
[120.703s][info ][safepoint    ] Total time for which application threads were stopped: 0.0001680 seconds, Stopping threads took: 0.0000629 seconds
[120.917s][info ][safepoint    ] Application time: 0.2147149 seconds
[120.917s][info ][safepoint    ] Entering safepoint region: GenCollectForAllocation
[120.918s][info ][gc,start     ] GC(328) Pause Young (Allocation Failure)
[120.918s][info ][gc,task      ] GC(328) Using 4 workers of 4 for evacuation
[120.921s][debug][gc,ref       ] GC(328) Skipped phase1 of Reference Processing due to unavailable references
[120.921s][debug][gc,ref       ] GC(328) Skipped phase3 of Reference Processing due to unavailable references
[120.921s][debug][gc,age       ] GC(328) Desired survivor size 15368192 bytes, new threshold 6 (max threshold 6)
[120.921s][info ][gc,heap      ] GC(328) ParNew: 241773K->1259K(270336K)
[120.921s][info ][gc,heap      ] GC(328) CMS: 412486K->412582K(600768K)
[120.921s][info ][gc,metaspace ] GC(328) Metaspace: 64131K->64131K(1107968K)
[120.921s][info ][gc           ] GC(328) Pause Young (Allocation Failure) 638M->404M(850M) 3.618ms
[120.921s][info ][gc,cpu       ] GC(328) User=0.01s Sys=0.00s Real=0.00s
[120.921s][info ][safepoint    ] Leaving safepoint region
[120.921s][info ][safepoint    ] Total time for which application threads were stopped: 0.0037908 seconds, Stopping threads took: 0.0000181 seconds
[121.921s][info ][safepoint    ] Application time: 1.0001355 seconds
[121.921s][info ][safepoint    ] Entering safepoint region: Cleanup
[121.922s][info ][safepoint    ] Leaving safepoint region
[121.922s][info ][safepoint    ] Total time for which application threads were stopped: 0.0001415 seconds, Stopping threads took: 0.0000435 seconds
[122.148s][info ][safepoint    ] Application time: 0.2265976 seconds
[122.148s][info ][safepoint    ] Entering safepoint region: GenCollectForAllocation
[122.148s][info ][gc,start     ] GC(329) Pause Young (Allocation Failure)
[122.148s][info ][gc,task      ] GC(329) Using 4 workers of 4 for evacuation
[122.152s][debug][gc,ref       ] GC(329) Skipped phase1 of Reference Processing due to unavailable references
[122.152s][debug][gc,ref       ] GC(329) Skipped phase3 of Reference Processing due to unavailable references
[122.152s][debug][gc,ref       ] GC(329) Skipped phase4 of Reference Processing due to unavailable references
[122.152s][debug][gc,age       ] GC(329) Desired survivor size 15368192 bytes, new threshold 6 (max threshold 6)
[122.152s][info ][gc,heap      ] GC(329) ParNew: 241579K->1325K(270336K)
[122.152s][info ][gc,heap      ] GC(329) CMS: 412582K->412687K(600768K)
[122.152s][info ][gc,metaspace ] GC(329) Metaspace: 64131K->64131K(1107968K)
[122.152s][info ][gc           ] GC(329) Pause Young (Allocation Failure) 638M->404M(850M) 3.606ms
[122.152s][info ][gc,cpu       ] GC(329) User=0.01s Sys=0.00s Real=0.00s
[122.152s][info ][safepoint    ] Leaving safepoint region
[122.152s][info ][safepoint    ] Total time for which application threads were stopped: 0.0037923 seconds, Stopping threads took: 0.0000417 seconds
[123.152s][info ][safepoint    ] Application time: 1.0001032 seconds
[123.152s][info ][safepoint    ] Entering safepoint region: Cleanup
[123.152s][info ][safepoint    ] Leaving safepoint region
[123.152s][info ][safepoint    ] Total time for which application threads were stopped: 0.0001558 seconds, Stopping threads took: 0.0000724 seconds
[123.381s][info ][safepoint    ] Application time: 0.2287291 seconds
[123.381s][info ][safepoint    ] Entering safepoint region: GenCollectForAllocation
[123.381s][info ][gc,start     ] GC(330) Pause Young (Allocation Failure)
[123.381s][info ][gc,task      ] GC(330) Using 4 workers of 4 for evacuation
[123.384s][debug][gc,ref       ] GC(330) Skipped phase1 of Reference Processing due to unavailable references
[123.384s][debug][gc,ref       ] GC(330) Skipped phase3 of Reference Processing due to unavailable references
[123.384s][debug][gc,ref       ] GC(330) Skipped phase4 of Reference Processing due to unavailable references
[123.385s][debug][gc,age       ] GC(330) Desired survivor size 15368192 bytes, new threshold 6 (max threshold 6)
[123.385s][info ][gc,heap      ] GC(330) ParNew: 241645K->1063K(270336K)
[123.385s][info ][gc,heap      ] GC(330) CMS: 412687K->413012K(600768K)
[123.385s][info ][gc,metaspace ] GC(330) Metaspace: 64132K->64132K(1107968K)
[123.385s][info ][gc           ] GC(330) Pause Young (Allocation Failure) 638M->404M(850M) 3.360ms
[123.385s][info ][gc,cpu       ] GC(330) User=0.01s Sys=0.00s Real=0.00s
[123.385s][info ][safepoint    ] Leaving safepoint region
[123.385s][info ][safepoint    ] Total time for which application threads were stopped: 0.0035269 seconds, Stopping threads took: 0.0000200 seconds
[124.385s][info ][safepoint    ] Application time: 1.0001421 seconds
[124.385s][info ][safepoint    ] Entering safepoint region: Cleanup
[124.385s][info ][safepoint    ] Leaving safepoint region
[124.385s][info ][safepoint    ] Total time for which application threads were stopped: 0.0000938 seconds, Stopping threads took: 0.0000191 seconds
[124.618s][info ][safepoint    ] Application time: 0.2335124 seconds
[124.618s][info ][safepoint    ] Entering safepoint region: GenCollectForAllocation
[124.619s][info ][gc,start     ] GC(331) Pause Young (Allocation Failure)
[124.619s][info ][gc,task      ] GC(331) Using 4 workers of 4 for evacuation
[124.622s][debug][gc,ref       ] GC(331) Skipped phase1 of Reference Processing due to unavailable references
[124.622s][debug][gc,ref       ] GC(331) Skipped phase3 of Reference Processing due to unavailable references
[124.622s][debug][gc,ref       ] GC(331) Skipped phase4 of Reference Processing due to unavailable references
[124.622s][debug][gc,age       ] GC(331) Desired survivor size 15368192 bytes, new threshold 6 (max threshold 6)
[124.622s][info ][gc,heap      ] GC(331) ParNew: 241383K->809K(270336K)
[124.622s][info ][gc,heap      ] GC(331) CMS: 413012K->413042K(600768K)
[124.622s][info ][gc,metaspace ] GC(331) Metaspace: 64138K->64138K(1107968K)
[124.622s][info ][gc           ] GC(331) Pause Young (Allocation Failure) 639M->404M(850M) 3.422ms
[124.622s][info ][gc,cpu       ] GC(331) User=0.01s Sys=0.00s Real=0.00s
[124.622s][info ][safepoint    ] Leaving safepoint region
[124.622s][info ][safepoint    ] Total time for which application threads were stopped: 0.0035848 seconds, Stopping threads took: 0.0000191 seconds
[125.622s][info ][safepoint    ] Application time: 1.0001137 seconds
[125.622s][info ][safepoint    ] Entering safepoint region: Cleanup
[125.622s][info ][safepoint    ] Leaving safepoint region
[125.622s][info ][safepoint    ] Total time for which application threads were stopped: 0.0001315 seconds, Stopping threads took: 0.0000445 seconds
[125.864s][info ][safepoint    ] Application time: 0.2415250 seconds
[125.864s][info ][safepoint    ] Entering safepoint region: GenCollectForAllocation
[125.864s][info ][gc,start     ] GC(332) Pause Young (Allocation Failure)
[125.864s][info ][gc,task      ] GC(332) Using 4 workers of 4 for evacuation
[125.867s][debug][gc,ref       ] GC(332) Skipped phase1 of Reference Processing due to unavailable references
[125.867s][debug][gc,ref       ] GC(332) Skipped phase3 of Reference Processing due to unavailable references
[125.867s][debug][gc,ref       ] GC(332) Skipped phase4 of Reference Processing due to unavailable references
[125.867s][debug][gc,age       ] GC(332) Desired survivor size 15368192 bytes, new threshold 6 (max threshold 6)
[125.867s][info ][gc,heap      ] GC(332) ParNew: 241129K->831K(270336K)
[125.867s][info ][gc,heap      ] GC(332) CMS: 413042K->413082K(600768K)
[125.867s][info ][gc,metaspace ] GC(332) Metaspace: 64138K->64138K(1107968K)
[125.867s][info ][gc           ] GC(332) Pause Young (Allocation Failure) 638M->404M(850M) 3.223ms
[125.867s][info ][gc,cpu       ] GC(332) User=0.01s Sys=0.00s Real=0.00s
[125.867s][info ][safepoint    ] Leaving safepoint region
[125.867s][info ][safepoint    ] Total time for which application threads were stopped: 0.0033927 seconds, Stopping threads took: 0.0000193 seconds
[126.867s][info ][safepoint    ] Application time: 1.0001473 seconds
[126.867s][info ][safepoint    ] Entering safepoint region: Cleanup
[126.868s][info ][safepoint    ] Leaving safepoint region
[126.868s][info ][safepoint    ] Total time for which application threads were stopped: 0.0001429 seconds, Stopping threads took: 0.0000448 seconds
[127.103s][info ][safepoint    ] Application time: 0.2349595 seconds
[127.103s][info ][safepoint    ] Entering safepoint region: GenCollectForAllocation
[127.103s][info ][gc,start     ] GC(333) Pause Young (Allocation Failure)
[127.103s][info ][gc,task      ] GC(333) Using 4 workers of 4 for evacuation
[127.106s][debug][gc,ref       ] GC(333) Skipped phase1 of Reference Processing due to unavailable references
[127.106s][debug][gc,ref       ] GC(333) Skipped phase3 of Reference Processing due to unavailable references
[127.106s][debug][gc,ref       ] GC(333) Skipped phase4 of Reference Processing due to unavailable references
[127.106s][debug][gc,age       ] GC(333) Desired survivor size 15368192 bytes, new threshold 6 (max threshold 6)
[127.106s][info ][gc,heap      ] GC(333) ParNew: 241151K->620K(270336K)
[127.106s][info ][gc,heap      ] GC(333) CMS: 413082K->413342K(600768K)
[127.106s][info ][gc,metaspace ] GC(333) Metaspace: 64140K->64140K(1107968K)
[127.106s][info ][gc           ] GC(333) Pause Young (Allocation Failure) 638M->404M(850M) 3.541ms
[127.106s][info ][gc,cpu       ] GC(333) User=0.01s Sys=0.00s Real=0.00s
[127.106s][info ][safepoint    ] Leaving safepoint region
[127.106s][info ][safepoint    ] Total time for which application threads were stopped: 0.0037066 seconds, Stopping threads took: 0.0000185 seconds
[128.106s][info ][safepoint    ] Application time: 1.0001355 seconds
[128.107s][info ][safepoint    ] Entering safepoint region: Cleanup
[128.107s][info ][safepoint    ] Leaving safepoint region
[128.107s][info ][safepoint    ] Total time for which application threads were stopped: 0.0001354 seconds, Stopping threads took: 0.0000438 seconds
[128.298s][info ][safepoint    ] Application time: 0.1913299 seconds
[128.298s][info ][safepoint    ] Entering safepoint region: GenCollectForAllocation
[128.298s][info ][gc,start     ] GC(334) Pause Young (Allocation Failure)
[128.298s][info ][gc,task      ] GC(334) Using 4 workers of 4 for evacuation
[128.301s][debug][gc,ref       ] GC(334) Skipped phase1 of Reference Processing due to unavailable references
[128.301s][debug][gc,ref       ] GC(334) Skipped phase2 of Reference Processing due to unavailable references
[128.301s][debug][gc,ref       ] GC(334) Skipped phase3 of Reference Processing due to unavailable references
[128.301s][debug][gc,age       ] GC(334) Desired survivor size 15368192 bytes, new threshold 6 (max threshold 6)
[128.301s][info ][gc,heap      ] GC(334) ParNew: 240940K->740K(270336K)
[128.301s][info ][gc,heap      ] GC(334) CMS: 413342K->413389K(600768K)
[128.301s][info ][gc,metaspace ] GC(334) Metaspace: 64146K->64146K(1107968K)
[128.301s][info ][gc           ] GC(334) Pause Young (Allocation Failure) 638M->404M(850M) 3.165ms
[128.301s][info ][gc,cpu       ] GC(334) User=0.01s Sys=0.00s Real=0.00s
[128.301s][info ][safepoint    ] Leaving safepoint region
[128.301s][info ][safepoint    ] Total time for which application threads were stopped: 0.0034494 seconds, Stopping threads took: 0.0000458 seconds
[129.302s][info ][safepoint    ] Application time: 1.0000984 seconds
[129.303s][info ][safepoint    ] Entering safepoint region: Cleanup
[129.303s][info ][safepoint    ] Leaving safepoint region
[129.303s][info ][safepoint    ] Total time for which application threads were stopped: 0.0013352 seconds, Stopping threads took: 0.0012436 seconds
[129.499s][info ][safepoint    ] Application time: 0.1955885 seconds
[129.499s][info ][safepoint    ] Entering safepoint region: GenCollectForAllocation
[129.499s][info ][gc,start     ] GC(335) Pause Young (Allocation Failure)
[129.499s][info ][gc,task      ] GC(335) Using 4 workers of 4 for evacuation
[129.502s][debug][gc,ref       ] GC(335) Skipped phase1 of Reference Processing due to unavailable references
[129.502s][debug][gc,ref       ] GC(335) Skipped phase2 of Reference Processing due to unavailable references
[129.502s][debug][gc,ref       ] GC(335) Skipped phase3 of Reference Processing due to unavailable references
[129.502s][debug][gc,ref       ] GC(335) Skipped phase4 of Reference Processing due to unavailable references
[129.502s][debug][gc,age       ] GC(335) Desired survivor size 15368192 bytes, new threshold 6 (max threshold 6)
[129.502s][info ][gc,heap      ] GC(335) ParNew: 241060K->839K(270336K)
[129.502s][info ][gc,heap      ] GC(335) CMS: 413389K->413448K(600768K)
[129.502s][info ][gc,metaspace ] GC(335) Metaspace: 64147K->64147K(1107968K)
[129.502s][info ][gc           ] GC(335) Pause Young (Allocation Failure) 639M->404M(850M) 3.278ms
[129.502s][info ][gc,cpu       ] GC(335) User=0.02s Sys=0.00s Real=0.00s
[129.502s][info ][safepoint    ] Leaving safepoint region
[129.502s][info ][safepoint    ] Total time for which application threads were stopped: 0.0034721 seconds, Stopping threads took: 0.0000537 seconds
[130.502s][info ][safepoint    ] Application time: 1.0001442 seconds
[130.502s][info ][safepoint    ] Entering safepoint region: Cleanup
[130.502s][info ][safepoint    ] Leaving safepoint region
[130.502s][info ][safepoint    ] Total time for which application threads were stopped: 0.0001260 seconds, Stopping threads took: 0.0000409 seconds
[130.680s][info ][safepoint    ] Application time: 0.1778912 seconds
[130.680s][info ][safepoint    ] Entering safepoint region: GenCollectForAllocation
[130.680s][info ][gc,start     ] GC(336) Pause Young (Allocation Failure)
[130.680s][info ][gc,task      ] GC(336) Using 4 workers of 4 for evacuation
[130.684s][debug][gc,ref       ] GC(336) Skipped phase1 of Reference Processing due to unavailable references
[130.684s][debug][gc,ref       ] GC(336) Skipped phase2 of Reference Processing due to unavailable references
[130.684s][debug][gc,ref       ] GC(336) Skipped phase3 of Reference Processing due to unavailable references
[130.684s][debug][gc,ref       ] GC(336) Skipped phase4 of Reference Processing due to unavailable references
[130.684s][debug][gc,age       ] GC(336) Desired survivor size 15368192 bytes, new threshold 6 (max threshold 6)
[130.684s][info ][gc,heap      ] GC(336) ParNew: 241159K->785K(270336K)
[130.684s][info ][gc,heap      ] GC(336) CMS: 413448K->413473K(600768K)
[130.684s][info ][gc,metaspace ] GC(336) Metaspace: 64159K->64159K(1107968K)
[130.684s][info ][gc           ] GC(336) Pause Young (Allocation Failure) 639M->404M(850M) 3.668ms
[130.684s][info ][gc,cpu       ] GC(336) User=0.02s Sys=0.00s Real=0.00s
[130.684s][info ][safepoint    ] Leaving safepoint region
[130.684s][info ][safepoint    ] Total time for which application threads were stopped: 0.0038475 seconds, Stopping threads took: 0.0000218 seconds
[131.684s][info ][safepoint    ] Application time: 1.0001047 seconds
[131.684s][info ][safepoint    ] Entering safepoint region: Cleanup
[131.684s][info ][safepoint    ] Leaving safepoint region
[131.684s][info ][safepoint    ] Total time for which application threads were stopped: 0.0001044 seconds, Stopping threads took: 0.0000209 seconds
[131.915s][info ][safepoint    ] Application time: 0.2302781 seconds
[131.915s][info ][safepoint    ] Entering safepoint region: GenCollectForAllocation
[131.915s][info ][gc,start     ] GC(337) Pause Young (Allocation Failure)
[131.915s][info ][gc,task      ] GC(337) Using 4 workers of 4 for evacuation
[131.918s][debug][gc,ref       ] GC(337) Skipped phase1 of Reference Processing due to unavailable references
[131.918s][debug][gc,ref       ] GC(337) Skipped phase2 of Reference Processing due to unavailable references
[131.918s][debug][gc,ref       ] GC(337) Skipped phase3 of Reference Processing due to unavailable references
[131.918s][debug][gc,ref       ] GC(337) Skipped phase4 of Reference Processing due to unavailable references
[131.918s][debug][gc,age       ] GC(337) Desired survivor size 15368192 bytes, new threshold 6 (max threshold 6)
[131.918s][info ][gc,heap      ] GC(337) ParNew: 241105K->976K(270336K)
[131.918s][info ][gc,heap      ] GC(337) CMS: 413473K->413503K(600768K)
[131.918s][info ][gc,metaspace ] GC(337) Metaspace: 64159K->64159K(1107968K)
[131.918s][info ][gc           ] GC(337) Pause Young (Allocation Failure) 639M->404M(850M) 3.307ms
[131.918s][info ][gc,cpu       ] GC(337) User=0.01s Sys=0.00s Real=0.01s
[131.918s][info ][safepoint    ] Leaving safepoint region
[131.918s][info ][safepoint    ] Total time for which application threads were stopped: 0.0034869 seconds, Stopping threads took: 0.0000191 seconds
[132.918s][info ][safepoint    ] Application time: 1.0001356 seconds
[132.918s][info ][safepoint    ] Entering safepoint region: Cleanup
[132.919s][info ][safepoint    ] Leaving safepoint region
[132.919s][info ][safepoint    ] Total time for which application threads were stopped: 0.0001520 seconds, Stopping threads took: 0.0000445 seconds
[133.156s][info ][safepoint    ] Application time: 0.2374846 seconds
[133.156s][info ][safepoint    ] Entering safepoint region: GenCollectForAllocation
[133.156s][info ][gc,start     ] GC(338) Pause Young (Allocation Failure)
[133.156s][info ][gc,task      ] GC(338) Using 4 workers of 4 for evacuation
[133.159s][debug][gc,ref       ] GC(338) Skipped phase1 of Reference Processing due to unavailable references
[133.159s][debug][gc,ref       ] GC(338) Skipped phase2 of Reference Processing due to unavailable references
[133.159s][debug][gc,ref       ] GC(338) Skipped phase3 of Reference Processing due to unavailable references
[133.159s][debug][gc,ref       ] GC(338) Skipped phase4 of Reference Processing due to unavailable references
[133.159s][debug][gc,age       ] GC(338) Desired survivor size 15368192 bytes, new threshold 6 (max threshold 6)
[133.159s][info ][gc,heap      ] GC(338) ParNew: 241296K->1116K(270336K)
[133.159s][info ][gc,heap      ] GC(338) CMS: 413503K->413510K(600768K)
[133.159s][info ][gc,metaspace ] GC(338) Metaspace: 64160K->64160K(1107968K)
[133.159s][info ][gc           ] GC(338) Pause Young (Allocation Failure) 639M->404M(850M) 3.294ms
[133.160s][info ][gc,cpu       ] GC(338) User=0.02s Sys=0.01s Real=0.00s
[133.160s][info ][safepoint    ] Leaving safepoint region
[133.160s][info ][safepoint    ] Total time for which application threads were stopped: 0.0034643 seconds, Stopping threads took: 0.0000181 seconds
[134.160s][info ][safepoint    ] Application time: 1.0001356 seconds
[134.160s][info ][safepoint    ] Entering safepoint region: Cleanup
[134.160s][info ][safepoint    ] Leaving safepoint region
[134.160s][info ][safepoint    ] Total time for which application threads were stopped: 0.0001306 seconds, Stopping threads took: 0.0000456 seconds
[134.381s][info ][safepoint    ] Application time: 0.2211379 seconds
[134.381s][info ][safepoint    ] Entering safepoint region: GenCollectForAllocation
[134.381s][info ][gc,start     ] GC(339) Pause Young (Allocation Failure)
[134.381s][info ][gc,task      ] GC(339) Using 4 workers of 4 for evacuation
[134.384s][debug][gc,ref       ] GC(339) Skipped phase1 of Reference Processing due to unavailable references
[134.384s][debug][gc,ref       ] GC(339) Skipped phase2 of Reference Processing due to unavailable references
[134.384s][debug][gc,ref       ] GC(339) Skipped phase3 of Reference Processing due to unavailable references
[134.384s][debug][gc,ref       ] GC(339) Skipped phase4 of Reference Processing due to unavailable references
[134.384s][debug][gc,age       ] GC(339) Desired survivor size 15368192 bytes, new threshold 6 (max threshold 6)
[134.384s][info ][gc,heap      ] GC(339) ParNew: 241436K->1259K(270336K)
[134.384s][info ][gc,heap      ] GC(339) CMS: 413510K->413541K(600768K)
[134.384s][info ][gc,metaspace ] GC(339) Metaspace: 64160K->64160K(1107968K)
[134.384s][info ][gc           ] GC(339) Pause Young (Allocation Failure) 639M->405M(850M) 3.291ms
[134.384s][info ][gc,cpu       ] GC(339) User=0.01s Sys=0.00s Real=0.00s
[134.384s][info ][safepoint    ] Leaving safepoint region
[134.384s][info ][safepoint    ] Total time for which application threads were stopped: 0.0034537 seconds, Stopping threads took: 0.0000189 seconds
[135.385s][info ][safepoint    ] Application time: 1.0000973 seconds
[135.385s][info ][safepoint    ] Entering safepoint region: Cleanup
[135.385s][info ][safepoint    ] Leaving safepoint region
[135.385s][info ][safepoint    ] Total time for which application threads were stopped: 0.0000946 seconds, Stopping threads took: 0.0000166 seconds
[135.627s][info ][safepoint    ] Application time: 0.2424872 seconds
[135.627s][info ][safepoint    ] Entering safepoint region: GenCollectForAllocation
[135.627s][info ][gc,start     ] GC(340) Pause Young (Allocation Failure)
[135.627s][info ][gc,task      ] GC(340) Using 4 workers of 4 for evacuation
[135.630s][debug][gc,ref       ] GC(340) Skipped phase1 of Reference Processing due to unavailable references
[135.630s][debug][gc,ref       ] GC(340) Skipped phase2 of Reference Processing due to unavailable references
[135.630s][debug][gc,ref       ] GC(340) Skipped phase3 of Reference Processing due to unavailable references
[135.630s][debug][gc,ref       ] GC(340) Skipped phase4 of Reference Processing due to unavailable references
[135.631s][debug][gc,age       ] GC(340) Desired survivor size 15368192 bytes, new threshold 6 (max threshold 6)
[135.631s][info ][gc,heap      ] GC(340) ParNew: 241579K->1063K(270336K)
[135.631s][info ][gc,heap      ] GC(340) CMS: 413541K->413552K(600768K)
[135.631s][info ][gc,metaspace ] GC(340) Metaspace: 64160K->64160K(1107968K)
[135.631s][info ][gc           ] GC(340) Pause Young (Allocation Failure) 639M->404M(850M) 3.342ms
[135.631s][info ][gc,cpu       ] GC(340) User=0.01s Sys=0.00s Real=0.01s
[135.631s][info ][safepoint    ] Leaving safepoint region
[135.631s][info ][safepoint    ] Total time for which application threads were stopped: 0.0035425 seconds, Stopping threads took: 0.0000179 seconds
[136.631s][info ][safepoint    ] Application time: 1.0000958 seconds
[136.631s][info ][safepoint    ] Entering safepoint region: Cleanup
[136.631s][info ][safepoint    ] Leaving safepoint region
[136.631s][info ][safepoint    ] Total time for which application threads were stopped: 0.0002211 seconds, Stopping threads took: 0.0000945 seconds
[136.866s][info ][safepoint    ] Application time: 0.2353107 seconds
[136.867s][info ][safepoint    ] Entering safepoint region: GenCollectForAllocation
[136.867s][info ][gc,start     ] GC(341) Pause Young (Allocation Failure)
[136.867s][info ][gc,task      ] GC(341) Using 4 workers of 4 for evacuation
[136.870s][debug][gc,ref       ] GC(341) Skipped phase1 of Reference Processing due to unavailable references
[136.870s][debug][gc,ref       ] GC(341) Skipped phase2 of Reference Processing due to unavailable references
[136.870s][debug][gc,ref       ] GC(341) Skipped phase3 of Reference Processing due to unavailable references
[136.870s][debug][gc,ref       ] GC(341) Skipped phase4 of Reference Processing due to unavailable references
[136.870s][debug][gc,age       ] GC(341) Desired survivor size 15368192 bytes, new threshold 6 (max threshold 6)
[136.870s][info ][gc,heap      ] GC(341) ParNew: 241383K->992K(270336K)
[136.870s][info ][gc,heap      ] GC(341) CMS: 413552K->413625K(600768K)
[136.870s][info ][gc,metaspace ] GC(341) Metaspace: 64162K->64162K(1107968K)
[136.870s][info ][gc           ] GC(341) Pause Young (Allocation Failure) 639M->404M(850M) 3.547ms
[136.870s][info ][gc,cpu       ] GC(341) User=0.02s Sys=0.00s Real=0.01s
[136.870s][info ][safepoint    ] Leaving safepoint region
[136.870s][info ][safepoint    ] Total time for which application threads were stopped: 0.0037225 seconds, Stopping threads took: 0.0000176 seconds
[137.870s][info ][safepoint    ] Application time: 1.0001398 seconds
[137.870s][info ][safepoint    ] Entering safepoint region: Cleanup
[137.871s][info ][safepoint    ] Leaving safepoint region
[137.871s][info ][safepoint    ] Total time for which application threads were stopped: 0.0001317 seconds, Stopping threads took: 0.0000442 seconds
[138.112s][info ][safepoint    ] Application time: 0.2410366 seconds
[138.112s][info ][safepoint    ] Entering safepoint region: GenCollectForAllocation
[138.112s][info ][gc,start     ] GC(342) Pause Young (Allocation Failure)
[138.112s][info ][gc,task      ] GC(342) Using 4 workers of 4 for evacuation
[138.114s][debug][gc,ref       ] GC(342) Skipped phase1 of Reference Processing due to unavailable references
[138.114s][debug][gc,ref       ] GC(342) Skipped phase2 of Reference Processing due to unavailable references
[138.114s][debug][gc,ref       ] GC(342) Skipped phase3 of Reference Processing due to unavailable references
[138.114s][debug][gc,ref       ] GC(342) Skipped phase4 of Reference Processing due to unavailable references
[138.115s][debug][gc,age       ] GC(342) Desired survivor size 15368192 bytes, new threshold 6 (max threshold 6)
[138.115s][info ][gc,heap      ] GC(342) ParNew: 241312K->1006K(270336K)
[138.115s][info ][gc,heap      ] GC(342) CMS: 413625K->413911K(600768K)
[138.115s][info ][gc,metaspace ] GC(342) Metaspace: 64162K->64162K(1107968K)
[138.115s][info ][gc           ] GC(342) Pause Young (Allocation Failure) 639M->405M(850M) 2.892ms
[138.115s][info ][gc,cpu       ] GC(342) User=0.01s Sys=0.00s Real=0.00s
[138.115s][info ][safepoint    ] Leaving safepoint region
[138.115s][info ][safepoint    ] Total time for which application threads were stopped: 0.0030674 seconds, Stopping threads took: 0.0000200 seconds
[139.115s][info ][safepoint    ] Application time: 1.0001292 seconds
[139.115s][info ][safepoint    ] Entering safepoint region: Cleanup
[139.115s][info ][safepoint    ] Leaving safepoint region
[139.115s][info ][safepoint    ] Total time for which application threads were stopped: 0.0001203 seconds, Stopping threads took: 0.0000418 seconds
[139.357s][info ][safepoint    ] Application time: 0.2418256 seconds
[139.357s][info ][safepoint    ] Entering safepoint region: GenCollectForAllocation
[139.357s][info ][gc,start     ] GC(343) Pause Young (Allocation Failure)
[139.357s][info ][gc,task      ] GC(343) Using 4 workers of 4 for evacuation
[139.360s][debug][gc,ref       ] GC(343) Skipped phase1 of Reference Processing due to unavailable references
[139.360s][debug][gc,ref       ] GC(343) Skipped phase2 of Reference Processing due to unavailable references
[139.360s][debug][gc,ref       ] GC(343) Skipped phase3 of Reference Processing due to unavailable references
[139.360s][debug][gc,ref       ] GC(343) Skipped phase4 of Reference Processing due to unavailable references
[139.360s][debug][gc,age       ] GC(343) Desired survivor size 15368192 bytes, new threshold 6 (max threshold 6)
[139.360s][info ][gc,heap      ] GC(343) ParNew: 241326K->656K(270336K)
[139.360s][info ][gc,heap      ] GC(343) CMS: 413911K->413951K(600768K)
[139.360s][info ][gc,metaspace ] GC(343) Metaspace: 64162K->64162K(1107968K)
[139.360s][info ][gc           ] GC(343) Pause Young (Allocation Failure) 639M->404M(850M) 3.040ms
[139.360s][info ][gc,cpu       ] GC(343) User=0.01s Sys=0.00s Real=0.00s
[139.360s][info ][safepoint    ] Leaving safepoint region
[139.360s][info ][safepoint    ] Total time for which application threads were stopped: 0.0032115 seconds, Stopping threads took: 0.0000181 seconds
[140.360s][info ][safepoint    ] Application time: 1.0000952 seconds
[140.360s][info ][safepoint    ] Entering safepoint region: Cleanup
[140.360s][info ][safepoint    ] Leaving safepoint region
[140.360s][info ][safepoint    ] Total time for which application threads were stopped: 0.0001346 seconds, Stopping threads took: 0.0000467 seconds
[140.599s][info ][safepoint    ] Application time: 0.2390240 seconds
[140.599s][info ][safepoint    ] Entering safepoint region: GenCollectForAllocation
[140.600s][info ][gc,start     ] GC(344) Pause Young (Allocation Failure)
[140.600s][info ][gc,task      ] GC(344) Using 4 workers of 4 for evacuation
[140.602s][debug][gc,ref       ] GC(344) Skipped phase1 of Reference Processing due to unavailable references
[140.602s][debug][gc,ref       ] GC(344) Skipped phase2 of Reference Processing due to unavailable references
[140.602s][debug][gc,ref       ] GC(344) Skipped phase3 of Reference Processing due to unavailable references
[140.602s][debug][gc,ref       ] GC(344) Skipped phase4 of Reference Processing due to unavailable references
[140.602s][debug][gc,age       ] GC(344) Desired survivor size 15368192 bytes, new threshold 6 (max threshold 6)
[140.602s][info ][gc,heap      ] GC(344) ParNew: 240976K->706K(270336K)
[140.602s][info ][gc,heap      ] GC(344) CMS: 413951K->413964K(600768K)
[140.602s][info ][gc,metaspace ] GC(344) Metaspace: 64162K->64162K(1107968K)
[140.602s][info ][gc           ] GC(344) Pause Young (Allocation Failure) 639M->404M(850M) 2.950ms
[140.602s][info ][gc,cpu       ] GC(344) User=0.01s Sys=0.00s Real=0.00s
[140.603s][info ][safepoint    ] Leaving safepoint region
[140.603s][info ][safepoint    ] Total time for which application threads were stopped: 0.0031645 seconds, Stopping threads took: 0.0000564 seconds
[141.430s][info ][safepoint    ] Application time: 0.8270514 seconds
[141.430s][info ][safepoint    ] Entering safepoint region: RevokeBias
[141.430s][info ][safepoint    ] Leaving safepoint region
[141.430s][info ][safepoint    ] Total time for which application threads were stopped: 0.0001337 seconds, Stopping threads took: 0.0000367 seconds
[141.832s][info ][safepoint    ] Application time: 0.4026779 seconds
[141.832s][info ][safepoint    ] Entering safepoint region: GenCollectForAllocation
[141.833s][info ][gc,start     ] GC(345) Pause Young (Allocation Failure)
[141.833s][info ][gc,task      ] GC(345) Using 4 workers of 4 for evacuation
[141.836s][debug][gc,ref       ] GC(345) Skipped phase1 of Reference Processing due to unavailable references
[141.836s][debug][gc,ref       ] GC(345) Skipped phase3 of Reference Processing due to unavailable references
[141.836s][debug][gc,ref       ] GC(345) Skipped phase4 of Reference Processing due to unavailable references
[141.837s][debug][gc,age       ] GC(345) Desired survivor size 15368192 bytes, new threshold 6 (max threshold 6)
[141.837s][info ][gc,heap      ] GC(345) ParNew: 241026K->635K(270336K)
[141.837s][info ][gc,heap      ] GC(345) CMS: 413964K->414108K(600768K)
[141.837s][info ][gc,metaspace ] GC(345) Metaspace: 64166K->64166K(1107968K)
[141.837s][info ][gc           ] GC(345) Pause Young (Allocation Failure) 639M->405M(850M) 4.017ms
[141.837s][info ][gc,cpu       ] GC(345) User=0.01s Sys=0.00s Real=0.01s
[141.837s][info ][safepoint    ] Leaving safepoint region
[141.837s][info ][safepoint    ] Total time for which application threads were stopped: 0.0041729 seconds, Stopping threads took: 0.0000169 seconds
[142.567s][info ][safepoint    ] Application time: 0.7306939 seconds
[142.567s][info ][safepoint    ] Entering safepoint region: RevokeBias
[142.568s][info ][safepoint    ] Leaving safepoint region
[142.568s][info ][safepoint    ] Total time for which application threads were stopped: 0.0001428 seconds, Stopping threads took: 0.0000471 seconds
[143.071s][info ][safepoint    ] Application time: 0.5039435 seconds
[143.072s][info ][safepoint    ] Entering safepoint region: GenCollectForAllocation
[143.072s][info ][gc,start     ] GC(346) Pause Young (Allocation Failure)
[143.072s][info ][gc,task      ] GC(346) Using 4 workers of 4 for evacuation
[143.075s][debug][gc,ref       ] GC(346) Skipped phase1 of Reference Processing due to unavailable references
[143.075s][debug][gc,ref       ] GC(346) Skipped phase3 of Reference Processing due to unavailable references
[143.075s][debug][gc,ref       ] GC(346) Skipped phase4 of Reference Processing due to unavailable references
[143.075s][debug][gc,age       ] GC(346) Desired survivor size 15368192 bytes, new threshold 6 (max threshold 6)
[143.075s][info ][gc,heap      ] GC(346) ParNew: 240955K->669K(270336K)
[143.075s][info ][gc,heap      ] GC(346) CMS: 414108K->414141K(600768K)
[143.075s][info ][gc,metaspace ] GC(346) Metaspace: 64166K->64166K(1107968K)
[143.075s][info ][gc           ] GC(346) Pause Young (Allocation Failure) 639M->405M(850M) 3.702ms
[143.075s][info ][gc,cpu       ] GC(346) User=0.01s Sys=0.00s Real=0.00s
[143.075s][info ][safepoint    ] Leaving safepoint region
[143.075s][info ][safepoint    ] Total time for which application threads were stopped: 0.0038827 seconds, Stopping threads took: 0.0000193 seconds
[144.076s][info ][safepoint    ] Application time: 1.0001083 seconds
[144.076s][info ][safepoint    ] Entering safepoint region: Cleanup
[144.076s][info ][safepoint    ] Leaving safepoint region
[144.076s][info ][safepoint    ] Total time for which application threads were stopped: 0.0001566 seconds, Stopping threads took: 0.0000474 seconds
[144.316s][info ][safepoint    ] Application time: 0.2399136 seconds
[144.316s][info ][safepoint    ] Entering safepoint region: GenCollectForAllocation
[144.316s][info ][gc,start     ] GC(347) Pause Young (Allocation Failure)
[144.316s][info ][gc,task      ] GC(347) Using 4 workers of 4 for evacuation
[144.318s][debug][gc,ref       ] GC(347) Skipped phase1 of Reference Processing due to unavailable references
[144.318s][debug][gc,ref       ] GC(347) Skipped phase3 of Reference Processing due to unavailable references
[144.318s][debug][gc,ref       ] GC(347) Skipped phase4 of Reference Processing due to unavailable references
[144.319s][debug][gc,age       ] GC(347) Desired survivor size 15368192 bytes, new threshold 6 (max threshold 6)
[144.319s][info ][gc,heap      ] GC(347) ParNew: 240989K->641K(270336K)
[144.319s][info ][gc,heap      ] GC(347) CMS: 414141K->414214K(600768K)
[144.319s][info ][gc,metaspace ] GC(347) Metaspace: 64170K->64170K(1107968K)
[144.319s][info ][gc           ] GC(347) Pause Young (Allocation Failure) 639M->405M(850M) 2.793ms
[144.319s][info ][gc,cpu       ] GC(347) User=0.01s Sys=0.00s Real=0.00s
[144.319s][info ][safepoint    ] Leaving safepoint region
[144.319s][info ][safepoint    ] Total time for which application threads were stopped: 0.0029971 seconds, Stopping threads took: 0.0000380 seconds
[145.319s][info ][safepoint    ] Application time: 1.0001051 seconds
[145.319s][info ][safepoint    ] Entering safepoint region: Cleanup
[145.319s][info ][safepoint    ] Leaving safepoint region
[145.319s][info ][safepoint    ] Total time for which application threads were stopped: 0.0001245 seconds, Stopping threads took: 0.0000451 seconds
[145.557s][info ][safepoint    ] Application time: 0.2382085 seconds
[145.557s][info ][safepoint    ] Entering safepoint region: GenCollectForAllocation
[145.557s][info ][gc,start     ] GC(348) Pause Young (Allocation Failure)
[145.557s][info ][gc,task      ] GC(348) Using 4 workers of 4 for evacuation
[145.560s][debug][gc,ref       ] GC(348) Skipped phase1 of Reference Processing due to unavailable references
[145.560s][debug][gc,ref       ] GC(348) Skipped phase3 of Reference Processing due to unavailable references
[145.560s][debug][gc,ref       ] GC(348) Skipped phase4 of Reference Processing due to unavailable references
[145.560s][debug][gc,age       ] GC(348) Desired survivor size 15368192 bytes, new threshold 6 (max threshold 6)
[145.560s][info ][gc,heap      ] GC(348) ParNew: 240961K->619K(270336K)
[145.560s][info ][gc,heap      ] GC(348) CMS: 414214K->414263K(600768K)
[145.560s][info ][gc,metaspace ] GC(348) Metaspace: 64176K->64176K(1107968K)
[145.560s][info ][gc           ] GC(348) Pause Young (Allocation Failure) 639M->405M(850M) 3.012ms
[145.560s][info ][gc,cpu       ] GC(348) User=0.01s Sys=0.00s Real=0.00s
[145.560s][info ][safepoint    ] Leaving safepoint region
[145.560s][info ][safepoint    ] Total time for which application threads were stopped: 0.0031665 seconds, Stopping threads took: 0.0000169 seconds
[146.560s][info ][safepoint    ] Application time: 1.0000929 seconds
[146.561s][info ][safepoint    ] Entering safepoint region: Cleanup
[146.561s][info ][safepoint    ] Leaving safepoint region
[146.561s][info ][safepoint    ] Total time for which application threads were stopped: 0.0001203 seconds, Stopping threads took: 0.0000432 seconds
[146.801s][info ][safepoint    ] Application time: 0.2403137 seconds
[146.801s][info ][safepoint    ] Entering safepoint region: GenCollectForAllocation
[146.801s][info ][gc,start     ] GC(349) Pause Young (Allocation Failure)
[146.801s][info ][gc,task      ] GC(349) Using 4 workers of 4 for evacuation
[146.804s][debug][gc,ref       ] GC(349) Skipped phase1 of Reference Processing due to unavailable references
[146.804s][debug][gc,ref       ] GC(349) Skipped phase3 of Reference Processing due to unavailable references
[146.804s][debug][gc,ref       ] GC(349) Skipped phase4 of Reference Processing due to unavailable references
[146.804s][debug][gc,age       ] GC(349) Desired survivor size 15368192 bytes, new threshold 6 (max threshold 6)
[146.804s][info ][gc,heap      ] GC(349) ParNew: 240939K->627K(270336K)
[146.804s][info ][gc,heap      ] GC(349) CMS: 414263K->414280K(600768K)
[146.804s][info ][gc,metaspace ] GC(349) Metaspace: 64176K->64176K(1107968K)
[146.804s][info ][gc           ] GC(349) Pause Young (Allocation Failure) 639M->405M(850M) 2.978ms
[146.804s][info ][gc,cpu       ] GC(349) User=0.01s Sys=0.00s Real=0.00s
[146.804s][info ][safepoint    ] Leaving safepoint region
[146.804s][info ][safepoint    ] Total time for which application threads were stopped: 0.0031453 seconds, Stopping threads took: 0.0000190 seconds
[147.804s][info ][safepoint    ] Application time: 1.0000958 seconds
[147.804s][info ][safepoint    ] Entering safepoint region: Cleanup
[147.804s][info ][safepoint    ] Leaving safepoint region
[147.804s][info ][safepoint    ] Total time for which application threads were stopped: 0.0001243 seconds, Stopping threads took: 0.0000490 seconds
[148.019s][info ][safepoint    ] Application time: 0.2149296 seconds
[148.019s][info ][safepoint    ] Entering safepoint region: GenCollectForAllocation
[148.019s][info ][gc,start     ] GC(350) Pause Young (Allocation Failure)
[148.019s][info ][gc,task      ] GC(350) Using 4 workers of 4 for evacuation
[148.022s][debug][gc,ref       ] GC(350) Skipped phase1 of Reference Processing due to unavailable references
[148.022s][debug][gc,ref       ] GC(350) Skipped phase3 of Reference Processing due to unavailable references
[148.022s][debug][gc,ref       ] GC(350) Skipped phase4 of Reference Processing due to unavailable references
[148.022s][debug][gc,age       ] GC(350) Desired survivor size 15368192 bytes, new threshold 6 (max threshold 6)
[148.022s][info ][gc,heap      ] GC(350) ParNew: 240947K->615K(270336K)
[148.022s][info ][gc,heap      ] GC(350) CMS: 414280K->414360K(600768K)
[148.022s][info ][gc,metaspace ] GC(350) Metaspace: 64177K->64177K(1107968K)
[148.022s][info ][gc           ] GC(350) Pause Young (Allocation Failure) 639M->405M(850M) 2.959ms
[148.022s][info ][gc,cpu       ] GC(350) User=0.01s Sys=0.00s Real=0.00s
[148.022s][info ][safepoint    ] Leaving safepoint region
[148.022s][info ][safepoint    ] Total time for which application threads were stopped: 0.0031120 seconds, Stopping threads took: 0.0000182 seconds
[149.023s][info ][safepoint    ] Application time: 1.0000952 seconds
[149.023s][info ][safepoint    ] Entering safepoint region: Cleanup
[149.023s][info ][safepoint    ] Leaving safepoint region
[149.023s][info ][safepoint    ] Total time for which application threads were stopped: 0.0001263 seconds, Stopping threads took: 0.0000458 seconds
[149.247s][info ][safepoint    ] Application time: 0.2243310 seconds
[149.247s][info ][safepoint    ] Entering safepoint region: GenCollectForAllocation
[149.247s][info ][gc,start     ] GC(351) Pause Young (Allocation Failure)
[149.247s][info ][gc,task      ] GC(351) Using 4 workers of 4 for evacuation
[149.250s][debug][gc,ref       ] GC(351) Skipped phase1 of Reference Processing due to unavailable references
[149.250s][debug][gc,ref       ] GC(351) Skipped phase2 of Reference Processing due to unavailable references
[149.250s][debug][gc,ref       ] GC(351) Skipped phase3 of Reference Processing due to unavailable references
[149.250s][debug][gc,ref       ] GC(351) Skipped phase4 of Reference Processing due to unavailable references
[149.250s][debug][gc,age       ] GC(351) Desired survivor size 15368192 bytes, new threshold 6 (max threshold 6)
[149.250s][info ][gc,heap      ] GC(351) ParNew: 240935K->596K(270336K)
[149.250s][info ][gc,heap      ] GC(351) CMS: 414360K->414403K(600768K)
[149.250s][info ][gc,metaspace ] GC(351) Metaspace: 64181K->64181K(1107968K)
[149.250s][info ][gc           ] GC(351) Pause Young (Allocation Failure) 639M->405M(850M) 3.178ms
[149.250s][info ][gc,cpu       ] GC(351) User=0.02s Sys=0.00s Real=0.01s
[149.250s][info ][safepoint    ] Leaving safepoint region
[149.250s][info ][safepoint    ] Total time for which application threads were stopped: 0.0033361 seconds, Stopping threads took: 0.0000174 seconds
[150.251s][info ][safepoint    ] Application time: 1.0000971 seconds
[150.251s][info ][safepoint    ] Entering safepoint region: Cleanup
[150.251s][info ][safepoint    ] Leaving safepoint region
[150.251s][info ][safepoint    ] Total time for which application threads were stopped: 0.0001486 seconds, Stopping threads took: 0.0000555 seconds
[150.464s][info ][safepoint    ] Application time: 0.2135381 seconds
[150.464s][info ][safepoint    ] Entering safepoint region: GenCollectForAllocation
[150.464s][info ][gc,start     ] GC(352) Pause Young (Allocation Failure)
[150.464s][info ][gc,task      ] GC(352) Using 4 workers of 4 for evacuation
[150.468s][debug][gc,ref       ] GC(352) Skipped phase1 of Reference Processing due to unavailable references
[150.468s][debug][gc,ref       ] GC(352) Skipped phase2 of Reference Processing due to unavailable references
[150.468s][debug][gc,ref       ] GC(352) Skipped phase3 of Reference Processing due to unavailable references
[150.468s][debug][gc,ref       ] GC(352) Skipped phase4 of Reference Processing due to unavailable references
[150.468s][debug][gc,age       ] GC(352) Desired survivor size 15368192 bytes, new threshold 6 (max threshold 6)
[150.468s][info ][gc,heap      ] GC(352) ParNew: 240916K->703K(270336K)
[150.468s][info ][gc,heap      ] GC(352) CMS: 414403K->414434K(600768K)
[150.468s][info ][gc,metaspace ] GC(352) Metaspace: 64182K->64182K(1107968K)
[150.468s][info ][gc           ] GC(352) Pause Young (Allocation Failure) 639M->405M(850M) 3.484ms
[150.468s][info ][gc,cpu       ] GC(352) User=0.01s Sys=0.00s Real=0.01s
[150.468s][info ][safepoint    ] Leaving safepoint region
[150.468s][info ][safepoint    ] Total time for which application threads were stopped: 0.0036461 seconds, Stopping threads took: 0.0000181 seconds
[151.468s][info ][safepoint    ] Application time: 1.0001506 seconds
[151.468s][info ][safepoint    ] Entering safepoint region: Cleanup
[151.468s][info ][safepoint    ] Leaving safepoint region
[151.468s][info ][safepoint    ] Total time for which application threads were stopped: 0.0001254 seconds, Stopping threads took: 0.0000450 seconds
[151.705s][info ][safepoint    ] Application time: 0.2366247 seconds
[151.705s][info ][safepoint    ] Entering safepoint region: GenCollectForAllocation
[151.705s][info ][gc,start     ] GC(353) Pause Young (Allocation Failure)
[151.705s][info ][gc,task      ] GC(353) Using 4 workers of 4 for evacuation
[151.708s][debug][gc,ref       ] GC(353) Skipped phase1 of Reference Processing due to unavailable references
[151.708s][debug][gc,ref       ] GC(353) Skipped phase2 of Reference Processing due to unavailable references
[151.708s][debug][gc,ref       ] GC(353) Skipped phase3 of Reference Processing due to unavailable references
[151.708s][debug][gc,ref       ] GC(353) Skipped phase4 of Reference Processing due to unavailable references
[151.708s][debug][gc,age       ] GC(353) Desired survivor size 15368192 bytes, new threshold 6 (max threshold 6)
[151.708s][info ][gc,heap      ] GC(353) ParNew: 241023K->735K(270336K)
[151.708s][info ][gc,heap      ] GC(353) CMS: 414434K->414487K(600768K)
[151.708s][info ][gc,metaspace ] GC(353) Metaspace: 64183K->64183K(1107968K)
[151.708s][info ][gc           ] GC(353) Pause Young (Allocation Failure) 640M->405M(850M) 2.882ms
[151.708s][info ][gc,cpu       ] GC(353) User=0.01s Sys=0.00s Real=0.01s
[151.708s][info ][safepoint    ] Leaving safepoint region
[151.708s][info ][safepoint    ] Total time for which application threads were stopped: 0.0030462 seconds, Stopping threads took: 0.0000170 seconds
[152.711s][info ][safepoint    ] Application time: 1.0030902 seconds
[152.711s][info ][safepoint    ] Entering safepoint region: Cleanup
[152.711s][info ][safepoint    ] Leaving safepoint region
[152.711s][info ][safepoint    ] Total time for which application threads were stopped: 0.0001345 seconds, Stopping threads took: 0.0000573 seconds
[152.923s][info ][safepoint    ] Application time: 0.2116797 seconds
[152.923s][info ][safepoint    ] Entering safepoint region: GenCollectForAllocation
[152.923s][info ][gc,start     ] GC(354) Pause Young (Allocation Failure)
[152.923s][info ][gc,task      ] GC(354) Using 4 workers of 4 for evacuation
[152.926s][debug][gc,ref       ] GC(354) Skipped phase1 of Reference Processing due to unavailable references
[152.926s][debug][gc,ref       ] GC(354) Skipped phase2 of Reference Processing due to unavailable references
[152.926s][debug][gc,ref       ] GC(354) Skipped phase3 of Reference Processing due to unavailable references
[152.926s][debug][gc,ref       ] GC(354) Skipped phase4 of Reference Processing due to unavailable references
[152.926s][debug][gc,age       ] GC(354) Desired survivor size 15368192 bytes, new threshold 6 (max threshold 6)
[152.926s][info ][gc,heap      ] GC(354) ParNew: 241055K->665K(270336K)
[152.926s][info ][gc,heap      ] GC(354) CMS: 414487K->414546K(600768K)
[152.926s][info ][gc,metaspace ] GC(354) Metaspace: 64187K->64187K(1107968K)
[152.926s][info ][gc           ] GC(354) Pause Young (Allocation Failure) 640M->405M(850M) 2.822ms
[152.926s][info ][gc,cpu       ] GC(354) User=0.01s Sys=0.00s Real=0.00s
[152.926s][info ][safepoint    ] Leaving safepoint region
[152.926s][info ][safepoint    ] Total time for which application threads were stopped: 0.0030493 seconds, Stopping threads took: 0.0000204 seconds
[154.158s][info ][safepoint    ] Application time: 1.2319114 seconds
[154.158s][info ][safepoint    ] Entering safepoint region: GenCollectForAllocation
[154.158s][info ][gc,start     ] GC(355) Pause Young (Allocation Failure)
[154.158s][info ][gc,task      ] GC(355) Using 4 workers of 4 for evacuation
[154.161s][debug][gc,ref       ] GC(355) Skipped phase1 of Reference Processing due to unavailable references
[154.161s][debug][gc,ref       ] GC(355) Skipped phase2 of Reference Processing due to unavailable references
[154.161s][debug][gc,ref       ] GC(355) Skipped phase3 of Reference Processing due to unavailable references
[154.161s][debug][gc,ref       ] GC(355) Skipped phase4 of Reference Processing due to unavailable references
[154.161s][debug][gc,age       ] GC(355) Desired survivor size 15368192 bytes, new threshold 6 (max threshold 6)
[154.161s][info ][gc,heap      ] GC(355) ParNew: 240985K->702K(270336K)
[154.161s][info ][gc,heap      ] GC(355) CMS: 414546K->414552K(600768K)
[154.161s][info ][gc,metaspace ] GC(355) Metaspace: 64187K->64187K(1107968K)
[154.161s][info ][gc           ] GC(355) Pause Young (Allocation Failure) 640M->405M(850M) 2.856ms
[154.161s][info ][gc,cpu       ] GC(355) User=0.01s Sys=0.00s Real=0.00s
[154.161s][info ][safepoint    ] Leaving safepoint region
[154.161s][info ][safepoint    ] Total time for which application threads were stopped: 0.0030243 seconds, Stopping threads took: 0.0000184 seconds
[155.161s][info ][safepoint    ] Application time: 1.0000991 seconds
[155.161s][info ][safepoint    ] Entering safepoint region: Cleanup
[155.162s][info ][safepoint    ] Leaving safepoint region
[155.162s][info ][safepoint    ] Total time for which application threads were stopped: 0.0001864 seconds, Stopping threads took: 0.0000978 seconds
[155.383s][info ][safepoint    ] Application time: 0.2215000 seconds
[155.383s][info ][safepoint    ] Entering safepoint region: GenCollectForAllocation
[155.383s][info ][gc,start     ] GC(356) Pause Young (Allocation Failure)
[155.383s][info ][gc,task      ] GC(356) Using 4 workers of 4 for evacuation
[155.386s][debug][gc,ref       ] GC(356) Skipped phase1 of Reference Processing due to unavailable references
[155.386s][debug][gc,ref       ] GC(356) Skipped phase2 of Reference Processing due to unavailable references
[155.386s][debug][gc,ref       ] GC(356) Skipped phase3 of Reference Processing due to unavailable references
[155.386s][debug][gc,ref       ] GC(356) Skipped phase4 of Reference Processing due to unavailable references
[155.386s][debug][gc,age       ] GC(356) Desired survivor size 15368192 bytes, new threshold 6 (max threshold 6)
[155.386s][info ][gc,heap      ] GC(356) ParNew: 241022K->834K(270336K)
[155.386s][info ][gc,heap      ] GC(356) CMS: 414552K->414607K(600768K)
[155.386s][info ][gc,metaspace ] GC(356) Metaspace: 64188K->64188K(1107968K)
[155.386s][info ][gc           ] GC(356) Pause Young (Allocation Failure) 640M->405M(850M) 3.304ms
[155.387s][info ][gc,cpu       ] GC(356) User=0.01s Sys=0.00s Real=0.00s
[155.387s][info ][safepoint    ] Leaving safepoint region
[155.387s][info ][safepoint    ] Total time for which application threads were stopped: 0.0034629 seconds, Stopping threads took: 0.0000190 seconds
[156.387s][info ][safepoint    ] Application time: 1.0000860 seconds
[156.387s][info ][safepoint    ] Entering safepoint region: Cleanup
[156.387s][info ][safepoint    ] Leaving safepoint region
[156.387s][info ][safepoint    ] Total time for which application threads were stopped: 0.0001233 seconds, Stopping threads took: 0.0000488 seconds
[156.621s][info ][safepoint    ] Application time: 0.2337961 seconds
[156.621s][info ][safepoint    ] Entering safepoint region: GenCollectForAllocation
[156.621s][info ][gc,start     ] GC(357) Pause Young (Allocation Failure)
[156.621s][info ][gc,task      ] GC(357) Using 4 workers of 4 for evacuation
[156.624s][debug][gc,ref       ] GC(357) Skipped phase1 of Reference Processing due to unavailable references
[156.624s][debug][gc,ref       ] GC(357) Skipped phase2 of Reference Processing due to unavailable references
[156.624s][debug][gc,ref       ] GC(357) Skipped phase3 of Reference Processing due to unavailable references
[156.624s][debug][gc,ref       ] GC(357) Skipped phase4 of Reference Processing due to unavailable references
[156.624s][debug][gc,age       ] GC(357) Desired survivor size 15368192 bytes, new threshold 6 (max threshold 6)
[156.624s][info ][gc,heap      ] GC(357) ParNew: 241154K->935K(270336K)
[156.624s][info ][gc,heap      ] GC(357) CMS: 414607K->414651K(600768K)
[156.624s][info ][gc,metaspace ] GC(357) Metaspace: 64189K->64189K(1107968K)
[156.624s][info ][gc           ] GC(357) Pause Young (Allocation Failure) 640M->405M(850M) 3.491ms
[156.624s][info ][gc,cpu       ] GC(357) User=0.01s Sys=0.00s Real=0.00s
[156.624s][info ][safepoint    ] Leaving safepoint region
[156.624s][info ][safepoint    ] Total time for which application threads were stopped: 0.0036663 seconds, Stopping threads took: 0.0000183 seconds
[157.624s][info ][safepoint    ] Application time: 1.0001463 seconds
[157.625s][info ][safepoint    ] Entering safepoint region: Cleanup
[157.625s][info ][safepoint    ] Leaving safepoint region
[157.625s][info ][safepoint    ] Total time for which application threads were stopped: 0.0001312 seconds, Stopping threads took: 0.0000473 seconds
[157.849s][info ][safepoint    ] Application time: 0.2244791 seconds
[157.849s][info ][safepoint    ] Entering safepoint region: GenCollectForAllocation
[157.849s][info ][gc,start     ] GC(358) Pause Young (Allocation Failure)
[157.849s][info ][gc,task      ] GC(358) Using 4 workers of 4 for evacuation
[157.852s][debug][gc,ref       ] GC(358) Skipped phase1 of Reference Processing due to unavailable references
[157.852s][debug][gc,ref       ] GC(358) Skipped phase2 of Reference Processing due to unavailable references
[157.852s][debug][gc,ref       ] GC(358) Skipped phase3 of Reference Processing due to unavailable references
[157.852s][debug][gc,ref       ] GC(358) Skipped phase4 of Reference Processing due to unavailable references
[157.853s][debug][gc,age       ] GC(358) Desired survivor size 15368192 bytes, new threshold 6 (max threshold 6)
[157.853s][info ][gc,heap      ] GC(358) ParNew: 241255K->817K(270336K)
[157.853s][info ][gc,heap      ] GC(358) CMS: 414651K->414731K(600768K)
[157.853s][info ][gc,metaspace ] GC(358) Metaspace: 64195K->64195K(1107968K)
[157.853s][info ][gc           ] GC(358) Pause Young (Allocation Failure) 640M->405M(850M) 3.340ms
[157.853s][info ][gc,cpu       ] GC(358) User=0.01s Sys=0.00s Real=0.00s
[157.853s][info ][safepoint    ] Leaving safepoint region
[157.853s][info ][safepoint    ] Total time for which application threads were stopped: 0.0035236 seconds, Stopping threads took: 0.0000426 seconds
[158.853s][info ][safepoint    ] Application time: 1.0001047 seconds
[158.853s][info ][safepoint    ] Entering safepoint region: Cleanup
[158.853s][info ][safepoint    ] Leaving safepoint region
[158.853s][info ][safepoint    ] Total time for which application threads were stopped: 0.0001924 seconds, Stopping threads took: 0.0001205 seconds
[159.048s][info ][safepoint    ] Application time: 0.1950010 seconds
[159.048s][info ][safepoint    ] Entering safepoint region: GenCollectForAllocation
[159.048s][info ][gc,start     ] GC(359) Pause Young (Allocation Failure)
[159.048s][info ][gc,task      ] GC(359) Using 4 workers of 4 for evacuation
[159.051s][debug][gc,ref       ] GC(359) Skipped phase1 of Reference Processing due to unavailable references
[159.051s][debug][gc,ref       ] GC(359) Skipped phase2 of Reference Processing due to unavailable references
[159.051s][debug][gc,ref       ] GC(359) Skipped phase3 of Reference Processing due to unavailable references
[159.051s][debug][gc,ref       ] GC(359) Skipped phase4 of Reference Processing due to unavailable references
[159.051s][debug][gc,age       ] GC(359) Desired survivor size 15368192 bytes, new threshold 6 (max threshold 6)
[159.051s][info ][gc,heap      ] GC(359) ParNew: 241137K->930K(270336K)
[159.051s][info ][gc,heap      ] GC(359) CMS: 414731K->414779K(600768K)
[159.051s][info ][gc,metaspace ] GC(359) Metaspace: 64195K->64195K(1107968K)
[159.051s][info ][gc           ] GC(359) Pause Young (Allocation Failure) 640M->405M(850M) 3.041ms
[159.051s][info ][gc,cpu       ] GC(359) User=0.01s Sys=0.00s Real=0.00s
[159.051s][info ][safepoint    ] Leaving safepoint region
[159.051s][info ][safepoint    ] Total time for which application threads were stopped: 0.0032327 seconds, Stopping threads took: 0.0000435 seconds
[160.051s][info ][safepoint    ] Application time: 1.0001514 seconds
[160.052s][info ][safepoint    ] Entering safepoint region: Cleanup
[160.052s][info ][safepoint    ] Leaving safepoint region
[160.052s][info ][safepoint    ] Total time for which application threads were stopped: 0.0001635 seconds, Stopping threads took: 0.0000580 seconds
[160.247s][info ][safepoint    ] Application time: 0.1953200 seconds
[160.247s][info ][safepoint    ] Entering safepoint region: GenCollectForAllocation
[160.247s][info ][gc,start     ] GC(360) Pause Young (Allocation Failure)
[160.247s][info ][gc,task      ] GC(360) Using 4 workers of 4 for evacuation
[160.250s][debug][gc,ref       ] GC(360) Skipped phase1 of Reference Processing due to unavailable references
[160.250s][debug][gc,ref       ] GC(360) Skipped phase2 of Reference Processing due to unavailable references
[160.250s][debug][gc,ref       ] GC(360) Skipped phase3 of Reference Processing due to unavailable references
[160.250s][debug][gc,ref       ] GC(360) Skipped phase4 of Reference Processing due to unavailable references
[160.250s][debug][gc,age       ] GC(360) Desired survivor size 15368192 bytes, new threshold 6 (max threshold 6)
[160.250s][info ][gc,heap      ] GC(360) ParNew: 241250K->990K(270336K)
[160.250s][info ][gc,heap      ] GC(360) CMS: 414779K->414934K(600768K)
[160.250s][info ][gc,metaspace ] GC(360) Metaspace: 64195K->64195K(1107968K)
[160.250s][info ][gc           ] GC(360) Pause Young (Allocation Failure) 640M->406M(850M) 3.136ms
[160.250s][info ][gc,cpu       ] GC(360) User=0.02s Sys=0.00s Real=0.01s
[160.250s][info ][safepoint    ] Leaving safepoint region
[160.250s][info ][safepoint    ] Total time for which application threads were stopped: 0.0032790 seconds, Stopping threads took: 0.0000176 seconds
[161.250s][info ][safepoint    ] Application time: 1.0001266 seconds
[161.250s][info ][safepoint    ] Entering safepoint region: Cleanup
[161.251s][info ][safepoint    ] Leaving safepoint region
[161.251s][info ][safepoint    ] Total time for which application threads were stopped: 0.0001243 seconds, Stopping threads took: 0.0000422 seconds
[161.469s][info ][safepoint    ] Application time: 0.2184056 seconds
[161.469s][info ][safepoint    ] Entering safepoint region: GenCollectForAllocation
[161.469s][info ][gc,start     ] GC(361) Pause Young (Allocation Failure)
[161.469s][info ][gc,task      ] GC(361) Using 4 workers of 4 for evacuation
[161.472s][debug][gc,ref       ] GC(361) Skipped phase1 of Reference Processing due to unavailable references
[161.472s][debug][gc,ref       ] GC(361) Skipped phase2 of Reference Processing due to unavailable references
[161.472s][debug][gc,ref       ] GC(361) Skipped phase3 of Reference Processing due to unavailable references
[161.472s][debug][gc,ref       ] GC(361) Skipped phase4 of Reference Processing due to unavailable references
[161.472s][debug][gc,age       ] GC(361) Desired survivor size 15368192 bytes, new threshold 6 (max threshold 6)
[161.472s][info ][gc,heap      ] GC(361) ParNew: 241310K->863K(270336K)
[161.472s][info ][gc,heap      ] GC(361) CMS: 414934K->414996K(600768K)
[161.472s][info ][gc,metaspace ] GC(361) Metaspace: 64195K->64195K(1107968K)
[161.472s][info ][gc           ] GC(361) Pause Young (Allocation Failure) 640M->406M(850M) 3.274ms
[161.472s][info ][gc,cpu       ] GC(361) User=0.02s Sys=0.00s Real=0.00s
[161.472s][info ][safepoint    ] Leaving safepoint region
[161.472s][info ][safepoint    ] Total time for which application threads were stopped: 0.0034279 seconds, Stopping threads took: 0.0000168 seconds
[162.473s][info ][safepoint    ] Application time: 1.0001102 seconds
[162.473s][info ][safepoint    ] Entering safepoint region: Cleanup
[162.473s][info ][safepoint    ] Leaving safepoint region
[162.473s][info ][safepoint    ] Total time for which application threads were stopped: 0.0001396 seconds, Stopping threads took: 0.0000436 seconds
[162.677s][info ][safepoint    ] Application time: 0.2038899 seconds
[162.677s][info ][safepoint    ] Entering safepoint region: GenCollectForAllocation
[162.677s][info ][gc,start     ] GC(362) Pause Young (Allocation Failure)
[162.677s][info ][gc,task      ] GC(362) Using 4 workers of 4 for evacuation
[162.680s][debug][gc,ref       ] GC(362) Skipped phase1 of Reference Processing due to unavailable references
[162.680s][debug][gc,ref       ] GC(362) Skipped phase2 of Reference Processing due to unavailable references
[162.680s][debug][gc,ref       ] GC(362) Skipped phase3 of Reference Processing due to unavailable references
[162.680s][debug][gc,ref       ] GC(362) Skipped phase4 of Reference Processing due to unavailable references
[162.680s][debug][gc,age       ] GC(362) Desired survivor size 15368192 bytes, new threshold 6 (max threshold 6)
[162.680s][info ][gc,heap      ] GC(362) ParNew: 241183K->956K(270336K)
[162.680s][info ][gc,heap      ] GC(362) CMS: 414996K->415060K(600768K)
[162.680s][info ][gc,metaspace ] GC(362) Metaspace: 64200K->64200K(1107968K)
[162.680s][info ][gc           ] GC(362) Pause Young (Allocation Failure) 640M->406M(850M) 3.238ms
[162.680s][info ][gc,cpu       ] GC(362) User=0.01s Sys=0.00s Real=0.00s
[162.680s][info ][safepoint    ] Leaving safepoint region
[162.680s][info ][safepoint    ] Total time for which application threads were stopped: 0.0034060 seconds, Stopping threads took: 0.0000172 seconds
[163.680s][info ][safepoint    ] Application time: 1.0001358 seconds
[163.680s][info ][safepoint    ] Entering safepoint region: Cleanup
[163.680s][info ][safepoint    ] Leaving safepoint region
[163.680s][info ][safepoint    ] Total time for which application threads were stopped: 0.0001645 seconds, Stopping threads took: 0.0000759 seconds
[163.906s][info ][safepoint    ] Application time: 0.2251187 seconds
[163.906s][info ][safepoint    ] Entering safepoint region: GenCollectForAllocation
[163.906s][info ][gc,start     ] GC(363) Pause Young (Allocation Failure)
[163.906s][info ][gc,task      ] GC(363) Using 4 workers of 4 for evacuation
[163.909s][debug][gc,ref       ] GC(363) Skipped phase1 of Reference Processing due to unavailable references
[163.909s][debug][gc,ref       ] GC(363) Skipped phase2 of Reference Processing due to unavailable references
[163.909s][debug][gc,ref       ] GC(363) Skipped phase3 of Reference Processing due to unavailable references
[163.909s][debug][gc,ref       ] GC(363) Skipped phase4 of Reference Processing due to unavailable references
[163.909s][debug][gc,age       ] GC(363) Desired survivor size 15368192 bytes, new threshold 6 (max threshold 6)
[163.909s][info ][gc,heap      ] GC(363) ParNew: 241276K->1049K(270336K)
[163.909s][info ][gc,heap      ] GC(363) CMS: 415060K->415087K(600768K)
[163.909s][info ][gc,metaspace ] GC(363) Metaspace: 64200K->64200K(1107968K)
[163.909s][info ][gc           ] GC(363) Pause Young (Allocation Failure) 640M->406M(850M) 3.546ms
[163.909s][info ][gc,cpu       ] GC(363) User=0.02s Sys=0.00s Real=0.01s
[163.909s][info ][safepoint    ] Leaving safepoint region
[163.909s][info ][safepoint    ] Total time for which application threads were stopped: 0.0036916 seconds, Stopping threads took: 0.0000168 seconds
[164.487s][info ][safepoint    ] Application time: 0.5774415 seconds
[164.487s][info ][safepoint    ] Entering safepoint region: RevokeBias
[164.487s][info ][safepoint    ] Leaving safepoint region
[164.487s][info ][safepoint    ] Total time for which application threads were stopped: 0.0000957 seconds, Stopping threads took: 0.0000162 seconds
[165.102s][info ][safepoint    ] Application time: 0.6154742 seconds
[165.102s][info ][safepoint    ] Entering safepoint region: GenCollectForAllocation
[165.102s][info ][gc,start     ] GC(364) Pause Young (Allocation Failure)
[165.103s][info ][gc,task      ] GC(364) Using 4 workers of 4 for evacuation
[165.105s][debug][gc,ref       ] GC(364) Skipped phase1 of Reference Processing due to unavailable references
[165.105s][debug][gc,ref       ] GC(364) Skipped phase3 of Reference Processing due to unavailable references
[165.105s][debug][gc,ref       ] GC(364) Skipped phase4 of Reference Processing due to unavailable references
[165.106s][debug][gc,age       ] GC(364) Desired survivor size 15368192 bytes, new threshold 6 (max threshold 6)
[165.106s][info ][gc,heap      ] GC(364) ParNew: 241369K->849K(270336K)
[165.106s][info ][gc,heap      ] GC(364) CMS: 415087K->415113K(600768K)
[165.106s][info ][gc,metaspace ] GC(364) Metaspace: 64205K->64205K(1107968K)
[165.106s][info ][gc           ] GC(364) Pause Young (Allocation Failure) 641M->406M(850M) 3.215ms
[165.106s][info ][gc,cpu       ] GC(364) User=0.02s Sys=0.00s Real=0.00s
[165.106s][info ][safepoint    ] Leaving safepoint region
[165.106s][info ][safepoint    ] Total time for which application threads were stopped: 0.0033798 seconds, Stopping threads took: 0.0000339 seconds
[166.313s][info ][safepoint    ] Application time: 1.2068730 seconds
[166.313s][info ][safepoint    ] Entering safepoint region: GenCollectForAllocation
[166.313s][info ][gc,start     ] GC(365) Pause Young (Allocation Failure)
[166.313s][info ][gc,task      ] GC(365) Using 4 workers of 4 for evacuation
[166.316s][debug][gc,ref       ] GC(365) Skipped phase1 of Reference Processing due to unavailable references
[166.316s][debug][gc,ref       ] GC(365) Skipped phase3 of Reference Processing due to unavailable references
[166.316s][debug][gc,ref       ] GC(365) Skipped phase4 of Reference Processing due to unavailable references
[166.316s][debug][gc,age       ] GC(365) Desired survivor size 15368192 bytes, new threshold 6 (max threshold 6)
[166.316s][info ][gc,heap      ] GC(365) ParNew: 241169K->998K(270336K)
[166.316s][info ][gc,heap      ] GC(365) CMS: 415113K->415131K(600768K)
[166.316s][info ][gc,metaspace ] GC(365) Metaspace: 64205K->64205K(1107968K)
[166.316s][info ][gc           ] GC(365) Pause Young (Allocation Failure) 640M->406M(850M) 3.349ms
[166.316s][info ][gc,cpu       ] GC(365) User=0.01s Sys=0.00s Real=0.01s
[166.316s][info ][safepoint    ] Leaving safepoint region
[166.316s][info ][safepoint    ] Total time for which application threads were stopped: 0.0034974 seconds, Stopping threads took: 0.0000165 seconds
[167.523s][info ][safepoint    ] Application time: 1.2067681 seconds
[167.523s][info ][safepoint    ] Entering safepoint region: GenCollectForAllocation
[167.523s][info ][gc,start     ] GC(366) Pause Young (Allocation Failure)
[167.523s][info ][gc,task      ] GC(366) Using 4 workers of 4 for evacuation
[167.527s][debug][gc,ref       ] GC(366) Skipped phase1 of Reference Processing due to unavailable references
[167.527s][debug][gc,ref       ] GC(366) Skipped phase3 of Reference Processing due to unavailable references
[167.527s][debug][gc,ref       ] GC(366) Skipped phase4 of Reference Processing due to unavailable references
[167.527s][debug][gc,age       ] GC(366) Desired survivor size 15368192 bytes, new threshold 6 (max threshold 6)
[167.527s][info ][gc,heap      ] GC(366) ParNew: 241318K->752K(270336K)
[167.527s][info ][gc,heap      ] GC(366) CMS: 415131K->415399K(600768K)
[167.527s][info ][gc,metaspace ] GC(366) Metaspace: 64207K->64207K(1107968K)
[167.527s][info ][gc           ] GC(366) Pause Young (Allocation Failure) 641M->406M(850M) 3.671ms
[167.527s][info ][gc,cpu       ] GC(366) User=0.01s Sys=0.00s Real=0.00s
[167.527s][info ][safepoint    ] Leaving safepoint region
[167.527s][info ][safepoint    ] Total time for which application threads were stopped: 0.0039072 seconds, Stopping threads took: 0.0000168 seconds
[168.527s][info ][safepoint    ] Application time: 1.0001381 seconds
[168.527s][info ][safepoint    ] Entering safepoint region: Cleanup
[168.527s][info ][safepoint    ] Leaving safepoint region
[168.527s][info ][safepoint    ] Total time for which application threads were stopped: 0.0001558 seconds, Stopping threads took: 0.0000608 seconds
[168.733s][info ][safepoint    ] Application time: 0.2057465 seconds
[168.733s][info ][safepoint    ] Entering safepoint region: GenCollectForAllocation
[168.733s][info ][gc,start     ] GC(367) Pause Young (Allocation Failure)
[168.733s][info ][gc,task      ] GC(367) Using 4 workers of 4 for evacuation
[168.736s][debug][gc,ref       ] GC(367) Skipped phase1 of Reference Processing due to unavailable references
[168.736s][debug][gc,ref       ] GC(367) Skipped phase3 of Reference Processing due to unavailable references
[168.736s][debug][gc,ref       ] GC(367) Skipped phase4 of Reference Processing due to unavailable references
[168.737s][debug][gc,age       ] GC(367) Desired survivor size 15368192 bytes, new threshold 6 (max threshold 6)
[168.737s][info ][gc,heap      ] GC(367) ParNew: 241072K->990K(270336K)
[168.737s][info ][gc,heap      ] GC(367) CMS: 415399K->415433K(600768K)
[168.737s][info ][gc,metaspace ] GC(367) Metaspace: 64208K->64208K(1107968K)
[168.737s][info ][gc           ] GC(367) Pause Young (Allocation Failure) 641M->406M(850M) 3.464ms
[168.737s][info ][gc,cpu       ] GC(367) User=0.01s Sys=0.00s Real=0.01s
[168.737s][info ][safepoint    ] Leaving safepoint region
[168.737s][info ][safepoint    ] Total time for which application threads were stopped: 0.0036381 seconds, Stopping threads took: 0.0000183 seconds
[169.737s][info ][safepoint    ] Application time: 1.0001542 seconds
[169.737s][info ][safepoint    ] Entering safepoint region: Cleanup
[169.737s][info ][safepoint    ] Leaving safepoint region
[169.737s][info ][safepoint    ] Total time for which application threads were stopped: 0.0000767 seconds, Stopping threads took: 0.0000168 seconds
[169.949s][info ][safepoint    ] Application time: 0.2125272 seconds
[169.949s][info ][safepoint    ] Entering safepoint region: GenCollectForAllocation
[169.950s][info ][gc,start     ] GC(368) Pause Young (Allocation Failure)
[169.950s][info ][gc,task      ] GC(368) Using 4 workers of 4 for evacuation
[169.953s][debug][gc,ref       ] GC(368) Skipped phase1 of Reference Processing due to unavailable references
[169.953s][debug][gc,ref       ] GC(368) Skipped phase3 of Reference Processing due to unavailable references
[169.953s][debug][gc,ref       ] GC(368) Skipped phase4 of Reference Processing due to unavailable references
[169.953s][debug][gc,age       ] GC(368) Desired survivor size 15368192 bytes, new threshold 6 (max threshold 6)
[169.953s][info ][gc,heap      ] GC(368) ParNew: 241310K->724K(270336K)
[169.953s][info ][gc,heap      ] GC(368) CMS: 415433K->415535K(600768K)
[169.953s][info ][gc,metaspace ] GC(368) Metaspace: 64209K->64209K(1107968K)
[169.953s][info ][gc           ] GC(368) Pause Young (Allocation Failure) 641M->406M(850M) 3.442ms
[169.953s][info ][gc,cpu       ] GC(368) User=0.01s Sys=0.00s Real=0.00s
[169.953s][info ][safepoint    ] Leaving safepoint region
[169.953s][info ][safepoint    ] Total time for which application threads were stopped: 0.0035913 seconds, Stopping threads took: 0.0000158 seconds
[170.953s][info ][safepoint    ] Application time: 1.0001347 seconds
[170.953s][info ][safepoint    ] Entering safepoint region: Cleanup
[170.953s][info ][safepoint    ] Leaving safepoint region
[170.953s][info ][safepoint    ] Total time for which application threads were stopped: 0.0001275 seconds, Stopping threads took: 0.0000438 seconds
[171.156s][info ][safepoint    ] Application time: 0.2028280 seconds
[171.156s][info ][safepoint    ] Entering safepoint region: GenCollectForAllocation
[171.156s][info ][gc,start     ] GC(369) Pause Young (Allocation Failure)
[171.156s][info ][gc,task      ] GC(369) Using 4 workers of 4 for evacuation
[171.159s][debug][gc,ref       ] GC(369) Skipped phase1 of Reference Processing due to unavailable references
[171.159s][debug][gc,ref       ] GC(369) Skipped phase3 of Reference Processing due to unavailable references
[171.159s][debug][gc,ref       ] GC(369) Skipped phase4 of Reference Processing due to unavailable references
[171.160s][debug][gc,age       ] GC(369) Desired survivor size 15368192 bytes, new threshold 6 (max threshold 6)
[171.160s][info ][gc,heap      ] GC(369) ParNew: 241044K->599K(270336K)
[171.160s][info ][gc,heap      ] GC(369) CMS: 415535K->415573K(600768K)
[171.160s][info ][gc,metaspace ] GC(369) Metaspace: 64209K->64209K(1107968K)
[171.160s][info ][gc           ] GC(369) Pause Young (Allocation Failure) 641M->406M(850M) 3.260ms
[171.160s][info ][gc,cpu       ] GC(369) User=0.02s Sys=0.00s Real=0.00s
[171.160s][info ][safepoint    ] Leaving safepoint region
[171.160s][info ][safepoint    ] Total time for which application threads were stopped: 0.0034127 seconds, Stopping threads took: 0.0000164 seconds
[172.160s][info ][safepoint    ] Application time: 1.0000950 seconds
[172.160s][info ][safepoint    ] Entering safepoint region: Cleanup
[172.160s][info ][safepoint    ] Leaving safepoint region
[172.160s][info ][safepoint    ] Total time for which application threads were stopped: 0.0001074 seconds, Stopping threads took: 0.0000445 seconds
[172.364s][info ][safepoint    ] Application time: 0.2042095 seconds
[172.364s][info ][safepoint    ] Entering safepoint region: GenCollectForAllocation
[172.364s][info ][gc,start     ] GC(370) Pause Young (Allocation Failure)
[172.364s][info ][gc,task      ] GC(370) Using 4 workers of 4 for evacuation
[172.367s][debug][gc,ref       ] GC(370) Skipped phase1 of Reference Processing due to unavailable references
[172.367s][debug][gc,ref       ] GC(370) Skipped phase2 of Reference Processing due to unavailable references
[172.367s][debug][gc,ref       ] GC(370) Skipped phase3 of Reference Processing due to unavailable references
[172.367s][debug][gc,ref       ] GC(370) Skipped phase4 of Reference Processing due to unavailable references
[172.368s][debug][gc,age       ] GC(370) Desired survivor size 15368192 bytes, new threshold 6 (max threshold 6)
[172.368s][info ][gc,heap      ] GC(370) ParNew: 240919K->925K(270336K)
[172.368s][info ][gc,heap      ] GC(370) CMS: 415573K->415618K(600768K)
[172.368s][info ][gc,metaspace ] GC(370) Metaspace: 64209K->64209K(1107968K)
[172.368s][info ][gc           ] GC(370) Pause Young (Allocation Failure) 641M->406M(850M) 3.542ms
[172.368s][info ][gc,cpu       ] GC(370) User=0.02s Sys=0.00s Real=0.01s
[172.368s][info ][safepoint    ] Leaving safepoint region
[172.368s][info ][safepoint    ] Total time for which application threads were stopped: 0.0036914 seconds, Stopping threads took: 0.0000167 seconds
[173.565s][info ][safepoint    ] Application time: 1.1968381 seconds
[173.565s][info ][safepoint    ] Entering safepoint region: GenCollectForAllocation
[173.565s][info ][gc,start     ] GC(371) Pause Young (Allocation Failure)
[173.565s][info ][gc,task      ] GC(371) Using 4 workers of 4 for evacuation
[173.568s][debug][gc,ref       ] GC(371) Skipped phase1 of Reference Processing due to unavailable references
[173.568s][debug][gc,ref       ] GC(371) Skipped phase2 of Reference Processing due to unavailable references
[173.568s][debug][gc,ref       ] GC(371) Skipped phase3 of Reference Processing due to unavailable references
[173.568s][debug][gc,ref       ] GC(371) Skipped phase4 of Reference Processing due to unavailable references
[173.568s][debug][gc,age       ] GC(371) Desired survivor size 15368192 bytes, new threshold 6 (max threshold 6)
[173.568s][info ][gc,heap      ] GC(371) ParNew: 241245K->1060K(270336K)
[173.568s][info ][gc,heap      ] GC(371) CMS: 415618K->415682K(600768K)
[173.568s][info ][gc,metaspace ] GC(371) Metaspace: 64210K->64210K(1107968K)
[173.568s][info ][gc           ] GC(371) Pause Young (Allocation Failure) 641M->406M(850M) 3.177ms
[173.568s][info ][gc,cpu       ] GC(371) User=0.02s Sys=0.00s Real=0.01s
[173.568s][info ][safepoint    ] Leaving safepoint region
[173.568s][info ][safepoint    ] Total time for which application threads were stopped: 0.0033219 seconds, Stopping threads took: 0.0000169 seconds
[174.568s][info ][safepoint    ] Application time: 1.0000919 seconds
[174.568s][info ][safepoint    ] Entering safepoint region: Cleanup
[174.568s][info ][safepoint    ] Leaving safepoint region
[174.568s][info ][safepoint    ] Total time for which application threads were stopped: 0.0001120 seconds, Stopping threads took: 0.0000397 seconds
[174.779s][info ][safepoint    ] Application time: 0.2101943 seconds
[174.779s][info ][safepoint    ] Entering safepoint region: GenCollectForAllocation
[174.779s][info ][gc,start     ] GC(372) Pause Young (Allocation Failure)
[174.779s][info ][gc,task      ] GC(372) Using 4 workers of 4 for evacuation
[174.782s][debug][gc,ref       ] GC(372) Skipped phase1 of Reference Processing due to unavailable references
[174.782s][debug][gc,ref       ] GC(372) Skipped phase3 of Reference Processing due to unavailable references
[174.782s][debug][gc,ref       ] GC(372) Skipped phase4 of Reference Processing due to unavailable references
[174.782s][debug][gc,age       ] GC(372) Desired survivor size 15368192 bytes, new threshold 6 (max threshold 6)
[174.782s][info ][gc,heap      ] GC(372) ParNew: 241380K->994K(270336K)
[174.782s][info ][gc,heap      ] GC(372) CMS: 415682K->415727K(600768K)
[174.782s][info ][gc,metaspace ] GC(372) Metaspace: 64210K->64210K(1107968K)
[174.782s][info ][gc           ] GC(372) Pause Young (Allocation Failure) 641M->406M(850M) 3.431ms
[174.782s][info ][gc,cpu       ] GC(372) User=0.02s Sys=0.00s Real=0.00s
[174.782s][info ][safepoint    ] Leaving safepoint region
[174.782s][info ][safepoint    ] Total time for which application threads were stopped: 0.0036727 seconds, Stopping threads took: 0.0000180 seconds
[175.979s][info ][safepoint    ] Application time: 1.1965360 seconds
[175.979s][info ][safepoint    ] Entering safepoint region: GenCollectForAllocation
[175.979s][info ][gc,start     ] GC(373) Pause Young (Allocation Failure)
[175.979s][info ][gc,task      ] GC(373) Using 4 workers of 4 for evacuation
[175.982s][debug][gc,ref       ] GC(373) Skipped phase1 of Reference Processing due to unavailable references
[175.982s][debug][gc,ref       ] GC(373) Skipped phase3 of Reference Processing due to unavailable references
[175.982s][debug][gc,ref       ] GC(373) Skipped phase4 of Reference Processing due to unavailable references
[175.982s][debug][gc,age       ] GC(373) Desired survivor size 15368192 bytes, new threshold 6 (max threshold 6)
[175.982s][info ][gc,heap      ] GC(373) ParNew: 241314K->995K(270336K)
[175.982s][info ][gc,heap      ] GC(373) CMS: 415727K->415795K(600768K)
[175.982s][info ][gc,metaspace ] GC(373) Metaspace: 64210K->64210K(1107968K)
[175.982s][info ][gc           ] GC(373) Pause Young (Allocation Failure) 641M->407M(850M) 3.429ms
[175.982s][info ][gc,cpu       ] GC(373) User=0.01s Sys=0.00s Real=0.00s
[175.982s][info ][safepoint    ] Leaving safepoint region
[175.982s][info ][safepoint    ] Total time for which application threads were stopped: 0.0035684 seconds, Stopping threads took: 0.0000169 seconds
[177.179s][info ][safepoint    ] Application time: 1.1967028 seconds
[177.179s][info ][safepoint    ] Entering safepoint region: GenCollectForAllocation
[177.179s][info ][gc,start     ] GC(374) Pause Young (Allocation Failure)
[177.179s][info ][gc,task      ] GC(374) Using 4 workers of 4 for evacuation
[177.182s][debug][gc,ref       ] GC(374) Skipped phase1 of Reference Processing due to unavailable references
[177.182s][debug][gc,ref       ] GC(374) Skipped phase3 of Reference Processing due to unavailable references
[177.183s][debug][gc,age       ] GC(374) Desired survivor size 15368192 bytes, new threshold 6 (max threshold 6)
[177.183s][info ][gc,heap      ] GC(374) ParNew: 241315K->1021K(270336K)
[177.183s][info ][gc,heap      ] GC(374) CMS: 415795K->415826K(600768K)
[177.183s][info ][gc,metaspace ] GC(374) Metaspace: 64212K->64212K(1107968K)
[177.183s][info ][gc           ] GC(374) Pause Young (Allocation Failure) 641M->407M(850M) 3.447ms
[177.183s][info ][gc,cpu       ] GC(374) User=0.01s Sys=0.00s Real=0.00s
[177.183s][info ][safepoint    ] Leaving safepoint region
[177.183s][info ][safepoint    ] Total time for which application threads were stopped: 0.0036196 seconds, Stopping threads took: 0.0000166 seconds
[178.183s][info ][safepoint    ] Application time: 1.0000896 seconds
[178.183s][info ][safepoint    ] Entering safepoint region: Cleanup
[178.183s][info ][safepoint    ] Leaving safepoint region
[178.183s][info ][safepoint    ] Total time for which application threads were stopped: 0.0001330 seconds, Stopping threads took: 0.0000621 seconds
[178.363s][info ][safepoint    ] Application time: 0.1802454 seconds
[178.363s][info ][safepoint    ] Entering safepoint region: GenCollectForAllocation
[178.363s][info ][gc,start     ] GC(375) Pause Young (Allocation Failure)
[178.363s][info ][gc,task      ] GC(375) Using 4 workers of 4 for evacuation
[178.367s][debug][gc,ref       ] GC(375) Skipped phase1 of Reference Processing due to unavailable references
[178.367s][debug][gc,ref       ] GC(375) Skipped phase3 of Reference Processing due to unavailable references
[178.367s][debug][gc,ref       ] GC(375) Skipped phase4 of Reference Processing due to unavailable references
[178.367s][debug][gc,age       ] GC(375) Desired survivor size 15368192 bytes, new threshold 6 (max threshold 6)
[178.367s][info ][gc,heap      ] GC(375) ParNew: 241341K->1172K(270336K)
[178.367s][info ][gc,heap      ] GC(375) CMS: 415826K->415891K(600768K)
[178.367s][info ][gc,metaspace ] GC(375) Metaspace: 64212K->64212K(1107968K)
[178.367s][info ][gc           ] GC(375) Pause Young (Allocation Failure) 641M->407M(850M) 3.330ms
[178.367s][info ][gc,cpu       ] GC(375) User=0.01s Sys=0.00s Real=0.00s
[178.367s][info ][safepoint    ] Leaving safepoint region
[178.367s][info ][safepoint    ] Total time for which application threads were stopped: 0.0034923 seconds, Stopping threads took: 0.0000168 seconds
[179.367s][info ][safepoint    ] Application time: 1.0001636 seconds
[179.367s][info ][safepoint    ] Entering safepoint region: Cleanup
[179.367s][info ][safepoint    ] Leaving safepoint region
[179.367s][info ][safepoint    ] Total time for which application threads were stopped: 0.0001180 seconds, Stopping threads took: 0.0000435 seconds
[179.566s][info ][safepoint    ] Application time: 0.1992129 seconds
[179.566s][info ][safepoint    ] Entering safepoint region: GenCollectForAllocation
[179.566s][info ][gc,start     ] GC(376) Pause Young (Allocation Failure)
[179.567s][info ][gc,task      ] GC(376) Using 4 workers of 4 for evacuation
[179.569s][debug][gc,ref       ] GC(376) Skipped phase1 of Reference Processing due to unavailable references
[179.569s][debug][gc,ref       ] GC(376) Skipped phase3 of Reference Processing due to unavailable references
[179.570s][debug][gc,ref       ] GC(376) Skipped phase4 of Reference Processing due to unavailable references
[179.570s][debug][gc,age       ] GC(376) Desired survivor size 15368192 bytes, new threshold 6 (max threshold 6)
[179.570s][info ][gc,heap      ] GC(376) ParNew: 241492K->1177K(270336K)
[179.570s][info ][gc,heap      ] GC(376) CMS: 415891K->415943K(600768K)
[179.570s][info ][gc,metaspace ] GC(376) Metaspace: 64214K->64214K(1107968K)
[179.570s][info ][gc           ] GC(376) Pause Young (Allocation Failure) 641M->407M(850M) 3.317ms
[179.570s][info ][gc,cpu       ] GC(376) User=0.01s Sys=0.00s Real=0.01s
[179.570s][info ][safepoint    ] Leaving safepoint region
[179.570s][info ][safepoint    ] Total time for which application threads were stopped: 0.0034807 seconds, Stopping threads took: 0.0000166 seconds
[180.767s][info ][safepoint    ] Application time: 1.1969834 seconds
[180.767s][info ][safepoint    ] Entering safepoint region: GenCollectForAllocation
[180.767s][info ][gc,start     ] GC(377) Pause Young (Allocation Failure)
[180.767s][info ][gc,task      ] GC(377) Using 4 workers of 4 for evacuation
[180.771s][debug][gc,ref       ] GC(377) Skipped phase1 of Reference Processing due to unavailable references
[180.771s][debug][gc,ref       ] GC(377) Skipped phase3 of Reference Processing due to unavailable references
[180.771s][debug][gc,ref       ] GC(377) Skipped phase4 of Reference Processing due to unavailable references
[180.771s][debug][gc,age       ] GC(377) Desired survivor size 15368192 bytes, new threshold 6 (max threshold 6)
[180.771s][info ][gc,heap      ] GC(377) ParNew: 241497K->966K(270336K)
[180.771s][info ][gc,heap      ] GC(377) CMS: 415943K->416059K(600768K)
[180.771s][info ][gc,metaspace ] GC(377) Metaspace: 64216K->64216K(1107968K)
[180.771s][info ][gc           ] GC(377) Pause Young (Allocation Failure) 642M->407M(850M) 3.946ms
[180.771s][info ][gc,cpu       ] GC(377) User=0.01s Sys=0.00s Real=0.01s
[180.771s][info ][safepoint    ] Leaving safepoint region
[180.771s][info ][safepoint    ] Total time for which application threads were stopped: 0.0041083 seconds, Stopping threads took: 0.0000170 seconds
[181.771s][info ][safepoint    ] Application time: 1.0001461 seconds
[181.771s][info ][safepoint    ] Entering safepoint region: Cleanup
[181.771s][info ][safepoint    ] Leaving safepoint region
[181.771s][info ][safepoint    ] Total time for which application threads were stopped: 0.0001398 seconds, Stopping threads took: 0.0000437 seconds
[181.958s][info ][safepoint    ] Application time: 0.1866416 seconds
[181.958s][info ][safepoint    ] Entering safepoint region: GenCollectForAllocation
[181.958s][info ][gc,start     ] GC(378) Pause Young (Allocation Failure)
[181.958s][info ][gc,task      ] GC(378) Using 4 workers of 4 for evacuation
[181.961s][debug][gc,ref       ] GC(378) Skipped phase1 of Reference Processing due to unavailable references
[181.961s][debug][gc,ref       ] GC(378) Skipped phase3 of Reference Processing due to unavailable references
[181.961s][debug][gc,ref       ] GC(378) Skipped phase4 of Reference Processing due to unavailable references
[181.961s][debug][gc,age       ] GC(378) Desired survivor size 15368192 bytes, new threshold 6 (max threshold 6)
[181.961s][info ][gc,heap      ] GC(378) ParNew: 241286K->1111K(270336K)
[181.961s][info ][gc,heap      ] GC(378) CMS: 416059K->416108K(600768K)
[181.961s][info ][gc,metaspace ] GC(378) Metaspace: 64218K->64218K(1107968K)
[181.961s][info ][gc           ] GC(378) Pause Young (Allocation Failure) 641M->407M(850M) 3.063ms
[181.961s][info ][gc,cpu       ] GC(378) User=0.02s Sys=0.00s Real=0.00s
[181.961s][info ][safepoint    ] Leaving safepoint region
[181.961s][info ][safepoint    ] Total time for which application threads were stopped: 0.0032560 seconds, Stopping threads took: 0.0000172 seconds
[182.961s][info ][safepoint    ] Application time: 1.0001441 seconds
[182.961s][info ][safepoint    ] Entering safepoint region: Cleanup
[182.962s][info ][safepoint    ] Leaving safepoint region
[182.962s][info ][safepoint    ] Total time for which application threads were stopped: 0.0001560 seconds, Stopping threads took: 0.0000432 seconds
[183.158s][info ][safepoint    ] Application time: 0.1959393 seconds
[183.158s][info ][safepoint    ] Entering safepoint region: GenCollectForAllocation
[183.158s][info ][gc,start     ] GC(379) Pause Young (Allocation Failure)
[183.158s][info ][gc,task      ] GC(379) Using 4 workers of 4 for evacuation
[183.161s][debug][gc,ref       ] GC(379) Skipped phase1 of Reference Processing due to unavailable references
[183.161s][debug][gc,ref       ] GC(379) Skipped phase3 of Reference Processing due to unavailable references
[183.161s][debug][gc,ref       ] GC(379) Skipped phase4 of Reference Processing due to unavailable references
[183.161s][debug][gc,age       ] GC(379) Desired survivor size 15368192 bytes, new threshold 6 (max threshold 6)
[183.161s][info ][gc,heap      ] GC(379) ParNew: 241431K->1297K(270336K)
[183.161s][info ][gc,heap      ] GC(379) CMS: 416108K->416157K(600768K)
[183.161s][info ][gc,metaspace ] GC(379) Metaspace: 64219K->64219K(1107968K)
[183.161s][info ][gc           ] GC(379) Pause Young (Allocation Failure) 642M->407M(850M) 3.303ms
[183.161s][info ][gc,cpu       ] GC(379) User=0.01s Sys=0.00s Real=0.00s
[183.161s][info ][safepoint    ] Leaving safepoint region
[183.161s][info ][safepoint    ] Total time for which application threads were stopped: 0.0034585 seconds, Stopping threads took: 0.0000163 seconds
[184.161s][info ][safepoint    ] Application time: 1.0001449 seconds
[184.161s][info ][safepoint    ] Entering safepoint region: Cleanup
[184.161s][info ][safepoint    ] Leaving safepoint region
[184.161s][info ][safepoint    ] Total time for which application threads were stopped: 0.0001192 seconds, Stopping threads took: 0.0000417 seconds
[184.360s][info ][safepoint    ] Application time: 0.1990181 seconds
[184.360s][info ][safepoint    ] Entering safepoint region: GenCollectForAllocation
[184.361s][info ][gc,start     ] GC(380) Pause Young (Allocation Failure)
[184.361s][info ][gc,task      ] GC(380) Using 4 workers of 4 for evacuation
[184.364s][debug][gc,ref       ] GC(380) Skipped phase1 of Reference Processing due to unavailable references
[184.364s][debug][gc,ref       ] GC(380) Skipped phase3 of Reference Processing due to unavailable references
[184.364s][debug][gc,ref       ] GC(380) Skipped phase4 of Reference Processing due to unavailable references
[184.364s][debug][gc,age       ] GC(380) Desired survivor size 15368192 bytes, new threshold 6 (max threshold 6)
[184.364s][info ][gc,heap      ] GC(380) ParNew: 241617K->1070K(270336K)
[184.364s][info ][gc,heap      ] GC(380) CMS: 416157K->416238K(600768K)
[184.364s][info ][gc,metaspace ] GC(380) Metaspace: 64220K->64220K(1107968K)
[184.365s][info ][gc           ] GC(380) Pause Young (Allocation Failure) 642M->407M(850M) 3.974ms
[184.365s][info ][gc,cpu       ] GC(380) User=0.01s Sys=0.00s Real=0.00s
[184.365s][info ][safepoint    ] Leaving safepoint region
[184.365s][info ][safepoint    ] Total time for which application threads were stopped: 0.0041245 seconds, Stopping threads took: 0.0000160 seconds
[185.365s][info ][safepoint    ] Application time: 1.0000929 seconds
[185.365s][info ][safepoint    ] Entering safepoint region: Cleanup
[185.365s][info ][safepoint    ] Leaving safepoint region
[185.365s][info ][safepoint    ] Total time for which application threads were stopped: 0.0001792 seconds, Stopping threads took: 0.0001030 seconds
[185.532s][info ][safepoint    ] Application time: 0.1667362 seconds
[185.532s][info ][safepoint    ] Entering safepoint region: GenCollectForAllocation
[185.532s][info ][gc,start     ] GC(381) Pause Young (Allocation Failure)
[185.532s][info ][gc,task      ] GC(381) Using 4 workers of 4 for evacuation
[185.535s][debug][gc,ref       ] GC(381) Skipped phase1 of Reference Processing due to unavailable references
[185.535s][debug][gc,ref       ] GC(381) Skipped phase3 of Reference Processing due to unavailable references
[185.535s][debug][gc,ref       ] GC(381) Skipped phase4 of Reference Processing due to unavailable references
[185.535s][debug][gc,age       ] GC(381) Desired survivor size 15368192 bytes, new threshold 6 (max threshold 6)
[185.535s][info ][gc,heap      ] GC(381) ParNew: 241390K->981K(270336K)
[185.535s][info ][gc,heap      ] GC(381) CMS: 416238K->416295K(600768K)
[185.535s][info ][gc,metaspace ] GC(381) Metaspace: 64220K->64220K(1107968K)
[185.535s][info ][gc           ] GC(381) Pause Young (Allocation Failure) 642M->407M(850M) 3.308ms
[185.535s][info ][gc,cpu       ] GC(381) User=0.01s Sys=0.00s Real=0.00s
[185.535s][info ][safepoint    ] Leaving safepoint region
[185.535s][info ][safepoint    ] Total time for which application threads were stopped: 0.0035293 seconds, Stopping threads took: 0.0000157 seconds
[186.535s][info ][safepoint    ] Application time: 1.0001006 seconds
[186.535s][info ][safepoint    ] Entering safepoint region: Cleanup
[186.535s][info ][safepoint    ] Leaving safepoint region
[186.535s][info ][safepoint    ] Total time for which application threads were stopped: 0.0001824 seconds, Stopping threads took: 0.0000441 seconds
[186.697s][info ][safepoint    ] Application time: 0.1618085 seconds
[186.697s][info ][safepoint    ] Entering safepoint region: GenCollectForAllocation
[186.697s][info ][gc,start     ] GC(382) Pause Young (Allocation Failure)
[186.697s][info ][gc,task      ] GC(382) Using 4 workers of 4 for evacuation
[186.702s][debug][gc,ref       ] GC(382) Skipped phase1 of Reference Processing due to unavailable references
[186.702s][debug][gc,ref       ] GC(382) Skipped phase3 of Reference Processing due to unavailable references
[186.702s][debug][gc,age       ] GC(382) Desired survivor size 15368192 bytes, new threshold 6 (max threshold 6)
[186.702s][info ][gc,heap      ] GC(382) ParNew: 241301K->2326K(270336K)
[186.702s][info ][gc,heap      ] GC(382) CMS: 416295K->416315K(600768K)
[186.702s][info ][gc,metaspace ] GC(382) Metaspace: 64224K->64224K(1107968K)
[186.702s][info ][gc           ] GC(382) Pause Young (Allocation Failure) 642M->408M(850M) 4.399ms
[186.702s][info ][gc,cpu       ] GC(382) User=0.02s Sys=0.00s Real=0.00s
[186.702s][info ][safepoint    ] Leaving safepoint region
[186.702s][info ][safepoint    ] Total time for which application threads were stopped: 0.0045473 seconds, Stopping threads took: 0.0000166 seconds
[187.702s][info ][safepoint    ] Application time: 1.0001419 seconds
[187.702s][info ][safepoint    ] Entering safepoint region: Cleanup
[187.702s][info ][safepoint    ] Leaving safepoint region
[187.702s][info ][safepoint    ] Total time for which application threads were stopped: 0.0001351 seconds, Stopping threads took: 0.0000553 seconds
[187.897s][info ][safepoint    ] Application time: 0.1947823 seconds
[187.897s][info ][safepoint    ] Entering safepoint region: GenCollectForAllocation
[187.897s][info ][gc,start     ] GC(383) Pause Young (Allocation Failure)
[187.897s][info ][gc,task      ] GC(383) Using 4 workers of 4 for evacuation
[187.901s][debug][gc,ref       ] GC(383) Skipped phase1 of Reference Processing due to unavailable references
[187.901s][debug][gc,ref       ] GC(383) Skipped phase3 of Reference Processing due to unavailable references
[187.901s][debug][gc,age       ] GC(383) Desired survivor size 15368192 bytes, new threshold 6 (max threshold 6)
[187.901s][info ][gc,heap      ] GC(383) ParNew: 242646K->2631K(270336K)
[187.901s][info ][gc,heap      ] GC(383) CMS: 416315K->416403K(600768K)
[187.901s][info ][gc,metaspace ] GC(383) Metaspace: 64224K->64224K(1107968K)
[187.901s][info ][gc           ] GC(383) Pause Young (Allocation Failure) 643M->409M(850M) 3.803ms
[187.901s][info ][gc,cpu       ] GC(383) User=0.01s Sys=0.00s Real=0.00s
[187.901s][info ][safepoint    ] Leaving safepoint region
[187.901s][info ][safepoint    ] Total time for which application threads were stopped: 0.0039526 seconds, Stopping threads took: 0.0000172 seconds
[188.901s][info ][safepoint    ] Application time: 1.0001634 seconds
[188.901s][info ][safepoint    ] Entering safepoint region: Cleanup
[188.901s][info ][safepoint    ] Leaving safepoint region
[188.901s][info ][safepoint    ] Total time for which application threads were stopped: 0.0001566 seconds, Stopping threads took: 0.0000510 seconds
[189.066s][info ][safepoint    ] Application time: 0.1644483 seconds
[189.066s][info ][safepoint    ] Entering safepoint region: GenCollectForAllocation
[189.066s][info ][gc,start     ] GC(384) Pause Young (Allocation Failure)
[189.066s][info ][gc,task      ] GC(384) Using 4 workers of 4 for evacuation
[189.070s][debug][gc,ref       ] GC(384) Skipped phase1 of Reference Processing due to unavailable references
[189.070s][debug][gc,ref       ] GC(384) Skipped phase3 of Reference Processing due to unavailable references
[189.070s][debug][gc,age       ] GC(384) Desired survivor size 15368192 bytes, new threshold 6 (max threshold 6)
[189.070s][info ][gc,heap      ] GC(384) ParNew: 242951K->2485K(270336K)
[189.070s][info ][gc,heap      ] GC(384) CMS: 416403K->416513K(600768K)
[189.070s][info ][gc,metaspace ] GC(384) Metaspace: 64236K->64236K(1107968K)
[189.070s][info ][gc           ] GC(384) Pause Young (Allocation Failure) 643M->409M(850M) 4.053ms
[189.070s][info ][gc,cpu       ] GC(384) User=0.02s Sys=0.00s Real=0.01s
[189.070s][info ][safepoint    ] Leaving safepoint region
[189.070s][info ][safepoint    ] Total time for which application threads were stopped: 0.0042017 seconds, Stopping threads took: 0.0000200 seconds
[190.070s][info ][safepoint    ] Application time: 1.0001183 seconds
[190.070s][info ][safepoint    ] Entering safepoint region: Cleanup
[190.070s][info ][safepoint    ] Leaving safepoint region
[190.070s][info ][safepoint    ] Total time for which application threads were stopped: 0.0001366 seconds, Stopping threads took: 0.0000449 seconds
[190.266s][info ][safepoint    ] Application time: 0.1957339 seconds
[190.266s][info ][safepoint    ] Entering safepoint region: GenCollectForAllocation
[190.266s][info ][gc,start     ] GC(385) Pause Young (Allocation Failure)
[190.266s][info ][gc,task      ] GC(385) Using 4 workers of 4 for evacuation
[190.270s][debug][gc,ref       ] GC(385) Skipped phase1 of Reference Processing due to unavailable references
[190.270s][debug][gc,ref       ] GC(385) Skipped phase3 of Reference Processing due to unavailable references
[190.270s][debug][gc,age       ] GC(385) Desired survivor size 15368192 bytes, new threshold 6 (max threshold 6)
[190.270s][info ][gc,heap      ] GC(385) ParNew: 242805K->2834K(270336K)
[190.270s][info ][gc,heap      ] GC(385) CMS: 416513K->416521K(600768K)
[190.270s][info ][gc,metaspace ] GC(385) Metaspace: 64239K->64239K(1107968K)
[190.270s][info ][gc           ] GC(385) Pause Young (Allocation Failure) 643M->409M(850M) 4.098ms
[190.270s][info ][gc,cpu       ] GC(385) User=0.01s Sys=0.00s Real=0.01s
[190.270s][info ][safepoint    ] Leaving safepoint region
[190.270s][info ][safepoint    ] Total time for which application threads were stopped: 0.0043012 seconds, Stopping threads took: 0.0000171 seconds
[191.271s][info ][safepoint    ] Application time: 1.0001404 seconds
[191.271s][info ][safepoint    ] Entering safepoint region: Cleanup
[191.271s][info ][safepoint    ] Leaving safepoint region
[191.271s][info ][safepoint    ] Total time for which application threads were stopped: 0.0001683 seconds, Stopping threads took: 0.0000691 seconds
[191.468s][info ][safepoint    ] Application time: 0.1971936 seconds
[191.468s][info ][safepoint    ] Entering safepoint region: GenCollectForAllocation
[191.468s][info ][gc,start     ] GC(386) Pause Young (Allocation Failure)
[191.468s][info ][gc,task      ] GC(386) Using 4 workers of 4 for evacuation
[191.472s][debug][gc,ref       ] GC(386) Skipped phase1 of Reference Processing due to unavailable references
[191.472s][debug][gc,ref       ] GC(386) Skipped phase3 of Reference Processing due to unavailable references
[191.472s][debug][gc,age       ] GC(386) Desired survivor size 15368192 bytes, new threshold 6 (max threshold 6)
[191.472s][info ][gc,heap      ] GC(386) ParNew: 243154K->3528K(270336K)
[191.472s][info ][gc,heap      ] GC(386) CMS: 416521K->416546K(600768K)
[191.472s][info ][gc,metaspace ] GC(386) Metaspace: 64239K->64239K(1107968K)
[191.472s][info ][gc           ] GC(386) Pause Young (Allocation Failure) 644M->410M(850M) 4.055ms
[191.472s][info ][gc,cpu       ] GC(386) User=0.02s Sys=0.00s Real=0.00s
[191.472s][info ][safepoint    ] Leaving safepoint region
[191.472s][info ][safepoint    ] Total time for which application threads were stopped: 0.0042293 seconds, Stopping threads took: 0.0000182 seconds
[192.472s][info ][safepoint    ] Application time: 1.0000994 seconds
[192.472s][info ][safepoint    ] Entering safepoint region: Cleanup
[192.473s][info ][safepoint    ] Leaving safepoint region
[192.473s][info ][safepoint    ] Total time for which application threads were stopped: 0.0001404 seconds, Stopping threads took: 0.0000446 seconds
[192.676s][info ][safepoint    ] Application time: 0.2031005 seconds
[192.676s][info ][safepoint    ] Entering safepoint region: GenCollectForAllocation
[192.676s][info ][gc,start     ] GC(387) Pause Young (Allocation Failure)
[192.676s][info ][gc,task      ] GC(387) Using 4 workers of 4 for evacuation
[192.680s][debug][gc,ref       ] GC(387) Skipped phase1 of Reference Processing due to unavailable references
[192.680s][debug][gc,ref       ] GC(387) Skipped phase3 of Reference Processing due to unavailable references
[192.680s][debug][gc,age       ] GC(387) Desired survivor size 15368192 bytes, new threshold 6 (max threshold 6)
[192.680s][info ][gc,heap      ] GC(387) ParNew: 243848K->3339K(270336K)
[192.680s][info ][gc,heap      ] GC(387) CMS: 416546K->416577K(600768K)
[192.680s][info ][gc,metaspace ] GC(387) Metaspace: 64241K->64241K(1107968K)
[192.680s][info ][gc           ] GC(387) Pause Young (Allocation Failure) 644M->410M(850M) 3.987ms
[192.680s][info ][gc,cpu       ] GC(387) User=0.01s Sys=0.00s Real=0.00s
[192.680s][info ][safepoint    ] Leaving safepoint region
[192.680s][info ][safepoint    ] Total time for which application threads were stopped: 0.0041657 seconds, Stopping threads took: 0.0000218 seconds
[192.734s][info ][safepoint    ] Application time: 0.0542990 seconds
[192.734s][info ][safepoint    ] Entering safepoint region: Deoptimize
[192.736s][info ][safepoint    ] Leaving safepoint region
[192.736s][info ][safepoint    ] Total time for which application threads were stopped: 0.0017900 seconds, Stopping threads took: 0.0000175 seconds
[193.736s][info ][safepoint    ] Application time: 1.0004040 seconds
[193.736s][info ][safepoint    ] Entering safepoint region: Cleanup
[193.737s][info ][safepoint    ] Leaving safepoint region
[193.737s][info ][safepoint    ] Total time for which application threads were stopped: 0.0001128 seconds, Stopping threads took: 0.0000175 seconds
[193.905s][info ][safepoint    ] Application time: 0.1684665 seconds
[193.905s][info ][safepoint    ] Entering safepoint region: GenCollectForAllocation
[193.905s][info ][gc,start     ] GC(388) Pause Young (Allocation Failure)
[193.905s][info ][gc,task      ] GC(388) Using 4 workers of 4 for evacuation
[193.910s][debug][gc,ref       ] GC(388) Skipped phase1 of Reference Processing due to unavailable references
[193.910s][debug][gc,ref       ] GC(388) Skipped phase3 of Reference Processing due to unavailable references
[193.910s][debug][gc,ref       ] GC(388) Skipped phase4 of Reference Processing due to unavailable references
[193.910s][debug][gc,age       ] GC(388) Desired survivor size 15368192 bytes, new threshold 6 (max threshold 6)
[193.911s][info ][gc,heap      ] GC(388) ParNew: 243659K->2762K(270336K)
[193.911s][info ][gc,heap      ] GC(388) CMS: 416577K->417803K(600768K)
[193.911s][info ][gc,metaspace ] GC(388) Metaspace: 64245K->64245K(1107968K)
[193.911s][info ][gc           ] GC(388) Pause Young (Allocation Failure) 644M->410M(850M) 5.341ms
[193.911s][info ][gc,cpu       ] GC(388) User=0.02s Sys=0.00s Real=0.01s
[193.911s][info ][safepoint    ] Leaving safepoint region
[193.911s][info ][safepoint    ] Total time for which application threads were stopped: 0.0055239 seconds, Stopping threads took: 0.0000161 seconds
[194.911s][info ][safepoint    ] Application time: 1.0001007 seconds
[194.911s][info ][safepoint    ] Entering safepoint region: Cleanup
[194.911s][info ][safepoint    ] Leaving safepoint region
[194.911s][info ][safepoint    ] Total time for which application threads were stopped: 0.0001407 seconds, Stopping threads took: 0.0000427 seconds
[195.146s][info ][safepoint    ] Application time: 0.2354679 seconds
[195.146s][info ][safepoint    ] Entering safepoint region: GenCollectForAllocation
[195.147s][info ][gc,start     ] GC(389) Pause Young (Allocation Failure)
[195.147s][info ][gc,task      ] GC(389) Using 4 workers of 4 for evacuation
[195.150s][debug][gc,ref       ] GC(389) Skipped phase1 of Reference Processing due to unavailable references
[195.150s][debug][gc,ref       ] GC(389) Skipped phase3 of Reference Processing due to unavailable references
[195.150s][debug][gc,age       ] GC(389) Desired survivor size 15368192 bytes, new threshold 6 (max threshold 6)
[195.150s][info ][gc,heap      ] GC(389) ParNew: 243082K->1488K(270336K)
[195.150s][info ][gc,heap      ] GC(389) CMS: 417803K->417892K(600768K)
[195.150s][info ][gc,metaspace ] GC(389) Metaspace: 64265K->64265K(1107968K)
[195.150s][info ][gc           ] GC(389) Pause Young (Allocation Failure) 645M->409M(850M) 3.607ms
[195.150s][info ][gc,cpu       ] GC(389) User=0.02s Sys=0.00s Real=0.01s
[195.150s][info ][safepoint    ] Leaving safepoint region
[195.150s][info ][safepoint    ] Total time for which application threads were stopped: 0.0037997 seconds, Stopping threads took: 0.0000167 seconds
[196.150s][info ][safepoint    ] Application time: 1.0000904 seconds
[196.150s][info ][safepoint    ] Entering safepoint region: Cleanup
[196.150s][info ][safepoint    ] Leaving safepoint region
[196.150s][info ][safepoint    ] Total time for which application threads were stopped: 0.0001613 seconds, Stopping threads took: 0.0000802 seconds
[196.371s][info ][safepoint    ] Application time: 0.2205771 seconds
[196.371s][info ][safepoint    ] Entering safepoint region: GenCollectForAllocation
[196.371s][info ][gc,start     ] GC(390) Pause Young (Allocation Failure)
[196.371s][info ][gc,task      ] GC(390) Using 4 workers of 4 for evacuation
[196.375s][debug][gc,ref       ] GC(390) Skipped phase1 of Reference Processing due to unavailable references
[196.376s][debug][gc,ref       ] GC(390) Skipped phase3 of Reference Processing due to unavailable references
[196.376s][debug][gc,ref       ] GC(390) Skipped phase4 of Reference Processing due to unavailable references
[196.376s][debug][gc,age       ] GC(390) Desired survivor size 15368192 bytes, new threshold 6 (max threshold 6)
[196.376s][info ][gc,heap      ] GC(390) ParNew: 241808K->1350K(270336K)
[196.376s][info ][gc,heap      ] GC(390) CMS: 417892K->418270K(600768K)
[196.376s][info ][gc,metaspace ] GC(390) Metaspace: 64268K->64268K(1107968K)
[196.376s][info ][gc           ] GC(390) Pause Young (Allocation Failure) 644M->409M(850M) 4.651ms
[196.376s][info ][gc,cpu       ] GC(390) User=0.03s Sys=0.00s Real=0.01s
[196.376s][info ][safepoint    ] Leaving safepoint region
[196.376s][info ][safepoint    ] Total time for which application threads were stopped: 0.0048105 seconds, Stopping threads took: 0.0000177 seconds
[197.376s][info ][safepoint    ] Application time: 1.0000910 seconds
[197.376s][info ][safepoint    ] Entering safepoint region: Cleanup
[197.376s][info ][safepoint    ] Leaving safepoint region
[197.376s][info ][safepoint    ] Total time for which application threads were stopped: 0.0001312 seconds, Stopping threads took: 0.0000466 seconds
[197.611s][info ][safepoint    ] Application time: 0.2343527 seconds
[197.611s][info ][safepoint    ] Entering safepoint region: GenCollectForAllocation
[197.611s][info ][gc,start     ] GC(391) Pause Young (Allocation Failure)
[197.611s][info ][gc,task      ] GC(391) Using 4 workers of 4 for evacuation
[197.614s][debug][gc,ref       ] GC(391) Skipped phase1 of Reference Processing due to unavailable references
[197.614s][debug][gc,ref       ] GC(391) Skipped phase3 of Reference Processing due to unavailable references
[197.614s][debug][gc,ref       ] GC(391) Skipped phase4 of Reference Processing due to unavailable references
[197.614s][debug][gc,age       ] GC(391) Desired survivor size 15368192 bytes, new threshold 6 (max threshold 6)
[197.615s][info ][gc,heap      ] GC(391) ParNew: 241670K->931K(270336K)
[197.615s][info ][gc,heap      ] GC(391) CMS: 418270K->418561K(600768K)
[197.615s][info ][gc,metaspace ] GC(391) Metaspace: 64268K->64268K(1107968K)
[197.615s][info ][gc           ] GC(391) Pause Young (Allocation Failure) 644M->409M(850M) 3.789ms
[197.615s][info ][gc,cpu       ] GC(391) User=0.02s Sys=0.00s Real=0.00s
[197.615s][info ][safepoint    ] Leaving safepoint region
[197.615s][info ][safepoint    ] Total time for which application threads were stopped: 0.0039943 seconds, Stopping threads took: 0.0000302 seconds
[198.615s][info ][safepoint    ] Application time: 1.0001246 seconds
[198.615s][info ][safepoint    ] Entering safepoint region: Cleanup
[198.615s][info ][safepoint    ] Leaving safepoint region
[198.615s][info ][safepoint    ] Total time for which application threads were stopped: 0.0001270 seconds, Stopping threads took: 0.0000441 seconds
[198.858s][info ][safepoint    ] Application time: 0.2434240 seconds
[198.858s][info ][safepoint    ] Entering safepoint region: GenCollectForAllocation
[198.858s][info ][gc,start     ] GC(392) Pause Young (Allocation Failure)
[198.859s][info ][gc,task      ] GC(392) Using 4 workers of 4 for evacuation
[198.862s][debug][gc,ref       ] GC(392) Skipped phase1 of Reference Processing due to unavailable references
[198.862s][debug][gc,ref       ] GC(392) Skipped phase3 of Reference Processing due to unavailable references
[198.862s][debug][gc,ref       ] GC(392) Skipped phase4 of Reference Processing due to unavailable references
[198.862s][debug][gc,age       ] GC(392) Desired survivor size 15368192 bytes, new threshold 6 (max threshold 6)
[198.862s][info ][gc,heap      ] GC(392) ParNew: 241251K->694K(270336K)
[198.862s][info ][gc,heap      ] GC(392) CMS: 418561K->418631K(600768K)
[198.862s][info ][gc,metaspace ] GC(392) Metaspace: 64271K->64271K(1107968K)
[198.862s][info ][gc           ] GC(392) Pause Young (Allocation Failure) 644M->409M(850M) 3.310ms
[198.862s][info ][gc,cpu       ] GC(392) User=0.01s Sys=0.00s Real=0.00s
[198.862s][info ][safepoint    ] Leaving safepoint region
[198.862s][info ][safepoint    ] Total time for which application threads were stopped: 0.0034716 seconds, Stopping threads took: 0.0000159 seconds
[199.862s][info ][safepoint    ] Application time: 1.0001408 seconds
[199.862s][info ][safepoint    ] Entering safepoint region: Cleanup
[199.862s][info ][safepoint    ] Leaving safepoint region
[199.862s][info ][safepoint    ] Total time for which application threads were stopped: 0.0001460 seconds, Stopping threads took: 0.0000637 seconds
[200.097s][info ][safepoint    ] Application time: 0.2347027 seconds
[200.097s][info ][safepoint    ] Entering safepoint region: GenCollectForAllocation
[200.097s][info ][gc,start     ] GC(393) Pause Young (Allocation Failure)
[200.097s][info ][gc,task      ] GC(393) Using 4 workers of 4 for evacuation
[200.100s][debug][gc,ref       ] GC(393) Skipped phase1 of Reference Processing due to unavailable references
[200.100s][debug][gc,ref       ] GC(393) Skipped phase3 of Reference Processing due to unavailable references
[200.100s][debug][gc,age       ] GC(393) Desired survivor size 15368192 bytes, new threshold 6 (max threshold 6)
[200.100s][info ][gc,heap      ] GC(393) ParNew: 241014K->767K(270336K)
[200.100s][info ][gc,heap      ] GC(393) CMS: 418631K->418721K(600768K)
[200.100s][info ][gc,metaspace ] GC(393) Metaspace: 64297K->64297K(1107968K)
[200.100s][info ][gc           ] GC(393) Pause Young (Allocation Failure) 644M->409M(850M) 3.441ms
[200.100s][info ][gc,cpu       ] GC(393) User=0.01s Sys=0.00s Real=0.00s
[200.101s][info ][safepoint    ] Leaving safepoint region
[200.101s][info ][safepoint    ] Total time for which application threads were stopped: 0.0036169 seconds, Stopping threads took: 0.0000380 seconds
[201.320s][info ][safepoint    ] Application time: 1.2196037 seconds
[201.320s][info ][safepoint    ] Entering safepoint region: GenCollectForAllocation
[201.320s][info ][gc,start     ] GC(394) Pause Young (Allocation Failure)
[201.320s][info ][gc,task      ] GC(394) Using 4 workers of 4 for evacuation
[201.323s][debug][gc,ref       ] GC(394) Skipped phase1 of Reference Processing due to unavailable references
[201.323s][debug][gc,ref       ] GC(394) Skipped phase3 of Reference Processing due to unavailable references
[201.323s][debug][gc,ref       ] GC(394) Skipped phase4 of Reference Processing due to unavailable references
[201.324s][debug][gc,age       ] GC(394) Desired survivor size 15368192 bytes, new threshold 6 (max threshold 6)
[201.324s][info ][gc,heap      ] GC(394) ParNew: 241087K->1006K(270336K)
[201.324s][info ][gc,heap      ] GC(394) CMS: 418721K->418814K(600768K)
[201.324s][info ][gc,metaspace ] GC(394) Metaspace: 64299K->64299K(1107968K)
[201.324s][info ][gc           ] GC(394) Pause Young (Allocation Failure) 644M->409M(850M) 3.340ms
[201.324s][info ][gc,cpu       ] GC(394) User=0.01s Sys=0.00s Real=0.00s
[201.324s][info ][safepoint    ] Leaving safepoint region
[201.324s][info ][safepoint    ] Total time for which application threads were stopped: 0.0034932 seconds, Stopping threads took: 0.0000177 seconds
[202.324s][info ][safepoint    ] Application time: 1.0001121 seconds
[202.324s][info ][safepoint    ] Entering safepoint region: Cleanup
[202.324s][info ][safepoint    ] Leaving safepoint region
[202.324s][info ][safepoint    ] Total time for which application threads were stopped: 0.0001296 seconds, Stopping threads took: 0.0000368 seconds
[202.533s][info ][safepoint    ] Application time: 0.2092697 seconds
[202.533s][info ][safepoint    ] Entering safepoint region: GenCollectForAllocation
[202.533s][info ][gc,start     ] GC(395) Pause Young (Allocation Failure)
[202.533s][info ][gc,task      ] GC(395) Using 4 workers of 4 for evacuation
[202.536s][debug][gc,ref       ] GC(395) Skipped phase1 of Reference Processing due to unavailable references
[202.536s][debug][gc,ref       ] GC(395) Skipped phase3 of Reference Processing due to unavailable references
[202.536s][debug][gc,ref       ] GC(395) Skipped phase4 of Reference Processing due to unavailable references
[202.536s][debug][gc,age       ] GC(395) Desired survivor size 15368192 bytes, new threshold 6 (max threshold 6)
[202.536s][info ][gc,heap      ] GC(395) ParNew: 241326K->919K(270336K)
[202.536s][info ][gc,heap      ] GC(395) CMS: 418814K->418833K(600768K)
[202.536s][info ][gc,metaspace ] GC(395) Metaspace: 64299K->64299K(1107968K)
[202.536s][info ][gc           ] GC(395) Pause Young (Allocation Failure) 644M->409M(850M) 3.071ms
[202.536s][info ][gc,cpu       ] GC(395) User=0.01s Sys=0.00s Real=0.01s
[202.536s][info ][safepoint    ] Leaving safepoint region
[202.536s][info ][safepoint    ] Total time for which application threads were stopped: 0.0032285 seconds, Stopping threads took: 0.0000177 seconds
[202.567s][info ][safepoint    ] Application time: 0.0309651 seconds
[202.568s][info ][safepoint    ] Entering safepoint region: RevokeBias
[202.568s][info ][safepoint    ] Leaving safepoint region
[202.568s][info ][safepoint    ] Total time for which application threads were stopped: 0.0001645 seconds, Stopping threads took: 0.0000532 seconds
[203.568s][info ][safepoint    ] Application time: 1.0001700 seconds
[203.568s][info ][safepoint    ] Entering safepoint region: Cleanup
[203.568s][info ][safepoint    ] Leaving safepoint region
[203.568s][info ][safepoint    ] Total time for which application threads were stopped: 0.0001829 seconds, Stopping threads took: 0.0000462 seconds
[203.760s][info ][safepoint    ] Application time: 0.1920112 seconds
[203.760s][info ][safepoint    ] Entering safepoint region: GenCollectForAllocation
[203.760s][info ][gc,start     ] GC(396) Pause Young (Allocation Failure)
[203.760s][info ][gc,task      ] GC(396) Using 4 workers of 4 for evacuation
[203.763s][debug][gc,ref       ] GC(396) Skipped phase1 of Reference Processing due to unavailable references
[203.763s][debug][gc,ref       ] GC(396) Skipped phase3 of Reference Processing due to unavailable references
[203.763s][debug][gc,ref       ] GC(396) Skipped phase4 of Reference Processing due to unavailable references
[203.764s][debug][gc,age       ] GC(396) Desired survivor size 15368192 bytes, new threshold 6 (max threshold 6)
[203.764s][info ][gc,heap      ] GC(396) ParNew: 241239K->930K(270336K)
[203.764s][info ][gc,heap      ] GC(396) CMS: 418833K->418918K(600768K)
[203.764s][info ][gc,metaspace ] GC(396) Metaspace: 64300K->64300K(1107968K)
[203.764s][info ][gc           ] GC(396) Pause Young (Allocation Failure) 644M->410M(850M) 3.526ms
[203.764s][info ][gc,cpu       ] GC(396) User=0.02s Sys=0.00s Real=0.00s
[203.764s][info ][safepoint    ] Leaving safepoint region
[203.764s][info ][safepoint    ] Total time for which application threads were stopped: 0.0036819 seconds, Stopping threads took: 0.0000172 seconds
[204.764s][info ][safepoint    ] Application time: 1.0001421 seconds
[204.764s][info ][safepoint    ] Entering safepoint region: Cleanup
[204.764s][info ][safepoint    ] Leaving safepoint region
[204.764s][info ][safepoint    ] Total time for which application threads were stopped: 0.0001575 seconds, Stopping threads took: 0.0000445 seconds
[204.978s][info ][safepoint    ] Application time: 0.2136543 seconds
[204.978s][info ][safepoint    ] Entering safepoint region: GenCollectForAllocation
[204.978s][info ][gc,start     ] GC(397) Pause Young (Allocation Failure)
[204.978s][info ][gc,task      ] GC(397) Using 4 workers of 4 for evacuation
[204.981s][debug][gc,ref       ] GC(397) Skipped phase1 of Reference Processing due to unavailable references
[204.981s][debug][gc,ref       ] GC(397) Skipped phase3 of Reference Processing due to unavailable references
[204.981s][debug][gc,ref       ] GC(397) Skipped phase4 of Reference Processing due to unavailable references
[204.981s][debug][gc,age       ] GC(397) Desired survivor size 15368192 bytes, new threshold 6 (max threshold 6)
[204.981s][info ][gc,heap      ] GC(397) ParNew: 241250K->774K(270336K)
[204.981s][info ][gc,heap      ] GC(397) CMS: 418918K->418963K(600768K)
[204.981s][info ][gc,metaspace ] GC(397) Metaspace: 64300K->64300K(1107968K)
[204.981s][info ][gc           ] GC(397) Pause Young (Allocation Failure) 644M->409M(850M) 3.148ms
[204.981s][info ][gc,cpu       ] GC(397) User=0.01s Sys=0.00s Real=0.00s
[204.981s][info ][safepoint    ] Leaving safepoint region
[204.981s][info ][safepoint    ] Total time for which application threads were stopped: 0.0032967 seconds, Stopping threads took: 0.0000180 seconds
[205.981s][info ][safepoint    ] Application time: 1.0001448 seconds
[205.981s][info ][safepoint    ] Entering safepoint region: Cleanup
[205.981s][info ][safepoint    ] Leaving safepoint region
[205.981s][info ][safepoint    ] Total time for which application threads were stopped: 0.0001390 seconds, Stopping threads took: 0.0000403 seconds
[206.215s][info ][safepoint    ] Application time: 0.2338627 seconds
[206.215s][info ][safepoint    ] Entering safepoint region: GenCollectForAllocation
[206.215s][info ][gc,start     ] GC(398) Pause Young (Allocation Failure)
[206.215s][info ][gc,task      ] GC(398) Using 4 workers of 4 for evacuation
[206.219s][debug][gc,ref       ] GC(398) Skipped phase1 of Reference Processing due to unavailable references
[206.219s][debug][gc,ref       ] GC(398) Skipped phase3 of Reference Processing due to unavailable references
[206.219s][debug][gc,ref       ] GC(398) Skipped phase4 of Reference Processing due to unavailable references
[206.219s][debug][gc,age       ] GC(398) Desired survivor size 15368192 bytes, new threshold 6 (max threshold 6)
[206.219s][info ][gc,heap      ] GC(398) ParNew: 241094K->775K(270336K)
[206.219s][info ][gc,heap      ] GC(398) CMS: 418963K->419010K(600768K)
[206.219s][info ][gc,metaspace ] GC(398) Metaspace: 64302K->64302K(1107968K)
[206.219s][info ][gc           ] GC(398) Pause Young (Allocation Failure) 644M->409M(850M) 3.626ms
[206.219s][info ][gc,cpu       ] GC(398) User=0.01s Sys=0.00s Real=0.01s
[206.219s][info ][safepoint    ] Leaving safepoint region
[206.219s][info ][safepoint    ] Total time for which application threads were stopped: 0.0037751 seconds, Stopping threads took: 0.0000166 seconds
[207.219s][info ][safepoint    ] Application time: 1.0000948 seconds
[207.219s][info ][safepoint    ] Entering safepoint region: Cleanup
[207.219s][info ][safepoint    ] Leaving safepoint region
[207.219s][info ][safepoint    ] Total time for which application threads were stopped: 0.0001228 seconds, Stopping threads took: 0.0000419 seconds
[207.429s][info ][safepoint    ] Application time: 0.2095231 seconds
[207.429s][info ][safepoint    ] Entering safepoint region: GenCollectForAllocation
[207.429s][info ][gc,start     ] GC(399) Pause Young (Allocation Failure)
[207.429s][info ][gc,task      ] GC(399) Using 4 workers of 4 for evacuation
[207.432s][debug][gc,ref       ] GC(399) Skipped phase1 of Reference Processing due to unavailable references
[207.432s][debug][gc,ref       ] GC(399) Skipped phase2 of Reference Processing due to unavailable references
[207.432s][debug][gc,ref       ] GC(399) Skipped phase3 of Reference Processing due to unavailable references
[207.432s][debug][gc,ref       ] GC(399) Skipped phase4 of Reference Processing due to unavailable references
[207.432s][debug][gc,age       ] GC(399) Desired survivor size 15368192 bytes, new threshold 6 (max threshold 6)
[207.432s][info ][gc,heap      ] GC(399) ParNew: 241095K->733K(270336K)
[207.432s][info ][gc,heap      ] GC(399) CMS: 419010K->419069K(600768K)
[207.432s][info ][gc,metaspace ] GC(399) Metaspace: 64303K->64303K(1107968K)
[207.432s][info ][gc           ] GC(399) Pause Young (Allocation Failure) 644M->409M(850M) 3.209ms
[207.432s][info ][gc,cpu       ] GC(399) User=0.01s Sys=0.00s Real=0.00s
[207.432s][info ][safepoint    ] Leaving safepoint region
[207.432s][info ][safepoint    ] Total time for which application threads were stopped: 0.0033478 seconds, Stopping threads took: 0.0000180 seconds
[208.432s][info ][safepoint    ] Application time: 1.0001121 seconds
[208.433s][info ][safepoint    ] Entering safepoint region: Cleanup
[208.433s][info ][safepoint    ] Leaving safepoint region
[208.433s][info ][safepoint    ] Total time for which application threads were stopped: 0.0002951 seconds, Stopping threads took: 0.0002317 seconds
[208.663s][info ][safepoint    ] Application time: 0.2299304 seconds
[208.663s][info ][safepoint    ] Entering safepoint region: GenCollectForAllocation
[208.663s][info ][gc,start     ] GC(400) Pause Young (Allocation Failure)
[208.663s][info ][gc,task      ] GC(400) Using 4 workers of 4 for evacuation
[208.666s][debug][gc,ref       ] GC(400) Skipped phase1 of Reference Processing due to unavailable references
[208.666s][debug][gc,ref       ] GC(400) Skipped phase2 of Reference Processing due to unavailable references
[208.666s][debug][gc,ref       ] GC(400) Skipped phase3 of Reference Processing due to unavailable references
[208.666s][debug][gc,ref       ] GC(400) Skipped phase4 of Reference Processing due to unavailable references
[208.666s][debug][gc,age       ] GC(400) Desired survivor size 15368192 bytes, new threshold 6 (max threshold 6)
[208.666s][info ][gc,heap      ] GC(400) ParNew: 241053K->543K(270336K)
[208.666s][info ][gc,heap      ] GC(400) CMS: 419069K->419254K(600768K)
[208.666s][info ][gc,metaspace ] GC(400) Metaspace: 64303K->64303K(1107968K)
[208.666s][info ][gc           ] GC(400) Pause Young (Allocation Failure) 644M->409M(850M) 3.037ms
[208.666s][info ][gc,cpu       ] GC(400) User=0.01s Sys=0.00s Real=0.00s
[208.666s][info ][safepoint    ] Leaving safepoint region
[208.666s][info ][safepoint    ] Total time for which application threads were stopped: 0.0031982 seconds, Stopping threads took: 0.0000166 seconds
[209.666s][info ][safepoint    ] Application time: 1.0001646 seconds
[209.666s][info ][safepoint    ] Entering safepoint region: Cleanup
[209.666s][info ][safepoint    ] Leaving safepoint region
[209.666s][info ][safepoint    ] Total time for which application threads were stopped: 0.0001213 seconds, Stopping threads took: 0.0000444 seconds
[209.877s][info ][safepoint    ] Application time: 0.2104159 seconds
[209.877s][info ][safepoint    ] Entering safepoint region: GenCollectForAllocation
[209.877s][info ][gc,start     ] GC(401) Pause Young (Allocation Failure)
[209.877s][info ][gc,task      ] GC(401) Using 4 workers of 4 for evacuation
[209.879s][debug][gc,ref       ] GC(401) Skipped phase1 of Reference Processing due to unavailable references
[209.879s][debug][gc,ref       ] GC(401) Skipped phase2 of Reference Processing due to unavailable references
[209.879s][debug][gc,ref       ] GC(401) Skipped phase3 of Reference Processing due to unavailable references
[209.879s][debug][gc,ref       ] GC(401) Skipped phase4 of Reference Processing due to unavailable references
[209.879s][debug][gc,age       ] GC(401) Desired survivor size 15368192 bytes, new threshold 6 (max threshold 6)
[209.879s][info ][gc,heap      ] GC(401) ParNew: 240863K->581K(270336K)
[209.879s][info ][gc,heap      ] GC(401) CMS: 419254K->419288K(600768K)
[209.880s][info ][gc,metaspace ] GC(401) Metaspace: 64310K->64310K(1107968K)
[209.880s][info ][gc           ] GC(401) Pause Young (Allocation Failure) 644M->410M(850M) 2.673ms
[209.880s][info ][gc,cpu       ] GC(401) User=0.01s Sys=0.00s Real=0.00s
[209.880s][info ][safepoint    ] Leaving safepoint region
[209.880s][info ][safepoint    ] Total time for which application threads were stopped: 0.0029098 seconds, Stopping threads took: 0.0000167 seconds
[211.109s][info ][safepoint    ] Application time: 1.2292206 seconds
[211.109s][info ][safepoint    ] Entering safepoint region: GenCollectForAllocation
[211.109s][info ][gc,start     ] GC(402) Pause Young (Allocation Failure)
[211.109s][info ][gc,task      ] GC(402) Using 4 workers of 4 for evacuation
[211.112s][debug][gc,ref       ] GC(402) Skipped phase1 of Reference Processing due to unavailable references
[211.112s][debug][gc,ref       ] GC(402) Skipped phase2 of Reference Processing due to unavailable references
[211.112s][debug][gc,ref       ] GC(402) Skipped phase3 of Reference Processing due to unavailable references
[211.112s][debug][gc,ref       ] GC(402) Skipped phase4 of Reference Processing due to unavailable references
[211.112s][debug][gc,age       ] GC(402) Desired survivor size 15368192 bytes, new threshold 6 (max threshold 6)
[211.112s][info ][gc,heap      ] GC(402) ParNew: 240901K->650K(270336K)
[211.112s][info ][gc,heap      ] GC(402) CMS: 419288K->419313K(600768K)
[211.112s][info ][gc,metaspace ] GC(402) Metaspace: 64311K->64311K(1107968K)
[211.112s][info ][gc           ] GC(402) Pause Young (Allocation Failure) 644M->410M(850M) 3.145ms
[211.112s][info ][gc,cpu       ] GC(402) User=0.01s Sys=0.00s Real=0.00s
[211.112s][info ][safepoint    ] Leaving safepoint region
[211.112s][info ][safepoint    ] Total time for which application threads were stopped: 0.0033092 seconds, Stopping threads took: 0.0000155 seconds
[212.112s][info ][safepoint    ] Application time: 1.0001068 seconds
[212.112s][info ][safepoint    ] Entering safepoint region: Cleanup
[212.112s][info ][safepoint    ] Leaving safepoint region
[212.112s][info ][safepoint    ] Total time for which application threads were stopped: 0.0001361 seconds, Stopping threads took: 0.0000691 seconds
[212.324s][info ][safepoint    ] Application time: 0.2114509 seconds
[212.324s][info ][safepoint    ] Entering safepoint region: GenCollectForAllocation
[212.324s][info ][gc,start     ] GC(403) Pause Young (Allocation Failure)
[212.324s][info ][gc,task      ] GC(403) Using 4 workers of 4 for evacuation
[212.327s][debug][gc,ref       ] GC(403) Skipped phase1 of Reference Processing due to unavailable references
[212.327s][debug][gc,ref       ] GC(403) Skipped phase2 of Reference Processing due to unavailable references
[212.327s][debug][gc,ref       ] GC(403) Skipped phase3 of Reference Processing due to unavailable references
[212.327s][debug][gc,ref       ] GC(403) Skipped phase4 of Reference Processing due to unavailable references
[212.327s][debug][gc,age       ] GC(403) Desired survivor size 15368192 bytes, new threshold 6 (max threshold 6)
[212.327s][info ][gc,heap      ] GC(403) ParNew: 240970K->661K(270336K)
[212.327s][info ][gc,heap      ] GC(403) CMS: 419313K->419321K(600768K)
[212.327s][info ][gc,metaspace ] GC(403) Metaspace: 64315K->64315K(1107968K)
[212.327s][info ][gc           ] GC(403) Pause Young (Allocation Failure) 644M->410M(850M) 3.118ms
[212.327s][info ][gc,cpu       ] GC(403) User=0.01s Sys=0.00s Real=0.00s
[212.327s][info ][safepoint    ] Leaving safepoint region
[212.327s][info ][safepoint    ] Total time for which application threads were stopped: 0.0032700 seconds, Stopping threads took: 0.0000171 seconds
[213.549s][info ][safepoint    ] Application time: 1.2222590 seconds
[213.550s][info ][safepoint    ] Entering safepoint region: GenCollectForAllocation
[213.550s][info ][gc,start     ] GC(404) Pause Young (Allocation Failure)
[213.550s][info ][gc,task      ] GC(404) Using 4 workers of 4 for evacuation
[213.552s][debug][gc,ref       ] GC(404) Skipped phase1 of Reference Processing due to unavailable references
[213.552s][debug][gc,ref       ] GC(404) Skipped phase2 of Reference Processing due to unavailable references
[213.552s][debug][gc,ref       ] GC(404) Skipped phase3 of Reference Processing due to unavailable references
[213.552s][debug][gc,ref       ] GC(404) Skipped phase4 of Reference Processing due to unavailable references
[213.552s][debug][gc,age       ] GC(404) Desired survivor size 15368192 bytes, new threshold 6 (max threshold 6)
[213.553s][info ][gc,heap      ] GC(404) ParNew: 240981K->860K(270336K)
[213.553s][info ][gc,heap      ] GC(404) CMS: 419321K->419339K(600768K)
[213.553s][info ][gc,metaspace ] GC(404) Metaspace: 64317K->64317K(1107968K)
[213.553s][info ][gc           ] GC(404) Pause Young (Allocation Failure) 644M->410M(850M) 2.909ms
[213.553s][info ][gc,cpu       ] GC(404) User=0.02s Sys=0.00s Real=0.00s
[213.553s][info ][safepoint    ] Leaving safepoint region
[213.553s][info ][safepoint    ] Total time for which application threads were stopped: 0.0030598 seconds, Stopping threads took: 0.0000175 seconds
[214.553s][info ][safepoint    ] Application time: 1.0001127 seconds
[214.553s][info ][safepoint    ] Entering safepoint region: Cleanup
[214.553s][info ][safepoint    ] Leaving safepoint region
[214.553s][info ][safepoint    ] Total time for which application threads were stopped: 0.0001230 seconds, Stopping threads took: 0.0000427 seconds
[214.772s][info ][safepoint    ] Application time: 0.2190815 seconds
[214.772s][info ][safepoint    ] Entering safepoint region: GenCollectForAllocation
[214.772s][info ][gc,start     ] GC(405) Pause Young (Allocation Failure)
[214.772s][info ][gc,task      ] GC(405) Using 4 workers of 4 for evacuation
[214.775s][debug][gc,ref       ] GC(405) Skipped phase1 of Reference Processing due to unavailable references
[214.775s][debug][gc,ref       ] GC(405) Skipped phase2 of Reference Processing due to unavailable references
[214.775s][debug][gc,ref       ] GC(405) Skipped phase3 of Reference Processing due to unavailable references
[214.775s][debug][gc,ref       ] GC(405) Skipped phase4 of Reference Processing due to unavailable references
[214.775s][debug][gc,age       ] GC(405) Desired survivor size 15368192 bytes, new threshold 6 (max threshold 6)
[214.775s][info ][gc,heap      ] GC(405) ParNew: 241180K->829K(270336K)
[214.775s][info ][gc,heap      ] GC(405) CMS: 419339K->419356K(600768K)
[214.775s][info ][gc,metaspace ] GC(405) Metaspace: 64317K->64317K(1107968K)
[214.775s][info ][gc           ] GC(405) Pause Young (Allocation Failure) 645M->410M(850M) 3.351ms
[214.775s][info ][gc,cpu       ] GC(405) User=0.01s Sys=0.00s Real=0.00s
[214.775s][info ][safepoint    ] Leaving safepoint region
[214.775s][info ][safepoint    ] Total time for which application threads were stopped: 0.0035145 seconds, Stopping threads took: 0.0000187 seconds
[215.776s][info ][safepoint    ] Application time: 1.0001310 seconds
[215.776s][info ][safepoint    ] Entering safepoint region: Cleanup
[215.776s][info ][safepoint    ] Leaving safepoint region
[215.776s][info ][safepoint    ] Total time for which application threads were stopped: 0.0001446 seconds, Stopping threads took: 0.0000604 seconds
[215.998s][info ][safepoint    ] Application time: 0.2222293 seconds
[215.998s][info ][safepoint    ] Entering safepoint region: GenCollectForAllocation
[215.998s][info ][gc,start     ] GC(406) Pause Young (Allocation Failure)
[215.998s][info ][gc,task      ] GC(406) Using 4 workers of 4 for evacuation
[216.001s][debug][gc,ref       ] GC(406) Skipped phase1 of Reference Processing due to unavailable references
[216.001s][debug][gc,ref       ] GC(406) Skipped phase2 of Reference Processing due to unavailable references
[216.001s][debug][gc,ref       ] GC(406) Skipped phase3 of Reference Processing due to unavailable references
[216.001s][debug][gc,ref       ] GC(406) Skipped phase4 of Reference Processing due to unavailable references
[216.002s][debug][gc,age       ] GC(406) Desired survivor size 15368192 bytes, new threshold 6 (max threshold 6)
[216.002s][info ][gc,heap      ] GC(406) ParNew: 241149K->828K(270336K)
[216.002s][info ][gc,heap      ] GC(406) CMS: 419356K->419377K(600768K)
[216.002s][info ][gc,metaspace ] GC(406) Metaspace: 64318K->64318K(1107968K)
[216.002s][info ][gc           ] GC(406) Pause Young (Allocation Failure) 645M->410M(850M) 3.407ms
[216.002s][info ][gc,cpu       ] GC(406) User=0.01s Sys=0.00s Real=0.00s
[216.002s][info ][safepoint    ] Leaving safepoint region
[216.002s][info ][safepoint    ] Total time for which application threads were stopped: 0.0036005 seconds, Stopping threads took: 0.0000403 seconds
[217.002s][info ][safepoint    ] Application time: 1.0001680 seconds
[217.002s][info ][safepoint    ] Entering safepoint region: Cleanup
[217.002s][info ][safepoint    ] Leaving safepoint region
[217.002s][info ][safepoint    ] Total time for which application threads were stopped: 0.0001167 seconds, Stopping threads took: 0.0000425 seconds
[217.225s][info ][safepoint    ] Application time: 0.2225610 seconds
[217.225s][info ][safepoint    ] Entering safepoint region: GenCollectForAllocation
[217.225s][info ][gc,start     ] GC(407) Pause Young (Allocation Failure)
[217.225s][info ][gc,task      ] GC(407) Using 4 workers of 4 for evacuation
[217.227s][debug][gc,ref       ] GC(407) Skipped phase1 of Reference Processing due to unavailable references
[217.227s][debug][gc,ref       ] GC(407) Skipped phase2 of Reference Processing due to unavailable references
[217.227s][debug][gc,ref       ] GC(407) Skipped phase3 of Reference Processing due to unavailable references
[217.228s][debug][gc,ref       ] GC(407) Skipped phase4 of Reference Processing due to unavailable references
[217.228s][debug][gc,age       ] GC(407) Desired survivor size 15368192 bytes, new threshold 6 (max threshold 6)
[217.228s][info ][gc,heap      ] GC(407) ParNew: 241148K->871K(270336K)
[217.228s][info ][gc,heap      ] GC(407) CMS: 419377K->419392K(600768K)
[217.228s][info ][gc,metaspace ] GC(407) Metaspace: 64319K->64319K(1107968K)
[217.228s][info ][gc           ] GC(407) Pause Young (Allocation Failure) 645M->410M(850M) 3.142ms
[217.228s][info ][gc,cpu       ] GC(407) User=0.01s Sys=0.00s Real=0.01s
[217.228s][info ][safepoint    ] Leaving safepoint region
[217.228s][info ][safepoint    ] Total time for which application threads were stopped: 0.0032895 seconds, Stopping threads took: 0.0000158 seconds
[218.228s][info ][safepoint    ] Application time: 1.0001565 seconds
[218.228s][info ][safepoint    ] Entering safepoint region: Cleanup
[218.228s][info ][safepoint    ] Leaving safepoint region
[218.228s][info ][safepoint    ] Total time for which application threads were stopped: 0.0001565 seconds, Stopping threads took: 0.0000611 seconds
[218.449s][info ][safepoint    ] Application time: 0.2203051 seconds
[218.449s][info ][safepoint    ] Entering safepoint region: GenCollectForAllocation
[218.449s][info ][gc,start     ] GC(408) Pause Young (Allocation Failure)
[218.449s][info ][gc,task      ] GC(408) Using 4 workers of 4 for evacuation
[218.452s][debug][gc,ref       ] GC(408) Skipped phase1 of Reference Processing due to unavailable references
[218.452s][debug][gc,ref       ] GC(408) Skipped phase2 of Reference Processing due to unavailable references
[218.452s][debug][gc,ref       ] GC(408) Skipped phase3 of Reference Processing due to unavailable references
[218.452s][debug][gc,ref       ] GC(408) Skipped phase4 of Reference Processing due to unavailable references
[218.452s][debug][gc,age       ] GC(408) Desired survivor size 15368192 bytes, new threshold 6 (max threshold 6)
[218.452s][info ][gc,heap      ] GC(408) ParNew: 241191K->887K(270336K)
[218.452s][info ][gc,heap      ] GC(408) CMS: 419392K->419497K(600768K)
[218.452s][info ][gc,metaspace ] GC(408) Metaspace: 64319K->64319K(1107968K)
[218.452s][info ][gc           ] GC(408) Pause Young (Allocation Failure) 645M->410M(850M) 3.053ms
[218.452s][info ][gc,cpu       ] GC(408) User=0.01s Sys=0.00s Real=0.00s
[218.452s][info ][safepoint    ] Leaving safepoint region
[218.452s][info ][safepoint    ] Total time for which application threads were stopped: 0.0032503 seconds, Stopping threads took: 0.0000420 seconds
[219.452s][info ][safepoint    ] Application time: 1.0001325 seconds
[219.452s][info ][safepoint    ] Entering safepoint region: Cleanup
[219.452s][info ][safepoint    ] Leaving safepoint region
[219.452s][info ][safepoint    ] Total time for which application threads were stopped: 0.0001421 seconds, Stopping threads took: 0.0000571 seconds
[219.670s][info ][safepoint    ] Application time: 0.2177120 seconds
[219.670s][info ][safepoint    ] Entering safepoint region: GenCollectForAllocation
[219.670s][info ][gc,start     ] GC(409) Pause Young (Allocation Failure)
[219.670s][info ][gc,task      ] GC(409) Using 4 workers of 4 for evacuation
[219.673s][debug][gc,ref       ] GC(409) Skipped phase1 of Reference Processing due to unavailable references
[219.673s][debug][gc,ref       ] GC(409) Skipped phase2 of Reference Processing due to unavailable references
[219.673s][debug][gc,ref       ] GC(409) Skipped phase3 of Reference Processing due to unavailable references
[219.673s][debug][gc,ref       ] GC(409) Skipped phase4 of Reference Processing due to unavailable references
[219.673s][debug][gc,age       ] GC(409) Desired survivor size 15368192 bytes, new threshold 6 (max threshold 6)
[219.673s][info ][gc,heap      ] GC(409) ParNew: 241207K->687K(270336K)
[219.673s][info ][gc,heap      ] GC(409) CMS: 419497K->419548K(600768K)
[219.673s][info ][gc,metaspace ] GC(409) Metaspace: 64320K->64320K(1107968K)
[219.674s][info ][gc           ] GC(409) Pause Young (Allocation Failure) 645M->410M(850M) 3.452ms
[219.674s][info ][gc,cpu       ] GC(409) User=0.02s Sys=0.00s Real=0.00s
[219.674s][info ][safepoint    ] Leaving safepoint region
[219.674s][info ][safepoint    ] Total time for which application threads were stopped: 0.0036365 seconds, Stopping threads took: 0.0000160 seconds
[220.674s][info ][safepoint    ] Application time: 1.0003439 seconds
[220.674s][info ][safepoint    ] Entering safepoint region: Cleanup
[220.674s][info ][safepoint    ] Leaving safepoint region
[220.674s][info ][safepoint    ] Total time for which application threads were stopped: 0.0001323 seconds, Stopping threads took: 0.0000416 seconds
[220.883s][info ][safepoint    ] Application time: 0.2087187 seconds
[220.883s][info ][safepoint    ] Entering safepoint region: RevokeBias
[220.883s][info ][safepoint    ] Leaving safepoint region
[220.883s][info ][safepoint    ] Total time for which application threads were stopped: 0.0000945 seconds, Stopping threads took: 0.0000141 seconds
[220.898s][info ][safepoint    ] Application time: 0.0146851 seconds
[220.898s][info ][safepoint    ] Entering safepoint region: GenCollectForAllocation
[220.898s][info ][gc,start     ] GC(410) Pause Young (Allocation Failure)
[220.898s][info ][gc,task      ] GC(410) Using 4 workers of 4 for evacuation
[220.901s][debug][gc,ref       ] GC(410) Skipped phase1 of Reference Processing due to unavailable references
[220.901s][debug][gc,ref       ] GC(410) Skipped phase2 of Reference Processing due to unavailable references
[220.901s][debug][gc,ref       ] GC(410) Skipped phase3 of Reference Processing due to unavailable references
[220.901s][debug][gc,ref       ] GC(410) Skipped phase4 of Reference Processing due to unavailable references
[220.901s][debug][gc,age       ] GC(410) Desired survivor size 15368192 bytes, new threshold 6 (max threshold 6)
[220.901s][info ][gc,heap      ] GC(410) ParNew: 241007K->535K(270336K)
[220.901s][info ][gc,heap      ] GC(410) CMS: 419548K->419668K(600768K)
[220.901s][info ][gc,metaspace ] GC(410) Metaspace: 64322K->64322K(1107968K)
[220.901s][info ][gc           ] GC(410) Pause Young (Allocation Failure) 645M->410M(850M) 3.443ms
[220.901s][info ][gc,cpu       ] GC(410) User=0.01s Sys=0.00s Real=0.00s
[220.901s][info ][safepoint    ] Leaving safepoint region
[220.901s][info ][safepoint    ] Total time for which application threads were stopped: 0.0035867 seconds, Stopping threads took: 0.0000145 seconds
[222.120s][info ][safepoint    ] Application time: 1.2188970 seconds
[222.120s][info ][safepoint    ] Entering safepoint region: GenCollectForAllocation
[222.120s][info ][gc,start     ] GC(411) Pause Young (Allocation Failure)
[222.120s][info ][gc,task      ] GC(411) Using 4 workers of 4 for evacuation
[222.123s][debug][gc,ref       ] GC(411) Skipped phase1 of Reference Processing due to unavailable references
[222.123s][debug][gc,ref       ] GC(411) Skipped phase2 of Reference Processing due to unavailable references
[222.123s][debug][gc,ref       ] GC(411) Skipped phase3 of Reference Processing due to unavailable references
[222.123s][debug][gc,ref       ] GC(411) Skipped phase4 of Reference Processing due to unavailable references
[222.123s][debug][gc,age       ] GC(411) Desired survivor size 15368192 bytes, new threshold 6 (max threshold 6)
[222.123s][info ][gc,heap      ] GC(411) ParNew: 240855K->679K(270336K)
[222.123s][info ][gc,heap      ] GC(411) CMS: 419668K->419674K(600768K)
[222.123s][info ][gc,metaspace ] GC(411) Metaspace: 64322K->64322K(1107968K)
[222.123s][info ][gc           ] GC(411) Pause Young (Allocation Failure) 645M->410M(850M) 3.077ms
[222.123s][info ][gc,cpu       ] GC(411) User=0.01s Sys=0.00s Real=0.00s
[222.123s][info ][safepoint    ] Leaving safepoint region
[222.123s][info ][safepoint    ] Total time for which application threads were stopped: 0.0032301 seconds, Stopping threads took: 0.0000217 seconds
[223.123s][info ][safepoint    ] Application time: 1.0001090 seconds
[223.124s][info ][safepoint    ] Entering safepoint region: Cleanup
[223.124s][info ][safepoint    ] Leaving safepoint region
[223.124s][info ][safepoint    ] Total time for which application threads were stopped: 0.0001326 seconds, Stopping threads took: 0.0000547 seconds
[223.353s][info ][safepoint    ] Application time: 0.2295338 seconds
[223.353s][info ][safepoint    ] Entering safepoint region: GenCollectForAllocation
[223.353s][info ][gc,start     ] GC(412) Pause Young (Allocation Failure)
[223.353s][info ][gc,task      ] GC(412) Using 4 workers of 4 for evacuation
[223.356s][debug][gc,ref       ] GC(412) Skipped phase1 of Reference Processing due to unavailable references
[223.356s][debug][gc,ref       ] GC(412) Skipped phase2 of Reference Processing due to unavailable references
[223.356s][debug][gc,ref       ] GC(412) Skipped phase3 of Reference Processing due to unavailable references
[223.356s][debug][gc,ref       ] GC(412) Skipped phase4 of Reference Processing due to unavailable references
[223.357s][debug][gc,age       ] GC(412) Desired survivor size 15368192 bytes, new threshold 6 (max threshold 6)
[223.357s][info ][gc,heap      ] GC(412) ParNew: 240999K->647K(270336K)
[223.357s][info ][gc,heap      ] GC(412) CMS: 419674K->419715K(600768K)
[223.357s][info ][gc,metaspace ] GC(412) Metaspace: 64324K->64324K(1107968K)
[223.357s][info ][gc           ] GC(412) Pause Young (Allocation Failure) 645M->410M(850M) 3.260ms
[223.357s][info ][gc,cpu       ] GC(412) User=0.02s Sys=0.00s Real=0.01s
[223.357s][info ][safepoint    ] Leaving safepoint region
[223.357s][info ][safepoint    ] Total time for which application threads were stopped: 0.0034122 seconds, Stopping threads took: 0.0000173 seconds
[224.357s][info ][safepoint    ] Application time: 1.0000783 seconds
[224.357s][info ][safepoint    ] Entering safepoint region: Cleanup
[224.357s][info ][safepoint    ] Leaving safepoint region
[224.357s][info ][safepoint    ] Total time for which application threads were stopped: 0.0001523 seconds, Stopping threads took: 0.0000687 seconds
[224.570s][info ][safepoint    ] Application time: 0.2128889 seconds
[224.570s][info ][safepoint    ] Entering safepoint region: GenCollectForAllocation
[224.570s][info ][gc,start     ] GC(413) Pause Young (Allocation Failure)
[224.570s][info ][gc,task      ] GC(413) Using 4 workers of 4 for evacuation
[224.573s][debug][gc,ref       ] GC(413) Skipped phase1 of Reference Processing due to unavailable references
[224.573s][debug][gc,ref       ] GC(413) Skipped phase2 of Reference Processing due to unavailable references
[224.573s][debug][gc,ref       ] GC(413) Skipped phase3 of Reference Processing due to unavailable references
[224.573s][debug][gc,ref       ] GC(413) Skipped phase4 of Reference Processing due to unavailable references
[224.573s][debug][gc,age       ] GC(413) Desired survivor size 15368192 bytes, new threshold 6 (max threshold 6)
[224.573s][info ][gc,heap      ] GC(413) ParNew: 240967K->653K(270336K)
[224.573s][info ][gc,heap      ] GC(413) CMS: 419715K->419729K(600768K)
[224.573s][info ][gc,metaspace ] GC(413) Metaspace: 64325K->64325K(1107968K)
[224.573s][info ][gc           ] GC(413) Pause Young (Allocation Failure) 645M->410M(850M) 3.203ms
[224.573s][info ][gc,cpu       ] GC(413) User=0.02s Sys=0.00s Real=0.00s
[224.573s][info ][safepoint    ] Leaving safepoint region
[224.573s][info ][safepoint    ] Total time for which application threads were stopped: 0.0033548 seconds, Stopping threads took: 0.0000171 seconds
[225.573s][info ][safepoint    ] Application time: 1.0001472 seconds
[225.573s][info ][safepoint    ] Entering safepoint region: Cleanup
[225.573s][info ][safepoint    ] Leaving safepoint region
[225.573s][info ][safepoint    ] Total time for which application threads were stopped: 0.0001090 seconds, Stopping threads took: 0.0000396 seconds
[225.781s][info ][safepoint    ] Application time: 0.2070377 seconds
[225.781s][info ][safepoint    ] Entering safepoint region: GenCollectForAllocation
[225.781s][info ][gc,start     ] GC(414) Pause Young (Allocation Failure)
[225.781s][info ][gc,task      ] GC(414) Using 4 workers of 4 for evacuation
[225.783s][debug][gc,ref       ] GC(414) Skipped phase1 of Reference Processing due to unavailable references
[225.783s][debug][gc,ref       ] GC(414) Skipped phase2 of Reference Processing due to unavailable references
[225.783s][debug][gc,ref       ] GC(414) Skipped phase3 of Reference Processing due to unavailable references
[225.783s][debug][gc,ref       ] GC(414) Skipped phase4 of Reference Processing due to unavailable references
[225.784s][debug][gc,age       ] GC(414) Desired survivor size 15368192 bytes, new threshold 6 (max threshold 6)
[225.784s][info ][gc,heap      ] GC(414) ParNew: 240973K->525K(270336K)
[225.784s][info ][gc,heap      ] GC(414) CMS: 419729K->419787K(600768K)
[225.784s][info ][gc,metaspace ] GC(414) Metaspace: 64326K->64326K(1107968K)
[225.784s][info ][gc           ] GC(414) Pause Young (Allocation Failure) 645M->410M(850M) 2.980ms
[225.784s][info ][gc,cpu       ] GC(414) User=0.01s Sys=0.00s Real=0.00s
[225.784s][info ][safepoint    ] Leaving safepoint region
[225.784s][info ][safepoint    ] Total time for which application threads were stopped: 0.0031528 seconds, Stopping threads took: 0.0000173 seconds
[227.011s][info ][safepoint    ] Application time: 1.2273647 seconds
[227.011s][info ][safepoint    ] Entering safepoint region: GenCollectForAllocation
[227.011s][info ][gc,start     ] GC(415) Pause Young (Allocation Failure)
[227.011s][info ][gc,task      ] GC(415) Using 4 workers of 4 for evacuation
[227.014s][debug][gc,ref       ] GC(415) Skipped phase1 of Reference Processing due to unavailable references
[227.014s][debug][gc,ref       ] GC(415) Skipped phase2 of Reference Processing due to unavailable references
[227.014s][debug][gc,ref       ] GC(415) Skipped phase3 of Reference Processing due to unavailable references
[227.014s][debug][gc,ref       ] GC(415) Skipped phase4 of Reference Processing due to unavailable references
[227.014s][debug][gc,age       ] GC(415) Desired survivor size 15368192 bytes, new threshold 6 (max threshold 6)
[227.014s][info ][gc,heap      ] GC(415) ParNew: 240845K->801K(270336K)
[227.014s][info ][gc,heap      ] GC(415) CMS: 419787K->419799K(600768K)
[227.015s][info ][gc,metaspace ] GC(415) Metaspace: 64327K->64327K(1107968K)
[227.015s][info ][gc           ] GC(415) Pause Young (Allocation Failure) 645M->410M(850M) 3.267ms
[227.015s][info ][gc,cpu       ] GC(415) User=0.01s Sys=0.00s Real=0.00s
[227.015s][info ][safepoint    ] Leaving safepoint region
[227.015s][info ][safepoint    ] Total time for which application threads were stopped: 0.0034254 seconds, Stopping threads took: 0.0000187 seconds
[228.228s][info ][safepoint    ] Application time: 1.2136998 seconds
[228.228s][info ][safepoint    ] Entering safepoint region: GenCollectForAllocation
[228.228s][info ][gc,start     ] GC(416) Pause Young (Allocation Failure)
[228.228s][info ][gc,task      ] GC(416) Using 4 workers of 4 for evacuation
[228.231s][debug][gc,ref       ] GC(416) Skipped phase1 of Reference Processing due to unavailable references
[228.231s][debug][gc,ref       ] GC(416) Skipped phase2 of Reference Processing due to unavailable references
[228.231s][debug][gc,ref       ] GC(416) Skipped phase3 of Reference Processing due to unavailable references
[228.231s][debug][gc,ref       ] GC(416) Skipped phase4 of Reference Processing due to unavailable references
[228.232s][debug][gc,age       ] GC(416) Desired survivor size 15368192 bytes, new threshold 6 (max threshold 6)
[228.232s][info ][gc,heap      ] GC(416) ParNew: 241121K->933K(270336K)
[228.232s][info ][gc,heap      ] GC(416) CMS: 419799K->419850K(600768K)
[228.232s][info ][gc,metaspace ] GC(416) Metaspace: 64330K->64330K(1107968K)
[228.232s][info ][gc           ] GC(416) Pause Young (Allocation Failure) 645M->410M(850M) 3.198ms
[228.232s][info ][gc,cpu       ] GC(416) User=0.01s Sys=0.00s Real=0.00s
[228.232s][info ][safepoint    ] Leaving safepoint region
[228.232s][info ][safepoint    ] Total time for which application threads were stopped: 0.0033437 seconds, Stopping threads took: 0.0000169 seconds
[229.232s][info ][safepoint    ] Application time: 1.0001501 seconds
[229.232s][info ][safepoint    ] Entering safepoint region: Cleanup
[229.232s][info ][safepoint    ] Leaving safepoint region
[229.232s][info ][safepoint    ] Total time for which application threads were stopped: 0.0001293 seconds, Stopping threads took: 0.0000458 seconds
[229.449s][info ][safepoint    ] Application time: 0.2166109 seconds
[229.449s][info ][safepoint    ] Entering safepoint region: GenCollectForAllocation
[229.449s][info ][gc,start     ] GC(417) Pause Young (Allocation Failure)
[229.449s][info ][gc,task      ] GC(417) Using 4 workers of 4 for evacuation
[229.452s][debug][gc,ref       ] GC(417) Skipped phase1 of Reference Processing due to unavailable references
[229.452s][debug][gc,ref       ] GC(417) Skipped phase2 of Reference Processing due to unavailable references
[229.452s][debug][gc,ref       ] GC(417) Skipped phase3 of Reference Processing due to unavailable references
[229.452s][debug][gc,ref       ] GC(417) Skipped phase4 of Reference Processing due to unavailable references
[229.452s][debug][gc,age       ] GC(417) Desired survivor size 15368192 bytes, new threshold 6 (max threshold 6)
[229.452s][info ][gc,heap      ] GC(417) ParNew: 241253K->975K(270336K)
[229.452s][info ][gc,heap      ] GC(417) CMS: 419850K->419897K(600768K)
[229.452s][info ][gc,metaspace ] GC(417) Metaspace: 64330K->64330K(1107968K)
[229.452s][info ][gc           ] GC(417) Pause Young (Allocation Failure) 645M->411M(850M) 3.598ms
[229.452s][info ][gc,cpu       ] GC(417) User=0.02s Sys=0.00s Real=0.00s
[229.452s][info ][safepoint    ] Leaving safepoint region
[229.452s][info ][safepoint    ] Total time for which application threads were stopped: 0.0038059 seconds, Stopping threads took: 0.0000632 seconds
[230.656s][info ][safepoint    ] Application time: 1.2031384 seconds
[230.656s][info ][safepoint    ] Entering safepoint region: GenCollectForAllocation
[230.656s][info ][gc,start     ] GC(418) Pause Young (Allocation Failure)
[230.656s][info ][gc,task      ] GC(418) Using 4 workers of 4 for evacuation
[230.659s][debug][gc,ref       ] GC(418) Skipped phase1 of Reference Processing due to unavailable references
[230.659s][debug][gc,ref       ] GC(418) Skipped phase2 of Reference Processing due to unavailable references
[230.659s][debug][gc,ref       ] GC(418) Skipped phase3 of Reference Processing due to unavailable references
[230.659s][debug][gc,ref       ] GC(418) Skipped phase4 of Reference Processing due to unavailable references
[230.659s][debug][gc,age       ] GC(418) Desired survivor size 15368192 bytes, new threshold 6 (max threshold 6)
[230.659s][info ][gc,heap      ] GC(418) ParNew: 241295K->914K(270336K)
[230.659s][info ][gc,heap      ] GC(418) CMS: 419897K->419955K(600768K)
[230.659s][info ][gc,metaspace ] GC(418) Metaspace: 64330K->64330K(1107968K)
[230.659s][info ][gc           ] GC(418) Pause Young (Allocation Failure) 645M->411M(850M) 3.137ms
[230.659s][info ][gc,cpu       ] GC(418) User=0.01s Sys=0.00s Real=0.00s
[230.659s][info ][safepoint    ] Leaving safepoint region
[230.659s][info ][safepoint    ] Total time for which application threads were stopped: 0.0033023 seconds, Stopping threads took: 0.0000168 seconds
[231.659s][info ][safepoint    ] Application time: 1.0000893 seconds
[231.659s][info ][safepoint    ] Entering safepoint region: Cleanup
[231.659s][info ][safepoint    ] Leaving safepoint region
[231.659s][info ][safepoint    ] Total time for which application threads were stopped: 0.0001244 seconds, Stopping threads took: 0.0000538 seconds
[231.866s][info ][safepoint    ] Application time: 0.2071704 seconds
[231.866s][info ][safepoint    ] Entering safepoint region: GenCollectForAllocation
[231.866s][info ][gc,start     ] GC(419) Pause Young (Allocation Failure)
[231.866s][info ][gc,task      ] GC(419) Using 4 workers of 4 for evacuation
[231.869s][debug][gc,ref       ] GC(419) Skipped phase1 of Reference Processing due to unavailable references
[231.869s][debug][gc,ref       ] GC(419) Skipped phase2 of Reference Processing due to unavailable references
[231.869s][debug][gc,ref       ] GC(419) Skipped phase3 of Reference Processing due to unavailable references
[231.869s][debug][gc,ref       ] GC(419) Skipped phase4 of Reference Processing due to unavailable references
[231.869s][debug][gc,age       ] GC(419) Desired survivor size 15368192 bytes, new threshold 6 (max threshold 6)
[231.870s][info ][gc,heap      ] GC(419) ParNew: 241234K->1078K(270336K)
[231.870s][info ][gc,heap      ] GC(419) CMS: 419955K->419961K(600768K)
[231.870s][info ][gc,metaspace ] GC(419) Metaspace: 64338K->64338K(1107968K)
[231.870s][info ][gc           ] GC(419) Pause Young (Allocation Failure) 645M->411M(850M) 3.107ms
[231.870s][info ][gc,cpu       ] GC(419) User=0.01s Sys=0.00s Real=0.01s
[231.870s][info ][safepoint    ] Leaving safepoint region
[231.870s][info ][safepoint    ] Total time for which application threads were stopped: 0.0032789 seconds, Stopping threads took: 0.0000185 seconds
[232.870s][info ][safepoint    ] Application time: 1.0001098 seconds
[232.870s][info ][safepoint    ] Entering safepoint region: Cleanup
[232.870s][info ][safepoint    ] Leaving safepoint region
[232.870s][info ][safepoint    ] Total time for which application threads were stopped: 0.0001167 seconds, Stopping threads took: 0.0000434 seconds
[233.098s][info ][safepoint    ] Application time: 0.2280902 seconds
[233.098s][info ][safepoint    ] Entering safepoint region: GenCollectForAllocation
[233.098s][info ][gc,start     ] GC(420) Pause Young (Allocation Failure)
[233.098s][info ][gc,task      ] GC(420) Using 4 workers of 4 for evacuation
[233.101s][debug][gc,ref       ] GC(420) Skipped phase1 of Reference Processing due to unavailable references
[233.101s][debug][gc,ref       ] GC(420) Skipped phase2 of Reference Processing due to unavailable references
[233.101s][debug][gc,ref       ] GC(420) Skipped phase3 of Reference Processing due to unavailable references
[233.101s][debug][gc,ref       ] GC(420) Skipped phase4 of Reference Processing due to unavailable references
[233.101s][debug][gc,age       ] GC(420) Desired survivor size 15368192 bytes, new threshold 6 (max threshold 6)
[233.101s][info ][gc,heap      ] GC(420) ParNew: 241398K->922K(270336K)
[233.101s][info ][gc,heap      ] GC(420) CMS: 419961K->420002K(600768K)
[233.101s][info ][gc,metaspace ] GC(420) Metaspace: 64338K->64338K(1107968K)
[233.101s][info ][gc           ] GC(420) Pause Young (Allocation Failure) 645M->411M(850M) 3.242ms
[233.101s][info ][gc,cpu       ] GC(420) User=0.01s Sys=0.00s Real=0.00s
[233.101s][info ][safepoint    ] Leaving safepoint region
[233.101s][info ][safepoint    ] Total time for which application threads were stopped: 0.0034209 seconds, Stopping threads took: 0.0000446 seconds
[234.102s][info ][safepoint    ] Application time: 1.0001466 seconds
[234.102s][info ][safepoint    ] Entering safepoint region: Cleanup
[234.102s][info ][safepoint    ] Leaving safepoint region
[234.102s][info ][safepoint    ] Total time for which application threads were stopped: 0.0002085 seconds, Stopping threads took: 0.0001196 seconds
[234.321s][info ][safepoint    ] Application time: 0.2192962 seconds
[234.321s][info ][safepoint    ] Entering safepoint region: GenCollectForAllocation
[234.321s][info ][gc,start     ] GC(421) Pause Young (Allocation Failure)
[234.321s][info ][gc,task      ] GC(421) Using 4 workers of 4 for evacuation
[234.325s][debug][gc,ref       ] GC(421) Skipped phase1 of Reference Processing due to unavailable references
[234.325s][debug][gc,ref       ] GC(421) Skipped phase2 of Reference Processing due to unavailable references
[234.325s][debug][gc,ref       ] GC(421) Skipped phase3 of Reference Processing due to unavailable references
[234.325s][debug][gc,ref       ] GC(421) Skipped phase4 of Reference Processing due to unavailable references
[234.325s][debug][gc,age       ] GC(421) Desired survivor size 15368192 bytes, new threshold 6 (max threshold 6)
[234.325s][info ][gc,heap      ] GC(421) ParNew: 241242K->961K(270336K)
[234.325s][info ][gc,heap      ] GC(421) CMS: 420002K->420114K(600768K)
[234.325s][info ][gc,metaspace ] GC(421) Metaspace: 64339K->64339K(1107968K)
[234.325s][info ][gc           ] GC(421) Pause Young (Allocation Failure) 645M->411M(850M) 3.965ms
[234.325s][info ][gc,cpu       ] GC(421) User=0.02s Sys=0.00s Real=0.00s
[234.325s][info ][safepoint    ] Leaving safepoint region
[234.325s][info ][safepoint    ] Total time for which application threads were stopped: 0.0041240 seconds, Stopping threads took: 0.0000175 seconds
[235.325s][info ][safepoint    ] Application time: 1.0000932 seconds
[235.326s][info ][safepoint    ] Entering safepoint region: Cleanup
[235.326s][info ][safepoint    ] Leaving safepoint region
[235.326s][info ][safepoint    ] Total time for which application threads were stopped: 0.0001439 seconds, Stopping threads took: 0.0000672 seconds
[235.548s][info ][safepoint    ] Application time: 0.2219081 seconds
[235.548s][info ][safepoint    ] Entering safepoint region: GenCollectForAllocation
[235.548s][info ][gc,start     ] GC(422) Pause Young (Allocation Failure)
[235.548s][info ][gc,task      ] GC(422) Using 4 workers of 4 for evacuation
[235.551s][debug][gc,ref       ] GC(422) Skipped phase1 of Reference Processing due to unavailable references
[235.551s][debug][gc,ref       ] GC(422) Skipped phase2 of Reference Processing due to unavailable references
[235.551s][debug][gc,ref       ] GC(422) Skipped phase3 of Reference Processing due to unavailable references
[235.551s][debug][gc,ref       ] GC(422) Skipped phase4 of Reference Processing due to unavailable references
[235.551s][debug][gc,age       ] GC(422) Desired survivor size 15368192 bytes, new threshold 6 (max threshold 6)
[235.551s][info ][gc,heap      ] GC(422) ParNew: 241281K->689K(270336K)
[235.551s][info ][gc,heap      ] GC(422) CMS: 420114K->420219K(600768K)
[235.551s][info ][gc,metaspace ] GC(422) Metaspace: 64340K->64340K(1107968K)
[235.551s][info ][gc           ] GC(422) Pause Young (Allocation Failure) 645M->411M(850M) 3.147ms
[235.551s][info ][gc,cpu       ] GC(422) User=0.01s Sys=0.00s Real=0.01s
[235.551s][info ][safepoint    ] Leaving safepoint region
[235.551s][info ][safepoint    ] Total time for which application threads were stopped: 0.0032894 seconds, Stopping threads took: 0.0000167 seconds
[236.551s][info ][safepoint    ] Application time: 1.0000904 seconds
[236.551s][info ][safepoint    ] Entering safepoint region: Cleanup
[236.551s][info ][safepoint    ] Leaving safepoint region
[236.551s][info ][safepoint    ] Total time for which application threads were stopped: 0.0001550 seconds, Stopping threads took: 0.0000781 seconds
[236.738s][info ][safepoint    ] Application time: 0.1863937 seconds
[236.738s][info ][safepoint    ] Entering safepoint region: GenCollectForAllocation
[236.738s][info ][gc,start     ] GC(423) Pause Young (Allocation Failure)
[236.738s][info ][gc,task      ] GC(423) Using 4 workers of 4 for evacuation
[236.741s][debug][gc,ref       ] GC(423) Skipped phase1 of Reference Processing due to unavailable references
[236.741s][debug][gc,ref       ] GC(423) Skipped phase2 of Reference Processing due to unavailable references
[236.741s][debug][gc,ref       ] GC(423) Skipped phase3 of Reference Processing due to unavailable references
[236.741s][debug][gc,ref       ] GC(423) Skipped phase4 of Reference Processing due to unavailable references
[236.741s][debug][gc,age       ] GC(423) Desired survivor size 15368192 bytes, new threshold 6 (max threshold 6)
[236.741s][info ][gc,heap      ] GC(423) ParNew: 241009K->1179K(270336K)
[236.741s][info ][gc,heap      ] GC(423) CMS: 420219K->420320K(600768K)
[236.741s][info ][gc,metaspace ] GC(423) Metaspace: 64340K->64340K(1107968K)
[236.741s][info ][gc           ] GC(423) Pause Young (Allocation Failure) 645M->411M(850M) 3.223ms
[236.741s][info ][gc,cpu       ] GC(423) User=0.01s Sys=0.00s Real=0.00s
[236.741s][info ][safepoint    ] Leaving safepoint region
[236.741s][info ][safepoint    ] Total time for which application threads were stopped: 0.0033979 seconds, Stopping threads took: 0.0000181 seconds
[237.741s][info ][safepoint    ] Application time: 1.0001468 seconds
[237.741s][info ][safepoint    ] Entering safepoint region: Cleanup
[237.741s][info ][safepoint    ] Leaving safepoint region
[237.741s][info ][safepoint    ] Total time for which application threads were stopped: 0.0000863 seconds, Stopping threads took: 0.0000183 seconds
[237.929s][info ][safepoint    ] Application time: 0.1877220 seconds
[237.929s][info ][safepoint    ] Entering safepoint region: GenCollectForAllocation
[237.929s][info ][gc,start     ] GC(424) Pause Young (Allocation Failure)
[237.929s][info ][gc,task      ] GC(424) Using 4 workers of 4 for evacuation
[237.932s][debug][gc,ref       ] GC(424) Skipped phase1 of Reference Processing due to unavailable references
[237.932s][debug][gc,ref       ] GC(424) Skipped phase2 of Reference Processing due to unavailable references
[237.932s][debug][gc,ref       ] GC(424) Skipped phase3 of Reference Processing due to unavailable references
[237.932s][debug][gc,ref       ] GC(424) Skipped phase4 of Reference Processing due to unavailable references
[237.932s][debug][gc,age       ] GC(424) Desired survivor size 15368192 bytes, new threshold 6 (max threshold 6)
[237.932s][info ][gc,heap      ] GC(424) ParNew: 241499K->1237K(270336K)
[237.932s][info ][gc,heap      ] GC(424) CMS: 420320K->420351K(600768K)
[237.932s][info ][gc,metaspace ] GC(424) Metaspace: 64342K->64342K(1107968K)
[237.932s][info ][gc           ] GC(424) Pause Young (Allocation Failure) 646M->411M(850M) 3.224ms
[237.932s][info ][gc,cpu       ] GC(424) User=0.01s Sys=0.00s Real=0.00s
[237.932s][info ][safepoint    ] Leaving safepoint region
[237.932s][info ][safepoint    ] Total time for which application threads were stopped: 0.0033823 seconds, Stopping threads took: 0.0000181 seconds
[238.932s][info ][safepoint    ] Application time: 1.0000979 seconds
[238.933s][info ][safepoint    ] Entering safepoint region: Cleanup
[238.933s][info ][safepoint    ] Leaving safepoint region
[238.933s][info ][safepoint    ] Total time for which application threads were stopped: 0.0001502 seconds, Stopping threads took: 0.0000768 seconds
[239.151s][info ][safepoint    ] Application time: 0.2186709 seconds
[239.151s][info ][safepoint    ] Entering safepoint region: GenCollectForAllocation
[239.152s][info ][gc,start     ] GC(425) Pause Young (Allocation Failure)
[239.152s][info ][gc,task      ] GC(425) Using 4 workers of 4 for evacuation
[239.155s][debug][gc,ref       ] GC(425) Skipped phase1 of Reference Processing due to unavailable references
[239.155s][debug][gc,ref       ] GC(425) Skipped phase2 of Reference Processing due to unavailable references
[239.155s][debug][gc,ref       ] GC(425) Skipped phase3 of Reference Processing due to unavailable references
[239.155s][debug][gc,ref       ] GC(425) Skipped phase4 of Reference Processing due to unavailable references
[239.155s][debug][gc,age       ] GC(425) Desired survivor size 15368192 bytes, new threshold 6 (max threshold 6)
[239.155s][info ][gc,heap      ] GC(425) ParNew: 241557K->1098K(270336K)
[239.155s][info ][gc,heap      ] GC(425) CMS: 420351K->420546K(600768K)
[239.155s][info ][gc,metaspace ] GC(425) Metaspace: 64342K->64342K(1107968K)
[239.155s][info ][gc           ] GC(425) Pause Young (Allocation Failure) 646M->411M(850M) 3.560ms
[239.155s][info ][gc,cpu       ] GC(425) User=0.01s Sys=0.00s Real=0.00s
[239.155s][info ][safepoint    ] Leaving safepoint region
[239.155s][info ][safepoint    ] Total time for which application threads were stopped: 0.0037153 seconds, Stopping threads took: 0.0000171 seconds
[240.155s][info ][safepoint    ] Application time: 1.0001596 seconds
[240.155s][info ][safepoint    ] Entering safepoint region: Cleanup
[240.155s][info ][safepoint    ] Leaving safepoint region
[240.155s][info ][safepoint    ] Total time for which application threads were stopped: 0.0001223 seconds, Stopping threads took: 0.0000467 seconds
[240.356s][info ][safepoint    ] Application time: 0.2009440 seconds
[240.356s][info ][safepoint    ] Entering safepoint region: GenCollectForAllocation
[240.357s][info ][gc,start     ] GC(426) Pause Young (Allocation Failure)
[240.357s][info ][gc,task      ] GC(426) Using 4 workers of 4 for evacuation
[240.359s][debug][gc,ref       ] GC(426) Skipped phase1 of Reference Processing due to unavailable references
[240.360s][debug][gc,ref       ] GC(426) Skipped phase2 of Reference Processing due to unavailable references
[240.360s][debug][gc,ref       ] GC(426) Skipped phase3 of Reference Processing due to unavailable references
[240.360s][debug][gc,ref       ] GC(426) Skipped phase4 of Reference Processing due to unavailable references
[240.360s][debug][gc,age       ] GC(426) Desired survivor size 15368192 bytes, new threshold 6 (max threshold 6)
[240.360s][info ][gc,heap      ] GC(426) ParNew: 241418K->734K(270336K)
[240.360s][info ][gc,heap      ] GC(426) CMS: 420546K->420587K(600768K)
[240.360s][info ][gc,metaspace ] GC(426) Metaspace: 64342K->64342K(1107968K)
[240.360s][info ][gc           ] GC(426) Pause Young (Allocation Failure) 646M->411M(850M) 3.225ms
[240.360s][info ][gc,cpu       ] GC(426) User=0.01s Sys=0.00s Real=0.00s
[240.360s][info ][safepoint    ] Leaving safepoint region
[240.360s][info ][safepoint    ] Total time for which application threads were stopped: 0.0033845 seconds, Stopping threads took: 0.0000191 seconds
[241.360s][info ][safepoint    ] Application time: 1.0001030 seconds
[241.360s][info ][safepoint    ] Entering safepoint region: Cleanup
[241.360s][info ][safepoint    ] Leaving safepoint region
[241.360s][info ][safepoint    ] Total time for which application threads were stopped: 0.0001410 seconds, Stopping threads took: 0.0000649 seconds
[241.560s][info ][safepoint    ] Application time: 0.1995628 seconds
[241.560s][info ][safepoint    ] Entering safepoint region: GenCollectForAllocation
[241.560s][info ][gc,start     ] GC(427) Pause Young (Allocation Failure)
[241.560s][info ][gc,task      ] GC(427) Using 4 workers of 4 for evacuation
[241.563s][debug][gc,ref       ] GC(427) Skipped phase1 of Reference Processing due to unavailable references
[241.563s][debug][gc,ref       ] GC(427) Skipped phase2 of Reference Processing due to unavailable references
[241.563s][debug][gc,ref       ] GC(427) Skipped phase3 of Reference Processing due to unavailable references
[241.563s][debug][gc,ref       ] GC(427) Skipped phase4 of Reference Processing due to unavailable references
[241.563s][debug][gc,age       ] GC(427) Desired survivor size 15368192 bytes, new threshold 6 (max threshold 6)
[241.563s][info ][gc,heap      ] GC(427) ParNew: 241054K->904K(270336K)
[241.563s][info ][gc,heap      ] GC(427) CMS: 420587K->420603K(600768K)
[241.563s][info ][gc,metaspace ] GC(427) Metaspace: 64343K->64343K(1107968K)
[241.563s][info ][gc           ] GC(427) Pause Young (Allocation Failure) 646M->411M(850M) 3.287ms
[241.563s][info ][gc,cpu       ] GC(427) User=0.01s Sys=0.00s Real=0.00s
[241.563s][info ][safepoint    ] Leaving safepoint region
[241.563s][info ][safepoint    ] Total time for which application threads were stopped: 0.0034515 seconds, Stopping threads took: 0.0000180 seconds
[242.563s][info ][safepoint    ] Application time: 1.0001008 seconds
[242.563s][info ][safepoint    ] Entering safepoint region: Cleanup
[242.563s][info ][safepoint    ] Leaving safepoint region
[242.563s][info ][safepoint    ] Total time for which application threads were stopped: 0.0001274 seconds, Stopping threads took: 0.0000468 seconds
[242.774s][info ][safepoint    ] Application time: 0.2109006 seconds
[242.774s][info ][safepoint    ] Entering safepoint region: GenCollectForAllocation
[242.774s][info ][gc,start     ] GC(428) Pause Young (Allocation Failure)
[242.775s][info ][gc,task      ] GC(428) Using 4 workers of 4 for evacuation
[242.779s][debug][gc,ref       ] GC(428) Skipped phase1 of Reference Processing due to unavailable references
[242.779s][debug][gc,ref       ] GC(428) Skipped phase2 of Reference Processing due to unavailable references
[242.779s][debug][gc,ref       ] GC(428) Skipped phase3 of Reference Processing due to unavailable references
[242.779s][debug][gc,ref       ] GC(428) Skipped phase4 of Reference Processing due to unavailable references
[242.779s][debug][gc,age       ] GC(428) Desired survivor size 15368192 bytes, new threshold 6 (max threshold 6)
[242.779s][info ][gc,heap      ] GC(428) ParNew: 241224K->1029K(270336K)
[242.779s][info ][gc,heap      ] GC(428) CMS: 420603K->420650K(600768K)
[242.779s][info ][gc,metaspace ] GC(428) Metaspace: 64343K->64343K(1107968K)
[242.779s][info ][gc           ] GC(428) Pause Young (Allocation Failure) 646M->411M(850M) 4.806ms
[242.779s][info ][gc,cpu       ] GC(428) User=0.02s Sys=0.00s Real=0.01s
[242.779s][info ][safepoint    ] Leaving safepoint region
[242.779s][info ][safepoint    ] Total time for which application threads were stopped: 0.0049673 seconds, Stopping threads took: 0.0000185 seconds
[243.779s][info ][safepoint    ] Application time: 1.0001341 seconds
[243.780s][info ][safepoint    ] Entering safepoint region: Cleanup
[243.780s][info ][safepoint    ] Leaving safepoint region
[243.780s][info ][safepoint    ] Total time for which application threads were stopped: 0.0001237 seconds, Stopping threads took: 0.0000464 seconds
[243.979s][info ][safepoint    ] Application time: 0.1996048 seconds
[243.979s][info ][safepoint    ] Entering safepoint region: GenCollectForAllocation
[243.979s][info ][gc,start     ] GC(429) Pause Young (Allocation Failure)
[243.979s][info ][gc,task      ] GC(429) Using 4 workers of 4 for evacuation
[243.983s][debug][gc,ref       ] GC(429) Skipped phase1 of Reference Processing due to unavailable references
[243.983s][debug][gc,ref       ] GC(429) Skipped phase2 of Reference Processing due to unavailable references
[243.983s][debug][gc,ref       ] GC(429) Skipped phase3 of Reference Processing due to unavailable references
[243.983s][debug][gc,ref       ] GC(429) Skipped phase4 of Reference Processing due to unavailable references
[243.983s][debug][gc,age       ] GC(429) Desired survivor size 15368192 bytes, new threshold 6 (max threshold 6)
[243.983s][info ][gc,heap      ] GC(429) ParNew: 241349K->648K(270336K)
[243.983s][info ][gc,heap      ] GC(429) CMS: 420650K->420927K(600768K)
[243.983s][info ][gc,metaspace ] GC(429) Metaspace: 64344K->64344K(1107968K)
[243.983s][info ][gc           ] GC(429) Pause Young (Allocation Failure) 646M->411M(850M) 3.760ms
[243.983s][info ][gc,cpu       ] GC(429) User=0.01s Sys=0.00s Real=0.00s
[243.983s][info ][safepoint    ] Leaving safepoint region
[243.983s][info ][safepoint    ] Total time for which application threads were stopped: 0.0039346 seconds, Stopping threads took: 0.0000178 seconds
[244.983s][info ][safepoint    ] Application time: 1.0001466 seconds
[244.983s][info ][safepoint    ] Entering safepoint region: Cleanup
[244.984s][info ][safepoint    ] Leaving safepoint region
[244.984s][info ][safepoint    ] Total time for which application threads were stopped: 0.0001208 seconds, Stopping threads took: 0.0000477 seconds
[245.183s][info ][safepoint    ] Application time: 0.1990553 seconds
[245.183s][info ][safepoint    ] Entering safepoint region: GenCollectForAllocation
[245.183s][info ][gc,start     ] GC(430) Pause Young (Allocation Failure)
[245.183s][info ][gc,task      ] GC(430) Using 4 workers of 4 for evacuation
[245.186s][debug][gc,ref       ] GC(430) Skipped phase1 of Reference Processing due to unavailable references
[245.186s][debug][gc,ref       ] GC(430) Skipped phase2 of Reference Processing due to unavailable references
[245.186s][debug][gc,ref       ] GC(430) Skipped phase3 of Reference Processing due to unavailable references
[245.186s][debug][gc,ref       ] GC(430) Skipped phase4 of Reference Processing due to unavailable references
[245.186s][debug][gc,age       ] GC(430) Desired survivor size 15368192 bytes, new threshold 6 (max threshold 6)
[245.186s][info ][gc,heap      ] GC(430) ParNew: 240968K->630K(270336K)
[245.186s][info ][gc,heap      ] GC(430) CMS: 420927K->420999K(600768K)
[245.186s][info ][gc,metaspace ] GC(430) Metaspace: 64347K->64347K(1107968K)
[245.186s][info ][gc           ] GC(430) Pause Young (Allocation Failure) 646M->411M(850M) 3.240ms
[245.186s][info ][gc,cpu       ] GC(430) User=0.01s Sys=0.00s Real=0.00s
[245.186s][info ][safepoint    ] Leaving safepoint region
[245.186s][info ][safepoint    ] Total time for which application threads were stopped: 0.0033926 seconds, Stopping threads took: 0.0000179 seconds
[245.578s][info ][safepoint    ] Application time: 0.3922667 seconds
[245.578s][info ][safepoint    ] Entering safepoint region: RevokeBias
[245.579s][info ][safepoint    ] Leaving safepoint region
[245.579s][info ][safepoint    ] Total time for which application threads were stopped: 0.0001945 seconds, Stopping threads took: 0.0000422 seconds
[246.398s][info ][safepoint    ] Application time: 0.8194116 seconds
[246.398s][info ][safepoint    ] Entering safepoint region: GenCollectForAllocation
[246.398s][info ][gc,start     ] GC(431) Pause Young (Allocation Failure)
[246.398s][info ][gc,task      ] GC(431) Using 4 workers of 4 for evacuation
[246.401s][debug][gc,ref       ] GC(431) Skipped phase1 of Reference Processing due to unavailable references
[246.401s][debug][gc,ref       ] GC(431) Skipped phase2 of Reference Processing due to unavailable references
[246.401s][debug][gc,ref       ] GC(431) Skipped phase3 of Reference Processing due to unavailable references
[246.401s][debug][gc,ref       ] GC(431) Skipped phase4 of Reference Processing due to unavailable references
[246.401s][debug][gc,age       ] GC(431) Desired survivor size 15368192 bytes, new threshold 6 (max threshold 6)
[246.401s][info ][gc,heap      ] GC(431) ParNew: 240950K->529K(270336K)
[246.401s][info ][gc,heap      ] GC(431) CMS: 420999K->421009K(600768K)
[246.401s][info ][gc,metaspace ] GC(431) Metaspace: 64347K->64347K(1107968K)
[246.401s][info ][gc           ] GC(431) Pause Young (Allocation Failure) 646M->411M(850M) 3.208ms
[246.401s][info ][gc,cpu       ] GC(431) User=0.01s Sys=0.00s Real=0.00s
[246.401s][info ][safepoint    ] Leaving safepoint region
[246.401s][info ][safepoint    ] Total time for which application threads were stopped: 0.0034523 seconds, Stopping threads took: 0.0000451 seconds
[247.402s][info ][safepoint    ] Application time: 1.0001093 seconds
[247.402s][info ][safepoint    ] Entering safepoint region: Cleanup
[247.402s][info ][safepoint    ] Leaving safepoint region
[247.402s][info ][safepoint    ] Total time for which application threads were stopped: 0.0002327 seconds, Stopping threads took: 0.0001682 seconds
[247.598s][info ][safepoint    ] Application time: 0.1966302 seconds
[247.599s][info ][safepoint    ] Entering safepoint region: GenCollectForAllocation
[247.599s][info ][gc,start     ] GC(432) Pause Young (Allocation Failure)
[247.599s][info ][gc,task      ] GC(432) Using 4 workers of 4 for evacuation
[247.601s][debug][gc,ref       ] GC(432) Skipped phase1 of Reference Processing due to unavailable references
[247.601s][debug][gc,ref       ] GC(432) Skipped phase2 of Reference Processing due to unavailable references
[247.601s][debug][gc,ref       ] GC(432) Skipped phase3 of Reference Processing due to unavailable references
[247.601s][debug][gc,ref       ] GC(432) Skipped phase4 of Reference Processing due to unavailable references
[247.602s][debug][gc,age       ] GC(432) Desired survivor size 15368192 bytes, new threshold 6 (max threshold 6)
[247.602s][info ][gc,heap      ] GC(432) ParNew: 240849K->624K(270336K)
[247.602s][info ][gc,heap      ] GC(432) CMS: 421009K->421046K(600768K)
[247.602s][info ][gc,metaspace ] GC(432) Metaspace: 64347K->64347K(1107968K)
[247.602s][info ][gc           ] GC(432) Pause Young (Allocation Failure) 646M->411M(850M) 2.984ms
[247.602s][info ][gc,cpu       ] GC(432) User=0.01s Sys=0.00s Real=0.00s
[247.602s][info ][safepoint    ] Leaving safepoint region
[247.602s][info ][safepoint    ] Total time for which application threads were stopped: 0.0031496 seconds, Stopping threads took: 0.0000464 seconds
[248.602s][info ][safepoint    ] Application time: 1.0000971 seconds
[248.602s][info ][safepoint    ] Entering safepoint region: Cleanup
[248.602s][info ][safepoint    ] Leaving safepoint region
[248.602s][info ][safepoint    ] Total time for which application threads were stopped: 0.0001345 seconds, Stopping threads took: 0.0000660 seconds
[248.812s][info ][safepoint    ] Application time: 0.2103069 seconds
[248.812s][info ][safepoint    ] Entering safepoint region: GenCollectForAllocation
[248.812s][info ][gc,start     ] GC(433) Pause Young (Allocation Failure)
[248.812s][info ][gc,task      ] GC(433) Using 4 workers of 4 for evacuation
[248.815s][debug][gc,ref       ] GC(433) Skipped phase1 of Reference Processing due to unavailable references
[248.815s][debug][gc,ref       ] GC(433) Skipped phase2 of Reference Processing due to unavailable references
[248.815s][debug][gc,ref       ] GC(433) Skipped phase3 of Reference Processing due to unavailable references
[248.815s][debug][gc,ref       ] GC(433) Skipped phase4 of Reference Processing due to unavailable references
[248.815s][debug][gc,age       ] GC(433) Desired survivor size 15368192 bytes, new threshold 6 (max threshold 6)
[248.815s][info ][gc,heap      ] GC(433) ParNew: 240944K->608K(270336K)
[248.816s][info ][gc,heap      ] GC(433) CMS: 421046K->421105K(600768K)
[248.816s][info ][gc,metaspace ] GC(433) Metaspace: 64350K->64350K(1107968K)
[248.816s][info ][gc           ] GC(433) Pause Young (Allocation Failure) 646M->411M(850M) 3.148ms
[248.816s][info ][gc,cpu       ] GC(433) User=0.02s Sys=0.00s Real=0.00s
[248.816s][info ][safepoint    ] Leaving safepoint region
[248.816s][info ][safepoint    ] Total time for which application threads were stopped: 0.0033017 seconds, Stopping threads took: 0.0000164 seconds
[249.816s][info ][safepoint    ] Application time: 1.0001149 seconds
[249.816s][info ][safepoint    ] Entering safepoint region: Cleanup
[249.816s][info ][safepoint    ] Leaving safepoint region
[249.816s][info ][safepoint    ] Total time for which application threads were stopped: 0.0001612 seconds, Stopping threads took: 0.0000924 seconds
[250.013s][info ][safepoint    ] Application time: 0.1967325 seconds
[250.013s][info ][safepoint    ] Entering safepoint region: GenCollectForAllocation
[250.013s][info ][gc,start     ] GC(434) Pause Young (Allocation Failure)
[250.013s][info ][gc,task      ] GC(434) Using 4 workers of 4 for evacuation
[250.016s][debug][gc,ref       ] GC(434) Skipped phase1 of Reference Processing due to unavailable references
[250.016s][debug][gc,ref       ] GC(434) Skipped phase2 of Reference Processing due to unavailable references
[250.016s][debug][gc,ref       ] GC(434) Skipped phase3 of Reference Processing due to unavailable references
[250.016s][debug][gc,ref       ] GC(434) Skipped phase4 of Reference Processing due to unavailable references
[250.016s][debug][gc,age       ] GC(434) Desired survivor size 15368192 bytes, new threshold 6 (max threshold 6)
[250.016s][info ][gc,heap      ] GC(434) ParNew: 240928K->577K(270336K)
[250.016s][info ][gc,heap      ] GC(434) CMS: 421105K->421111K(600768K)
[250.016s][info ][gc,metaspace ] GC(434) Metaspace: 64350K->64350K(1107968K)
[250.016s][info ][gc           ] GC(434) Pause Young (Allocation Failure) 646M->411M(850M) 3.382ms
[250.016s][info ][gc,cpu       ] GC(434) User=0.01s Sys=0.00s Real=0.01s
[250.016s][info ][safepoint    ] Leaving safepoint region
[250.016s][info ][safepoint    ] Total time for which application threads were stopped: 0.0035264 seconds, Stopping threads took: 0.0000193 seconds
[251.016s][info ][safepoint    ] Application time: 1.0000886 seconds
[251.016s][info ][safepoint    ] Entering safepoint region: Cleanup
[251.016s][info ][safepoint    ] Leaving safepoint region
[251.016s][info ][safepoint    ] Total time for which application threads were stopped: 0.0001331 seconds, Stopping threads took: 0.0000461 seconds
[251.228s][info ][safepoint    ] Application time: 0.2116555 seconds
[251.228s][info ][safepoint    ] Entering safepoint region: GenCollectForAllocation
[251.228s][info ][gc,start     ] GC(435) Pause Young (Allocation Failure)
[251.228s][info ][gc,task      ] GC(435) Using 4 workers of 4 for evacuation
[251.231s][debug][gc,ref       ] GC(435) Skipped phase1 of Reference Processing due to unavailable references
[251.231s][debug][gc,ref       ] GC(435) Skipped phase2 of Reference Processing due to unavailable references
[251.231s][debug][gc,ref       ] GC(435) Skipped phase3 of Reference Processing due to unavailable references
[251.231s][debug][gc,ref       ] GC(435) Skipped phase4 of Reference Processing due to unavailable references
[251.231s][debug][gc,age       ] GC(435) Desired survivor size 15368192 bytes, new threshold 6 (max threshold 6)
[251.231s][info ][gc,heap      ] GC(435) ParNew: 240897K->715K(270336K)
[251.231s][info ][gc,heap      ] GC(435) CMS: 421111K->421158K(600768K)
[251.231s][info ][gc,metaspace ] GC(435) Metaspace: 64350K->64350K(1107968K)
[251.231s][info ][gc           ] GC(435) Pause Young (Allocation Failure) 646M->411M(850M) 3.023ms
[251.231s][info ][gc,cpu       ] GC(435) User=0.01s Sys=0.00s Real=0.00s
[251.231s][info ][safepoint    ] Leaving safepoint region
[251.231s][info ][safepoint    ] Total time for which application threads were stopped: 0.0031818 seconds, Stopping threads took: 0.0000168 seconds
[252.231s][info ][safepoint    ] Application time: 1.0000634 seconds
[252.232s][info ][safepoint    ] Entering safepoint region: Cleanup
[252.232s][info ][safepoint    ] Leaving safepoint region
[252.232s][info ][safepoint    ] Total time for which application threads were stopped: 0.0001578 seconds, Stopping threads took: 0.0000962 seconds
[252.456s][info ][safepoint    ] Application time: 0.2243618 seconds
[252.456s][info ][safepoint    ] Entering safepoint region: GenCollectForAllocation
[252.456s][info ][gc,start     ] GC(436) Pause Young (Allocation Failure)
[252.456s][info ][gc,task      ] GC(436) Using 4 workers of 4 for evacuation
[252.461s][debug][gc,ref       ] GC(436) Skipped phase1 of Reference Processing due to unavailable references
[252.461s][debug][gc,ref       ] GC(436) Skipped phase2 of Reference Processing due to unavailable references
[252.461s][debug][gc,ref       ] GC(436) Skipped phase3 of Reference Processing due to unavailable references
[252.461s][debug][gc,ref       ] GC(436) Skipped phase4 of Reference Processing due to unavailable references
[252.461s][debug][gc,age       ] GC(436) Desired survivor size 15368192 bytes, new threshold 6 (max threshold 6)
[252.461s][info ][gc,heap      ] GC(436) ParNew: 241035K->692K(270336K)
[252.461s][info ][gc,heap      ] GC(436) CMS: 421158K->421207K(600768K)
[252.461s][info ][gc,metaspace ] GC(436) Metaspace: 64350K->64350K(1107968K)
[252.461s][info ][gc           ] GC(436) Pause Young (Allocation Failure) 646M->412M(850M) 4.758ms
[252.461s][info ][gc,cpu       ] GC(436) User=0.01s Sys=0.00s Real=0.00s
[252.461s][info ][safepoint    ] Leaving safepoint region
[252.461s][info ][safepoint    ] Total time for which application threads were stopped: 0.0049199 seconds, Stopping threads took: 0.0000150 seconds
[253.461s][info ][safepoint    ] Application time: 1.0001059 seconds
[253.461s][info ][safepoint    ] Entering safepoint region: Cleanup
[253.461s][info ][safepoint    ] Leaving safepoint region
[253.461s][info ][safepoint    ] Total time for which application threads were stopped: 0.0001099 seconds, Stopping threads took: 0.0000427 seconds
[253.659s][info ][safepoint    ] Application time: 0.1981879 seconds
[253.659s][info ][safepoint    ] Entering safepoint region: GenCollectForAllocation
[253.659s][info ][gc,start     ] GC(437) Pause Young (Allocation Failure)
[253.660s][info ][gc,task      ] GC(437) Using 4 workers of 4 for evacuation
[253.662s][debug][gc,ref       ] GC(437) Skipped phase1 of Reference Processing due to unavailable references
[253.662s][debug][gc,ref       ] GC(437) Skipped phase2 of Reference Processing due to unavailable references
[253.662s][debug][gc,ref       ] GC(437) Skipped phase3 of Reference Processing due to unavailable references
[253.662s][debug][gc,ref       ] GC(437) Skipped phase4 of Reference Processing due to unavailable references
[253.663s][debug][gc,age       ] GC(437) Desired survivor size 15368192 bytes, new threshold 6 (max threshold 6)
[253.663s][info ][gc,heap      ] GC(437) ParNew: 241012K->704K(270336K)
[253.663s][info ][gc,heap      ] GC(437) CMS: 421207K->421218K(600768K)
[253.663s][info ][gc,metaspace ] GC(437) Metaspace: 64350K->64350K(1107968K)
[253.663s][info ][gc           ] GC(437) Pause Young (Allocation Failure) 646M->412M(850M) 3.280ms
[253.663s][info ][gc,cpu       ] GC(437) User=0.01s Sys=0.00s Real=0.00s
[253.663s][info ][safepoint    ] Leaving safepoint region
[253.663s][info ][safepoint    ] Total time for which application threads were stopped: 0.0034267 seconds, Stopping threads took: 0.0000172 seconds
[254.663s][info ][safepoint    ] Application time: 1.0001037 seconds
[254.663s][info ][safepoint    ] Entering safepoint region: Cleanup
[254.663s][info ][safepoint    ] Leaving safepoint region
[254.663s][info ][safepoint    ] Total time for which application threads were stopped: 0.0001086 seconds, Stopping threads took: 0.0000432 seconds
[254.832s][info ][safepoint    ] Application time: 0.1693150 seconds
[254.832s][info ][safepoint    ] Entering safepoint region: GenCollectForAllocation
[254.833s][info ][gc,start     ] GC(438) Pause Young (Allocation Failure)
[254.833s][info ][gc,task      ] GC(438) Using 4 workers of 4 for evacuation
[254.836s][debug][gc,ref       ] GC(438) Skipped phase1 of Reference Processing due to unavailable references
[254.836s][debug][gc,ref       ] GC(438) Skipped phase2 of Reference Processing due to unavailable references
[254.836s][debug][gc,ref       ] GC(438) Skipped phase3 of Reference Processing due to unavailable references
[254.836s][debug][gc,ref       ] GC(438) Skipped phase4 of Reference Processing due to unavailable references
[254.836s][debug][gc,age       ] GC(438) Desired survivor size 15368192 bytes, new threshold 6 (max threshold 6)
[254.836s][info ][gc,heap      ] GC(438) ParNew: 241024K->922K(270336K)
[254.836s][info ][gc,heap      ] GC(438) CMS: 421218K->421345K(600768K)
[254.836s][info ][gc,metaspace ] GC(438) Metaspace: 64350K->64350K(1107968K)
[254.836s][info ][gc           ] GC(438) Pause Young (Allocation Failure) 646M->412M(850M) 3.502ms
[254.836s][info ][gc,cpu       ] GC(438) User=0.01s Sys=0.00s Real=0.01s
[254.836s][info ][safepoint    ] Leaving safepoint region
[254.836s][info ][safepoint    ] Total time for which application threads were stopped: 0.0036577 seconds, Stopping threads took: 0.0000180 seconds
[255.836s][info ][safepoint    ] Application time: 1.0001453 seconds
[255.836s][info ][safepoint    ] Entering safepoint region: Cleanup
[255.836s][info ][safepoint    ] Leaving safepoint region
[255.836s][info ][safepoint    ] Total time for which application threads were stopped: 0.0000689 seconds, Stopping threads took: 0.0000166 seconds
[255.998s][info ][safepoint    ] Application time: 0.1615995 seconds
[255.998s][info ][safepoint    ] Entering safepoint region: GenCollectForAllocation
[255.998s][info ][gc,start     ] GC(439) Pause Young (Allocation Failure)
[255.998s][info ][gc,task      ] GC(439) Using 4 workers of 4 for evacuation
[256.002s][debug][gc,ref       ] GC(439) Skipped phase1 of Reference Processing due to unavailable references
[256.002s][debug][gc,ref       ] GC(439) Skipped phase2 of Reference Processing due to unavailable references
[256.002s][debug][gc,ref       ] GC(439) Skipped phase3 of Reference Processing due to unavailable references
[256.002s][debug][gc,ref       ] GC(439) Skipped phase4 of Reference Processing due to unavailable references
[256.002s][debug][gc,age       ] GC(439) Desired survivor size 15368192 bytes, new threshold 6 (max threshold 6)
[256.002s][info ][gc,heap      ] GC(439) ParNew: 241242K->1318K(270336K)
[256.002s][info ][gc,heap      ] GC(439) CMS: 421345K->421359K(600768K)
[256.002s][info ][gc,metaspace ] GC(439) Metaspace: 64352K->64352K(1107968K)
[256.002s][info ][gc           ] GC(439) Pause Young (Allocation Failure) 647M->412M(850M) 3.838ms
[256.002s][info ][gc,cpu       ] GC(439) User=0.01s Sys=0.00s Real=0.00s
[256.002s][info ][safepoint    ] Leaving safepoint region
[256.002s][info ][safepoint    ] Total time for which application threads were stopped: 0.0040519 seconds, Stopping threads took: 0.0000569 seconds
[257.002s][info ][safepoint    ] Application time: 1.0001997 seconds
[257.002s][info ][safepoint    ] Entering safepoint region: Cleanup
[257.002s][info ][safepoint    ] Leaving safepoint region
[257.002s][info ][safepoint    ] Total time for which application threads were stopped: 0.0001162 seconds, Stopping threads took: 0.0000543 seconds
[257.221s][info ][safepoint    ] Application time: 0.2190443 seconds
[257.221s][info ][safepoint    ] Entering safepoint region: GenCollectForAllocation
[257.222s][info ][gc,start     ] GC(440) Pause Young (Allocation Failure)
[257.222s][info ][gc,task      ] GC(440) Using 4 workers of 4 for evacuation
[257.225s][debug][gc,ref       ] GC(440) Skipped phase1 of Reference Processing due to unavailable references
[257.225s][debug][gc,ref       ] GC(440) Skipped phase2 of Reference Processing due to unavailable references
[257.225s][debug][gc,ref       ] GC(440) Skipped phase3 of Reference Processing due to unavailable references
[257.225s][debug][gc,ref       ] GC(440) Skipped phase4 of Reference Processing due to unavailable references
[257.225s][debug][gc,age       ] GC(440) Desired survivor size 15368192 bytes, new threshold 6 (max threshold 6)
[257.225s][info ][gc,heap      ] GC(440) ParNew: 241638K->1396K(270336K)
[257.225s][info ][gc,heap      ] GC(440) CMS: 421359K->421427K(600768K)
[257.225s][info ][gc,metaspace ] GC(440) Metaspace: 64355K->64355K(1107968K)
[257.225s][info ][gc           ] GC(440) Pause Young (Allocation Failure) 647M->412M(850M) 3.183ms
[257.225s][info ][gc,cpu       ] GC(440) User=0.01s Sys=0.00s Real=0.00s
[257.225s][info ][safepoint    ] Leaving safepoint region
[257.225s][info ][safepoint    ] Total time for which application threads were stopped: 0.0033305 seconds, Stopping threads took: 0.0000182 seconds
[258.225s][info ][safepoint    ] Application time: 1.0000967 seconds
[258.225s][info ][safepoint    ] Entering safepoint region: Cleanup
[258.225s][info ][safepoint    ] Leaving safepoint region
[258.225s][info ][safepoint    ] Total time for which application threads were stopped: 0.0001857 seconds, Stopping threads took: 0.0001126 seconds
[258.455s][info ][safepoint    ] Application time: 0.2300628 seconds
[258.455s][info ][safepoint    ] Entering safepoint region: GenCollectForAllocation
[258.455s][info ][gc,start     ] GC(441) Pause Young (Allocation Failure)
[258.455s][info ][gc,task      ] GC(441) Using 4 workers of 4 for evacuation
[258.458s][debug][gc,ref       ] GC(441) Skipped phase1 of Reference Processing due to unavailable references
[258.458s][debug][gc,ref       ] GC(441) Skipped phase2 of Reference Processing due to unavailable references
[258.458s][debug][gc,ref       ] GC(441) Skipped phase3 of Reference Processing due to unavailable references
[258.458s][debug][gc,ref       ] GC(441) Skipped phase4 of Reference Processing due to unavailable references
[258.459s][debug][gc,age       ] GC(441) Desired survivor size 15368192 bytes, new threshold 6 (max threshold 6)
[258.459s][info ][gc,heap      ] GC(441) ParNew: 241716K->1379K(270336K)
[258.459s][info ][gc,heap      ] GC(441) CMS: 421427K->421476K(600768K)
[258.459s][info ][gc,metaspace ] GC(441) Metaspace: 64355K->64355K(1107968K)
[258.459s][info ][gc           ] GC(441) Pause Young (Allocation Failure) 647M->412M(850M) 3.230ms
[258.459s][info ][gc,cpu       ] GC(441) User=0.02s Sys=0.00s Real=0.01s
[258.459s][info ][safepoint    ] Leaving safepoint region
[258.459s][info ][safepoint    ] Total time for which application threads were stopped: 0.0033715 seconds, Stopping threads took: 0.0000173 seconds
[259.459s][info ][safepoint    ] Application time: 1.0001431 seconds
[259.459s][info ][safepoint    ] Entering safepoint region: Cleanup
[259.459s][info ][safepoint    ] Leaving safepoint region
[259.459s][info ][safepoint    ] Total time for which application threads were stopped: 0.0001222 seconds, Stopping threads took: 0.0000601 seconds
[259.678s][info ][safepoint    ] Application time: 0.2191689 seconds
[259.678s][info ][safepoint    ] Entering safepoint region: GenCollectForAllocation
[259.678s][info ][gc,start     ] GC(442) Pause Young (Allocation Failure)
[259.678s][info ][gc,task      ] GC(442) Using 4 workers of 4 for evacuation
[259.681s][debug][gc,ref       ] GC(442) Skipped phase1 of Reference Processing due to unavailable references
[259.682s][debug][gc,ref       ] GC(442) Skipped phase2 of Reference Processing due to unavailable references
[259.682s][debug][gc,ref       ] GC(442) Skipped phase3 of Reference Processing due to unavailable references
[259.682s][debug][gc,ref       ] GC(442) Skipped phase4 of Reference Processing due to unavailable references
[259.682s][debug][gc,age       ] GC(442) Desired survivor size 15368192 bytes, new threshold 6 (max threshold 6)
[259.682s][info ][gc,heap      ] GC(442) ParNew: 241699K->1517K(270336K)
[259.682s][info ][gc,heap      ] GC(442) CMS: 421476K->421543K(600768K)
[259.682s][info ][gc,metaspace ] GC(442) Metaspace: 64355K->64355K(1107968K)
[259.682s][info ][gc           ] GC(442) Pause Young (Allocation Failure) 647M->413M(850M) 3.560ms
[259.682s][info ][gc,cpu       ] GC(442) User=0.01s Sys=0.00s Real=0.00s
[259.682s][info ][safepoint    ] Leaving safepoint region
[259.682s][info ][safepoint    ] Total time for which application threads were stopped: 0.0037053 seconds, Stopping threads took: 0.0000167 seconds
[260.682s][info ][safepoint    ] Application time: 1.0001383 seconds
[260.682s][info ][safepoint    ] Entering safepoint region: Cleanup
[260.682s][info ][safepoint    ] Leaving safepoint region
[260.682s][info ][safepoint    ] Total time for which application threads were stopped: 0.0001434 seconds, Stopping threads took: 0.0000702 seconds
[260.914s][info ][safepoint    ] Application time: 0.2320744 seconds
[260.914s][info ][safepoint    ] Entering safepoint region: GenCollectForAllocation
[260.914s][info ][gc,start     ] GC(443) Pause Young (Allocation Failure)
[260.914s][info ][gc,task      ] GC(443) Using 4 workers of 4 for evacuation
[260.917s][debug][gc,ref       ] GC(443) Skipped phase1 of Reference Processing due to unavailable references
[260.918s][debug][gc,ref       ] GC(443) Skipped phase2 of Reference Processing due to unavailable references
[260.918s][debug][gc,ref       ] GC(443) Skipped phase3 of Reference Processing due to unavailable references
[260.918s][debug][gc,ref       ] GC(443) Skipped phase4 of Reference Processing due to unavailable references
[260.918s][debug][gc,age       ] GC(443) Desired survivor size 15368192 bytes, new threshold 6 (max threshold 6)
[260.918s][info ][gc,heap      ] GC(443) ParNew: 241837K->1330K(270336K)
[260.918s][info ][gc,heap      ] GC(443) CMS: 421543K->421595K(600768K)
[260.918s][info ][gc,metaspace ] GC(443) Metaspace: 64355K->64355K(1107968K)
[260.918s][info ][gc           ] GC(443) Pause Young (Allocation Failure) 647M->413M(850M) 3.463ms
[260.918s][info ][gc,cpu       ] GC(443) User=0.01s Sys=0.00s Real=0.01s
[260.918s][info ][safepoint    ] Leaving safepoint region
[260.918s][info ][safepoint    ] Total time for which application threads were stopped: 0.0036496 seconds, Stopping threads took: 0.0000153 seconds
[261.918s][info ][safepoint    ] Application time: 1.0000984 seconds
[261.918s][info ][safepoint    ] Entering safepoint region: Cleanup
[261.918s][info ][safepoint    ] Leaving safepoint region
[261.918s][info ][safepoint    ] Total time for which application threads were stopped: 0.0001286 seconds, Stopping threads took: 0.0000468 seconds
[262.157s][info ][safepoint    ] Application time: 0.2388728 seconds
[262.157s][info ][safepoint    ] Entering safepoint region: GenCollectForAllocation
[262.157s][info ][gc,start     ] GC(444) Pause Young (Allocation Failure)
[262.157s][info ][gc,task      ] GC(444) Using 4 workers of 4 for evacuation
[262.161s][debug][gc,ref       ] GC(444) Skipped phase1 of Reference Processing due to unavailable references
[262.161s][debug][gc,ref       ] GC(444) Skipped phase2 of Reference Processing due to unavailable references
[262.161s][debug][gc,ref       ] GC(444) Skipped phase3 of Reference Processing due to unavailable references
[262.161s][debug][gc,ref       ] GC(444) Skipped phase4 of Reference Processing due to unavailable references
[262.161s][debug][gc,age       ] GC(444) Desired survivor size 15368192 bytes, new threshold 6 (max threshold 6)
[262.161s][info ][gc,heap      ] GC(444) ParNew: 241650K->1490K(270336K)
[262.161s][info ][gc,heap      ] GC(444) CMS: 421595K->421713K(600768K)
[262.161s][info ][gc,metaspace ] GC(444) Metaspace: 64357K->64357K(1107968K)
[262.161s][info ][gc           ] GC(444) Pause Young (Allocation Failure) 647M->413M(850M) 3.719ms
[262.161s][info ][gc,cpu       ] GC(444) User=0.01s Sys=0.00s Real=0.00s
[262.161s][info ][safepoint    ] Leaving safepoint region
[262.161s][info ][safepoint    ] Total time for which application threads were stopped: 0.0038911 seconds, Stopping threads took: 0.0000154 seconds
[262.567s][info ][safepoint    ] Application time: 0.4063422 seconds
[262.567s][info ][safepoint    ] Entering safepoint region: RevokeBias
[262.568s][info ][safepoint    ] Leaving safepoint region
[262.568s][info ][safepoint    ] Total time for which application threads were stopped: 0.0001535 seconds, Stopping threads took: 0.0000571 seconds
[263.373s][info ][safepoint    ] Application time: 0.8054847 seconds
[263.373s][info ][safepoint    ] Entering safepoint region: GenCollectForAllocation
[263.373s][info ][gc,start     ] GC(445) Pause Young (Allocation Failure)
[263.373s][info ][gc,task      ] GC(445) Using 4 workers of 4 for evacuation
[263.377s][debug][gc,ref       ] GC(445) Skipped phase1 of Reference Processing due to unavailable references
[263.377s][debug][gc,ref       ] GC(445) Skipped phase2 of Reference Processing due to unavailable references
[263.377s][debug][gc,ref       ] GC(445) Skipped phase3 of Reference Processing due to unavailable references
[263.377s][debug][gc,ref       ] GC(445) Skipped phase4 of Reference Processing due to unavailable references
[263.377s][debug][gc,age       ] GC(445) Desired survivor size 15368192 bytes, new threshold 6 (max threshold 6)
[263.377s][info ][gc,heap      ] GC(445) ParNew: 241810K->827K(270336K)
[263.377s][info ][gc,heap      ] GC(445) CMS: 421713K->422074K(600768K)
[263.377s][info ][gc,metaspace ] GC(445) Metaspace: 64361K->64361K(1107968K)
[263.377s][info ][gc           ] GC(445) Pause Young (Allocation Failure) 647M->412M(850M) 3.969ms
[263.377s][info ][gc,cpu       ] GC(445) User=0.02s Sys=0.00s Real=0.01s
[263.377s][info ][safepoint    ] Leaving safepoint region
[263.377s][info ][safepoint    ] Total time for which application threads were stopped: 0.0041407 seconds, Stopping threads took: 0.0000180 seconds
[264.582s][info ][safepoint    ] Application time: 1.2049607 seconds
[264.582s][info ][safepoint    ] Entering safepoint region: GenCollectForAllocation
[264.582s][info ][gc,start     ] GC(446) Pause Young (Allocation Failure)
[264.582s][info ][gc,task      ] GC(446) Using 4 workers of 4 for evacuation
[264.586s][debug][gc,ref       ] GC(446) Skipped phase1 of Reference Processing due to unavailable references
[264.586s][debug][gc,ref       ] GC(446) Skipped phase2 of Reference Processing due to unavailable references
[264.586s][debug][gc,ref       ] GC(446) Skipped phase3 of Reference Processing due to unavailable references
[264.586s][debug][gc,ref       ] GC(446) Skipped phase4 of Reference Processing due to unavailable references
[264.586s][debug][gc,age       ] GC(446) Desired survivor size 15368192 bytes, new threshold 6 (max threshold 6)
[264.586s][info ][gc,heap      ] GC(446) ParNew: 241147K->1082K(270336K)
[264.586s][info ][gc,heap      ] GC(446) CMS: 422074K->422172K(600768K)
[264.586s][info ][gc,metaspace ] GC(446) Metaspace: 64361K->64361K(1107968K)
[264.586s][info ][gc           ] GC(446) Pause Young (Allocation Failure) 647M->413M(850M) 3.714ms
[264.586s][info ][gc,cpu       ] GC(446) User=0.01s Sys=0.00s Real=0.00s
[264.586s][info ][safepoint    ] Leaving safepoint region
[264.586s][info ][safepoint    ] Total time for which application threads were stopped: 0.0039163 seconds, Stopping threads took: 0.0000618 seconds
[265.586s][info ][safepoint    ] Application time: 1.0000878 seconds
[265.586s][info ][safepoint    ] Entering safepoint region: Cleanup
[265.586s][info ][safepoint    ] Leaving safepoint region
[265.586s][info ][safepoint    ] Total time for which application threads were stopped: 0.0000837 seconds, Stopping threads took: 0.0000175 seconds
[265.766s][info ][safepoint    ] Application time: 0.1800460 seconds
[265.766s][info ][safepoint    ] Entering safepoint region: GenCollectForAllocation
[265.767s][info ][gc,start     ] GC(447) Pause Young (Allocation Failure)
[265.767s][info ][gc,task      ] GC(447) Using 4 workers of 4 for evacuation
[265.770s][debug][gc,ref       ] GC(447) Skipped phase1 of Reference Processing due to unavailable references
[265.770s][debug][gc,ref       ] GC(447) Skipped phase2 of Reference Processing due to unavailable references
[265.770s][debug][gc,ref       ] GC(447) Skipped phase3 of Reference Processing due to unavailable references
[265.770s][debug][gc,ref       ] GC(447) Skipped phase4 of Reference Processing due to unavailable references
[265.770s][debug][gc,age       ] GC(447) Desired survivor size 15368192 bytes, new threshold 6 (max threshold 6)
[265.770s][info ][gc,heap      ] GC(447) ParNew: 241402K->860K(270336K)
[265.770s][info ][gc,heap      ] GC(447) CMS: 422172K->422347K(600768K)
[265.770s][info ][gc,metaspace ] GC(447) Metaspace: 64361K->64361K(1107968K)
[265.770s][info ][gc           ] GC(447) Pause Young (Allocation Failure) 648M->413M(850M) 3.347ms
[265.770s][info ][gc,cpu       ] GC(447) User=0.01s Sys=0.00s Real=0.01s
[265.770s][info ][safepoint    ] Leaving safepoint region
[265.770s][info ][safepoint    ] Total time for which application threads were stopped: 0.0035044 seconds, Stopping threads took: 0.0000162 seconds
[266.975s][info ][safepoint    ] Application time: 1.2048274 seconds
[266.975s][info ][safepoint    ] Entering safepoint region: GenCollectForAllocation
[266.975s][info ][gc,start     ] GC(448) Pause Young (Allocation Failure)
[266.975s][info ][gc,task      ] GC(448) Using 4 workers of 4 for evacuation
[266.978s][debug][gc,ref       ] GC(448) Skipped phase1 of Reference Processing due to unavailable references
[266.978s][debug][gc,ref       ] GC(448) Skipped phase2 of Reference Processing due to unavailable references
[266.978s][debug][gc,ref       ] GC(448) Skipped phase3 of Reference Processing due to unavailable references
[266.978s][debug][gc,ref       ] GC(448) Skipped phase4 of Reference Processing due to unavailable references
[266.978s][debug][gc,age       ] GC(448) Desired survivor size 15368192 bytes, new threshold 6 (max threshold 6)
[266.978s][info ][gc,heap      ] GC(448) ParNew: 241180K->913K(270336K)
[266.978s][info ][gc,heap      ] GC(448) CMS: 422347K->422382K(600768K)
[266.978s][info ][gc,metaspace ] GC(448) Metaspace: 64361K->64361K(1107968K)
[266.978s][info ][gc           ] GC(448) Pause Young (Allocation Failure) 647M->413M(850M) 3.120ms
[266.978s][info ][gc,cpu       ] GC(448) User=0.01s Sys=0.00s Real=0.01s
[266.978s][info ][safepoint    ] Leaving safepoint region
[266.978s][info ][safepoint    ] Total time for which application threads were stopped: 0.0032780 seconds, Stopping threads took: 0.0000185 seconds
[267.978s][info ][safepoint    ] Application time: 1.0001125 seconds
[267.978s][info ][safepoint    ] Entering safepoint region: Cleanup
[267.978s][info ][safepoint    ] Leaving safepoint region
[267.978s][info ][safepoint    ] Total time for which application threads were stopped: 0.0001283 seconds, Stopping threads took: 0.0000619 seconds
[268.198s][info ][safepoint    ] Application time: 0.2195317 seconds
[268.198s][info ][safepoint    ] Entering safepoint region: GenCollectForAllocation
[268.198s][info ][gc,start     ] GC(449) Pause Young (Allocation Failure)
[268.198s][info ][gc,task      ] GC(449) Using 4 workers of 4 for evacuation
[268.201s][debug][gc,ref       ] GC(449) Skipped phase1 of Reference Processing due to unavailable references
[268.201s][debug][gc,ref       ] GC(449) Skipped phase2 of Reference Processing due to unavailable references
[268.201s][debug][gc,ref       ] GC(449) Skipped phase3 of Reference Processing due to unavailable references
[268.201s][debug][gc,ref       ] GC(449) Skipped phase4 of Reference Processing due to unavailable references
[268.201s][debug][gc,age       ] GC(449) Desired survivor size 15368192 bytes, new threshold 6 (max threshold 6)
[268.201s][info ][gc,heap      ] GC(449) ParNew: 241233K->1015K(270336K)
[268.201s][info ][gc,heap      ] GC(449) CMS: 422382K->422417K(600768K)
[268.201s][info ][gc,metaspace ] GC(449) Metaspace: 64361K->64361K(1107968K)
[268.201s][info ][gc           ] GC(449) Pause Young (Allocation Failure) 648M->413M(850M) 3.389ms
[268.201s][info ][gc,cpu       ] GC(449) User=0.01s Sys=0.00s Real=0.00s
[268.201s][info ][safepoint    ] Leaving safepoint region
[268.201s][info ][safepoint    ] Total time for which application threads were stopped: 0.0035519 seconds, Stopping threads took: 0.0000445 seconds
[269.381s][info ][safepoint    ] Application time: 1.1791602 seconds
[269.381s][info ][safepoint    ] Entering safepoint region: GenCollectForAllocation
[269.381s][info ][gc,start     ] GC(450) Pause Young (Allocation Failure)
[269.381s][info ][gc,task      ] GC(450) Using 4 workers of 4 for evacuation
[269.384s][debug][gc,ref       ] GC(450) Skipped phase1 of Reference Processing due to unavailable references
[269.384s][debug][gc,ref       ] GC(450) Skipped phase2 of Reference Processing due to unavailable references
[269.384s][debug][gc,ref       ] GC(450) Skipped phase3 of Reference Processing due to unavailable references
[269.384s][debug][gc,ref       ] GC(450) Skipped phase4 of Reference Processing due to unavailable references
[269.384s][debug][gc,age       ] GC(450) Desired survivor size 15368192 bytes, new threshold 6 (max threshold 6)
[269.384s][info ][gc,heap      ] GC(450) ParNew: 241335K->991K(270336K)
[269.384s][info ][gc,heap      ] GC(450) CMS: 422417K->422506K(600768K)
[269.384s][info ][gc,metaspace ] GC(450) Metaspace: 64361K->64361K(1107968K)
[269.384s][info ][gc           ] GC(450) Pause Young (Allocation Failure) 648M->413M(850M) 3.387ms
[269.384s][info ][gc,cpu       ] GC(450) User=0.02s Sys=0.00s Real=0.00s
[269.384s][info ][safepoint    ] Leaving safepoint region
[269.384s][info ][safepoint    ] Total time for which application threads were stopped: 0.0035277 seconds, Stopping threads took: 0.0000166 seconds
[270.580s][info ][safepoint    ] Application time: 1.1961713 seconds
[270.580s][info ][safepoint    ] Entering safepoint region: GenCollectForAllocation
[270.580s][info ][gc,start     ] GC(451) Pause Young (Allocation Failure)
[270.581s][info ][gc,task      ] GC(451) Using 4 workers of 4 for evacuation
[270.583s][debug][gc,ref       ] GC(451) Skipped phase1 of Reference Processing due to unavailable references
[270.583s][debug][gc,ref       ] GC(451) Skipped phase2 of Reference Processing due to unavailable references
[270.583s][debug][gc,ref       ] GC(451) Skipped phase3 of Reference Processing due to unavailable references
[270.583s][debug][gc,ref       ] GC(451) Skipped phase4 of Reference Processing due to unavailable references
[270.583s][debug][gc,age       ] GC(451) Desired survivor size 15368192 bytes, new threshold 6 (max threshold 6)
[270.584s][info ][gc,heap      ] GC(451) ParNew: 241311K->1091K(270336K)
[270.584s][info ][gc,heap      ] GC(451) CMS: 422506K->422562K(600768K)
[270.584s][info ][gc,metaspace ] GC(451) Metaspace: 64361K->64361K(1107968K)
[270.584s][info ][gc           ] GC(451) Pause Young (Allocation Failure) 648M->413M(850M) 3.032ms
[270.584s][info ][gc,cpu       ] GC(451) User=0.01s Sys=0.00s Real=0.00s
[270.584s][info ][safepoint    ] Leaving safepoint region
[270.584s][info ][safepoint    ] Total time for which application threads were stopped: 0.0031648 seconds, Stopping threads took: 0.0000182 seconds
[271.584s][info ][safepoint    ] Application time: 1.0000763 seconds
[271.584s][info ][safepoint    ] Entering safepoint region: Cleanup
[271.584s][info ][safepoint    ] Leaving safepoint region
[271.584s][info ][safepoint    ] Total time for which application threads were stopped: 0.0000733 seconds, Stopping threads took: 0.0000180 seconds
[271.817s][info ][safepoint    ] Application time: 0.2332566 seconds
[271.817s][info ][safepoint    ] Entering safepoint region: GenCollectForAllocation
[271.817s][info ][gc,start     ] GC(452) Pause Young (Allocation Failure)
[271.817s][info ][gc,task      ] GC(452) Using 4 workers of 4 for evacuation
[271.820s][debug][gc,ref       ] GC(452) Skipped phase1 of Reference Processing due to unavailable references
[271.820s][debug][gc,ref       ] GC(452) Skipped phase2 of Reference Processing due to unavailable references
[271.820s][debug][gc,ref       ] GC(452) Skipped phase3 of Reference Processing due to unavailable references
[271.820s][debug][gc,ref       ] GC(452) Skipped phase4 of Reference Processing due to unavailable references
[271.820s][debug][gc,age       ] GC(452) Desired survivor size 15368192 bytes, new threshold 6 (max threshold 6)
[271.820s][info ][gc,heap      ] GC(452) ParNew: 241411K->853K(270336K)
[271.820s][info ][gc,heap      ] GC(452) CMS: 422562K->422610K(600768K)
[271.820s][info ][gc,metaspace ] GC(452) Metaspace: 64361K->64361K(1107968K)
[271.821s][info ][gc           ] GC(452) Pause Young (Allocation Failure) 648M->413M(850M) 3.330ms
[271.821s][info ][gc,cpu       ] GC(452) User=0.01s Sys=0.00s Real=0.00s
[271.821s][info ][safepoint    ] Leaving safepoint region
[271.821s][info ][safepoint    ] Total time for which application threads were stopped: 0.0034721 seconds, Stopping threads took: 0.0000183 seconds
[272.821s][info ][safepoint    ] Application time: 1.0000949 seconds
[272.821s][info ][safepoint    ] Entering safepoint region: Cleanup
[272.821s][info ][safepoint    ] Leaving safepoint region
[272.821s][info ][safepoint    ] Total time for which application threads were stopped: 0.0001165 seconds, Stopping threads took: 0.0000436 seconds
[272.998s][info ][safepoint    ] Application time: 0.1770655 seconds
[272.998s][info ][safepoint    ] Entering safepoint region: GenCollectForAllocation
[272.998s][info ][gc,start     ] GC(453) Pause Young (Allocation Failure)
[272.998s][info ][gc,task      ] GC(453) Using 4 workers of 4 for evacuation
[273.001s][debug][gc,ref       ] GC(453) Skipped phase1 of Reference Processing due to unavailable references
[273.002s][debug][gc,ref       ] GC(453) Skipped phase2 of Reference Processing due to unavailable references
[273.002s][debug][gc,ref       ] GC(453) Skipped phase3 of Reference Processing due to unavailable references
[273.002s][debug][gc,ref       ] GC(453) Skipped phase4 of Reference Processing due to unavailable references
[273.002s][debug][gc,age       ] GC(453) Desired survivor size 15368192 bytes, new threshold 6 (max threshold 6)
[273.002s][info ][gc,heap      ] GC(453) ParNew: 241173K->944K(270336K)
[273.002s][info ][gc,heap      ] GC(453) CMS: 422610K->422641K(600768K)
[273.002s][info ][gc,metaspace ] GC(453) Metaspace: 64361K->64361K(1107968K)
[273.002s][info ][gc           ] GC(453) Pause Young (Allocation Failure) 648M->413M(850M) 3.852ms
[273.002s][info ][gc,cpu       ] GC(453) User=0.02s Sys=0.00s Real=0.00s
[273.002s][info ][safepoint    ] Leaving safepoint region
[273.002s][info ][safepoint    ] Total time for which application threads were stopped: 0.0040586 seconds, Stopping threads took: 0.0000730 seconds
[274.210s][info ][safepoint    ] Application time: 1.2084744 seconds
[274.210s][info ][safepoint    ] Entering safepoint region: GenCollectForAllocation
[274.211s][info ][gc,start     ] GC(454) Pause Young (Allocation Failure)
[274.211s][info ][gc,task      ] GC(454) Using 4 workers of 4 for evacuation
[274.214s][debug][gc,ref       ] GC(454) Skipped phase1 of Reference Processing due to unavailable references
[274.214s][debug][gc,ref       ] GC(454) Skipped phase2 of Reference Processing due to unavailable references
[274.214s][debug][gc,ref       ] GC(454) Skipped phase3 of Reference Processing due to unavailable references
[274.214s][debug][gc,ref       ] GC(454) Skipped phase4 of Reference Processing due to unavailable references
[274.214s][debug][gc,age       ] GC(454) Desired survivor size 15368192 bytes, new threshold 6 (max threshold 6)
[274.214s][info ][gc,heap      ] GC(454) ParNew: 241264K->985K(270336K)
[274.214s][info ][gc,heap      ] GC(454) CMS: 422641K->422680K(600768K)
[274.214s][info ][gc,metaspace ] GC(454) Metaspace: 64363K->64363K(1107968K)
[274.214s][info ][gc           ] GC(454) Pause Young (Allocation Failure) 648M->413M(850M) 3.411ms
[274.214s][info ][gc,cpu       ] GC(454) User=0.01s Sys=0.00s Real=0.00s
[274.214s][info ][safepoint    ] Leaving safepoint region
[274.214s][info ][safepoint    ] Total time for which application threads were stopped: 0.0035467 seconds, Stopping threads took: 0.0000152 seconds
[275.214s][info ][safepoint    ] Application time: 1.0001495 seconds
[275.214s][info ][safepoint    ] Entering safepoint region: Cleanup
[275.214s][info ][safepoint    ] Leaving safepoint region
[275.214s][info ][safepoint    ] Total time for which application threads were stopped: 0.0001359 seconds, Stopping threads took: 0.0000430 seconds
[275.417s][info ][safepoint    ] Application time: 0.2027370 seconds
[275.417s][info ][safepoint    ] Entering safepoint region: GenCollectForAllocation
[275.417s][info ][gc,start     ] GC(455) Pause Young (Allocation Failure)
[275.417s][info ][gc,task      ] GC(455) Using 4 workers of 4 for evacuation
[275.421s][debug][gc,ref       ] GC(455) Skipped phase1 of Reference Processing due to unavailable references
[275.421s][debug][gc,ref       ] GC(455) Skipped phase2 of Reference Processing due to unavailable references
[275.421s][debug][gc,ref       ] GC(455) Skipped phase3 of Reference Processing due to unavailable references
[275.421s][debug][gc,ref       ] GC(455) Skipped phase4 of Reference Processing due to unavailable references
[275.421s][debug][gc,age       ] GC(455) Desired survivor size 15368192 bytes, new threshold 6 (max threshold 6)
[275.421s][info ][gc,heap      ] GC(455) ParNew: 241305K->947K(270336K)
[275.421s][info ][gc,heap      ] GC(455) CMS: 422680K->422773K(600768K)
[275.421s][info ][gc,metaspace ] GC(455) Metaspace: 64364K->64364K(1107968K)
[275.421s][info ][gc           ] GC(455) Pause Young (Allocation Failure) 648M->413M(850M) 3.720ms
[275.421s][info ][gc,cpu       ] GC(455) User=0.01s Sys=0.00s Real=0.00s
[275.421s][info ][safepoint    ] Leaving safepoint region
[275.421s][info ][safepoint    ] Total time for which application threads were stopped: 0.0038763 seconds, Stopping threads took: 0.0000172 seconds
[276.421s][info ][safepoint    ] Application time: 1.0001400 seconds
[276.421s][info ][safepoint    ] Entering safepoint region: Cleanup
[276.421s][info ][safepoint    ] Leaving safepoint region
[276.421s][info ][safepoint    ] Total time for which application threads were stopped: 0.0001149 seconds, Stopping threads took: 0.0000448 seconds
[276.591s][info ][safepoint    ] Application time: 0.1700429 seconds
[276.591s][info ][safepoint    ] Entering safepoint region: GenCollectForAllocation
[276.592s][info ][gc,start     ] GC(456) Pause Young (Allocation Failure)
[276.592s][info ][gc,task      ] GC(456) Using 4 workers of 4 for evacuation
[276.595s][debug][gc,ref       ] GC(456) Skipped phase1 of Reference Processing due to unavailable references
[276.595s][debug][gc,ref       ] GC(456) Skipped phase2 of Reference Processing due to unavailable references
[276.595s][debug][gc,ref       ] GC(456) Skipped phase3 of Reference Processing due to unavailable references
[276.595s][debug][gc,ref       ] GC(456) Skipped phase4 of Reference Processing due to unavailable references
[276.595s][debug][gc,age       ] GC(456) Desired survivor size 15368192 bytes, new threshold 6 (max threshold 6)
[276.595s][info ][gc,heap      ] GC(456) ParNew: 241267K->819K(270336K)
[276.595s][info ][gc,heap      ] GC(456) CMS: 422773K->422788K(600768K)
[276.595s][info ][gc,metaspace ] GC(456) Metaspace: 64364K->64364K(1107968K)
[276.595s][info ][gc           ] GC(456) Pause Young (Allocation Failure) 648M->413M(850M) 3.571ms
[276.595s][info ][gc,cpu       ] GC(456) User=0.01s Sys=0.00s Real=0.00s
[276.595s][info ][safepoint    ] Leaving safepoint region
[276.595s][info ][safepoint    ] Total time for which application threads were stopped: 0.0037639 seconds, Stopping threads took: 0.0000800 seconds
[277.595s][info ][safepoint    ] Application time: 1.0001608 seconds
[277.595s][info ][safepoint    ] Entering safepoint region: Cleanup
[277.595s][info ][safepoint    ] Leaving safepoint region
[277.595s][info ][safepoint    ] Total time for which application threads were stopped: 0.0000961 seconds, Stopping threads took: 0.0000345 seconds
[277.748s][info ][safepoint    ] Application time: 0.1526813 seconds
[277.748s][info ][safepoint    ] Entering safepoint region: GenCollectForAllocation
[277.748s][info ][gc,start     ] GC(457) Pause Young (Allocation Failure)
[277.748s][info ][gc,task      ] GC(457) Using 4 workers of 4 for evacuation
[277.751s][debug][gc,ref       ] GC(457) Skipped phase1 of Reference Processing due to unavailable references
[277.751s][debug][gc,ref       ] GC(457) Skipped phase2 of Reference Processing due to unavailable references
[277.751s][debug][gc,ref       ] GC(457) Skipped phase3 of Reference Processing due to unavailable references
[277.751s][debug][gc,ref       ] GC(457) Skipped phase4 of Reference Processing due to unavailable references
[277.751s][debug][gc,age       ] GC(457) Desired survivor size 15368192 bytes, new threshold 6 (max threshold 6)
[277.751s][info ][gc,heap      ] GC(457) ParNew: 241139K->926K(270336K)
[277.751s][info ][gc,heap      ] GC(457) CMS: 422788K->422811K(600768K)
[277.751s][info ][gc,metaspace ] GC(457) Metaspace: 64364K->64364K(1107968K)
[277.751s][info ][gc           ] GC(457) Pause Young (Allocation Failure) 648M->413M(850M) 3.152ms
[277.751s][info ][gc,cpu       ] GC(457) User=0.01s Sys=0.00s Real=0.00s
[277.751s][info ][safepoint    ] Leaving safepoint region
[277.751s][info ][safepoint    ] Total time for which application threads were stopped: 0.0033136 seconds, Stopping threads took: 0.0000437 seconds
[278.932s][info ][safepoint    ] Application time: 1.1808945 seconds
[278.932s][info ][safepoint    ] Entering safepoint region: GenCollectForAllocation
[278.933s][info ][gc,start     ] GC(458) Pause Young (Allocation Failure)
[278.933s][info ][gc,task      ] GC(458) Using 4 workers of 4 for evacuation
[278.935s][debug][gc,ref       ] GC(458) Skipped phase1 of Reference Processing due to unavailable references
[278.935s][debug][gc,ref       ] GC(458) Skipped phase2 of Reference Processing due to unavailable references
[278.935s][debug][gc,ref       ] GC(458) Skipped phase3 of Reference Processing due to unavailable references
[278.935s][debug][gc,ref       ] GC(458) Skipped phase4 of Reference Processing due to unavailable references
[278.936s][debug][gc,age       ] GC(458) Desired survivor size 15368192 bytes, new threshold 6 (max threshold 6)
[278.936s][info ][gc,heap      ] GC(458) ParNew: 241246K->598K(270336K)
[278.936s][info ][gc,heap      ] GC(458) CMS: 422811K->422900K(600768K)
[278.936s][info ][gc,metaspace ] GC(458) Metaspace: 64366K->64366K(1107968K)
[278.936s][info ][gc           ] GC(458) Pause Young (Allocation Failure) 648M->413M(850M) 3.382ms
[278.936s][info ][gc,cpu       ] GC(458) User=0.01s Sys=0.00s Real=0.01s
[278.936s][info ][safepoint    ] Leaving safepoint region
[278.936s][info ][safepoint    ] Total time for which application threads were stopped: 0.0035160 seconds, Stopping threads took: 0.0000168 seconds
[279.920s][info ][safepoint    ] Application time: 0.9837237 seconds
[279.920s][info ][safepoint    ] Entering safepoint region: RevokeBias
[279.920s][info ][safepoint    ] Leaving safepoint region
[279.920s][info ][safepoint    ] Total time for which application threads were stopped: 0.0001474 seconds, Stopping threads took: 0.0000647 seconds
[279.920s][info ][safepoint    ] Application time: 0.0002599 seconds
[279.920s][info ][safepoint    ] Entering safepoint region: RevokeBias
[279.920s][info ][safepoint    ] Leaving safepoint region
[279.920s][info ][safepoint    ] Total time for which application threads were stopped: 0.0000796 seconds, Stopping threads took: 0.0000444 seconds
[279.933s][info ][safepoint    ] Application time: 0.0128529 seconds
[279.933s][info ][safepoint    ] Entering safepoint region: RevokeBias
[279.933s][info ][safepoint    ] Leaving safepoint region
[279.933s][info ][safepoint    ] Total time for which application threads were stopped: 0.0000961 seconds, Stopping threads took: 0.0000157 seconds
[280.118s][info ][safepoint    ] Application time: 0.1843079 seconds
[280.118s][info ][safepoint    ] Entering safepoint region: GenCollectForAllocation
[280.118s][info ][gc,start     ] GC(459) Pause Young (Allocation Failure)
[280.118s][info ][gc,task      ] GC(459) Using 4 workers of 4 for evacuation
[280.121s][debug][gc,ref       ] GC(459) Skipped phase1 of Reference Processing due to unavailable references
[280.121s][debug][gc,ref       ] GC(459) Skipped phase3 of Reference Processing due to unavailable references
[280.121s][debug][gc,ref       ] GC(459) Skipped phase4 of Reference Processing due to unavailable references
[280.121s][debug][gc,age       ] GC(459) Desired survivor size 15368192 bytes, new threshold 6 (max threshold 6)
[280.121s][info ][gc,heap      ] GC(459) ParNew: 240918K->1025K(270336K)
[280.121s][info ][gc,heap      ] GC(459) CMS: 422900K->422950K(600768K)
[280.121s][info ][gc,metaspace ] GC(459) Metaspace: 64369K->64369K(1107968K)
[280.121s][info ][gc           ] GC(459) Pause Young (Allocation Failure) 648M->414M(850M) 3.333ms
[280.121s][info ][gc,cpu       ] GC(459) User=0.03s Sys=0.00s Real=0.00s
[280.121s][info ][safepoint    ] Leaving safepoint region
[280.121s][info ][safepoint    ] Total time for which application threads were stopped: 0.0034944 seconds, Stopping threads took: 0.0000177 seconds
[280.450s][info ][safepoint    ] Application time: 0.3288801 seconds
[280.450s][info ][safepoint    ] Entering safepoint region: RevokeBias
[280.450s][info ][safepoint    ] Leaving safepoint region
[280.450s][info ][safepoint    ] Total time for which application threads were stopped: 0.0001132 seconds, Stopping threads took: 0.0000352 seconds
[280.462s][info ][safepoint    ] Application time: 0.0121702 seconds
[280.462s][info ][safepoint    ] Entering safepoint region: RevokeBias
[280.462s][info ][safepoint    ] Leaving safepoint region
[280.462s][info ][safepoint    ] Total time for which application threads were stopped: 0.0001726 seconds, Stopping threads took: 0.0000978 seconds
[280.463s][info ][safepoint    ] Application time: 0.0000750 seconds
[280.463s][info ][safepoint    ] Entering safepoint region: RevokeBias
[280.463s][info ][safepoint    ] Leaving safepoint region
[280.463s][info ][safepoint    ] Total time for which application threads were stopped: 0.0000796 seconds, Stopping threads took: 0.0000386 seconds
[280.464s][info ][safepoint    ] Application time: 0.0013605 seconds
[280.464s][info ][safepoint    ] Entering safepoint region: RevokeBias
[280.464s][info ][safepoint    ] Leaving safepoint region
[280.464s][info ][safepoint    ] Total time for which application threads were stopped: 0.0000683 seconds, Stopping threads took: 0.0000253 seconds
[280.464s][info ][safepoint    ] Application time: 0.0003980 seconds
[280.465s][info ][safepoint    ] Entering safepoint region: RevokeBias
[280.465s][info ][safepoint    ] Leaving safepoint region
[280.465s][info ][safepoint    ] Total time for which application threads were stopped: 0.0000737 seconds, Stopping threads took: 0.0000406 seconds
[280.465s][info ][safepoint    ] Application time: 0.0001106 seconds
[280.465s][info ][safepoint    ] Entering safepoint region: RevokeBias
[280.465s][info ][safepoint    ] Leaving safepoint region
[280.465s][info ][safepoint    ] Total time for which application threads were stopped: 0.0000956 seconds, Stopping threads took: 0.0000626 seconds
[280.465s][info ][safepoint    ] Application time: 0.0000906 seconds
[280.465s][info ][safepoint    ] Entering safepoint region: RevokeBias
[280.465s][info ][safepoint    ] Leaving safepoint region
[280.465s][info ][safepoint    ] Total time for which application threads were stopped: 0.0002371 seconds, Stopping threads took: 0.0001996 seconds
[280.465s][info ][safepoint    ] Application time: 0.0001248 seconds
[280.465s][info ][safepoint    ] Entering safepoint region: RevokeBias
[280.465s][info ][safepoint    ] Leaving safepoint region
[280.465s][info ][safepoint    ] Total time for which application threads were stopped: 0.0000581 seconds, Stopping threads took: 0.0000333 seconds
[280.465s][info ][safepoint    ] Application time: 0.0000610 seconds
[280.465s][info ][safepoint    ] Entering safepoint region: RevokeBias
[280.466s][info ][safepoint    ] Leaving safepoint region
[280.466s][info ][safepoint    ] Total time for which application threads were stopped: 0.0001254 seconds, Stopping threads took: 0.0000357 seconds
[280.466s][info ][safepoint    ] Application time: 0.0000683 seconds
[280.466s][info ][safepoint    ] Entering safepoint region: RevokeBias
[280.466s][info ][safepoint    ] Leaving safepoint region
[280.466s][info ][safepoint    ] Total time for which application threads were stopped: 0.0000622 seconds, Stopping threads took: 0.0000331 seconds
[280.466s][info ][safepoint    ] Application time: 0.0001001 seconds
[280.466s][info ][safepoint    ] Entering safepoint region: RevokeBias
[280.466s][info ][safepoint    ] Leaving safepoint region
[280.466s][info ][safepoint    ] Total time for which application threads were stopped: 0.0000448 seconds, Stopping threads took: 0.0000173 seconds
[280.466s][info ][safepoint    ] Application time: 0.0000650 seconds
[280.466s][info ][safepoint    ] Entering safepoint region: RevokeBias
[280.466s][info ][safepoint    ] Leaving safepoint region
[280.466s][info ][safepoint    ] Total time for which application threads were stopped: 0.0000313 seconds, Stopping threads took: 0.0000062 seconds
[280.466s][info ][safepoint    ] Application time: 0.0000631 seconds
[280.466s][info ][safepoint    ] Entering safepoint region: RevokeBias
[280.466s][info ][safepoint    ] Leaving safepoint region
[280.466s][info ][safepoint    ] Total time for which application threads were stopped: 0.0000628 seconds, Stopping threads took: 0.0000346 seconds
[280.466s][info ][safepoint    ] Application time: 0.0000760 seconds
[280.466s][info ][safepoint    ] Entering safepoint region: RevokeBias
[280.466s][info ][safepoint    ] Leaving safepoint region
[280.466s][info ][safepoint    ] Total time for which application threads were stopped: 0.0000553 seconds, Stopping threads took: 0.0000287 seconds
[280.466s][info ][safepoint    ] Application time: 0.0000567 seconds
[280.466s][info ][safepoint    ] Entering safepoint region: RevokeBias
[280.466s][info ][safepoint    ] Leaving safepoint region
[280.466s][info ][safepoint    ] Total time for which application threads were stopped: 0.0000568 seconds, Stopping threads took: 0.0000290 seconds
[280.466s][info ][safepoint    ] Application time: 0.0000657 seconds
[280.466s][info ][safepoint    ] Entering safepoint region: RevokeBias
[280.467s][info ][safepoint    ] Leaving safepoint region
[280.467s][info ][safepoint    ] Total time for which application threads were stopped: 0.0000607 seconds, Stopping threads took: 0.0000325 seconds
[280.467s][info ][safepoint    ] Application time: 0.0000540 seconds
[280.467s][info ][safepoint    ] Entering safepoint region: RevokeBias
[280.467s][info ][safepoint    ] Leaving safepoint region
[280.467s][info ][safepoint    ] Total time for which application threads were stopped: 0.0000622 seconds, Stopping threads took: 0.0000342 seconds
[280.467s][info ][safepoint    ] Application time: 0.0000800 seconds
[280.467s][info ][safepoint    ] Entering safepoint region: RevokeBias
[280.467s][info ][safepoint    ] Leaving safepoint region
[280.467s][info ][safepoint    ] Total time for which application threads were stopped: 0.0000422 seconds, Stopping threads took: 0.0000162 seconds
[280.467s][info ][safepoint    ] Application time: 0.0000559 seconds
[280.467s][info ][safepoint    ] Entering safepoint region: RevokeBias
[280.467s][info ][safepoint    ] Leaving safepoint region
[280.467s][info ][safepoint    ] Total time for which application threads were stopped: 0.0000817 seconds, Stopping threads took: 0.0000159 seconds
[280.467s][info ][safepoint    ] Application time: 0.0000566 seconds
[280.467s][info ][safepoint    ] Entering safepoint region: RevokeBias
[280.467s][info ][safepoint    ] Leaving safepoint region
[280.467s][info ][safepoint    ] Total time for which application threads were stopped: 0.0001996 seconds, Stopping threads took: 0.0001692 seconds
[280.467s][info ][safepoint    ] Application time: 0.0000936 seconds
[280.467s][info ][safepoint    ] Entering safepoint region: RevokeBias
[280.467s][info ][safepoint    ] Leaving safepoint region
[280.467s][info ][safepoint    ] Total time for which application threads were stopped: 0.0000516 seconds, Stopping threads took: 0.0000217 seconds
[280.467s][info ][safepoint    ] Application time: 0.0001054 seconds
[280.468s][info ][safepoint    ] Entering safepoint region: RevokeBias
[280.468s][info ][safepoint    ] Leaving safepoint region
[280.468s][info ][safepoint    ] Total time for which application threads were stopped: 0.0000818 seconds, Stopping threads took: 0.0000253 seconds
[280.468s][info ][safepoint    ] Application time: 0.0000564 seconds
[280.468s][info ][safepoint    ] Entering safepoint region: BulkRevokeBias
[280.468s][info ][safepoint    ] Leaving safepoint region
[280.468s][info ][safepoint    ] Total time for which application threads were stopped: 0.0002566 seconds, Stopping threads took: 0.0000302 seconds
[280.469s][info ][safepoint    ] Application time: 0.0009026 seconds
[280.469s][info ][safepoint    ] Entering safepoint region: RevokeBias
[280.469s][info ][safepoint    ] Leaving safepoint region
[280.469s][info ][safepoint    ] Total time for which application threads were stopped: 0.0001048 seconds, Stopping threads took: 0.0000526 seconds
[280.469s][info ][safepoint    ] Application time: 0.0002906 seconds
[280.469s][info ][safepoint    ] Entering safepoint region: RevokeBias
[280.469s][info ][safepoint    ] Leaving safepoint region
[280.469s][info ][safepoint    ] Total time for which application threads were stopped: 0.0000602 seconds, Stopping threads took: 0.0000223 seconds
[280.470s][info ][safepoint    ] Application time: 0.0008367 seconds
[280.470s][info ][safepoint    ] Entering safepoint region: RevokeBias
[280.470s][info ][safepoint    ] Leaving safepoint region
[280.470s][info ][safepoint    ] Total time for which application threads were stopped: 0.0000970 seconds, Stopping threads took: 0.0000527 seconds
[280.493s][info ][safepoint    ] Application time: 0.0229899 seconds
[280.493s][info ][safepoint    ] Entering safepoint region: RevokeBias
[280.494s][info ][safepoint    ] Leaving safepoint region
[280.494s][info ][safepoint    ] Total time for which application threads were stopped: 0.0001725 seconds, Stopping threads took: 0.0000219 seconds
[280.611s][info ][safepoint    ] Application time: 0.1172343 seconds
[280.611s][info ][safepoint    ] Entering safepoint region: RevokeBias
[280.611s][info ][safepoint    ] Leaving safepoint region
[280.611s][info ][safepoint    ] Total time for which application threads were stopped: 0.0001770 seconds, Stopping threads took: 0.0000547 seconds
[280.631s][info ][safepoint    ] Application time: 0.0203889 seconds
[280.631s][info ][safepoint    ] Entering safepoint region: RevokeBias
[280.631s][info ][safepoint    ] Leaving safepoint region
[280.631s][info ][safepoint    ] Total time for which application threads were stopped: 0.0000851 seconds, Stopping threads took: 0.0000157 seconds
[280.827s][info ][safepoint    ] Application time: 0.1955898 seconds
[280.827s][info ][safepoint    ] Entering safepoint region: ICBufferFull
[280.827s][info ][safepoint    ] Leaving safepoint region
[280.827s][info ][safepoint    ] Total time for which application threads were stopped: 0.0002536 seconds, Stopping threads took: 0.0000331 seconds
[281.029s][info ][safepoint    ] Application time: 0.2018427 seconds
[281.029s][info ][safepoint    ] Entering safepoint region: GenCollectForAllocation
[281.029s][info ][safepoint    ] Leaving safepoint region
[281.029s][info ][safepoint    ] Total time for which application threads were stopped: 0.0001772 seconds, Stopping threads took: 0.0000770 seconds
[281.029s][info ][safepoint    ] Application time: 0.0000626 seconds
[281.030s][info ][safepoint    ] Entering safepoint region: GenCollectForAllocation
[281.030s][info ][gc,start     ] GC(460) Pause Young (Allocation Failure)
[281.030s][info ][gc,task      ] GC(460) Using 4 workers of 4 for evacuation
[281.037s][debug][gc,ref       ] GC(460) Skipped phase1 of Reference Processing due to unavailable references
[281.038s][debug][gc,age       ] GC(460) Desired survivor size 15368192 bytes, new threshold 1 (max threshold 6)
[281.038s][info ][gc,heap      ] GC(460) ParNew: 241345K->26709K(270336K)
[281.038s][info ][gc,heap      ] GC(460) CMS: 422950K->422954K(600768K)
[281.038s][info ][gc,metaspace ] GC(460) Metaspace: 64414K->64414K(1107968K)
[281.038s][info ][gc           ] GC(460) Pause Young (Allocation Failure) 648M->439M(850M) 8.036ms
[281.038s][info ][gc,cpu       ] GC(460) User=0.03s Sys=0.00s Real=0.01s
[281.038s][info ][safepoint    ] Leaving safepoint region
[281.038s][info ][safepoint    ] Total time for which application threads were stopped: 0.0081703 seconds, Stopping threads took: 0.0000345 seconds
[281.897s][info ][safepoint    ] Application time: 0.8595404 seconds
[281.897s][info ][safepoint    ] Entering safepoint region: GenCollectForAllocation
[281.897s][info ][safepoint    ] Leaving safepoint region
[281.897s][info ][safepoint    ] Total time for which application threads were stopped: 0.0001942 seconds, Stopping threads took: 0.0000772 seconds
[281.898s][info ][safepoint    ] Application time: 0.0004529 seconds
[281.898s][info ][safepoint    ] Entering safepoint region: GenCollectFull
[281.898s][info ][gc,start     ] GC(461) Pause Young (GCLocker Initiated GC)
[281.898s][info ][gc,task      ] GC(461) Using 4 workers of 4 for evacuation
[281.919s][debug][gc,ref       ] GC(461) Skipped phase1 of Reference Processing due to unavailable references
[281.919s][debug][gc,ref       ] GC(461) Skipped phase3 of Reference Processing due to unavailable references
[281.919s][debug][gc,age       ] GC(461) Desired survivor size 15368192 bytes, new threshold 6 (max threshold 6)
[281.919s][info ][gc,heap      ] GC(461) ParNew: 267041K->5597K(270336K)
[281.919s][info ][gc,heap      ] GC(461) CMS: 422954K->445240K(600768K)
[281.919s][info ][gc,metaspace ] GC(461) Metaspace: 64421K->64421K(1107968K)
[281.919s][info ][gc           ] GC(461) Pause Young (GCLocker Initiated GC) 673M->440M(850M) 21.450ms
[281.919s][info ][gc,cpu       ] GC(461) User=0.07s Sys=0.02s Real=0.02s
[281.920s][info ][safepoint    ] Leaving safepoint region
[281.920s][info ][safepoint    ] Total time for which application threads were stopped: 0.0216183 seconds, Stopping threads took: 0.0000581 seconds
[282.745s][info ][safepoint    ] Application time: 0.8251853 seconds
[282.745s][info ][safepoint    ] Entering safepoint region: GenCollectForAllocation
[282.745s][info ][gc,start     ] GC(462) Pause Young (Allocation Failure)
[282.745s][info ][gc,task      ] GC(462) Using 4 workers of 4 for evacuation
[282.752s][debug][gc,ref       ] GC(462) Skipped phase1 of Reference Processing due to unavailable references
[282.752s][debug][gc,ref       ] GC(462) Skipped phase3 of Reference Processing due to unavailable references
[282.752s][debug][gc,age       ] GC(462) Desired survivor size 15368192 bytes, new threshold 6 (max threshold 6)
[282.752s][info ][gc,heap      ] GC(462) ParNew: 245917K->7589K(270336K)
[282.752s][info ][gc,heap      ] GC(462) CMS: 445240K->445240K(600768K)
[282.752s][info ][gc,metaspace ] GC(462) Metaspace: 64423K->64423K(1107968K)
[282.752s][info ][gc           ] GC(462) Pause Young (Allocation Failure) 674M->442M(850M) 7.523ms
[282.752s][info ][gc,cpu       ] GC(462) User=0.02s Sys=0.00s Real=0.01s
[282.753s][info ][safepoint    ] Leaving safepoint region
[282.753s][info ][safepoint    ] Total time for which application threads were stopped: 0.0077807 seconds, Stopping threads took: 0.0000665 seconds
[283.342s][info ][safepoint    ] Application time: 0.5896577 seconds
[283.342s][info ][safepoint    ] Entering safepoint region: RevokeBias
[283.342s][info ][safepoint    ] Leaving safepoint region
[283.342s][info ][safepoint    ] Total time for which application threads were stopped: 0.0002735 seconds, Stopping threads took: 0.0001727 seconds
[283.343s][info ][safepoint    ] Application time: 0.0000654 seconds
[283.343s][info ][safepoint    ] Entering safepoint region: RevokeBias
[283.343s][info ][safepoint    ] Leaving safepoint region
[283.343s][info ][safepoint    ] Total time for which application threads were stopped: 0.0000796 seconds, Stopping threads took: 0.0000400 seconds
[283.343s][info ][safepoint    ] Application time: 0.0006710 seconds
[283.343s][info ][safepoint    ] Entering safepoint region: RevokeBias
[283.343s][info ][safepoint    ] Leaving safepoint region
[283.343s][info ][safepoint    ] Total time for which application threads were stopped: 0.0000713 seconds, Stopping threads took: 0.0000107 seconds
[283.357s][info ][safepoint    ] Application time: 0.0131859 seconds
[283.357s][info ][safepoint    ] Entering safepoint region: RevokeBias
[283.357s][info ][safepoint    ] Leaving safepoint region
[283.357s][info ][safepoint    ] Total time for which application threads were stopped: 0.0000752 seconds, Stopping threads took: 0.0000151 seconds
[283.597s][info ][safepoint    ] Application time: 0.2402575 seconds
[283.597s][info ][safepoint    ] Entering safepoint region: GenCollectForAllocation
[283.597s][info ][gc,start     ] GC(463) Pause Young (Allocation Failure)
[283.597s][info ][gc,task      ] GC(463) Using 4 workers of 4 for evacuation
[283.605s][debug][gc,ref       ] GC(463) Skipped phase1 of Reference Processing due to unavailable references
[283.605s][debug][gc,ref       ] GC(463) Skipped phase3 of Reference Processing due to unavailable references
[283.605s][debug][gc,age       ] GC(463) Desired survivor size 15368192 bytes, new threshold 6 (max threshold 6)
[283.605s][info ][gc,heap      ] GC(463) ParNew: 247909K->13206K(270336K)
[283.605s][info ][gc,heap      ] GC(463) CMS: 445240K->445240K(600768K)
[283.605s][info ][gc,metaspace ] GC(463) Metaspace: 64423K->64423K(1107968K)
[283.605s][info ][gc           ] GC(463) Pause Young (Allocation Failure) 676M->447M(850M) 8.025ms
[283.605s][info ][gc,cpu       ] GC(463) User=0.03s Sys=0.00s Real=0.00s
[283.605s][info ][safepoint    ] Leaving safepoint region
[283.605s][info ][safepoint    ] Total time for which application threads were stopped: 0.0081951 seconds, Stopping threads took: 0.0000146 seconds
[284.526s][info ][safepoint    ] Application time: 0.9210558 seconds
[284.526s][info ][safepoint    ] Entering safepoint region: GenCollectForAllocation
[284.526s][info ][gc,start     ] GC(464) Pause Young (Allocation Failure)
[284.526s][info ][gc,task      ] GC(464) Using 4 workers of 4 for evacuation
[284.534s][debug][gc,ref       ] GC(464) Skipped phase1 of Reference Processing due to unavailable references
[284.534s][debug][gc,ref       ] GC(464) Skipped phase3 of Reference Processing due to unavailable references
[284.534s][debug][gc,age       ] GC(464) Desired survivor size 15368192 bytes, new threshold 6 (max threshold 6)
[284.534s][info ][gc,heap      ] GC(464) ParNew: 253526K->16451K(270336K)
[284.534s][info ][gc,heap      ] GC(464) CMS: 445240K->445240K(600768K)
[284.534s][info ][gc,metaspace ] GC(464) Metaspace: 64424K->64424K(1107968K)
[284.534s][info ][gc           ] GC(464) Pause Young (Allocation Failure) 682M->450M(850M) 7.886ms
[284.534s][info ][gc,cpu       ] GC(464) User=0.03s Sys=0.00s Real=0.01s
[284.534s][info ][safepoint    ] Leaving safepoint region
[284.534s][info ][safepoint    ] Total time for which application threads were stopped: 0.0081152 seconds, Stopping threads took: 0.0000649 seconds
[285.535s][info ][safepoint    ] Application time: 1.0001640 seconds
[285.535s][info ][safepoint    ] Entering safepoint region: Cleanup
[285.535s][info ][safepoint    ] Leaving safepoint region
[285.535s][info ][safepoint    ] Total time for which application threads were stopped: 0.0001555 seconds, Stopping threads took: 0.0000681 seconds
[285.584s][info ][safepoint    ] Application time: 0.0492701 seconds
[285.584s][info ][safepoint    ] Entering safepoint region: GenCollectForAllocation
[285.584s][info ][gc,start     ] GC(465) Pause Young (Allocation Failure)
[285.584s][info ][gc,task      ] GC(465) Using 4 workers of 4 for evacuation
[285.592s][debug][gc,ref       ] GC(465) Skipped phase1 of Reference Processing due to unavailable references
[285.592s][debug][gc,ref       ] GC(465) Skipped phase3 of Reference Processing due to unavailable references
[285.592s][debug][gc,age       ] GC(465) Desired survivor size 15368192 bytes, new threshold 6 (max threshold 6)
[285.592s][info ][gc,heap      ] GC(465) ParNew: 256771K->15500K(270336K)
[285.592s][info ][gc,heap      ] GC(465) CMS: 445240K->445240K(600768K)
[285.592s][info ][gc,metaspace ] GC(465) Metaspace: 64427K->64427K(1107968K)
[285.592s][info ][gc           ] GC(465) Pause Young (Allocation Failure) 685M->449M(850M) 7.686ms
[285.592s][info ][gc,cpu       ] GC(465) User=0.03s Sys=0.00s Real=0.01s
[285.592s][info ][safepoint    ] Leaving safepoint region
[285.592s][info ][safepoint    ] Total time for which application threads were stopped: 0.0078616 seconds, Stopping threads took: 0.0000196 seconds
[285.610s][info ][safepoint    ] Application time: 0.0182608 seconds
[285.610s][info ][safepoint    ] Entering safepoint region: RevokeBias
[285.610s][info ][safepoint    ] Leaving safepoint region
[285.610s][info ][safepoint    ] Total time for which application threads were stopped: 0.0001336 seconds, Stopping threads took: 0.0000466 seconds
[285.610s][info ][safepoint    ] Application time: 0.0000869 seconds
[285.611s][info ][safepoint    ] Entering safepoint region: RevokeBias
[285.611s][info ][safepoint    ] Leaving safepoint region
[285.611s][info ][safepoint    ] Total time for which application threads were stopped: 0.0001234 seconds, Stopping threads took: 0.0000695 seconds
[285.611s][info ][safepoint    ] Application time: 0.0002075 seconds
[285.611s][info ][safepoint    ] Entering safepoint region: RevokeBias
[285.611s][info ][safepoint    ] Leaving safepoint region
[285.611s][info ][safepoint    ] Total time for which application threads were stopped: 0.0000525 seconds, Stopping threads took: 0.0000203 seconds
[285.611s][info ][safepoint    ] Application time: 0.0001513 seconds
[285.611s][info ][safepoint    ] Entering safepoint region: RevokeBias
[285.611s][info ][safepoint    ] Leaving safepoint region
[285.611s][info ][safepoint    ] Total time for which application threads were stopped: 0.0000556 seconds, Stopping threads took: 0.0000195 seconds
[285.611s][info ][safepoint    ] Application time: 0.0000534 seconds
[285.611s][info ][safepoint    ] Entering safepoint region: RevokeBias
[285.611s][info ][safepoint    ] Leaving safepoint region
[285.611s][info ][safepoint    ] Total time for which application threads were stopped: 0.0000494 seconds, Stopping threads took: 0.0000186 seconds
[285.611s][info ][safepoint    ] Application time: 0.0000655 seconds
[285.611s][info ][safepoint    ] Entering safepoint region: RevokeBias
[285.611s][info ][safepoint    ] Leaving safepoint region
[285.611s][info ][safepoint    ] Total time for which application threads were stopped: 0.0001158 seconds, Stopping threads took: 0.0000691 seconds
[285.612s][info ][safepoint    ] Application time: 0.0002159 seconds
[285.612s][info ][safepoint    ] Entering safepoint region: RevokeBias
[285.612s][info ][safepoint    ] Leaving safepoint region
[285.612s][info ][safepoint    ] Total time for which application threads were stopped: 0.0001022 seconds, Stopping threads took: 0.0000580 seconds
[286.612s][info ][safepoint    ] Application time: 1.0001050 seconds
[286.612s][info ][safepoint    ] Entering safepoint region: Cleanup
[286.612s][info ][safepoint    ] Leaving safepoint region
[286.612s][info ][safepoint    ] Total time for which application threads were stopped: 0.0001362 seconds, Stopping threads took: 0.0000576 seconds
[286.650s][info ][safepoint    ] Application time: 0.0377160 seconds
[286.650s][info ][safepoint    ] Entering safepoint region: GenCollectForAllocation
[286.650s][info ][gc,start     ] GC(466) Pause Young (Allocation Failure)
[286.650s][info ][gc,task      ] GC(466) Using 4 workers of 4 for evacuation
[286.657s][debug][gc,ref       ] GC(466) Skipped phase1 of Reference Processing due to unavailable references
[286.657s][debug][gc,ref       ] GC(466) Skipped phase3 of Reference Processing due to unavailable references
[286.657s][debug][gc,age       ] GC(466) Desired survivor size 15368192 bytes, new threshold 6 (max threshold 6)
[286.657s][info ][gc,heap      ] GC(466) ParNew: 255820K->16466K(270336K)
[286.657s][info ][gc,heap      ] GC(466) CMS: 445240K->445240K(600768K)
[286.657s][info ][gc,metaspace ] GC(466) Metaspace: 64431K->64431K(1107968K)
[286.658s][info ][gc           ] GC(466) Pause Young (Allocation Failure) 684M->450M(850M) 7.566ms
[286.658s][info ][gc,cpu       ] GC(466) User=0.03s Sys=0.00s Real=0.01s
[286.658s][info ][safepoint    ] Leaving safepoint region
[286.658s][info ][safepoint    ] Total time for which application threads were stopped: 0.0077509 seconds, Stopping threads took: 0.0000410 seconds
[287.658s][info ][safepoint    ] Application time: 1.0001441 seconds
[287.658s][info ][safepoint    ] Entering safepoint region: Cleanup
[287.658s][info ][safepoint    ] Leaving safepoint region
[287.658s][info ][safepoint    ] Total time for which application threads were stopped: 0.0001364 seconds, Stopping threads took: 0.0000469 seconds
[287.721s][info ][safepoint    ] Application time: 0.0629846 seconds
[287.721s][info ][safepoint    ] Entering safepoint region: GenCollectForAllocation
[287.721s][info ][gc,start     ] GC(467) Pause Young (Allocation Failure)
[287.721s][info ][gc,task      ] GC(467) Using 4 workers of 4 for evacuation
[287.728s][debug][gc,ref       ] GC(467) Skipped phase1 of Reference Processing due to unavailable references
[287.728s][debug][gc,ref       ] GC(467) Skipped phase3 of Reference Processing due to unavailable references
[287.728s][debug][gc,age       ] GC(467) Desired survivor size 15368192 bytes, new threshold 6 (max threshold 6)
[287.729s][info ][gc,heap      ] GC(467) ParNew: 256786K->16858K(270336K)
[287.729s][info ][gc,heap      ] GC(467) CMS: 445240K->445801K(600768K)
[287.729s][info ][gc,metaspace ] GC(467) Metaspace: 64432K->64432K(1107968K)
[287.729s][info ][gc           ] GC(467) Pause Young (Allocation Failure) 685M->451M(850M) 7.275ms
[287.729s][info ][gc,cpu       ] GC(467) User=0.03s Sys=0.00s Real=0.01s
[287.729s][info ][safepoint    ] Leaving safepoint region
[287.729s][info ][safepoint    ] Total time for which application threads were stopped: 0.0076816 seconds, Stopping threads took: 0.0000189 seconds
[288.729s][info ][safepoint    ] Application time: 1.0000687 seconds
[288.729s][info ][safepoint    ] Entering safepoint region: Cleanup
[288.729s][info ][safepoint    ] Leaving safepoint region
[288.729s][info ][safepoint    ] Total time for which application threads were stopped: 0.0001308 seconds, Stopping threads took: 0.0000443 seconds
[288.798s][info ][safepoint    ] Application time: 0.0696351 seconds
[288.799s][info ][safepoint    ] Entering safepoint region: GenCollectForAllocation
[288.799s][info ][gc,start     ] GC(468) Pause Young (Allocation Failure)
[288.799s][info ][gc,task      ] GC(468) Using 4 workers of 4 for evacuation
[288.810s][debug][gc,ref       ] GC(468) Skipped phase1 of Reference Processing due to unavailable references
[288.810s][debug][gc,ref       ] GC(468) Skipped phase2 of Reference Processing due to unavailable references
[288.810s][debug][gc,ref       ] GC(468) Skipped phase3 of Reference Processing due to unavailable references
[288.810s][debug][gc,ref       ] GC(468) Skipped phase4 of Reference Processing due to unavailable references
[288.810s][debug][gc,age       ] GC(468) Desired survivor size 15368192 bytes, new threshold 6 (max threshold 6)
[288.811s][info ][gc,heap      ] GC(468) ParNew: 257178K->16397K(270336K)
[288.811s][info ][gc,heap      ] GC(468) CMS: 445801K->448491K(600768K)
[288.811s][info ][gc,metaspace ] GC(468) Metaspace: 64432K->64432K(1107968K)
[288.811s][info ][gc           ] GC(468) Pause Young (Allocation Failure) 686M->453M(850M) 11.892ms
[288.811s][info ][gc,cpu       ] GC(468) User=0.05s Sys=0.00s Real=0.01s
[288.811s][info ][safepoint    ] Leaving safepoint region
[288.811s][info ][safepoint    ] Total time for which application threads were stopped: 0.0120789 seconds, Stopping threads took: 0.0000401 seconds
[289.797s][info ][safepoint    ] Application time: 0.9867899 seconds
[289.797s][info ][safepoint    ] Entering safepoint region: GenCollectForAllocation
[289.798s][info ][gc,start     ] GC(469) Pause Young (Allocation Failure)
[289.798s][info ][gc,task      ] GC(469) Using 4 workers of 4 for evacuation
[289.807s][debug][gc,ref       ] GC(469) Skipped phase1 of Reference Processing due to unavailable references
[289.807s][debug][gc,ref       ] GC(469) Skipped phase3 of Reference Processing due to unavailable references
[289.807s][debug][gc,ref       ] GC(469) Skipped phase4 of Reference Processing due to unavailable references
[289.807s][debug][gc,age       ] GC(469) Desired survivor size 15368192 bytes, new threshold 6 (max threshold 6)
[289.807s][info ][gc,heap      ] GC(469) ParNew: 256717K->5822K(270336K)
[289.807s][info ][gc,heap      ] GC(469) CMS: 448491K->452783K(600768K)
[289.807s][info ][gc,metaspace ] GC(469) Metaspace: 64433K->64433K(1107968K)
[289.807s][info ][gc           ] GC(469) Pause Young (Allocation Failure) 688M->447M(850M) 9.907ms
[289.808s][info ][gc,cpu       ] GC(469) User=0.03s Sys=0.00s Real=0.00s
[289.808s][info ][safepoint    ] Leaving safepoint region
[289.808s][info ][safepoint    ] Total time for which application threads were stopped: 0.0101111 seconds, Stopping threads took: 0.0000382 seconds
[290.808s][info ][safepoint    ] Application time: 1.0001161 seconds
[290.808s][info ][safepoint    ] Entering safepoint region: Cleanup
[290.808s][info ][safepoint    ] Leaving safepoint region
[290.808s][info ][safepoint    ] Total time for which application threads were stopped: 0.0001314 seconds, Stopping threads took: 0.0000445 seconds
[290.823s][info ][safepoint    ] Application time: 0.0147963 seconds
[290.823s][info ][safepoint    ] Entering safepoint region: GenCollectForAllocation
[290.823s][info ][gc,start     ] GC(470) Pause Young (Allocation Failure)
[290.823s][info ][gc,task      ] GC(470) Using 4 workers of 4 for evacuation
[290.829s][debug][gc,ref       ] GC(470) Skipped phase1 of Reference Processing due to unavailable references
[290.829s][debug][gc,ref       ] GC(470) Skipped phase3 of Reference Processing due to unavailable references
[290.829s][debug][gc,ref       ] GC(470) Skipped phase4 of Reference Processing due to unavailable references
[290.830s][debug][gc,age       ] GC(470) Desired survivor size 15368192 bytes, new threshold 6 (max threshold 6)
[290.830s][info ][gc,heap      ] GC(470) ParNew: 246142K->4630K(270336K)
[290.830s][info ][gc,heap      ] GC(470) CMS: 452783K->455110K(600768K)
[290.830s][info ][gc,metaspace ] GC(470) Metaspace: 64436K->64436K(1107968K)
[290.830s][info ][gc           ] GC(470) Pause Young (Allocation Failure) 682M->448M(850M) 6.847ms
[290.830s][info ][gc,cpu       ] GC(470) User=0.03s Sys=0.00s Real=0.01s
[290.830s][info ][safepoint    ] Leaving safepoint region
[290.830s][info ][safepoint    ] Total time for which application threads were stopped: 0.0070018 seconds, Stopping threads took: 0.0000170 seconds
[291.830s][info ][safepoint    ] Application time: 1.0001035 seconds
[291.830s][info ][safepoint    ] Entering safepoint region: Cleanup
[291.830s][info ][safepoint    ] Leaving safepoint region
[291.830s][info ][safepoint    ] Total time for which application threads were stopped: 0.0001357 seconds, Stopping threads took: 0.0000434 seconds
[291.878s][info ][safepoint    ] Application time: 0.0476089 seconds
[291.878s][info ][safepoint    ] Entering safepoint region: GenCollectForAllocation
[291.878s][info ][gc,start     ] GC(471) Pause Young (Allocation Failure)
[291.878s][info ][gc,task      ] GC(471) Using 4 workers of 4 for evacuation
[291.881s][debug][gc,ref       ] GC(471) Skipped phase1 of Reference Processing due to unavailable references
[291.881s][debug][gc,ref       ] GC(471) Skipped phase3 of Reference Processing due to unavailable references
[291.881s][debug][gc,ref       ] GC(471) Skipped phase4 of Reference Processing due to unavailable references
[291.882s][debug][gc,age       ] GC(471) Desired survivor size 15368192 bytes, new threshold 6 (max threshold 6)
[291.882s][info ][gc,heap      ] GC(471) ParNew: 244950K->2965K(270336K)
[291.882s][info ][gc,heap      ] GC(471) CMS: 455110K->455285K(600768K)
[291.882s][info ][gc,metaspace ] GC(471) Metaspace: 64436K->64436K(1107968K)
[291.882s][info ][gc           ] GC(471) Pause Young (Allocation Failure) 683M->447M(850M) 3.949ms
[291.882s][info ][gc,cpu       ] GC(471) User=0.01s Sys=0.00s Real=0.00s
[291.882s][info ][safepoint    ] Leaving safepoint region
[291.882s][info ][safepoint    ] Total time for which application threads were stopped: 0.0041073 seconds, Stopping threads took: 0.0000191 seconds
[292.949s][info ][safepoint    ] Application time: 1.0671879 seconds
[292.949s][info ][safepoint    ] Entering safepoint region: GenCollectForAllocation
[292.949s][info ][gc,start     ] GC(472) Pause Young (Allocation Failure)
[292.949s][info ][gc,task      ] GC(472) Using 4 workers of 4 for evacuation
[292.953s][debug][gc,ref       ] GC(472) Skipped phase1 of Reference Processing due to unavailable references
[292.953s][debug][gc,ref       ] GC(472) Skipped phase3 of Reference Processing due to unavailable references
[292.953s][debug][gc,ref       ] GC(472) Skipped phase4 of Reference Processing due to unavailable references
[292.953s][debug][gc,age       ] GC(472) Desired survivor size 15368192 bytes, new threshold 6 (max threshold 6)
[292.953s][info ][gc,heap      ] GC(472) ParNew: 243285K->2676K(270336K)
[292.953s][info ][gc,heap      ] GC(472) CMS: 455285K->455424K(600768K)
[292.953s][info ][gc,metaspace ] GC(472) Metaspace: 64436K->64436K(1107968K)
[292.953s][info ][gc           ] GC(472) Pause Young (Allocation Failure) 682M->447M(850M) 3.995ms
[292.953s][info ][gc,cpu       ] GC(472) User=0.02s Sys=0.00s Real=0.00s
[292.953s][info ][safepoint    ] Leaving safepoint region
[292.953s][info ][safepoint    ] Total time for which application threads were stopped: 0.0042436 seconds, Stopping threads took: 0.0000664 seconds
[293.953s][info ][safepoint    ] Application time: 1.0001478 seconds
[293.953s][info ][safepoint    ] Entering safepoint region: Cleanup
[293.953s][info ][safepoint    ] Leaving safepoint region
[293.953s][info ][safepoint    ] Total time for which application threads were stopped: 0.0001346 seconds, Stopping threads took: 0.0000415 seconds
[294.027s][info ][safepoint    ] Application time: 0.0732973 seconds
[294.027s][info ][safepoint    ] Entering safepoint region: GenCollectForAllocation
[294.027s][info ][gc,start     ] GC(473) Pause Young (Allocation Failure)
[294.027s][info ][gc,task      ] GC(473) Using 4 workers of 4 for evacuation
[294.031s][debug][gc,ref       ] GC(473) Skipped phase1 of Reference Processing due to unavailable references
[294.031s][debug][gc,ref       ] GC(473) Skipped phase3 of Reference Processing due to unavailable references
[294.031s][debug][gc,ref       ] GC(473) Skipped phase4 of Reference Processing due to unavailable references
[294.031s][debug][gc,age       ] GC(473) Desired survivor size 15368192 bytes, new threshold 6 (max threshold 6)
[294.031s][info ][gc,heap      ] GC(473) ParNew: 242996K->3017K(270336K)
[294.031s][info ][gc,heap      ] GC(473) CMS: 455424K->455471K(600768K)
[294.031s][info ][gc,metaspace ] GC(473) Metaspace: 64436K->64436K(1107968K)
[294.031s][info ][gc           ] GC(473) Pause Young (Allocation Failure) 682M->447M(850M) 4.284ms
[294.031s][info ][gc,cpu       ] GC(473) User=0.02s Sys=0.00s Real=0.01s
[294.031s][info ][safepoint    ] Leaving safepoint region
[294.031s][info ][safepoint    ] Total time for which application threads were stopped: 0.0044485 seconds, Stopping threads took: 0.0000187 seconds
[295.031s][info ][safepoint    ] Application time: 1.0001376 seconds
[295.031s][info ][safepoint    ] Entering safepoint region: Cleanup
[295.032s][info ][safepoint    ] Leaving safepoint region
[295.032s][info ][safepoint    ] Total time for which application threads were stopped: 0.0001056 seconds, Stopping threads took: 0.0000343 seconds
[295.124s][info ][safepoint    ] Application time: 0.0921532 seconds
[295.124s][info ][safepoint    ] Entering safepoint region: GenCollectForAllocation
[295.124s][info ][gc,start     ] GC(474) Pause Young (Allocation Failure)
[295.124s][info ][gc,task      ] GC(474) Using 4 workers of 4 for evacuation
[295.128s][debug][gc,ref       ] GC(474) Skipped phase1 of Reference Processing due to unavailable references
[295.128s][debug][gc,ref       ] GC(474) Skipped phase3 of Reference Processing due to unavailable references
[295.128s][debug][gc,ref       ] GC(474) Skipped phase4 of Reference Processing due to unavailable references
[295.128s][debug][gc,age       ] GC(474) Desired survivor size 15368192 bytes, new threshold 6 (max threshold 6)
[295.128s][info ][gc,heap      ] GC(474) ParNew: 243337K->2888K(270336K)
[295.128s][info ][gc,heap      ] GC(474) CMS: 455471K->455531K(600768K)
[295.128s][info ][gc,metaspace ] GC(474) Metaspace: 64436K->64436K(1107968K)
[295.128s][info ][gc           ] GC(474) Pause Young (Allocation Failure) 682M->447M(850M) 4.004ms
[295.128s][info ][gc,cpu       ] GC(474) User=0.02s Sys=0.00s Real=0.01s
[295.128s][info ][safepoint    ] Leaving safepoint region
[295.128s][info ][safepoint    ] Total time for which application threads were stopped: 0.0041699 seconds, Stopping threads took: 0.0000189 seconds
[296.128s][info ][safepoint    ] Application time: 1.0001122 seconds
[296.128s][info ][safepoint    ] Entering safepoint region: Cleanup
[296.128s][info ][safepoint    ] Leaving safepoint region
[296.128s][info ][safepoint    ] Total time for which application threads were stopped: 0.0001667 seconds, Stopping threads took: 0.0000770 seconds
[296.222s][info ][safepoint    ] Application time: 0.0935969 seconds
[296.222s][info ][safepoint    ] Entering safepoint region: GenCollectForAllocation
[296.222s][info ][gc,start     ] GC(475) Pause Young (Allocation Failure)
[296.222s][info ][gc,task      ] GC(475) Using 4 workers of 4 for evacuation
[296.225s][debug][gc,ref       ] GC(475) Skipped phase1 of Reference Processing due to unavailable references
[296.225s][debug][gc,ref       ] GC(475) Skipped phase2 of Reference Processing due to unavailable references
[296.226s][debug][gc,ref       ] GC(475) Skipped phase3 of Reference Processing due to unavailable references
[296.226s][debug][gc,ref       ] GC(475) Skipped phase4 of Reference Processing due to unavailable references
[296.226s][debug][gc,age       ] GC(475) Desired survivor size 15368192 bytes, new threshold 6 (max threshold 6)
[296.226s][info ][gc,heap      ] GC(475) ParNew: 243208K->2662K(270336K)
[296.226s][info ][gc,heap      ] GC(475) CMS: 455531K->455696K(600768K)
[296.226s][info ][gc,metaspace ] GC(475) Metaspace: 64436K->64436K(1107968K)
[296.226s][info ][gc           ] GC(475) Pause Young (Allocation Failure) 682M->447M(850M) 3.754ms
[296.226s][info ][gc,cpu       ] GC(475) User=0.01s Sys=0.00s Real=0.00s
[296.226s][info ][safepoint    ] Leaving safepoint region
[296.226s][info ][safepoint    ] Total time for which application threads were stopped: 0.0039104 seconds, Stopping threads took: 0.0000181 seconds
[297.332s][info ][safepoint    ] Application time: 1.1061220 seconds
[297.332s][info ][safepoint    ] Entering safepoint region: GenCollectForAllocation
[297.332s][info ][gc,start     ] GC(476) Pause Young (Allocation Failure)
[297.332s][info ][gc,task      ] GC(476) Using 4 workers of 4 for evacuation
[297.337s][debug][gc,ref       ] GC(476) Skipped phase1 of Reference Processing due to unavailable references
[297.337s][debug][gc,ref       ] GC(476) Skipped phase2 of Reference Processing due to unavailable references
[297.337s][debug][gc,ref       ] GC(476) Skipped phase3 of Reference Processing due to unavailable references
[297.337s][debug][gc,ref       ] GC(476) Skipped phase4 of Reference Processing due to unavailable references
[297.337s][debug][gc,age       ] GC(476) Desired survivor size 15368192 bytes, new threshold 6 (max threshold 6)
[297.337s][info ][gc,heap      ] GC(476) ParNew: 242982K->1511K(270336K)
[297.337s][info ][gc,heap      ] GC(476) CMS: 455696K->457029K(600768K)
[297.337s][info ][gc,metaspace ] GC(476) Metaspace: 64436K->64436K(1107968K)
[297.337s][info ][gc           ] GC(476) Pause Young (Allocation Failure) 682M->447M(850M) 4.830ms
[297.337s][info ][gc,cpu       ] GC(476) User=0.01s Sys=0.01s Real=0.01s
[297.337s][info ][safepoint    ] Leaving safepoint region
[297.337s][info ][safepoint    ] Total time for which application threads were stopped: 0.0050293 seconds, Stopping threads took: 0.0000345 seconds
[298.337s][info ][safepoint    ] Application time: 1.0001666 seconds
[298.337s][info ][safepoint    ] Entering safepoint region: Cleanup
[298.337s][info ][safepoint    ] Leaving safepoint region
[298.337s][info ][safepoint    ] Total time for which application threads were stopped: 0.0001312 seconds, Stopping threads took: 0.0000581 seconds
[298.461s][info ][safepoint    ] Application time: 0.1235750 seconds
[298.461s][info ][safepoint    ] Entering safepoint region: GenCollectForAllocation
[298.461s][info ][gc,start     ] GC(477) Pause Young (Allocation Failure)
[298.461s][info ][gc,task      ] GC(477) Using 4 workers of 4 for evacuation
[298.464s][debug][gc,ref       ] GC(477) Skipped phase1 of Reference Processing due to unavailable references
[298.464s][debug][gc,ref       ] GC(477) Skipped phase2 of Reference Processing due to unavailable references
[298.464s][debug][gc,ref       ] GC(477) Skipped phase3 of Reference Processing due to unavailable references
[298.464s][debug][gc,ref       ] GC(477) Skipped phase4 of Reference Processing due to unavailable references
[298.465s][debug][gc,age       ] GC(477) Desired survivor size 15368192 bytes, new threshold 6 (max threshold 6)
[298.465s][info ][gc,heap      ] GC(477) ParNew: 241831K->895K(270336K)
[298.465s][info ][gc,heap      ] GC(477) CMS: 457029K->457076K(600768K)
[298.465s][info ][gc,metaspace ] GC(477) Metaspace: 64436K->64436K(1107968K)
[298.465s][info ][gc           ] GC(477) Pause Young (Allocation Failure) 682M->447M(850M) 3.519ms
[298.465s][info ][gc,cpu       ] GC(477) User=0.01s Sys=0.00s Real=0.00s
[298.465s][info ][safepoint    ] Leaving safepoint region
[298.465s][info ][safepoint    ] Total time for which application threads were stopped: 0.0036743 seconds, Stopping threads took: 0.0000180 seconds
[299.465s][info ][safepoint    ] Application time: 1.0001470 seconds
[299.465s][info ][safepoint    ] Entering safepoint region: Cleanup
[299.465s][info ][safepoint    ] Leaving safepoint region
[299.465s][info ][safepoint    ] Total time for which application threads were stopped: 0.0001232 seconds, Stopping threads took: 0.0000442 seconds
[299.550s][info ][safepoint    ] Application time: 0.0849303 seconds
[299.550s][info ][safepoint    ] Entering safepoint region: GenCollectForAllocation
[299.550s][info ][gc,start     ] GC(478) Pause Young (Allocation Failure)
[299.550s][info ][gc,task      ] GC(478) Using 4 workers of 4 for evacuation
[299.553s][debug][gc,ref       ] GC(478) Skipped phase1 of Reference Processing due to unavailable references
[299.553s][debug][gc,ref       ] GC(478) Skipped phase2 of Reference Processing due to unavailable references
[299.553s][debug][gc,ref       ] GC(478) Skipped phase3 of Reference Processing due to unavailable references
[299.553s][debug][gc,ref       ] GC(478) Skipped phase4 of Reference Processing due to unavailable references
[299.553s][debug][gc,age       ] GC(478) Desired survivor size 15368192 bytes, new threshold 6 (max threshold 6)
[299.553s][info ][gc,heap      ] GC(478) ParNew: 241215K->747K(270336K)
[299.553s][info ][gc,heap      ] GC(478) CMS: 457076K->457287K(600768K)
[299.553s][info ][gc,metaspace ] GC(478) Metaspace: 64442K->64442K(1107968K)
[299.553s][info ][gc           ] GC(478) Pause Young (Allocation Failure) 681M->447M(850M) 3.407ms
[299.553s][info ][gc,cpu       ] GC(478) User=0.01s Sys=0.00s Real=0.00s
[299.554s][info ][safepoint    ] Leaving safepoint region
[299.554s][info ][safepoint    ] Total time for which application threads were stopped: 0.0036332 seconds, Stopping threads took: 0.0000734 seconds
[300.554s][info ][safepoint    ] Application time: 1.0001436 seconds
[300.554s][info ][safepoint    ] Entering safepoint region: Cleanup
[300.554s][info ][safepoint    ] Leaving safepoint region
[300.554s][info ][safepoint    ] Total time for which application threads were stopped: 0.0001163 seconds, Stopping threads took: 0.0000426 seconds
[300.579s][info ][safepoint    ] Application time: 0.0249035 seconds
[300.579s][info ][safepoint    ] Entering safepoint region: GenCollectForAllocation
[300.579s][info ][gc,start     ] GC(479) Pause Young (Allocation Failure)
[300.579s][info ][gc,task      ] GC(479) Using 4 workers of 4 for evacuation
[300.582s][debug][gc,ref       ] GC(479) Skipped phase1 of Reference Processing due to unavailable references
[300.582s][debug][gc,ref       ] GC(479) Skipped phase2 of Reference Processing due to unavailable references
[300.582s][debug][gc,ref       ] GC(479) Skipped phase3 of Reference Processing due to unavailable references
[300.582s][debug][gc,ref       ] GC(479) Skipped phase4 of Reference Processing due to unavailable references
[300.583s][debug][gc,age       ] GC(479) Desired survivor size 15368192 bytes, new threshold 6 (max threshold 6)
[300.583s][info ][gc,heap      ] GC(479) ParNew: 241067K->1114K(270336K)
[300.583s][info ][gc,heap      ] GC(479) CMS: 457287K->457357K(600768K)
[300.583s][info ][gc,metaspace ] GC(479) Metaspace: 64445K->64445K(1107968K)
[300.583s][info ][gc           ] GC(479) Pause Young (Allocation Failure) 681M->447M(850M) 3.695ms
[300.583s][info ][gc,cpu       ] GC(479) User=0.02s Sys=0.00s Real=0.00s
[300.583s][info ][safepoint    ] Leaving safepoint region
[300.583s][info ][safepoint    ] Total time for which application threads were stopped: 0.0038419 seconds, Stopping threads took: 0.0000159 seconds
[301.583s][info ][safepoint    ] Application time: 1.0000924 seconds
[301.583s][info ][safepoint    ] Entering safepoint region: Cleanup
[301.583s][info ][safepoint    ] Leaving safepoint region
[301.583s][info ][safepoint    ] Total time for which application threads were stopped: 0.0001507 seconds, Stopping threads took: 0.0000628 seconds
[301.655s][info ][safepoint    ] Application time: 0.0722157 seconds
[301.655s][info ][safepoint    ] Entering safepoint region: GenCollectForAllocation
[301.655s][info ][gc,start     ] GC(480) Pause Young (Allocation Failure)
[301.655s][info ][gc,task      ] GC(480) Using 4 workers of 4 for evacuation
[301.659s][debug][gc,ref       ] GC(480) Skipped phase1 of Reference Processing due to unavailable references
[301.659s][debug][gc,ref       ] GC(480) Skipped phase2 of Reference Processing due to unavailable references
[301.659s][debug][gc,ref       ] GC(480) Skipped phase3 of Reference Processing due to unavailable references
[301.659s][debug][gc,ref       ] GC(480) Skipped phase4 of Reference Processing due to unavailable references
[301.659s][debug][gc,age       ] GC(480) Desired survivor size 15368192 bytes, new threshold 6 (max threshold 6)
[301.659s][info ][gc,heap      ] GC(480) ParNew: 241434K->1283K(270336K)
[301.659s][info ][gc,heap      ] GC(480) CMS: 457357K->457443K(600768K)
[301.659s][info ][gc,metaspace ] GC(480) Metaspace: 64445K->64445K(1107968K)
[301.659s][info ][gc           ] GC(480) Pause Young (Allocation Failure) 682M->447M(850M) 3.538ms
[301.659s][info ][gc,cpu       ] GC(480) User=0.01s Sys=0.00s Real=0.01s
[301.659s][info ][safepoint    ] Leaving safepoint region
[301.659s][info ][safepoint    ] Total time for which application threads were stopped: 0.0036942 seconds, Stopping threads took: 0.0000291 seconds
[302.717s][info ][safepoint    ] Application time: 1.0579391 seconds
[302.717s][info ][safepoint    ] Entering safepoint region: GenCollectForAllocation
[302.717s][info ][gc,start     ] GC(481) Pause Young (Allocation Failure)
[302.717s][info ][gc,task      ] GC(481) Using 4 workers of 4 for evacuation
[302.721s][debug][gc,ref       ] GC(481) Skipped phase1 of Reference Processing due to unavailable references
[302.721s][debug][gc,ref       ] GC(481) Skipped phase2 of Reference Processing due to unavailable references
[302.721s][debug][gc,ref       ] GC(481) Skipped phase3 of Reference Processing due to unavailable references
[302.721s][debug][gc,ref       ] GC(481) Skipped phase4 of Reference Processing due to unavailable references
[302.721s][debug][gc,age       ] GC(481) Desired survivor size 15368192 bytes, new threshold 6 (max threshold 6)
[302.721s][info ][gc,heap      ] GC(481) ParNew: 241603K->906K(270336K)
[302.721s][info ][gc,heap      ] GC(481) CMS: 457443K->457503K(600768K)
[302.721s][info ][gc,metaspace ] GC(481) Metaspace: 64445K->64445K(1107968K)
[302.721s][info ][gc           ] GC(481) Pause Young (Allocation Failure) 682M->447M(850M) 3.786ms
[302.721s][info ][gc,cpu       ] GC(481) User=0.01s Sys=0.00s Real=0.00s
[302.721s][info ][safepoint    ] Leaving safepoint region
[302.721s][info ][safepoint    ] Total time for which application threads were stopped: 0.0039946 seconds, Stopping threads took: 0.0000471 seconds
[303.721s][info ][safepoint    ] Application time: 1.0001684 seconds
[303.721s][info ][safepoint    ] Entering safepoint region: Cleanup
[303.721s][info ][safepoint    ] Leaving safepoint region
[303.721s][info ][safepoint    ] Total time for which application threads were stopped: 0.0001904 seconds, Stopping threads took: 0.0001062 seconds
[303.789s][info ][safepoint    ] Application time: 0.0680450 seconds
[303.789s][info ][safepoint    ] Entering safepoint region: GenCollectForAllocation
[303.790s][info ][gc,start     ] GC(482) Pause Young (Allocation Failure)
[303.790s][info ][gc,task      ] GC(482) Using 4 workers of 4 for evacuation
[303.793s][debug][gc,ref       ] GC(482) Skipped phase1 of Reference Processing due to unavailable references
[303.793s][debug][gc,ref       ] GC(482) Skipped phase2 of Reference Processing due to unavailable references
[303.793s][debug][gc,ref       ] GC(482) Skipped phase3 of Reference Processing due to unavailable references
[303.793s][debug][gc,ref       ] GC(482) Skipped phase4 of Reference Processing due to unavailable references
[303.793s][debug][gc,age       ] GC(482) Desired survivor size 15368192 bytes, new threshold 6 (max threshold 6)
[303.793s][info ][gc,heap      ] GC(482) ParNew: 241226K->938K(270336K)
[303.793s][info ][gc,heap      ] GC(482) CMS: 457503K->457566K(600768K)
[303.793s][info ][gc,metaspace ] GC(482) Metaspace: 64446K->64446K(1107968K)
[303.793s][info ][gc           ] GC(482) Pause Young (Allocation Failure) 682M->447M(850M) 3.658ms
[303.793s][info ][gc,cpu       ] GC(482) User=0.02s Sys=0.00s Real=0.00s
[303.793s][info ][safepoint    ] Leaving safepoint region
[303.793s][info ][safepoint    ] Total time for which application threads were stopped: 0.0038365 seconds, Stopping threads took: 0.0000161 seconds
[304.793s][info ][safepoint    ] Application time: 1.0001437 seconds
[304.793s][info ][safepoint    ] Entering safepoint region: Cleanup
[304.793s][info ][safepoint    ] Leaving safepoint region
[304.793s][info ][safepoint    ] Total time for which application threads were stopped: 0.0000856 seconds, Stopping threads took: 0.0000185 seconds
[304.881s][info ][safepoint    ] Application time: 0.0875379 seconds
[304.881s][info ][safepoint    ] Entering safepoint region: GenCollectForAllocation
[304.881s][info ][gc,start     ] GC(483) Pause Young (Allocation Failure)
[304.881s][info ][gc,task      ] GC(483) Using 4 workers of 4 for evacuation
[304.884s][debug][gc,ref       ] GC(483) Skipped phase1 of Reference Processing due to unavailable references
[304.884s][debug][gc,ref       ] GC(483) Skipped phase2 of Reference Processing due to unavailable references
[304.884s][debug][gc,ref       ] GC(483) Skipped phase3 of Reference Processing due to unavailable references
[304.884s][debug][gc,ref       ] GC(483) Skipped phase4 of Reference Processing due to unavailable references
[304.885s][debug][gc,age       ] GC(483) Desired survivor size 15368192 bytes, new threshold 6 (max threshold 6)
[304.885s][info ][gc,heap      ] GC(483) ParNew: 241258K->1017K(270336K)
[304.885s][info ][gc,heap      ] GC(483) CMS: 457566K->457581K(600768K)
[304.885s][info ][gc,metaspace ] GC(483) Metaspace: 64446K->64446K(1107968K)
[304.885s][info ][gc           ] GC(483) Pause Young (Allocation Failure) 682M->447M(850M) 3.499ms
[304.885s][info ][gc,cpu       ] GC(483) User=0.02s Sys=0.00s Real=0.00s
[304.885s][info ][safepoint    ] Leaving safepoint region
[304.885s][info ][safepoint    ] Total time for which application threads were stopped: 0.0036602 seconds, Stopping threads took: 0.0000275 seconds
[305.986s][info ][safepoint    ] Application time: 1.1010650 seconds
[305.986s][info ][safepoint    ] Entering safepoint region: GenCollectForAllocation
[305.986s][info ][gc,start     ] GC(484) Pause Young (Allocation Failure)
[305.986s][info ][gc,task      ] GC(484) Using 4 workers of 4 for evacuation
[305.989s][debug][gc,ref       ] GC(484) Skipped phase1 of Reference Processing due to unavailable references
[305.989s][debug][gc,ref       ] GC(484) Skipped phase2 of Reference Processing due to unavailable references
[305.989s][debug][gc,ref       ] GC(484) Skipped phase3 of Reference Processing due to unavailable references
[305.989s][debug][gc,ref       ] GC(484) Skipped phase4 of Reference Processing due to unavailable references
[305.990s][debug][gc,age       ] GC(484) Desired survivor size 15368192 bytes, new threshold 6 (max threshold 6)
[305.990s][info ][gc,heap      ] GC(484) ParNew: 241337K->897K(270336K)
[305.990s][info ][gc,heap      ] GC(484) CMS: 457581K->457704K(600768K)
[305.990s][info ][gc,metaspace ] GC(484) Metaspace: 64447K->64447K(1107968K)
[305.990s][info ][gc           ] GC(484) Pause Young (Allocation Failure) 682M->447M(850M) 3.641ms
[305.990s][info ][gc,cpu       ] GC(484) User=0.01s Sys=0.00s Real=0.01s
[305.990s][info ][safepoint    ] Leaving safepoint region
[305.990s][info ][safepoint    ] Total time for which application threads were stopped: 0.0037962 seconds, Stopping threads took: 0.0000181 seconds
[307.113s][info ][safepoint    ] Application time: 1.1236509 seconds
[307.113s][info ][safepoint    ] Entering safepoint region: GenCollectForAllocation
[307.113s][info ][gc,start     ] GC(485) Pause Young (Allocation Failure)
[307.113s][info ][gc,task      ] GC(485) Using 4 workers of 4 for evacuation
[307.117s][debug][gc,ref       ] GC(485) Skipped phase1 of Reference Processing due to unavailable references
[307.117s][debug][gc,ref       ] GC(485) Skipped phase2 of Reference Processing due to unavailable references
[307.117s][debug][gc,ref       ] GC(485) Skipped phase3 of Reference Processing due to unavailable references
[307.117s][debug][gc,ref       ] GC(485) Skipped phase4 of Reference Processing due to unavailable references
[307.117s][debug][gc,age       ] GC(485) Desired survivor size 15368192 bytes, new threshold 6 (max threshold 6)
[307.117s][info ][gc,heap      ] GC(485) ParNew: 241217K->1146K(270336K)
[307.117s][info ][gc,heap      ] GC(485) CMS: 457704K->457805K(600768K)
[307.117s][info ][gc,metaspace ] GC(485) Metaspace: 64448K->64448K(1107968K)
[307.117s][info ][gc           ] GC(485) Pause Young (Allocation Failure) 682M->448M(850M) 3.751ms
[307.117s][info ][gc,cpu       ] GC(485) User=0.01s Sys=0.00s Real=0.01s
[307.117s][info ][safepoint    ] Leaving safepoint region
[307.117s][info ][safepoint    ] Total time for which application threads were stopped: 0.0039147 seconds, Stopping threads took: 0.0000176 seconds
[308.117s][info ][safepoint    ] Application time: 1.0001168 seconds
[308.117s][info ][safepoint    ] Entering safepoint region: Cleanup
[308.118s][info ][safepoint    ] Leaving safepoint region
[308.118s][info ][safepoint    ] Total time for which application threads were stopped: 0.0001178 seconds, Stopping threads took: 0.0000418 seconds
[308.214s][info ][safepoint    ] Application time: 0.0965848 seconds
[308.214s][info ][safepoint    ] Entering safepoint region: GenCollectForAllocation
[308.214s][info ][gc,start     ] GC(486) Pause Young (Allocation Failure)
[308.214s][info ][gc,task      ] GC(486) Using 4 workers of 4 for evacuation
[308.217s][debug][gc,ref       ] GC(486) Skipped phase1 of Reference Processing due to unavailable references
[308.217s][debug][gc,ref       ] GC(486) Skipped phase2 of Reference Processing due to unavailable references
[308.217s][debug][gc,ref       ] GC(486) Skipped phase3 of Reference Processing due to unavailable references
[308.217s][debug][gc,ref       ] GC(486) Skipped phase4 of Reference Processing due to unavailable references
[308.218s][debug][gc,age       ] GC(486) Desired survivor size 15368192 bytes, new threshold 6 (max threshold 6)
[308.218s][info ][gc,heap      ] GC(486) ParNew: 241466K->770K(270336K)
[308.218s][info ][gc,heap      ] GC(486) CMS: 457805K->457873K(600768K)
[308.218s][info ][gc,metaspace ] GC(486) Metaspace: 64448K->64448K(1107968K)
[308.218s][info ][gc           ] GC(486) Pause Young (Allocation Failure) 682M->447M(850M) 3.573ms
[308.218s][info ][gc,cpu       ] GC(486) User=0.02s Sys=0.00s Real=0.01s
[308.218s][info ][safepoint    ] Leaving safepoint region
[308.218s][info ][safepoint    ] Total time for which application threads were stopped: 0.0037233 seconds, Stopping threads took: 0.0000175 seconds
[309.218s][info ][safepoint    ] Application time: 1.0001331 seconds
[309.218s][info ][safepoint    ] Entering safepoint region: Cleanup
[309.218s][info ][safepoint    ] Leaving safepoint region
[309.218s][info ][safepoint    ] Total time for which application threads were stopped: 0.0001382 seconds, Stopping threads took: 0.0000550 seconds
[309.282s][info ][safepoint    ] Application time: 0.0641391 seconds
[309.282s][info ][safepoint    ] Entering safepoint region: GenCollectForAllocation
[309.282s][info ][gc,start     ] GC(487) Pause Young (Allocation Failure)
[309.282s][info ][gc,task      ] GC(487) Using 4 workers of 4 for evacuation
[309.286s][debug][gc,ref       ] GC(487) Skipped phase1 of Reference Processing due to unavailable references
[309.286s][debug][gc,ref       ] GC(487) Skipped phase2 of Reference Processing due to unavailable references
[309.286s][debug][gc,ref       ] GC(487) Skipped phase3 of Reference Processing due to unavailable references
[309.286s][debug][gc,ref       ] GC(487) Skipped phase4 of Reference Processing due to unavailable references
[309.286s][debug][gc,age       ] GC(487) Desired survivor size 15368192 bytes, new threshold 6 (max threshold 6)
[309.286s][info ][gc,heap      ] GC(487) ParNew: 241090K->871K(270336K)
[309.286s][info ][gc,heap      ] GC(487) CMS: 457873K->457949K(600768K)
[309.286s][info ][gc,metaspace ] GC(487) Metaspace: 64449K->64449K(1107968K)
[309.286s][info ][gc           ] GC(487) Pause Young (Allocation Failure) 682M->448M(850M) 3.401ms
[309.286s][info ][gc,cpu       ] GC(487) User=0.01s Sys=0.00s Real=0.00s
[309.286s][info ][safepoint    ] Leaving safepoint region
[309.286s][info ][safepoint    ] Total time for which application threads were stopped: 0.0035701 seconds, Stopping threads took: 0.0000179 seconds
[310.402s][info ][safepoint    ] Application time: 1.1161227 seconds
[310.402s][info ][safepoint    ] Entering safepoint region: GenCollectForAllocation
[310.402s][info ][gc,start     ] GC(488) Pause Young (Allocation Failure)
[310.402s][info ][gc,task      ] GC(488) Using 4 workers of 4 for evacuation
[310.405s][debug][gc,ref       ] GC(488) Skipped phase1 of Reference Processing due to unavailable references
[310.405s][debug][gc,ref       ] GC(488) Skipped phase2 of Reference Processing due to unavailable references
[310.405s][debug][gc,ref       ] GC(488) Skipped phase3 of Reference Processing due to unavailable references
[310.405s][debug][gc,ref       ] GC(488) Skipped phase4 of Reference Processing due to unavailable references
[310.405s][debug][gc,age       ] GC(488) Desired survivor size 15368192 bytes, new threshold 6 (max threshold 6)
[310.405s][info ][gc,heap      ] GC(488) ParNew: 241191K->773K(270336K)
[310.405s][info ][gc,heap      ] GC(488) CMS: 457949K->457977K(600768K)
[310.405s][info ][gc,metaspace ] GC(488) Metaspace: 64450K->64450K(1107968K)
[310.405s][info ][gc           ] GC(488) Pause Young (Allocation Failure) 682M->447M(850M) 3.150ms
[310.405s][info ][gc,cpu       ] GC(488) User=0.01s Sys=0.00s Real=0.00s
[310.405s][info ][safepoint    ] Leaving safepoint region
[310.405s][info ][safepoint    ] Total time for which application threads were stopped: 0.0033216 seconds, Stopping threads took: 0.0000170 seconds
[311.406s][info ][safepoint    ] Application time: 1.0001623 seconds
[311.406s][info ][safepoint    ] Entering safepoint region: Cleanup
[311.406s][info ][safepoint    ] Leaving safepoint region
[311.406s][info ][safepoint    ] Total time for which application threads were stopped: 0.0001347 seconds, Stopping threads took: 0.0000589 seconds
[311.524s][info ][safepoint    ] Application time: 0.1179864 seconds
[311.524s][info ][safepoint    ] Entering safepoint region: GenCollectForAllocation
[311.524s][info ][gc,start     ] GC(489) Pause Young (Allocation Failure)
[311.524s][info ][gc,task      ] GC(489) Using 4 workers of 4 for evacuation
[311.527s][debug][gc,ref       ] GC(489) Skipped phase1 of Reference Processing due to unavailable references
[311.527s][debug][gc,ref       ] GC(489) Skipped phase2 of Reference Processing due to unavailable references
[311.527s][debug][gc,ref       ] GC(489) Skipped phase3 of Reference Processing due to unavailable references
[311.527s][debug][gc,ref       ] GC(489) Skipped phase4 of Reference Processing due to unavailable references
[311.527s][debug][gc,age       ] GC(489) Desired survivor size 15368192 bytes, new threshold 6 (max threshold 6)
[311.527s][info ][gc,heap      ] GC(489) ParNew: 241093K->914K(270336K)
[311.527s][info ][gc,heap      ] GC(489) CMS: 457977K->457988K(600768K)
[311.527s][info ][gc,metaspace ] GC(489) Metaspace: 64450K->64450K(1107968K)
[311.527s][info ][gc           ] GC(489) Pause Young (Allocation Failure) 682M->448M(850M) 3.370ms
[311.527s][info ][gc,cpu       ] GC(489) User=0.02s Sys=0.00s Real=0.00s
[311.527s][info ][safepoint    ] Leaving safepoint region
[311.527s][info ][safepoint    ] Total time for which application threads were stopped: 0.0035332 seconds, Stopping threads took: 0.0000256 seconds
[312.651s][info ][safepoint    ] Application time: 1.1235151 seconds
[312.651s][info ][safepoint    ] Entering safepoint region: GenCollectForAllocation
[312.651s][info ][gc,start     ] GC(490) Pause Young (Allocation Failure)
[312.651s][info ][gc,task      ] GC(490) Using 4 workers of 4 for evacuation
[312.654s][debug][gc,ref       ] GC(490) Skipped phase1 of Reference Processing due to unavailable references
[312.654s][debug][gc,ref       ] GC(490) Skipped phase2 of Reference Processing due to unavailable references
[312.654s][debug][gc,ref       ] GC(490) Skipped phase3 of Reference Processing due to unavailable references
[312.654s][debug][gc,ref       ] GC(490) Skipped phase4 of Reference Processing due to unavailable references
[312.655s][debug][gc,age       ] GC(490) Desired survivor size 15368192 bytes, new threshold 6 (max threshold 6)
[312.655s][info ][gc,heap      ] GC(490) ParNew: 241234K->904K(270336K)
[312.655s][info ][gc,heap      ] GC(490) CMS: 457988K->458001K(600768K)
[312.655s][info ][gc,metaspace ] GC(490) Metaspace: 64450K->64450K(1107968K)
[312.655s][info ][gc           ] GC(490) Pause Young (Allocation Failure) 682M->448M(850M) 3.716ms
[312.655s][info ][gc,cpu       ] GC(490) User=0.01s Sys=0.00s Real=0.00s
[312.655s][info ][safepoint    ] Leaving safepoint region
[312.655s][info ][safepoint    ] Total time for which application threads were stopped: 0.0038837 seconds, Stopping threads took: 0.0000166 seconds
[313.655s][info ][safepoint    ] Application time: 1.0001459 seconds
[313.655s][info ][safepoint    ] Entering safepoint region: Cleanup
[313.655s][info ][safepoint    ] Leaving safepoint region
[313.655s][info ][safepoint    ] Total time for which application threads were stopped: 0.0001296 seconds, Stopping threads took: 0.0000542 seconds
[313.769s][info ][safepoint    ] Application time: 0.1137570 seconds
[313.769s][info ][safepoint    ] Entering safepoint region: GenCollectForAllocation
[313.769s][info ][gc,start     ] GC(491) Pause Young (Allocation Failure)
[313.769s][info ][gc,task      ] GC(491) Using 4 workers of 4 for evacuation
[313.772s][debug][gc,ref       ] GC(491) Skipped phase1 of Reference Processing due to unavailable references
[313.772s][debug][gc,ref       ] GC(491) Skipped phase2 of Reference Processing due to unavailable references
[313.772s][debug][gc,ref       ] GC(491) Skipped phase3 of Reference Processing due to unavailable references
[313.772s][debug][gc,ref       ] GC(491) Skipped phase4 of Reference Processing due to unavailable references
[313.772s][debug][gc,age       ] GC(491) Desired survivor size 15368192 bytes, new threshold 6 (max threshold 6)
[313.772s][info ][gc,heap      ] GC(491) ParNew: 241224K->933K(270336K)
[313.772s][info ][gc,heap      ] GC(491) CMS: 458001K->458026K(600768K)
[313.772s][info ][gc,metaspace ] GC(491) Metaspace: 64450K->64450K(1107968K)
[313.772s][info ][gc           ] GC(491) Pause Young (Allocation Failure) 682M->448M(850M) 3.340ms
[313.772s][info ][gc,cpu       ] GC(491) User=0.01s Sys=0.00s Real=0.00s
[313.772s][info ][safepoint    ] Leaving safepoint region
[313.772s][info ][safepoint    ] Total time for which application threads were stopped: 0.0035021 seconds, Stopping threads took: 0.0000180 seconds
[314.887s][info ][safepoint    ] Application time: 1.1143682 seconds
[314.887s][info ][safepoint    ] Entering safepoint region: GenCollectForAllocation
[314.887s][info ][gc,start     ] GC(492) Pause Young (Allocation Failure)
[314.887s][info ][gc,task      ] GC(492) Using 4 workers of 4 for evacuation
[314.890s][debug][gc,ref       ] GC(492) Skipped phase1 of Reference Processing due to unavailable references
[314.890s][debug][gc,ref       ] GC(492) Skipped phase2 of Reference Processing due to unavailable references
[314.890s][debug][gc,ref       ] GC(492) Skipped phase3 of Reference Processing due to unavailable references
[314.890s][debug][gc,ref       ] GC(492) Skipped phase4 of Reference Processing due to unavailable references
[314.890s][debug][gc,age       ] GC(492) Desired survivor size 15368192 bytes, new threshold 6 (max threshold 6)
[314.890s][info ][gc,heap      ] GC(492) ParNew: 241253K->1149K(270336K)
[314.890s][info ][gc,heap      ] GC(492) CMS: 458026K->458045K(600768K)
[314.890s][info ][gc,metaspace ] GC(492) Metaspace: 64450K->64450K(1107968K)
[314.890s][info ][gc           ] GC(492) Pause Young (Allocation Failure) 682M->448M(850M) 3.561ms
[314.890s][info ][gc,cpu       ] GC(492) User=0.01s Sys=0.00s Real=0.01s
[314.890s][info ][safepoint    ] Leaving safepoint region
[314.890s][info ][safepoint    ] Total time for which application threads were stopped: 0.0037153 seconds, Stopping threads took: 0.0000184 seconds
[316.012s][info ][safepoint    ] Application time: 1.1220344 seconds
[316.013s][info ][safepoint    ] Entering safepoint region: GenCollectForAllocation
[316.013s][info ][gc,start     ] GC(493) Pause Young (Allocation Failure)
[316.013s][info ][gc,task      ] GC(493) Using 4 workers of 4 for evacuation
[316.016s][debug][gc,ref       ] GC(493) Skipped phase1 of Reference Processing due to unavailable references
[316.016s][debug][gc,ref       ] GC(493) Skipped phase2 of Reference Processing due to unavailable references
[316.016s][debug][gc,ref       ] GC(493) Skipped phase3 of Reference Processing due to unavailable references
[316.016s][debug][gc,ref       ] GC(493) Skipped phase4 of Reference Processing due to unavailable references
[316.016s][debug][gc,age       ] GC(493) Desired survivor size 15368192 bytes, new threshold 6 (max threshold 6)
[316.016s][info ][gc,heap      ] GC(493) ParNew: 241469K->1307K(270336K)
[316.016s][info ][gc,heap      ] GC(493) CMS: 458045K->458116K(600768K)
[316.017s][info ][gc,metaspace ] GC(493) Metaspace: 64451K->64451K(1107968K)
[316.017s][info ][gc           ] GC(493) Pause Young (Allocation Failure) 683M->448M(850M) 3.866ms
[316.017s][info ][gc,cpu       ] GC(493) User=0.02s Sys=0.00s Real=0.01s
[316.017s][info ][safepoint    ] Leaving safepoint region
[316.017s][info ][safepoint    ] Total time for which application threads were stopped: 0.0040389 seconds, Stopping threads took: 0.0000180 seconds
[317.156s][info ][safepoint    ] Application time: 1.1390266 seconds
[317.156s][info ][safepoint    ] Entering safepoint region: GenCollectForAllocation
[317.156s][info ][gc,start     ] GC(494) Pause Young (Allocation Failure)
[317.156s][info ][gc,task      ] GC(494) Using 4 workers of 4 for evacuation
[317.159s][debug][gc,ref       ] GC(494) Skipped phase1 of Reference Processing due to unavailable references
[317.159s][debug][gc,ref       ] GC(494) Skipped phase2 of Reference Processing due to unavailable references
[317.159s][debug][gc,ref       ] GC(494) Skipped phase3 of Reference Processing due to unavailable references
[317.159s][debug][gc,ref       ] GC(494) Skipped phase4 of Reference Processing due to unavailable references
[317.159s][debug][gc,age       ] GC(494) Desired survivor size 15368192 bytes, new threshold 6 (max threshold 6)
[317.159s][info ][gc,heap      ] GC(494) ParNew: 241627K->663K(270336K)
[317.159s][info ][gc,heap      ] GC(494) CMS: 458116K->458382K(600768K)
[317.159s][info ][gc,metaspace ] GC(494) Metaspace: 64451K->64451K(1107968K)
[317.159s][info ][gc           ] GC(494) Pause Young (Allocation Failure) 683M->448M(850M) 3.627ms
[317.159s][info ][gc,cpu       ] GC(494) User=0.01s Sys=0.00s Real=0.00s
[317.159s][info ][safepoint    ] Leaving safepoint region
[317.159s][info ][safepoint    ] Total time for which application threads were stopped: 0.0038151 seconds, Stopping threads took: 0.0000320 seconds
[318.279s][info ][safepoint    ] Application time: 1.1196142 seconds
[318.279s][info ][safepoint    ] Entering safepoint region: GenCollectForAllocation
[318.279s][info ][gc,start     ] GC(495) Pause Young (Allocation Failure)
[318.279s][info ][gc,task      ] GC(495) Using 4 workers of 4 for evacuation
[318.282s][debug][gc,ref       ] GC(495) Skipped phase1 of Reference Processing due to unavailable references
[318.282s][debug][gc,ref       ] GC(495) Skipped phase2 of Reference Processing due to unavailable references
[318.282s][debug][gc,ref       ] GC(495) Skipped phase3 of Reference Processing due to unavailable references
[318.282s][debug][gc,ref       ] GC(495) Skipped phase4 of Reference Processing due to unavailable references
[318.282s][debug][gc,age       ] GC(495) Desired survivor size 15368192 bytes, new threshold 6 (max threshold 6)
[318.282s][info ][gc,heap      ] GC(495) ParNew: 240983K->754K(270336K)
[318.282s][info ][gc,heap      ] GC(495) CMS: 458382K->458400K(600768K)
[318.282s][info ][gc,metaspace ] GC(495) Metaspace: 64451K->64451K(1107968K)
[318.282s][info ][gc           ] GC(495) Pause Young (Allocation Failure) 682M->448M(850M) 3.012ms
[318.282s][info ][gc,cpu       ] GC(495) User=0.01s Sys=0.00s Real=0.00s
[318.282s][info ][safepoint    ] Leaving safepoint region
[318.282s][info ][safepoint    ] Total time for which application threads were stopped: 0.0031603 seconds, Stopping threads took: 0.0000179 seconds
[319.405s][info ][safepoint    ] Application time: 1.1225196 seconds
[319.405s][info ][safepoint    ] Entering safepoint region: GenCollectForAllocation
[319.405s][info ][gc,start     ] GC(496) Pause Young (Allocation Failure)
[319.405s][info ][gc,task      ] GC(496) Using 4 workers of 4 for evacuation
[319.408s][debug][gc,ref       ] GC(496) Skipped phase1 of Reference Processing due to unavailable references
[319.408s][debug][gc,ref       ] GC(496) Skipped phase2 of Reference Processing due to unavailable references
[319.408s][debug][gc,ref       ] GC(496) Skipped phase3 of Reference Processing due to unavailable references
[319.408s][debug][gc,ref       ] GC(496) Skipped phase4 of Reference Processing due to unavailable references
[319.408s][debug][gc,age       ] GC(496) Desired survivor size 15368192 bytes, new threshold 6 (max threshold 6)
[319.408s][info ][gc,heap      ] GC(496) ParNew: 241074K->697K(270336K)
[319.408s][info ][gc,heap      ] GC(496) CMS: 458400K->458482K(600768K)
[319.408s][info ][gc,metaspace ] GC(496) Metaspace: 64451K->64451K(1107968K)
[319.408s][info ][gc           ] GC(496) Pause Young (Allocation Failure) 683M->448M(850M) 3.197ms
[319.408s][info ][gc,cpu       ] GC(496) User=0.01s Sys=0.00s Real=0.01s
[319.408s][info ][safepoint    ] Leaving safepoint region
[319.408s][info ][safepoint    ] Total time for which application threads were stopped: 0.0033509 seconds, Stopping threads took: 0.0000169 seconds
[320.487s][info ][safepoint    ] Application time: 1.0786720 seconds
[320.487s][info ][safepoint    ] Entering safepoint region: GenCollectForAllocation
[320.487s][info ][gc,start     ] GC(497) Pause Young (Allocation Failure)
[320.487s][info ][gc,task      ] GC(497) Using 4 workers of 4 for evacuation
[320.490s][debug][gc,ref       ] GC(497) Skipped phase1 of Reference Processing due to unavailable references
[320.490s][debug][gc,ref       ] GC(497) Skipped phase2 of Reference Processing due to unavailable references
[320.490s][debug][gc,ref       ] GC(497) Skipped phase3 of Reference Processing due to unavailable references
[320.490s][debug][gc,ref       ] GC(497) Skipped phase4 of Reference Processing due to unavailable references
[320.490s][debug][gc,age       ] GC(497) Desired survivor size 15368192 bytes, new threshold 6 (max threshold 6)
[320.490s][info ][gc,heap      ] GC(497) ParNew: 241017K->1208K(270336K)
[320.490s][info ][gc,heap      ] GC(497) CMS: 458482K->458511K(600768K)
[320.490s][info ][gc,metaspace ] GC(497) Metaspace: 64451K->64451K(1107968K)
[320.490s][info ][gc           ] GC(497) Pause Young (Allocation Failure) 683M->448M(850M) 3.370ms
[320.490s][info ][gc,cpu       ] GC(497) User=0.01s Sys=0.00s Real=0.01s
[320.490s][info ][safepoint    ] Leaving safepoint region
[320.490s][info ][safepoint    ] Total time for which application threads were stopped: 0.0035204 seconds, Stopping threads took: 0.0000172 seconds
[321.486s][info ][safepoint    ] Application time: 0.9958800 seconds
[321.486s][info ][safepoint    ] Entering safepoint region: GenCollectForAllocation
[321.487s][info ][gc,start     ] GC(498) Pause Young (Allocation Failure)
[321.487s][info ][gc,task      ] GC(498) Using 4 workers of 4 for evacuation
[321.499s][debug][gc,ref       ] GC(498) Skipped phase1 of Reference Processing due to unavailable references
[321.500s][debug][gc,ref       ] GC(498) Skipped phase3 of Reference Processing due to unavailable references
[321.500s][debug][gc,age       ] GC(498) Desired survivor size 15368192 bytes, new threshold 1 (max threshold 6)
[321.500s][info ][gc,heap      ] GC(498) ParNew: 241528K->21931K(270336K)
[321.500s][info ][gc,heap      ] GC(498) CMS: 458511K->458641K(600768K)
[321.500s][info ][gc,metaspace ] GC(498) Metaspace: 64466K->64466K(1107968K)
[321.500s][info ][gc           ] GC(498) Pause Young (Allocation Failure) 683M->469M(850M) 13.361ms
[321.500s][info ][gc,cpu       ] GC(498) User=0.06s Sys=0.00s Real=0.02s
[321.500s][info ][safepoint    ] Leaving safepoint region
[321.500s][info ][safepoint    ] Total time for which application threads were stopped: 0.0135684 seconds, Stopping threads took: 0.0000391 seconds
[322.349s][info ][safepoint    ] Application time: 0.8487714 seconds
[322.349s][info ][safepoint    ] Entering safepoint region: GenCollectForAllocation
[322.349s][info ][gc,start     ] GC(499) Pause Young (Allocation Failure)
[322.349s][info ][gc,task      ] GC(499) Using 4 workers of 4 for evacuation
[322.359s][debug][gc,ref       ] GC(499) Skipped phase1 of Reference Processing due to unavailable references
[322.360s][debug][gc,ref       ] GC(499) Skipped phase2 of Reference Processing due to unavailable references
[322.360s][debug][gc,ref       ] GC(499) Skipped phase3 of Reference Processing due to unavailable references
[322.360s][debug][gc,age       ] GC(499) Desired survivor size 15368192 bytes, new threshold 6 (max threshold 6)
[322.360s][info ][gc,heap      ] GC(499) ParNew: 262251K->20393K(270336K)
[322.360s][info ][gc,heap      ] GC(499) CMS: 458641K->459284K(600768K)
[322.360s][info ][gc,metaspace ] GC(499) Metaspace: 64475K->64475K(1107968K)
[322.360s][info ][gc           ] GC(499) Pause Young (Allocation Failure) 703M->468M(850M) 10.961ms
[322.360s][info ][gc,cpu       ] GC(499) User=0.04s Sys=0.00s Real=0.01s
[322.360s][info ][safepoint    ] Leaving safepoint region
[322.360s][info ][safepoint    ] Total time for which application threads were stopped: 0.0111792 seconds, Stopping threads took: 0.0000445 seconds
[322.567s][info ][safepoint    ] Application time: 0.2074498 seconds
[322.567s][info ][safepoint    ] Entering safepoint region: RevokeBias
[322.568s][info ][safepoint    ] Leaving safepoint region
[322.568s][info ][safepoint    ] Total time for which application threads were stopped: 0.0001288 seconds, Stopping threads took: 0.0000435 seconds
[323.246s][info ][safepoint    ] Application time: 0.6784490 seconds
[323.246s][info ][safepoint    ] Entering safepoint region: GenCollectForAllocation
[323.246s][info ][gc,start     ] GC(500) Pause Young (Allocation Failure)
[323.246s][info ][gc,task      ] GC(500) Using 4 workers of 4 for evacuation
[323.249s][debug][gc,ref       ] GC(500) Skipped phase1 of Reference Processing due to unavailable references
[323.249s][debug][gc,ref       ] GC(500) Skipped phase2 of Reference Processing due to unavailable references
[323.249s][debug][gc,ref       ] GC(500) Skipped phase3 of Reference Processing due to unavailable references
[323.249s][debug][gc,age       ] GC(500) Desired survivor size 15368192 bytes, new threshold 6 (max threshold 6)
[323.249s][info ][gc,heap      ] GC(500) ParNew: 260713K->14286K(270336K)
[323.249s][info ][gc,heap      ] GC(500) CMS: 459284K->459284K(600768K)
[323.250s][info ][gc,metaspace ] GC(500) Metaspace: 64475K->64475K(1107968K)
[323.250s][info ][gc           ] GC(500) Pause Young (Allocation Failure) 703M->462M(850M) 3.354ms
[323.250s][info ][gc,cpu       ] GC(500) User=0.01s Sys=0.00s Real=0.01s
[323.250s][info ][safepoint    ] Leaving safepoint region
[323.250s][info ][safepoint    ] Total time for which application threads were stopped: 0.0035276 seconds, Stopping threads took: 0.0000431 seconds
[324.248s][info ][safepoint    ] Application time: 0.9985259 seconds
[324.248s][info ][safepoint    ] Entering safepoint region: GenCollectForAllocation
[324.248s][info ][gc,start     ] GC(501) Pause Young (Allocation Failure)
[324.248s][info ][gc,task      ] GC(501) Using 4 workers of 4 for evacuation
[324.251s][debug][gc,ref       ] GC(501) Skipped phase1 of Reference Processing due to unavailable references
[324.251s][debug][gc,ref       ] GC(501) Skipped phase2 of Reference Processing due to unavailable references
[324.251s][debug][gc,ref       ] GC(501) Skipped phase3 of Reference Processing due to unavailable references
[324.252s][debug][gc,age       ] GC(501) Desired survivor size 15368192 bytes, new threshold 6 (max threshold 6)
[324.252s][info ][gc,heap      ] GC(501) ParNew: 254606K->3622K(270336K)
[324.252s][info ][gc,heap      ] GC(501) CMS: 459284K->459284K(600768K)
[324.252s][info ][gc,metaspace ] GC(501) Metaspace: 64475K->64475K(1107968K)
[324.252s][info ][gc           ] GC(501) Pause Young (Allocation Failure) 697M->452M(850M) 3.537ms
[324.252s][info ][gc,cpu       ] GC(501) User=0.01s Sys=0.00s Real=0.00s
[324.252s][info ][safepoint    ] Leaving safepoint region
[324.252s][info ][safepoint    ] Total time for which application threads were stopped: 0.0037308 seconds, Stopping threads took: 0.0000424 seconds
[325.338s][info ][safepoint    ] Application time: 1.0865654 seconds
[325.339s][info ][safepoint    ] Entering safepoint region: GenCollectForAllocation
[325.339s][info ][gc,start     ] GC(502) Pause Young (Allocation Failure)
[325.339s][info ][gc,task      ] GC(502) Using 4 workers of 4 for evacuation
[325.342s][debug][gc,ref       ] GC(502) Skipped phase1 of Reference Processing due to unavailable references
[325.342s][debug][gc,ref       ] GC(502) Skipped phase2 of Reference Processing due to unavailable references
[325.342s][debug][gc,ref       ] GC(502) Skipped phase3 of Reference Processing due to unavailable references
[325.342s][debug][gc,age       ] GC(502) Desired survivor size 15368192 bytes, new threshold 6 (max threshold 6)
[325.342s][info ][gc,heap      ] GC(502) ParNew: 243942K->972K(270336K)
[325.342s][info ][gc,heap      ] GC(502) CMS: 459284K->459284K(600768K)
[325.342s][info ][gc,metaspace ] GC(502) Metaspace: 64478K->64478K(1107968K)
[325.342s][info ][gc           ] GC(502) Pause Young (Allocation Failure) 686M->449M(850M) 3.252ms
[325.342s][info ][gc,cpu       ] GC(502) User=0.01s Sys=0.00s Real=0.00s
[325.342s][info ][safepoint    ] Leaving safepoint region
[325.342s][info ][safepoint    ] Total time for which application threads were stopped: 0.0034855 seconds, Stopping threads took: 0.0000883 seconds
[326.448s][info ][safepoint    ] Application time: 1.1061904 seconds
[326.448s][info ][safepoint    ] Entering safepoint region: GenCollectForAllocation
[326.448s][info ][gc,start     ] GC(503) Pause Young (Allocation Failure)
[326.448s][info ][gc,task      ] GC(503) Using 4 workers of 4 for evacuation
[326.452s][debug][gc,ref       ] GC(503) Skipped phase1 of Reference Processing due to unavailable references
[326.452s][debug][gc,ref       ] GC(503) Skipped phase2 of Reference Processing due to unavailable references
[326.452s][debug][gc,ref       ] GC(503) Skipped phase3 of Reference Processing due to unavailable references
[326.452s][debug][gc,age       ] GC(503) Desired survivor size 15368192 bytes, new threshold 6 (max threshold 6)
[326.452s][info ][gc,heap      ] GC(503) ParNew: 241292K->1020K(270336K)
[326.452s][info ][gc,heap      ] GC(503) CMS: 459284K->459284K(600768K)
[326.452s][info ][gc,metaspace ] GC(503) Metaspace: 64478K->64478K(1107968K)
[326.452s][info ][gc           ] GC(503) Pause Young (Allocation Failure) 684M->449M(850M) 3.558ms
[326.452s][info ][gc,cpu       ] GC(503) User=0.01s Sys=0.01s Real=0.00s
[326.452s][info ][safepoint    ] Leaving safepoint region
[326.452s][info ][safepoint    ] Total time for which application threads were stopped: 0.0037710 seconds, Stopping threads took: 0.0000397 seconds
[327.452s][info ][safepoint    ] Application time: 1.0000970 seconds
[327.452s][info ][safepoint    ] Entering safepoint region: Cleanup
[327.452s][info ][safepoint    ] Leaving safepoint region
[327.452s][info ][safepoint    ] Total time for which application threads were stopped: 0.0001699 seconds, Stopping threads took: 0.0000921 seconds
[327.563s][info ][safepoint    ] Application time: 0.1108546 seconds
[327.563s][info ][safepoint    ] Entering safepoint region: GenCollectForAllocation
[327.563s][info ][gc,start     ] GC(504) Pause Young (Allocation Failure)
[327.563s][info ][gc,task      ] GC(504) Using 4 workers of 4 for evacuation
[327.566s][debug][gc,ref       ] GC(504) Skipped phase1 of Reference Processing due to unavailable references
[327.566s][debug][gc,ref       ] GC(504) Skipped phase2 of Reference Processing due to unavailable references
[327.566s][debug][gc,ref       ] GC(504) Skipped phase3 of Reference Processing due to unavailable references
[327.567s][debug][gc,age       ] GC(504) Desired survivor size 15368192 bytes, new threshold 6 (max threshold 6)
[327.567s][info ][gc,heap      ] GC(504) ParNew: 241340K->1114K(270336K)
[327.567s][info ][gc,heap      ] GC(504) CMS: 459284K->459284K(600768K)
[327.567s][info ][gc,metaspace ] GC(504) Metaspace: 64478K->64478K(1107968K)
[327.567s][info ][gc           ] GC(504) Pause Young (Allocation Failure) 684M->449M(850M) 3.484ms
[327.567s][info ][gc,cpu       ] GC(504) User=0.02s Sys=0.00s Real=0.00s
[327.567s][info ][safepoint    ] Leaving safepoint region
[327.567s][info ][safepoint    ] Total time for which application threads were stopped: 0.0036312 seconds, Stopping threads took: 0.0000186 seconds
[328.675s][info ][safepoint    ] Application time: 1.1084511 seconds
[328.675s][info ][safepoint    ] Entering safepoint region: GenCollectForAllocation
[328.675s][info ][gc,start     ] GC(505) Pause Young (Allocation Failure)
[328.675s][info ][gc,task      ] GC(505) Using 4 workers of 4 for evacuation
[328.679s][debug][gc,ref       ] GC(505) Skipped phase1 of Reference Processing due to unavailable references
[328.679s][debug][gc,ref       ] GC(505) Skipped phase2 of Reference Processing due to unavailable references
[328.679s][debug][gc,ref       ] GC(505) Skipped phase3 of Reference Processing due to unavailable references
[328.679s][debug][gc,age       ] GC(505) Desired survivor size 15368192 bytes, new threshold 6 (max threshold 6)
[328.679s][info ][gc,heap      ] GC(505) ParNew: 241434K->1199K(270336K)
[328.679s][info ][gc,heap      ] GC(505) CMS: 459284K->459344K(600768K)
[328.679s][info ][gc,metaspace ] GC(505) Metaspace: 64479K->64479K(1107968K)
[328.679s][info ][gc           ] GC(505) Pause Young (Allocation Failure) 684M->449M(850M) 3.327ms
[328.679s][info ][gc,cpu       ] GC(505) User=0.01s Sys=0.00s Real=0.01s
[328.679s][info ][safepoint    ] Leaving safepoint region
[328.679s][info ][safepoint    ] Total time for which application threads were stopped: 0.0034808 seconds, Stopping threads took: 0.0000185 seconds
[329.782s][info ][safepoint    ] Application time: 1.1028558 seconds
[329.782s][info ][safepoint    ] Entering safepoint region: GenCollectForAllocation
[329.782s][info ][gc,start     ] GC(506) Pause Young (Allocation Failure)
[329.782s][info ][gc,task      ] GC(506) Using 4 workers of 4 for evacuation
[329.785s][debug][gc,ref       ] GC(506) Skipped phase1 of Reference Processing due to unavailable references
[329.785s][debug][gc,ref       ] GC(506) Skipped phase2 of Reference Processing due to unavailable references
[329.785s][debug][gc,ref       ] GC(506) Skipped phase3 of Reference Processing due to unavailable references
[329.785s][debug][gc,ref       ] GC(506) Skipped phase4 of Reference Processing due to unavailable references
[329.785s][debug][gc,age       ] GC(506) Desired survivor size 15368192 bytes, new threshold 6 (max threshold 6)
[329.785s][info ][gc,heap      ] GC(506) ParNew: 241519K->972K(270336K)
[329.785s][info ][gc,heap      ] GC(506) CMS: 459344K->459441K(600768K)
[329.785s][info ][gc,metaspace ] GC(506) Metaspace: 64479K->64479K(1107968K)
[329.785s][info ][gc           ] GC(506) Pause Young (Allocation Failure) 684M->449M(850M) 3.421ms
[329.785s][info ][gc,cpu       ] GC(506) User=0.01s Sys=0.00s Real=0.00s
[329.785s][info ][safepoint    ] Leaving safepoint region
[329.785s][info ][safepoint    ] Total time for which application threads were stopped: 0.0035718 seconds, Stopping threads took: 0.0000172 seconds
[330.785s][info ][safepoint    ] Application time: 1.0001349 seconds
[330.785s][info ][safepoint    ] Entering safepoint region: Cleanup
[330.786s][info ][safepoint    ] Leaving safepoint region
[330.786s][info ][safepoint    ] Total time for which application threads were stopped: 0.0001380 seconds, Stopping threads took: 0.0000440 seconds
[330.931s][info ][safepoint    ] Application time: 0.1449210 seconds
[330.931s][info ][safepoint    ] Entering safepoint region: GenCollectForAllocation
[330.931s][info ][gc,start     ] GC(507) Pause Young (Allocation Failure)
[330.931s][info ][gc,task      ] GC(507) Using 4 workers of 4 for evacuation
[330.934s][debug][gc,ref       ] GC(507) Skipped phase1 of Reference Processing due to unavailable references
[330.934s][debug][gc,ref       ] GC(507) Skipped phase3 of Reference Processing due to unavailable references
[330.934s][debug][gc,age       ] GC(507) Desired survivor size 15368192 bytes, new threshold 6 (max threshold 6)
[330.934s][info ][gc,heap      ] GC(507) ParNew: 241292K->1122K(270336K)
[330.934s][info ][gc,heap      ] GC(507) CMS: 459441K->459510K(600768K)
[330.934s][info ][gc,metaspace ] GC(507) Metaspace: 64489K->64489K(1107968K)
[330.934s][info ][gc           ] GC(507) Pause Young (Allocation Failure) 684M->449M(850M) 3.497ms
[330.934s][info ][gc,cpu       ] GC(507) User=0.02s Sys=0.00s Real=0.00s
[330.934s][info ][safepoint    ] Leaving safepoint region
[330.934s][info ][safepoint    ] Total time for which application threads were stopped: 0.0036543 seconds, Stopping threads took: 0.0000186 seconds
[331.934s][info ][safepoint    ] Application time: 1.0001398 seconds
[331.934s][info ][safepoint    ] Entering safepoint region: Cleanup
[331.934s][info ][safepoint    ] Leaving safepoint region
[331.934s][info ][safepoint    ] Total time for which application threads were stopped: 0.0001111 seconds, Stopping threads took: 0.0000420 seconds
[332.068s][info ][safepoint    ] Application time: 0.1331882 seconds
[332.068s][info ][safepoint    ] Entering safepoint region: GenCollectForAllocation
[332.068s][info ][gc,start     ] GC(508) Pause Young (Allocation Failure)
[332.068s][info ][gc,task      ] GC(508) Using 4 workers of 4 for evacuation
[332.071s][debug][gc,ref       ] GC(508) Skipped phase1 of Reference Processing due to unavailable references
[332.071s][debug][gc,ref       ] GC(508) Skipped phase3 of Reference Processing due to unavailable references
[332.071s][debug][gc,ref       ] GC(508) Skipped phase4 of Reference Processing due to unavailable references
[332.071s][debug][gc,age       ] GC(508) Desired survivor size 15368192 bytes, new threshold 6 (max threshold 6)
[332.071s][info ][gc,heap      ] GC(508) ParNew: 241442K->1085K(270336K)
[332.071s][info ][gc,heap      ] GC(508) CMS: 459510K->459557K(600768K)
[332.071s][info ][gc,metaspace ] GC(508) Metaspace: 64489K->64489K(1107968K)
[332.071s][info ][gc           ] GC(508) Pause Young (Allocation Failure) 684M->449M(850M) 3.548ms
[332.071s][info ][gc,cpu       ] GC(508) User=0.01s Sys=0.00s Real=0.00s
[332.071s][info ][safepoint    ] Leaving safepoint region
[332.071s][info ][safepoint    ] Total time for which application threads were stopped: 0.0036922 seconds, Stopping threads took: 0.0000174 seconds
[333.144s][info ][safepoint    ] Application time: 1.0721827 seconds
[333.144s][info ][safepoint    ] Entering safepoint region: GenCollectForAllocation
[333.144s][info ][gc,start     ] GC(509) Pause Young (Allocation Failure)
[333.144s][info ][gc,task      ] GC(509) Using 4 workers of 4 for evacuation
[333.147s][debug][gc,ref       ] GC(509) Skipped phase1 of Reference Processing due to unavailable references
[333.147s][debug][gc,ref       ] GC(509) Skipped phase3 of Reference Processing due to unavailable references
[333.147s][debug][gc,ref       ] GC(509) Skipped phase4 of Reference Processing due to unavailable references
[333.147s][debug][gc,age       ] GC(509) Desired survivor size 15368192 bytes, new threshold 6 (max threshold 6)
[333.147s][info ][gc,heap      ] GC(509) ParNew: 241405K->1086K(270336K)
[333.147s][info ][gc,heap      ] GC(509) CMS: 459557K->459628K(600768K)
[333.147s][info ][gc,metaspace ] GC(509) Metaspace: 64489K->64489K(1107968K)
[333.147s][info ][gc           ] GC(509) Pause Young (Allocation Failure) 684M->449M(850M) 3.462ms
[333.147s][info ][gc,cpu       ] GC(509) User=0.02s Sys=0.00s Real=0.00s
[333.147s][info ][safepoint    ] Leaving safepoint region
[333.147s][info ][safepoint    ] Total time for which application threads were stopped: 0.0036655 seconds, Stopping threads took: 0.0000710 seconds
[334.147s][info ][safepoint    ] Application time: 1.0001068 seconds
[334.148s][info ][safepoint    ] Entering safepoint region: Cleanup
[334.148s][info ][safepoint    ] Leaving safepoint region
[334.148s][info ][safepoint    ] Total time for which application threads were stopped: 0.0001487 seconds, Stopping threads took: 0.0000782 seconds
[334.229s][info ][safepoint    ] Application time: 0.0816591 seconds
[334.229s][info ][safepoint    ] Entering safepoint region: GenCollectForAllocation
[334.229s][info ][gc,start     ] GC(510) Pause Young (Allocation Failure)
[334.230s][info ][gc,task      ] GC(510) Using 4 workers of 4 for evacuation
[334.233s][debug][gc,ref       ] GC(510) Skipped phase1 of Reference Processing due to unavailable references
[334.233s][debug][gc,ref       ] GC(510) Skipped phase3 of Reference Processing due to unavailable references
[334.233s][debug][gc,ref       ] GC(510) Skipped phase4 of Reference Processing due to unavailable references
[334.233s][debug][gc,age       ] GC(510) Desired survivor size 15368192 bytes, new threshold 6 (max threshold 6)
[334.233s][info ][gc,heap      ] GC(510) ParNew: 241406K->1177K(270336K)
[334.233s][info ][gc,heap      ] GC(510) CMS: 459628K->459670K(600768K)
[334.233s][info ][gc,metaspace ] GC(510) Metaspace: 64489K->64489K(1107968K)
[334.233s][info ][gc           ] GC(510) Pause Young (Allocation Failure) 684M->450M(850M) 3.856ms
[334.233s][info ][gc,cpu       ] GC(510) User=0.01s Sys=0.00s Real=0.00s
[334.233s][info ][safepoint    ] Leaving safepoint region
[334.233s][info ][safepoint    ] Total time for which application threads were stopped: 0.0040040 seconds, Stopping threads took: 0.0000184 seconds
[335.339s][info ][safepoint    ] Application time: 1.1059747 seconds
[335.340s][info ][safepoint    ] Entering safepoint region: GenCollectForAllocation
[335.340s][info ][gc,start     ] GC(511) Pause Young (Allocation Failure)
[335.340s][info ][gc,task      ] GC(511) Using 4 workers of 4 for evacuation
[335.344s][debug][gc,ref       ] GC(511) Skipped phase1 of Reference Processing due to unavailable references
[335.344s][debug][gc,ref       ] GC(511) Skipped phase3 of Reference Processing due to unavailable references
[335.344s][debug][gc,ref       ] GC(511) Skipped phase4 of Reference Processing due to unavailable references
[335.344s][debug][gc,age       ] GC(511) Desired survivor size 15368192 bytes, new threshold 6 (max threshold 6)
[335.344s][info ][gc,heap      ] GC(511) ParNew: 241497K->1154K(270336K)
[335.344s][info ][gc,heap      ] GC(511) CMS: 459670K->459744K(600768K)
[335.344s][info ][gc,metaspace ] GC(511) Metaspace: 64489K->64489K(1107968K)
[335.344s][info ][gc           ] GC(511) Pause Young (Allocation Failure) 684M->450M(850M) 4.295ms
[335.344s][info ][gc,cpu       ] GC(511) User=0.01s Sys=0.00s Real=0.00s
[335.344s][info ][safepoint    ] Leaving safepoint region
[335.344s][info ][safepoint    ] Total time for which application threads were stopped: 0.0046918 seconds, Stopping threads took: 0.0000350 seconds
[336.344s][info ][safepoint    ] Application time: 1.0001346 seconds
[336.344s][info ][safepoint    ] Entering safepoint region: Cleanup
[336.344s][info ][safepoint    ] Leaving safepoint region
[336.344s][info ][safepoint    ] Total time for which application threads were stopped: 0.0000877 seconds, Stopping threads took: 0.0000197 seconds
[336.430s][info ][safepoint    ] Application time: 0.0850973 seconds
[336.430s][info ][safepoint    ] Entering safepoint region: GenCollectForAllocation
[336.430s][info ][gc,start     ] GC(512) Pause Young (Allocation Failure)
[336.430s][info ][gc,task      ] GC(512) Using 4 workers of 4 for evacuation
[336.433s][debug][gc,ref       ] GC(512) Skipped phase1 of Reference Processing due to unavailable references
[336.433s][debug][gc,ref       ] GC(512) Skipped phase3 of Reference Processing due to unavailable references
[336.433s][debug][gc,ref       ] GC(512) Skipped phase4 of Reference Processing due to unavailable references
[336.433s][debug][gc,age       ] GC(512) Desired survivor size 15368192 bytes, new threshold 6 (max threshold 6)
[336.433s][info ][gc,heap      ] GC(512) ParNew: 241474K->1260K(270336K)
[336.433s][info ][gc,heap      ] GC(512) CMS: 459744K->459784K(600768K)
[336.433s][info ][gc,metaspace ] GC(512) Metaspace: 64500K->64500K(1107968K)
[336.433s][info ][gc           ] GC(512) Pause Young (Allocation Failure) 684M->450M(850M) 3.458ms
[336.433s][info ][gc,cpu       ] GC(512) User=0.02s Sys=0.00s Real=0.00s
[336.433s][info ][safepoint    ] Leaving safepoint region
[336.433s][info ][safepoint    ] Total time for which application threads were stopped: 0.0036138 seconds, Stopping threads took: 0.0000190 seconds
[337.433s][info ][safepoint    ] Application time: 1.0001339 seconds
[337.433s][info ][safepoint    ] Entering safepoint region: Cleanup
[337.434s][info ][safepoint    ] Leaving safepoint region
[337.434s][info ][safepoint    ] Total time for which application threads were stopped: 0.0001147 seconds, Stopping threads took: 0.0000409 seconds
[337.498s][info ][safepoint    ] Application time: 0.0644487 seconds
[337.498s][info ][safepoint    ] Entering safepoint region: GenCollectForAllocation
[337.498s][info ][gc,start     ] GC(513) Pause Young (Allocation Failure)
[337.498s][info ][gc,task      ] GC(513) Using 4 workers of 4 for evacuation
[337.502s][debug][gc,ref       ] GC(513) Skipped phase1 of Reference Processing due to unavailable references
[337.502s][debug][gc,ref       ] GC(513) Skipped phase2 of Reference Processing due to unavailable references
[337.502s][debug][gc,ref       ] GC(513) Skipped phase3 of Reference Processing due to unavailable references
[337.502s][debug][gc,ref       ] GC(513) Skipped phase4 of Reference Processing due to unavailable references
[337.502s][debug][gc,age       ] GC(513) Desired survivor size 15368192 bytes, new threshold 6 (max threshold 6)
[337.502s][info ][gc,heap      ] GC(513) ParNew: 241580K->2440K(270336K)
[337.502s][info ][gc,heap      ] GC(513) CMS: 459784K->459826K(600768K)
[337.502s][info ][gc,metaspace ] GC(513) Metaspace: 64502K->64502K(1107968K)
[337.502s][info ][gc           ] GC(513) Pause Young (Allocation Failure) 684M->451M(850M) 4.286ms
[337.502s][info ][gc,cpu       ] GC(513) User=0.01s Sys=0.00s Real=0.00s
[337.502s][info ][safepoint    ] Leaving safepoint region
[337.502s][info ][safepoint    ] Total time for which application threads were stopped: 0.0044373 seconds, Stopping threads took: 0.0000177 seconds
[338.588s][info ][safepoint    ] Application time: 1.0853068 seconds
[338.588s][info ][safepoint    ] Entering safepoint region: GenCollectForAllocation
[338.588s][info ][gc,start     ] GC(514) Pause Young (Allocation Failure)
[338.588s][info ][gc,task      ] GC(514) Using 4 workers of 4 for evacuation
[338.592s][debug][gc,ref       ] GC(514) Skipped phase1 of Reference Processing due to unavailable references
[338.592s][debug][gc,ref       ] GC(514) Skipped phase2 of Reference Processing due to unavailable references
[338.592s][debug][gc,ref       ] GC(514) Skipped phase3 of Reference Processing due to unavailable references
[338.592s][debug][gc,ref       ] GC(514) Skipped phase4 of Reference Processing due to unavailable references
[338.592s][debug][gc,age       ] GC(514) Desired survivor size 15368192 bytes, new threshold 6 (max threshold 6)
[338.592s][info ][gc,heap      ] GC(514) ParNew: 242760K->2428K(270336K)
[338.592s][info ][gc,heap      ] GC(514) CMS: 459826K->459857K(600768K)
[338.592s][info ][gc,metaspace ] GC(514) Metaspace: 64502K->64502K(1107968K)
[338.592s][info ][gc           ] GC(514) Pause Young (Allocation Failure) 686M->451M(850M) 3.977ms
[338.592s][info ][gc,cpu       ] GC(514) User=0.01s Sys=0.00s Real=0.00s
[338.592s][info ][safepoint    ] Leaving safepoint region
[338.592s][info ][safepoint    ] Total time for which application threads were stopped: 0.0041654 seconds, Stopping threads took: 0.0000191 seconds
[339.715s][info ][safepoint    ] Application time: 1.1232462 seconds
[339.715s][info ][safepoint    ] Entering safepoint region: GenCollectForAllocation
[339.715s][info ][gc,start     ] GC(515) Pause Young (Allocation Failure)
[339.715s][info ][gc,task      ] GC(515) Using 4 workers of 4 for evacuation
[339.719s][debug][gc,ref       ] GC(515) Skipped phase1 of Reference Processing due to unavailable references
[339.719s][debug][gc,ref       ] GC(515) Skipped phase2 of Reference Processing due to unavailable references
[339.719s][debug][gc,ref       ] GC(515) Skipped phase3 of Reference Processing due to unavailable references
[339.719s][debug][gc,ref       ] GC(515) Skipped phase4 of Reference Processing due to unavailable references
[339.719s][debug][gc,age       ] GC(515) Desired survivor size 15368192 bytes, new threshold 6 (max threshold 6)
[339.719s][info ][gc,heap      ] GC(515) ParNew: 242748K->2284K(270336K)
[339.719s][info ][gc,heap      ] GC(515) CMS: 459857K->460024K(600768K)
[339.719s][info ][gc,metaspace ] GC(515) Metaspace: 64503K->64503K(1107968K)
[339.719s][info ][gc           ] GC(515) Pause Young (Allocation Failure) 686M->451M(850M) 3.883ms
[339.719s][info ][gc,cpu       ] GC(515) User=0.02s Sys=0.00s Real=0.01s
[339.719s][info ][safepoint    ] Leaving safepoint region
[339.719s][info ][safepoint    ] Total time for which application threads were stopped: 0.0040740 seconds, Stopping threads took: 0.0000511 seconds
[340.719s][info ][safepoint    ] Application time: 1.0001034 seconds
[340.720s][info ][safepoint    ] Entering safepoint region: Cleanup
[340.720s][info ][safepoint    ] Leaving safepoint region
[340.720s][info ][safepoint    ] Total time for which application threads were stopped: 0.0001479 seconds, Stopping threads took: 0.0000677 seconds
[340.829s][info ][safepoint    ] Application time: 0.1091181 seconds
[340.829s][info ][safepoint    ] Entering safepoint region: GenCollectForAllocation
[340.829s][info ][gc,start     ] GC(516) Pause Young (Allocation Failure)
[340.829s][info ][gc,task      ] GC(516) Using 4 workers of 4 for evacuation
[340.832s][debug][gc,ref       ] GC(516) Skipped phase1 of Reference Processing due to unavailable references
[340.832s][debug][gc,ref       ] GC(516) Skipped phase2 of Reference Processing due to unavailable references
[340.832s][debug][gc,ref       ] GC(516) Skipped phase3 of Reference Processing due to unavailable references
[340.832s][debug][gc,ref       ] GC(516) Skipped phase4 of Reference Processing due to unavailable references
[340.833s][debug][gc,age       ] GC(516) Desired survivor size 15368192 bytes, new threshold 6 (max threshold 6)
[340.833s][info ][gc,heap      ] GC(516) ParNew: 242604K->2273K(270336K)
[340.833s][info ][gc,heap      ] GC(516) CMS: 460024K->460086K(600768K)
[340.833s][info ][gc,metaspace ] GC(516) Metaspace: 64503K->64503K(1107968K)
[340.833s][info ][gc           ] GC(516) Pause Young (Allocation Failure) 686M->451M(850M) 3.737ms
[340.833s][info ][gc,cpu       ] GC(516) User=0.01s Sys=0.01s Real=0.00s
[340.833s][info ][safepoint    ] Leaving safepoint region
[340.833s][info ][safepoint    ] Total time for which application threads were stopped: 0.0038857 seconds, Stopping threads took: 0.0000192 seconds
[341.978s][info ][safepoint    ] Application time: 1.1449006 seconds
[341.978s][info ][safepoint    ] Entering safepoint region: GenCollectForAllocation
[341.978s][info ][gc,start     ] GC(517) Pause Young (Allocation Failure)
[341.978s][info ][gc,task      ] GC(517) Using 4 workers of 4 for evacuation
[341.981s][debug][gc,ref       ] GC(517) Skipped phase1 of Reference Processing due to unavailable references
[341.981s][debug][gc,ref       ] GC(517) Skipped phase2 of Reference Processing due to unavailable references
[341.981s][debug][gc,ref       ] GC(517) Skipped phase3 of Reference Processing due to unavailable references
[341.981s][debug][gc,ref       ] GC(517) Skipped phase4 of Reference Processing due to unavailable references
[341.981s][debug][gc,age       ] GC(517) Desired survivor size 15368192 bytes, new threshold 6 (max threshold 6)
[341.981s][info ][gc,heap      ] GC(517) ParNew: 242593K->2314K(270336K)
[341.981s][info ][gc,heap      ] GC(517) CMS: 460086K->460128K(600768K)
[341.981s][info ][gc,metaspace ] GC(517) Metaspace: 64503K->64503K(1107968K)
[341.981s][info ][gc           ] GC(517) Pause Young (Allocation Failure) 686M->451M(850M) 3.755ms
[341.981s][info ][gc,cpu       ] GC(517) User=0.01s Sys=0.00s Real=0.00s
[341.982s][info ][safepoint    ] Leaving safepoint region
[341.982s][info ][safepoint    ] Total time for which application threads were stopped: 0.0039166 seconds, Stopping threads took: 0.0000174 seconds
[343.129s][info ][safepoint    ] Application time: 1.1478907 seconds
[343.129s][info ][safepoint    ] Entering safepoint region: GenCollectForAllocation
[343.130s][info ][gc,start     ] GC(518) Pause Young (Allocation Failure)
[343.130s][info ][gc,task      ] GC(518) Using 4 workers of 4 for evacuation
[343.133s][debug][gc,ref       ] GC(518) Skipped phase1 of Reference Processing due to unavailable references
[343.133s][debug][gc,ref       ] GC(518) Skipped phase2 of Reference Processing due to unavailable references
[343.133s][debug][gc,ref       ] GC(518) Skipped phase3 of Reference Processing due to unavailable references
[343.133s][debug][gc,ref       ] GC(518) Skipped phase4 of Reference Processing due to unavailable references
[343.133s][debug][gc,age       ] GC(518) Desired survivor size 15368192 bytes, new threshold 6 (max threshold 6)
[343.133s][info ][gc,heap      ] GC(518) ParNew: 242634K->1959K(270336K)
[343.133s][info ][gc,heap      ] GC(518) CMS: 460128K->460275K(600768K)
[343.133s][info ][gc,metaspace ] GC(518) Metaspace: 64503K->64503K(1107968K)
[343.133s][info ][gc           ] GC(518) Pause Young (Allocation Failure) 686M->451M(850M) 3.717ms
[343.133s][info ][gc,cpu       ] GC(518) User=0.02s Sys=0.00s Real=0.00s
[343.133s][info ][safepoint    ] Leaving safepoint region
[343.133s][info ][safepoint    ] Total time for which application threads were stopped: 0.0038568 seconds, Stopping threads took: 0.0000175 seconds
[344.279s][info ][safepoint    ] Application time: 1.1459568 seconds
[344.279s][info ][safepoint    ] Entering safepoint region: GenCollectForAllocation
[344.279s][info ][gc,start     ] GC(519) Pause Young (Allocation Failure)
[344.279s][info ][gc,task      ] GC(519) Using 4 workers of 4 for evacuation
[344.284s][debug][gc,ref       ] GC(519) Skipped phase1 of Reference Processing due to unavailable references
[344.284s][debug][gc,ref       ] GC(519) Skipped phase2 of Reference Processing due to unavailable references
[344.284s][debug][gc,ref       ] GC(519) Skipped phase3 of Reference Processing due to unavailable references
[344.284s][debug][gc,ref       ] GC(519) Skipped phase4 of Reference Processing due to unavailable references
[344.284s][debug][gc,age       ] GC(519) Desired survivor size 15368192 bytes, new threshold 6 (max threshold 6)
[344.284s][info ][gc,heap      ] GC(519) ParNew: 242279K->1061K(270336K)
[344.284s][info ][gc,heap      ] GC(519) CMS: 460275K->461348K(600768K)
[344.284s][info ][gc,metaspace ] GC(519) Metaspace: 64503K->64503K(1107968K)
[344.284s][info ][gc           ] GC(519) Pause Young (Allocation Failure) 686M->451M(850M) 4.536ms
[344.284s][info ][gc,cpu       ] GC(519) User=0.01s Sys=0.00s Real=0.00s
[344.284s][info ][safepoint    ] Leaving safepoint region
[344.284s][info ][safepoint    ] Total time for which application threads were stopped: 0.0046881 seconds, Stopping threads took: 0.0000189 seconds
[345.284s][info ][safepoint    ] Application time: 1.0001207 seconds
[345.285s][info ][safepoint    ] Entering safepoint region: Cleanup
[345.285s][info ][safepoint    ] Leaving safepoint region
[345.285s][info ][safepoint    ] Total time for which application threads were stopped: 0.0013270 seconds, Stopping threads took: 0.0012624 seconds
[345.369s][info ][safepoint    ] Application time: 0.0829873 seconds
[345.369s][info ][safepoint    ] Entering safepoint region: GenCollectForAllocation
[345.369s][info ][gc,start     ] GC(520) Pause Young (Allocation Failure)
[345.369s][info ][gc,task      ] GC(520) Using 4 workers of 4 for evacuation
[345.372s][debug][gc,ref       ] GC(520) Skipped phase1 of Reference Processing due to unavailable references
[345.372s][debug][gc,ref       ] GC(520) Skipped phase2 of Reference Processing due to unavailable references
[345.372s][debug][gc,ref       ] GC(520) Skipped phase3 of Reference Processing due to unavailable references
[345.372s][debug][gc,ref       ] GC(520) Skipped phase4 of Reference Processing due to unavailable references
[345.373s][debug][gc,age       ] GC(520) Desired survivor size 15368192 bytes, new threshold 6 (max threshold 6)
[345.373s][info ][gc,heap      ] GC(520) ParNew: 241381K->1115K(270336K)
[345.373s][info ][gc,heap      ] GC(520) CMS: 461348K->461428K(600768K)
[345.373s][info ][gc,metaspace ] GC(520) Metaspace: 64507K->64507K(1107968K)
[345.373s][info ][gc           ] GC(520) Pause Young (Allocation Failure) 686M->451M(850M) 4.014ms
[345.373s][info ][gc,cpu       ] GC(520) User=0.01s Sys=0.00s Real=0.00s
[345.373s][info ][safepoint    ] Leaving safepoint region
[345.373s][info ][safepoint    ] Total time for which application threads were stopped: 0.0041654 seconds, Stopping threads took: 0.0000180 seconds
[346.497s][info ][safepoint    ] Application time: 1.1242719 seconds
[346.497s][info ][safepoint    ] Entering safepoint region: GenCollectForAllocation
[346.497s][info ][gc,start     ] GC(521) Pause Young (Allocation Failure)
[346.497s][info ][gc,task      ] GC(521) Using 4 workers of 4 for evacuation
[346.501s][debug][gc,ref       ] GC(521) Skipped phase1 of Reference Processing due to unavailable references
[346.501s][debug][gc,ref       ] GC(521) Skipped phase3 of Reference Processing due to unavailable references
[346.501s][debug][gc,ref       ] GC(521) Skipped phase4 of Reference Processing due to unavailable references
[346.501s][debug][gc,age       ] GC(521) Desired survivor size 15368192 bytes, new threshold 6 (max threshold 6)
[346.501s][info ][gc,heap      ] GC(521) ParNew: 241435K->1208K(270336K)
[346.501s][info ][gc,heap      ] GC(521) CMS: 461428K->461513K(600768K)
[346.501s][info ][gc,metaspace ] GC(521) Metaspace: 64507K->64507K(1107968K)
[346.501s][info ][gc           ] GC(521) Pause Young (Allocation Failure) 686M->451M(850M) 3.670ms
[346.501s][info ][gc,cpu       ] GC(521) User=0.01s Sys=0.00s Real=0.00s
[346.501s][info ][safepoint    ] Leaving safepoint region
[346.501s][info ][safepoint    ] Total time for which application threads were stopped: 0.0038722 seconds, Stopping threads took: 0.0000195 seconds
[347.501s][info ][safepoint    ] Application time: 1.0000809 seconds
[347.501s][info ][safepoint    ] Entering safepoint region: Cleanup
[347.501s][info ][safepoint    ] Leaving safepoint region
[347.501s][info ][safepoint    ] Total time for which application threads were stopped: 0.0001169 seconds, Stopping threads took: 0.0000448 seconds
[347.613s][info ][safepoint    ] Application time: 0.1122529 seconds
[347.613s][info ][safepoint    ] Entering safepoint region: GenCollectForAllocation
[347.614s][info ][gc,start     ] GC(522) Pause Young (Allocation Failure)
[347.614s][info ][gc,task      ] GC(522) Using 4 workers of 4 for evacuation
[347.617s][debug][gc,ref       ] GC(522) Skipped phase1 of Reference Processing due to unavailable references
[347.617s][debug][gc,ref       ] GC(522) Skipped phase3 of Reference Processing due to unavailable references
[347.617s][debug][gc,ref       ] GC(522) Skipped phase4 of Reference Processing due to unavailable references
[347.617s][debug][gc,age       ] GC(522) Desired survivor size 15368192 bytes, new threshold 6 (max threshold 6)
[347.617s][info ][gc,heap      ] GC(522) ParNew: 241528K->1176K(270336K)
[347.617s][info ][gc,heap      ] GC(522) CMS: 461513K->461568K(600768K)
[347.617s][info ][gc,metaspace ] GC(522) Metaspace: 64507K->64507K(1107968K)
[347.617s][info ][gc           ] GC(522) Pause Young (Allocation Failure) 686M->451M(850M) 3.508ms
[347.617s][info ][gc,cpu       ] GC(522) User=0.01s Sys=0.00s Real=0.01s
[347.617s][info ][safepoint    ] Leaving safepoint region
[347.617s][info ][safepoint    ] Total time for which application threads were stopped: 0.0036646 seconds, Stopping threads took: 0.0000188 seconds
[348.735s][info ][safepoint    ] Application time: 1.1174731 seconds
[348.735s][info ][safepoint    ] Entering safepoint region: GenCollectForAllocation
[348.735s][info ][gc,start     ] GC(523) Pause Young (Allocation Failure)
[348.735s][info ][gc,task      ] GC(523) Using 4 workers of 4 for evacuation
[348.738s][debug][gc,ref       ] GC(523) Skipped phase1 of Reference Processing due to unavailable references
[348.738s][debug][gc,ref       ] GC(523) Skipped phase3 of Reference Processing due to unavailable references
[348.738s][debug][gc,ref       ] GC(523) Skipped phase4 of Reference Processing due to unavailable references
[348.738s][debug][gc,age       ] GC(523) Desired survivor size 15368192 bytes, new threshold 6 (max threshold 6)
[348.738s][info ][gc,heap      ] GC(523) ParNew: 241496K->1278K(270336K)
[348.738s][info ][gc,heap      ] GC(523) CMS: 461568K->461577K(600768K)
[348.738s][info ][gc,metaspace ] GC(523) Metaspace: 64507K->64507K(1107968K)
[348.738s][info ][gc           ] GC(523) Pause Young (Allocation Failure) 686M->452M(850M) 3.602ms
[348.738s][info ][gc,cpu       ] GC(523) User=0.01s Sys=0.00s Real=0.01s
[348.738s][info ][safepoint    ] Leaving safepoint region
[348.738s][info ][safepoint    ] Total time for which application threads were stopped: 0.0037656 seconds, Stopping threads took: 0.0000205 seconds
[349.880s][info ][safepoint    ] Application time: 1.1420488 seconds
[349.881s][info ][safepoint    ] Entering safepoint region: GenCollectForAllocation
[349.881s][info ][gc,start     ] GC(524) Pause Young (Allocation Failure)
[349.881s][info ][gc,task      ] GC(524) Using 4 workers of 4 for evacuation
[349.884s][debug][gc,ref       ] GC(524) Skipped phase1 of Reference Processing due to unavailable references
[349.884s][debug][gc,ref       ] GC(524) Skipped phase3 of Reference Processing due to unavailable references
[349.884s][debug][gc,ref       ] GC(524) Skipped phase4 of Reference Processing due to unavailable references
[349.884s][debug][gc,age       ] GC(524) Desired survivor size 15368192 bytes, new threshold 6 (max threshold 6)
[349.884s][info ][gc,heap      ] GC(524) ParNew: 241598K->1009K(270336K)
[349.884s][info ][gc,heap      ] GC(524) CMS: 461577K->461628K(600768K)
[349.884s][info ][gc,metaspace ] GC(524) Metaspace: 64507K->64507K(1107968K)
[349.884s][info ][gc           ] GC(524) Pause Young (Allocation Failure) 686M->451M(850M) 3.824ms
[349.884s][info ][gc,cpu       ] GC(524) User=0.02s Sys=0.00s Real=0.00s
[349.884s][info ][safepoint    ] Leaving safepoint region
[349.884s][info ][safepoint    ] Total time for which application threads were stopped: 0.0040034 seconds, Stopping threads took: 0.0000178 seconds
[351.030s][info ][safepoint    ] Application time: 1.1453894 seconds
[351.030s][info ][safepoint    ] Entering safepoint region: GenCollectForAllocation
[351.030s][info ][gc,start     ] GC(525) Pause Young (Allocation Failure)
[351.030s][info ][gc,task      ] GC(525) Using 4 workers of 4 for evacuation
[351.033s][debug][gc,ref       ] GC(525) Skipped phase1 of Reference Processing due to unavailable references
[351.033s][debug][gc,ref       ] GC(525) Skipped phase3 of Reference Processing due to unavailable references
[351.033s][debug][gc,ref       ] GC(525) Skipped phase4 of Reference Processing due to unavailable references
[351.033s][debug][gc,age       ] GC(525) Desired survivor size 15368192 bytes, new threshold 6 (max threshold 6)
[351.033s][info ][gc,heap      ] GC(525) ParNew: 241329K->1223K(270336K)
[351.033s][info ][gc,heap      ] GC(525) CMS: 461628K->461631K(600768K)
[351.033s][info ][gc,metaspace ] GC(525) Metaspace: 64509K->64509K(1107968K)
[351.033s][info ][gc           ] GC(525) Pause Young (Allocation Failure) 686M->452M(850M) 3.237ms
[351.033s][info ][gc,cpu       ] GC(525) User=0.01s Sys=0.00s Real=0.00s
[351.033s][info ][safepoint    ] Leaving safepoint region
[351.033s][info ][safepoint    ] Total time for which application threads were stopped: 0.0033910 seconds, Stopping threads took: 0.0000188 seconds
[352.164s][info ][safepoint    ] Application time: 1.1304336 seconds
[352.164s][info ][safepoint    ] Entering safepoint region: GenCollectForAllocation
[352.164s][info ][gc,start     ] GC(526) Pause Young (Allocation Failure)
[352.164s][info ][gc,task      ] GC(526) Using 4 workers of 4 for evacuation
[352.167s][debug][gc,ref       ] GC(526) Skipped phase1 of Reference Processing due to unavailable references
[352.167s][debug][gc,ref       ] GC(526) Skipped phase3 of Reference Processing due to unavailable references
[352.167s][debug][gc,ref       ] GC(526) Skipped phase4 of Reference Processing due to unavailable references
[352.167s][debug][gc,age       ] GC(526) Desired survivor size 15368192 bytes, new threshold 6 (max threshold 6)
[352.167s][info ][gc,heap      ] GC(526) ParNew: 241543K->721K(270336K)
[352.167s][info ][gc,heap      ] GC(526) CMS: 461631K->461953K(600768K)
[352.167s][info ][gc,metaspace ] GC(526) Metaspace: 64509K->64509K(1107968K)
[352.167s][info ][gc           ] GC(526) Pause Young (Allocation Failure) 686M->451M(850M) 3.536ms
[352.167s][info ][gc,cpu       ] GC(526) User=0.02s Sys=0.00s Real=0.00s
[352.167s][info ][safepoint    ] Leaving safepoint region
[352.167s][info ][safepoint    ] Total time for which application threads were stopped: 0.0036985 seconds, Stopping threads took: 0.0000188 seconds
[353.168s][info ][safepoint    ] Application time: 1.0000979 seconds
[353.168s][info ][safepoint    ] Entering safepoint region: Cleanup
[353.168s][info ][safepoint    ] Leaving safepoint region
[353.168s][info ][safepoint    ] Total time for which application threads were stopped: 0.0001466 seconds, Stopping threads took: 0.0000624 seconds
[353.275s][info ][safepoint    ] Application time: 0.1074917 seconds
[353.275s][info ][safepoint    ] Entering safepoint region: GenCollectForAllocation
[353.275s][info ][gc,start     ] GC(527) Pause Young (Allocation Failure)
[353.275s][info ][gc,task      ] GC(527) Using 4 workers of 4 for evacuation
[353.278s][debug][gc,ref       ] GC(527) Skipped phase1 of Reference Processing due to unavailable references
[353.278s][debug][gc,ref       ] GC(527) Skipped phase2 of Reference Processing due to unavailable references
[353.278s][debug][gc,ref       ] GC(527) Skipped phase3 of Reference Processing due to unavailable references
[353.278s][debug][gc,ref       ] GC(527) Skipped phase4 of Reference Processing due to unavailable references
[353.278s][debug][gc,age       ] GC(527) Desired survivor size 15368192 bytes, new threshold 6 (max threshold 6)
[353.279s][info ][gc,heap      ] GC(527) ParNew: 241041K->717K(270336K)
[353.279s][info ][gc,heap      ] GC(527) CMS: 461953K->461981K(600768K)
[353.279s][info ][gc,metaspace ] GC(527) Metaspace: 64509K->64509K(1107968K)
[353.279s][info ][gc           ] GC(527) Pause Young (Allocation Failure) 686M->451M(850M) 3.080ms
[353.279s][info ][gc,cpu       ] GC(527) User=0.01s Sys=0.00s Real=0.01s
[353.279s][info ][safepoint    ] Leaving safepoint region
[353.279s][info ][safepoint    ] Total time for which application threads were stopped: 0.0032567 seconds, Stopping threads took: 0.0000399 seconds
[354.279s][info ][safepoint    ] Application time: 1.0001292 seconds
[354.279s][info ][safepoint    ] Entering safepoint region: Cleanup
[354.279s][info ][safepoint    ] Leaving safepoint region
[354.279s][info ][safepoint    ] Total time for which application threads were stopped: 0.0001193 seconds, Stopping threads took: 0.0000416 seconds
[354.348s][info ][safepoint    ] Application time: 0.0695234 seconds
[354.348s][info ][safepoint    ] Entering safepoint region: GenCollectForAllocation
[354.349s][info ][gc,start     ] GC(528) Pause Young (Allocation Failure)
[354.349s][info ][gc,task      ] GC(528) Using 4 workers of 4 for evacuation
[354.352s][debug][gc,ref       ] GC(528) Skipped phase1 of Reference Processing due to unavailable references
[354.352s][debug][gc,ref       ] GC(528) Skipped phase2 of Reference Processing due to unavailable references
[354.352s][debug][gc,ref       ] GC(528) Skipped phase3 of Reference Processing due to unavailable references
[354.352s][debug][gc,ref       ] GC(528) Skipped phase4 of Reference Processing due to unavailable references
[354.352s][debug][gc,age       ] GC(528) Desired survivor size 15368192 bytes, new threshold 6 (max threshold 6)
[354.352s][info ][gc,heap      ] GC(528) ParNew: 241037K->1069K(270336K)
[354.352s][info ][gc,heap      ] GC(528) CMS: 461981K->462045K(600768K)
[354.352s][info ][gc,metaspace ] GC(528) Metaspace: 64510K->64510K(1107968K)
[354.352s][info ][gc           ] GC(528) Pause Young (Allocation Failure) 686M->452M(850M) 3.760ms
[354.352s][info ][gc,cpu       ] GC(528) User=0.02s Sys=0.00s Real=0.00s
[354.352s][info ][safepoint    ] Leaving safepoint region
[354.352s][info ][safepoint    ] Total time for which application threads were stopped: 0.0039447 seconds, Stopping threads took: 0.0000572 seconds
[355.428s][info ][safepoint    ] Application time: 1.0756265 seconds
[355.428s][info ][safepoint    ] Entering safepoint region: GenCollectForAllocation
[355.428s][info ][gc,start     ] GC(529) Pause Young (Allocation Failure)
[355.428s][info ][gc,task      ] GC(529) Using 4 workers of 4 for evacuation
[355.432s][debug][gc,ref       ] GC(529) Skipped phase1 of Reference Processing due to unavailable references
[355.432s][debug][gc,ref       ] GC(529) Skipped phase2 of Reference Processing due to unavailable references
[355.432s][debug][gc,ref       ] GC(529) Skipped phase3 of Reference Processing due to unavailable references
[355.432s][debug][gc,ref       ] GC(529) Skipped phase4 of Reference Processing due to unavailable references
[355.433s][debug][gc,age       ] GC(529) Desired survivor size 15368192 bytes, new threshold 6 (max threshold 6)
[355.433s][info ][gc,heap      ] GC(529) ParNew: 241389K->1129K(270336K)
[355.433s][info ][gc,heap      ] GC(529) CMS: 462045K->462115K(600768K)
[355.433s][info ][gc,metaspace ] GC(529) Metaspace: 64510K->64510K(1107968K)
[355.433s][info ][gc           ] GC(529) Pause Young (Allocation Failure) 686M->452M(850M) 4.634ms
[355.433s][info ][gc,cpu       ] GC(529) User=0.01s Sys=0.00s Real=0.00s
[355.433s][info ][safepoint    ] Leaving safepoint region
[355.433s][info ][safepoint    ] Total time for which application threads were stopped: 0.0047802 seconds, Stopping threads took: 0.0000168 seconds
[356.433s][info ][safepoint    ] Application time: 1.0001192 seconds
[356.433s][info ][safepoint    ] Entering safepoint region: Cleanup
[356.433s][info ][safepoint    ] Leaving safepoint region
[356.433s][info ][safepoint    ] Total time for which application threads were stopped: 0.0001379 seconds, Stopping threads took: 0.0000583 seconds
[356.557s][info ][safepoint    ] Application time: 0.1235054 seconds
[356.557s][info ][safepoint    ] Entering safepoint region: GenCollectForAllocation
[356.557s][info ][gc,start     ] GC(530) Pause Young (Allocation Failure)
[356.557s][info ][gc,task      ] GC(530) Using 4 workers of 4 for evacuation
[356.560s][debug][gc,ref       ] GC(530) Skipped phase1 of Reference Processing due to unavailable references
[356.560s][debug][gc,ref       ] GC(530) Skipped phase3 of Reference Processing due to unavailable references
[356.560s][debug][gc,age       ] GC(530) Desired survivor size 15368192 bytes, new threshold 6 (max threshold 6)
[356.560s][info ][gc,heap      ] GC(530) ParNew: 241449K->1031K(270336K)
[356.560s][info ][gc,heap      ] GC(530) CMS: 462115K->462160K(600768K)
[356.560s][info ][gc,metaspace ] GC(530) Metaspace: 64514K->64514K(1107968K)
[356.560s][info ][gc           ] GC(530) Pause Young (Allocation Failure) 687M->452M(850M) 3.644ms
[356.560s][info ][gc,cpu       ] GC(530) User=0.02s Sys=0.00s Real=0.00s
[356.560s][info ][safepoint    ] Leaving safepoint region
[356.560s][info ][safepoint    ] Total time for which application threads were stopped: 0.0038090 seconds, Stopping threads took: 0.0000186 seconds
[357.561s][info ][safepoint    ] Application time: 1.0000974 seconds
[357.561s][info ][safepoint    ] Entering safepoint region: Cleanup
[357.561s][info ][safepoint    ] Leaving safepoint region
[357.561s][info ][safepoint    ] Total time for which application threads were stopped: 0.0001343 seconds, Stopping threads took: 0.0000593 seconds
[357.670s][info ][safepoint    ] Application time: 0.1087446 seconds
[357.670s][info ][safepoint    ] Entering safepoint region: GenCollectForAllocation
[357.670s][info ][gc,start     ] GC(531) Pause Young (Allocation Failure)
[357.670s][info ][gc,task      ] GC(531) Using 4 workers of 4 for evacuation
[357.673s][debug][gc,ref       ] GC(531) Skipped phase1 of Reference Processing due to unavailable references
[357.673s][debug][gc,ref       ] GC(531) Skipped phase3 of Reference Processing due to unavailable references
[357.673s][debug][gc,ref       ] GC(531) Skipped phase4 of Reference Processing due to unavailable references
[357.674s][debug][gc,age       ] GC(531) Desired survivor size 15368192 bytes, new threshold 6 (max threshold 6)
[357.674s][info ][gc,heap      ] GC(531) ParNew: 241351K->1284K(270336K)
[357.674s][info ][gc,heap      ] GC(531) CMS: 462160K->462178K(600768K)
[357.674s][info ][gc,metaspace ] GC(531) Metaspace: 64516K->64516K(1107968K)
[357.674s][info ][gc           ] GC(531) Pause Young (Allocation Failure) 687M->452M(850M) 3.927ms
[357.674s][info ][gc,cpu       ] GC(531) User=0.02s Sys=0.00s Real=0.00s
[357.674s][info ][safepoint    ] Leaving safepoint region
[357.674s][info ][safepoint    ] Total time for which application threads were stopped: 0.0040857 seconds, Stopping threads took: 0.0000197 seconds
[358.674s][info ][safepoint    ] Application time: 1.0001006 seconds
[358.674s][info ][safepoint    ] Entering safepoint region: Cleanup
[358.674s][info ][safepoint    ] Leaving safepoint region
[358.674s][info ][safepoint    ] Total time for which application threads were stopped: 0.0001228 seconds, Stopping threads took: 0.0000444 seconds
[358.813s][info ][safepoint    ] Application time: 0.1394760 seconds
[358.813s][info ][safepoint    ] Entering safepoint region: GenCollectForAllocation
[358.814s][info ][gc,start     ] GC(532) Pause Young (Allocation Failure)
[358.814s][info ][gc,task      ] GC(532) Using 4 workers of 4 for evacuation
[358.817s][debug][gc,ref       ] GC(532) Skipped phase1 of Reference Processing due to unavailable references
[358.817s][debug][gc,ref       ] GC(532) Skipped phase3 of Reference Processing due to unavailable references
[358.817s][debug][gc,ref       ] GC(532) Skipped phase4 of Reference Processing due to unavailable references
[358.817s][debug][gc,age       ] GC(532) Desired survivor size 15368192 bytes, new threshold 6 (max threshold 6)
[358.817s][info ][gc,heap      ] GC(532) ParNew: 241604K->1426K(270336K)
[358.817s][info ][gc,heap      ] GC(532) CMS: 462178K->462204K(600768K)
[358.817s][info ][gc,metaspace ] GC(532) Metaspace: 64516K->64516K(1107968K)
[358.817s][info ][gc           ] GC(532) Pause Young (Allocation Failure) 687M->452M(850M) 3.540ms
[358.817s][info ][gc,cpu       ] GC(532) User=0.02s Sys=0.00s Real=0.01s
[358.817s][info ][safepoint    ] Leaving safepoint region
[358.817s][info ][safepoint    ] Total time for which application threads were stopped: 0.0037015 seconds, Stopping threads took: 0.0000199 seconds
[359.962s][info ][safepoint    ] Application time: 1.1448337 seconds
[359.962s][info ][safepoint    ] Entering safepoint region: GenCollectForAllocation
[359.962s][info ][gc,start     ] GC(533) Pause Young (Allocation Failure)
[359.962s][info ][gc,task      ] GC(533) Using 4 workers of 4 for evacuation
[359.965s][debug][gc,ref       ] GC(533) Skipped phase1 of Reference Processing due to unavailable references
[359.966s][debug][gc,ref       ] GC(533) Skipped phase2 of Reference Processing due to unavailable references
[359.966s][debug][gc,ref       ] GC(533) Skipped phase3 of Reference Processing due to unavailable references
[359.966s][debug][gc,ref       ] GC(533) Skipped phase4 of Reference Processing due to unavailable references
[359.966s][debug][gc,age       ] GC(533) Desired survivor size 15368192 bytes, new threshold 6 (max threshold 6)
[359.966s][info ][gc,heap      ] GC(533) ParNew: 241746K->1356K(270336K)
[359.966s][info ][gc,heap      ] GC(533) CMS: 462204K->462260K(600768K)
[359.966s][info ][gc,metaspace ] GC(533) Metaspace: 64516K->64516K(1107968K)
[359.966s][info ][gc           ] GC(533) Pause Young (Allocation Failure) 687M->452M(850M) 3.762ms
[359.966s][info ][gc,cpu       ] GC(533) User=0.01s Sys=0.00s Real=0.00s
[359.966s][info ][safepoint    ] Leaving safepoint region
[359.966s][info ][safepoint    ] Total time for which application threads were stopped: 0.0039066 seconds, Stopping threads took: 0.0000179 seconds
[361.099s][info ][safepoint    ] Application time: 1.1329456 seconds
[361.099s][info ][safepoint    ] Entering safepoint region: GenCollectForAllocation
[361.099s][info ][gc,start     ] GC(534) Pause Young (Allocation Failure)
[361.099s][info ][gc,task      ] GC(534) Using 4 workers of 4 for evacuation
[361.103s][debug][gc,ref       ] GC(534) Skipped phase1 of Reference Processing due to unavailable references
[361.103s][debug][gc,ref       ] GC(534) Skipped phase2 of Reference Processing due to unavailable references
[361.103s][debug][gc,ref       ] GC(534) Skipped phase3 of Reference Processing due to unavailable references
[361.103s][debug][gc,ref       ] GC(534) Skipped phase4 of Reference Processing due to unavailable references
[361.104s][debug][gc,age       ] GC(534) Desired survivor size 15368192 bytes, new threshold 6 (max threshold 6)
[361.104s][info ][gc,heap      ] GC(534) ParNew: 241676K->1261K(270336K)
[361.104s][info ][gc,heap      ] GC(534) CMS: 462260K->462361K(600768K)
[361.104s][info ][gc,metaspace ] GC(534) Metaspace: 64516K->64516K(1107968K)
[361.104s][info ][gc           ] GC(534) Pause Young (Allocation Failure) 687M->452M(850M) 4.599ms
[361.104s][info ][gc,cpu       ] GC(534) User=0.02s Sys=0.00s Real=0.00s
[361.104s][info ][safepoint    ] Leaving safepoint region
[361.104s][info ][safepoint    ] Total time for which application threads were stopped: 0.0047765 seconds, Stopping threads took: 0.0000421 seconds
[362.235s][info ][safepoint    ] Application time: 1.1311036 seconds
[362.235s][info ][safepoint    ] Entering safepoint region: GenCollectForAllocation
[362.235s][info ][gc,start     ] GC(535) Pause Young (Allocation Failure)
[362.235s][info ][gc,task      ] GC(535) Using 4 workers of 4 for evacuation
[362.238s][debug][gc,ref       ] GC(535) Skipped phase1 of Reference Processing due to unavailable references
[362.238s][debug][gc,ref       ] GC(535) Skipped phase3 of Reference Processing due to unavailable references
[362.238s][debug][gc,ref       ] GC(535) Skipped phase4 of Reference Processing due to unavailable references
[362.239s][debug][gc,age       ] GC(535) Desired survivor size 15368192 bytes, new threshold 6 (max threshold 6)
[362.239s][info ][gc,heap      ] GC(535) ParNew: 241581K->1133K(270336K)
[362.239s][info ][gc,heap      ] GC(535) CMS: 462361K->462467K(600768K)
[362.239s][info ][gc,metaspace ] GC(535) Metaspace: 64516K->64516K(1107968K)
[362.239s][info ][gc           ] GC(535) Pause Young (Allocation Failure) 687M->452M(850M) 3.722ms
[362.239s][info ][gc,cpu       ] GC(535) User=0.01s Sys=0.00s Real=0.01s
[362.239s][info ][safepoint    ] Leaving safepoint region
[362.239s][info ][safepoint    ] Total time for which application threads were stopped: 0.0038743 seconds, Stopping threads took: 0.0000188 seconds
[363.341s][info ][safepoint    ] Application time: 1.1019392 seconds
[363.341s][info ][safepoint    ] Entering safepoint region: GenCollectForAllocation
[363.341s][info ][gc,start     ] GC(536) Pause Young (Allocation Failure)
[363.341s][info ][gc,task      ] GC(536) Using 4 workers of 4 for evacuation
[363.344s][debug][gc,ref       ] GC(536) Skipped phase1 of Reference Processing due to unavailable references
[363.344s][debug][gc,ref       ] GC(536) Skipped phase2 of Reference Processing due to unavailable references
[363.344s][debug][gc,ref       ] GC(536) Skipped phase3 of Reference Processing due to unavailable references
[363.344s][debug][gc,ref       ] GC(536) Skipped phase4 of Reference Processing due to unavailable references
[363.344s][debug][gc,age       ] GC(536) Desired survivor size 15368192 bytes, new threshold 6 (max threshold 6)
[363.344s][info ][gc,heap      ] GC(536) ParNew: 241453K->1079K(270336K)
[363.344s][info ][gc,heap      ] GC(536) CMS: 462467K->462572K(600768K)
[363.344s][info ][gc,metaspace ] GC(536) Metaspace: 64516K->64516K(1107968K)
[363.344s][info ][gc           ] GC(536) Pause Young (Allocation Failure) 687M->452M(850M) 3.644ms
[363.344s][info ][gc,cpu       ] GC(536) User=0.01s Sys=0.00s Real=0.00s
[363.344s][info ][safepoint    ] Leaving safepoint region
[363.344s][info ][safepoint    ] Total time for which application threads were stopped: 0.0037872 seconds, Stopping threads took: 0.0000172 seconds
[364.345s][info ][safepoint    ] Application time: 1.0001345 seconds
[364.345s][info ][safepoint    ] Entering safepoint region: Cleanup
[364.345s][info ][safepoint    ] Leaving safepoint region
[364.345s][info ][safepoint    ] Total time for which application threads were stopped: 0.0001548 seconds, Stopping threads took: 0.0000185 seconds
[364.451s][info ][safepoint    ] Application time: 0.1064317 seconds
[364.451s][info ][safepoint    ] Entering safepoint region: GenCollectForAllocation
[364.451s][info ][gc,start     ] GC(537) Pause Young (Allocation Failure)
[364.451s][info ][gc,task      ] GC(537) Using 4 workers of 4 for evacuation
[364.455s][debug][gc,ref       ] GC(537) Skipped phase1 of Reference Processing due to unavailable references
[364.455s][debug][gc,ref       ] GC(537) Skipped phase2 of Reference Processing due to unavailable references
[364.455s][debug][gc,ref       ] GC(537) Skipped phase3 of Reference Processing due to unavailable references
[364.455s][debug][gc,ref       ] GC(537) Skipped phase4 of Reference Processing due to unavailable references
[364.455s][debug][gc,age       ] GC(537) Desired survivor size 15368192 bytes, new threshold 6 (max threshold 6)
[364.455s][info ][gc,heap      ] GC(537) ParNew: 241399K->912K(270336K)
[364.455s][info ][gc,heap      ] GC(537) CMS: 462572K->462673K(600768K)
[364.455s][info ][gc,metaspace ] GC(537) Metaspace: 64517K->64517K(1107968K)
[364.455s][info ][gc           ] GC(537) Pause Young (Allocation Failure) 687M->452M(850M) 3.504ms
[364.455s][info ][gc,cpu       ] GC(537) User=0.01s Sys=0.00s Real=0.00s
[364.455s][info ][safepoint    ] Leaving safepoint region
[364.455s][info ][safepoint    ] Total time for which application threads were stopped: 0.0036637 seconds, Stopping threads took: 0.0000343 seconds
[365.564s][info ][safepoint    ] Application time: 1.1091775 seconds
[365.564s][info ][safepoint    ] Entering safepoint region: GenCollectForAllocation
[365.564s][info ][gc,start     ] GC(538) Pause Young (Allocation Failure)
[365.564s][info ][gc,task      ] GC(538) Using 4 workers of 4 for evacuation
[365.567s][debug][gc,ref       ] GC(538) Skipped phase1 of Reference Processing due to unavailable references
[365.567s][debug][gc,ref       ] GC(538) Skipped phase2 of Reference Processing due to unavailable references
[365.567s][debug][gc,ref       ] GC(538) Skipped phase3 of Reference Processing due to unavailable references
[365.567s][debug][gc,ref       ] GC(538) Skipped phase4 of Reference Processing due to unavailable references
[365.568s][debug][gc,age       ] GC(538) Desired survivor size 15368192 bytes, new threshold 6 (max threshold 6)
[365.568s][info ][gc,heap      ] GC(538) ParNew: 241232K->1094K(270336K)
[365.568s][info ][gc,heap      ] GC(538) CMS: 462673K->462810K(600768K)
[365.568s][info ][gc,metaspace ] GC(538) Metaspace: 64518K->64518K(1107968K)
[365.568s][info ][gc           ] GC(538) Pause Young (Allocation Failure) 687M->453M(850M) 3.304ms
[365.568s][info ][gc,cpu       ] GC(538) User=0.00s Sys=0.01s Real=0.01s
[365.568s][info ][safepoint    ] Leaving safepoint region
[365.568s][info ][safepoint    ] Total time for which application threads were stopped: 0.0035596 seconds, Stopping threads took: 0.0000173 seconds
[366.568s][info ][safepoint    ] Application time: 1.0001490 seconds
[366.568s][info ][safepoint    ] Entering safepoint region: Cleanup
[366.568s][info ][safepoint    ] Leaving safepoint region
[366.568s][info ][safepoint    ] Total time for which application threads were stopped: 0.0001661 seconds, Stopping threads took: 0.0000664 seconds
[366.672s][info ][safepoint    ] Application time: 0.1041743 seconds
[366.672s][info ][safepoint    ] Entering safepoint region: GenCollectForAllocation
[366.672s][info ][gc,start     ] GC(539) Pause Young (Allocation Failure)
[366.672s][info ][gc,task      ] GC(539) Using 4 workers of 4 for evacuation
[366.676s][debug][gc,ref       ] GC(539) Skipped phase1 of Reference Processing due to unavailable references
[366.676s][debug][gc,ref       ] GC(539) Skipped phase2 of Reference Processing due to unavailable references
[366.676s][debug][gc,ref       ] GC(539) Skipped phase3 of Reference Processing due to unavailable references
[366.676s][debug][gc,ref       ] GC(539) Skipped phase4 of Reference Processing due to unavailable references
[366.676s][debug][gc,age       ] GC(539) Desired survivor size 15368192 bytes, new threshold 6 (max threshold 6)
[366.676s][info ][gc,heap      ] GC(539) ParNew: 241414K->936K(270336K)
[366.676s][info ][gc,heap      ] GC(539) CMS: 462810K->462856K(600768K)
[366.676s][info ][gc,metaspace ] GC(539) Metaspace: 64523K->64523K(1107968K)
[366.676s][info ][gc           ] GC(539) Pause Young (Allocation Failure) 687M->452M(850M) 3.471ms
[366.676s][info ][gc,cpu       ] GC(539) User=0.01s Sys=0.01s Real=0.01s
[366.676s][info ][safepoint    ] Leaving safepoint region
[366.676s][info ][safepoint    ] Total time for which application threads were stopped: 0.0036267 seconds, Stopping threads took: 0.0000173 seconds
[367.774s][info ][safepoint    ] Application time: 1.0981672 seconds
[367.774s][info ][safepoint    ] Entering safepoint region: GenCollectForAllocation
[367.774s][info ][gc,start     ] GC(540) Pause Young (Allocation Failure)
[367.774s][info ][gc,task      ] GC(540) Using 4 workers of 4 for evacuation
[367.777s][debug][gc,ref       ] GC(540) Skipped phase1 of Reference Processing due to unavailable references
[367.777s][debug][gc,ref       ] GC(540) Skipped phase2 of Reference Processing due to unavailable references
[367.777s][debug][gc,ref       ] GC(540) Skipped phase3 of Reference Processing due to unavailable references
[367.777s][debug][gc,ref       ] GC(540) Skipped phase4 of Reference Processing due to unavailable references
[367.777s][debug][gc,age       ] GC(540) Desired survivor size 15368192 bytes, new threshold 6 (max threshold 6)
[367.777s][info ][gc,heap      ] GC(540) ParNew: 241256K->972K(270336K)
[367.777s][info ][gc,heap      ] GC(540) CMS: 462856K->462866K(600768K)
[367.777s][info ][gc,metaspace ] GC(540) Metaspace: 64523K->64523K(1107968K)
[367.777s][info ][gc           ] GC(540) Pause Young (Allocation Failure) 687M->452M(850M) 3.163ms
[367.777s][info ][gc,cpu       ] GC(540) User=0.01s Sys=0.00s Real=0.01s
[367.777s][info ][safepoint    ] Leaving safepoint region
[367.777s][info ][safepoint    ] Total time for which application threads were stopped: 0.0033194 seconds, Stopping threads took: 0.0000175 seconds
[368.778s][info ][safepoint    ] Application time: 1.0000801 seconds
[368.778s][info ][safepoint    ] Entering safepoint region: Cleanup
[368.778s][info ][safepoint    ] Leaving safepoint region
[368.778s][info ][safepoint    ] Total time for which application threads were stopped: 0.0001958 seconds, Stopping threads took: 0.0001127 seconds
[368.885s][info ][safepoint    ] Application time: 0.1073539 seconds
[368.885s][info ][safepoint    ] Entering safepoint region: GenCollectForAllocation
[368.885s][info ][gc,start     ] GC(541) Pause Young (Allocation Failure)
[368.885s][info ][gc,task      ] GC(541) Using 4 workers of 4 for evacuation
[368.888s][debug][gc,ref       ] GC(541) Skipped phase1 of Reference Processing due to unavailable references
[368.888s][debug][gc,ref       ] GC(541) Skipped phase2 of Reference Processing due to unavailable references
[368.888s][debug][gc,ref       ] GC(541) Skipped phase3 of Reference Processing due to unavailable references
[368.888s][debug][gc,ref       ] GC(541) Skipped phase4 of Reference Processing due to unavailable references
[368.889s][debug][gc,age       ] GC(541) Desired survivor size 15368192 bytes, new threshold 6 (max threshold 6)
[368.889s][info ][gc,heap      ] GC(541) ParNew: 241292K->1217K(270336K)
[368.889s][info ][gc,heap      ] GC(541) CMS: 462866K->462877K(600768K)
[368.889s][info ][gc,metaspace ] GC(541) Metaspace: 64523K->64523K(1107968K)
[368.889s][info ][gc           ] GC(541) Pause Young (Allocation Failure) 687M->453M(850M) 3.434ms
[368.889s][info ][gc,cpu       ] GC(541) User=0.01s Sys=0.00s Real=0.01s
[368.889s][info ][safepoint    ] Leaving safepoint region
[368.889s][info ][safepoint    ] Total time for which application threads were stopped: 0.0035951 seconds, Stopping threads took: 0.0000378 seconds
[369.889s][info ][safepoint    ] Application time: 1.0001168 seconds
[369.889s][info ][safepoint    ] Entering safepoint region: Cleanup
[369.889s][info ][safepoint    ] Leaving safepoint region
[369.889s][info ][safepoint    ] Total time for which application threads were stopped: 0.0001031 seconds, Stopping threads took: 0.0000398 seconds
[369.973s][info ][safepoint    ] Application time: 0.0843906 seconds
[369.974s][info ][safepoint    ] Entering safepoint region: GenCollectForAllocation
[369.974s][info ][gc,start     ] GC(542) Pause Young (Allocation Failure)
[369.974s][info ][gc,task      ] GC(542) Using 4 workers of 4 for evacuation
[369.977s][debug][gc,ref       ] GC(542) Skipped phase1 of Reference Processing due to unavailable references
[369.977s][debug][gc,ref       ] GC(542) Skipped phase2 of Reference Processing due to unavailable references
[369.977s][debug][gc,ref       ] GC(542) Skipped phase3 of Reference Processing due to unavailable references
[369.977s][debug][gc,ref       ] GC(542) Skipped phase4 of Reference Processing due to unavailable references
[369.977s][debug][gc,age       ] GC(542) Desired survivor size 15368192 bytes, new threshold 6 (max threshold 6)
[369.977s][info ][gc,heap      ] GC(542) ParNew: 241537K->1306K(270336K)
[369.977s][info ][gc,heap      ] GC(542) CMS: 462877K->462976K(600768K)
[369.977s][info ][gc,metaspace ] GC(542) Metaspace: 64524K->64524K(1107968K)
[369.977s][info ][gc           ] GC(542) Pause Young (Allocation Failure) 687M->453M(850M) 3.641ms
[369.977s][info ][gc,cpu       ] GC(542) User=0.02s Sys=0.00s Real=0.01s
[369.977s][info ][safepoint    ] Leaving safepoint region
[369.977s][info ][safepoint    ] Total time for which application threads were stopped: 0.0037873 seconds, Stopping threads took: 0.0000177 seconds
[370.977s][info ][safepoint    ] Application time: 1.0001507 seconds
[370.978s][info ][safepoint    ] Entering safepoint region: Cleanup
[370.978s][info ][safepoint    ] Leaving safepoint region
[370.978s][info ][safepoint    ] Total time for which application threads were stopped: 0.0001347 seconds, Stopping threads took: 0.0000595 seconds
[371.066s][info ][safepoint    ] Application time: 0.0881441 seconds
[371.066s][info ][safepoint    ] Entering safepoint region: GenCollectForAllocation
[371.066s][info ][gc,start     ] GC(543) Pause Young (Allocation Failure)
[371.066s][info ][gc,task      ] GC(543) Using 4 workers of 4 for evacuation
[371.069s][debug][gc,ref       ] GC(543) Skipped phase1 of Reference Processing due to unavailable references
[371.069s][debug][gc,ref       ] GC(543) Skipped phase3 of Reference Processing due to unavailable references
[371.069s][debug][gc,age       ] GC(543) Desired survivor size 15368192 bytes, new threshold 6 (max threshold 6)
[371.069s][info ][gc,heap      ] GC(543) ParNew: 241626K->1204K(270336K)
[371.069s][info ][gc,heap      ] GC(543) CMS: 462976K->463067K(600768K)
[371.069s][info ][gc,metaspace ] GC(543) Metaspace: 64525K->64525K(1107968K)
[371.069s][info ][gc           ] GC(543) Pause Young (Allocation Failure) 688M->453M(850M) 3.488ms
[371.069s][info ][gc,cpu       ] GC(543) User=0.01s Sys=0.00s Real=0.01s
[371.070s][info ][safepoint    ] Leaving safepoint region
[371.070s][info ][safepoint    ] Total time for which application threads were stopped: 0.0036972 seconds, Stopping threads took: 0.0000181 seconds
[372.070s][info ][safepoint    ] Application time: 1.0001406 seconds
[372.070s][info ][safepoint    ] Entering safepoint region: Cleanup
[372.070s][info ][safepoint    ] Leaving safepoint region
[372.070s][info ][safepoint    ] Total time for which application threads were stopped: 0.0001501 seconds, Stopping threads took: 0.0000582 seconds
[372.199s][info ][safepoint    ] Application time: 0.1287531 seconds
[372.199s][info ][safepoint    ] Entering safepoint region: GenCollectForAllocation
[372.199s][info ][gc,start     ] GC(544) Pause Young (Allocation Failure)
[372.199s][info ][gc,task      ] GC(544) Using 4 workers of 4 for evacuation
[372.203s][debug][gc,ref       ] GC(544) Skipped phase1 of Reference Processing due to unavailable references
[372.203s][debug][gc,ref       ] GC(544) Skipped phase2 of Reference Processing due to unavailable references
[372.203s][debug][gc,ref       ] GC(544) Skipped phase3 of Reference Processing due to unavailable references
[372.203s][debug][gc,ref       ] GC(544) Skipped phase4 of Reference Processing due to unavailable references
[372.203s][debug][gc,age       ] GC(544) Desired survivor size 15368192 bytes, new threshold 6 (max threshold 6)
[372.203s][info ][gc,heap      ] GC(544) ParNew: 241524K->1016K(270336K)
[372.203s][info ][gc,heap      ] GC(544) CMS: 463067K->463157K(600768K)
[372.203s][info ][gc,metaspace ] GC(544) Metaspace: 64525K->64525K(1107968K)
[372.203s][info ][gc           ] GC(544) Pause Young (Allocation Failure) 688M->453M(850M) 4.103ms
[372.203s][info ][gc,cpu       ] GC(544) User=0.01s Sys=0.00s Real=0.00s
[372.203s][info ][safepoint    ] Leaving safepoint region
[372.203s][info ][safepoint    ] Total time for which application threads were stopped: 0.0043128 seconds, Stopping threads took: 0.0000402 seconds
[373.203s][info ][safepoint    ] Application time: 1.0000980 seconds
[373.203s][info ][safepoint    ] Entering safepoint region: Cleanup
[373.203s][info ][safepoint    ] Leaving safepoint region
[373.203s][info ][safepoint    ] Total time for which application threads were stopped: 0.0001109 seconds, Stopping threads took: 0.0000379 seconds
[373.276s][info ][safepoint    ] Application time: 0.0731046 seconds
[373.276s][info ][safepoint    ] Entering safepoint region: GenCollectForAllocation
[373.277s][info ][gc,start     ] GC(545) Pause Young (Allocation Failure)
[373.277s][info ][gc,task      ] GC(545) Using 4 workers of 4 for evacuation
[373.280s][debug][gc,ref       ] GC(545) Skipped phase1 of Reference Processing due to unavailable references
[373.280s][debug][gc,ref       ] GC(545) Skipped phase2 of Reference Processing due to unavailable references
[373.280s][debug][gc,ref       ] GC(545) Skipped phase3 of Reference Processing due to unavailable references
[373.280s][debug][gc,ref       ] GC(545) Skipped phase4 of Reference Processing due to unavailable references
[373.280s][debug][gc,age       ] GC(545) Desired survivor size 15368192 bytes, new threshold 6 (max threshold 6)
[373.280s][info ][gc,heap      ] GC(545) ParNew: 241336K->1237K(270336K)
[373.280s][info ][gc,heap      ] GC(545) CMS: 463157K->463194K(600768K)
[373.280s][info ][gc,metaspace ] GC(545) Metaspace: 64525K->64525K(1107968K)
[373.280s][info ][gc           ] GC(545) Pause Young (Allocation Failure) 687M->453M(850M) 3.669ms
[373.280s][info ][gc,cpu       ] GC(545) User=0.01s Sys=0.00s Real=0.00s
[373.280s][info ][safepoint    ] Leaving safepoint region
[373.280s][info ][safepoint    ] Total time for which application threads were stopped: 0.0038905 seconds, Stopping threads took: 0.0000195 seconds
[374.280s][info ][safepoint    ] Application time: 1.0001404 seconds
[374.280s][info ][safepoint    ] Entering safepoint region: Cleanup
[374.281s][info ][safepoint    ] Leaving safepoint region
[374.281s][info ][safepoint    ] Total time for which application threads were stopped: 0.0001264 seconds, Stopping threads took: 0.0000391 seconds
[374.428s][info ][safepoint    ] Application time: 0.1476467 seconds
[374.428s][info ][safepoint    ] Entering safepoint region: GenCollectForAllocation
[374.428s][info ][gc,start     ] GC(546) Pause Young (Allocation Failure)
[374.428s][info ][gc,task      ] GC(546) Using 4 workers of 4 for evacuation
[374.432s][debug][gc,ref       ] GC(546) Skipped phase1 of Reference Processing due to unavailable references
[374.432s][debug][gc,ref       ] GC(546) Skipped phase2 of Reference Processing due to unavailable references
[374.432s][debug][gc,ref       ] GC(546) Skipped phase3 of Reference Processing due to unavailable references
[374.432s][debug][gc,ref       ] GC(546) Skipped phase4 of Reference Processing due to unavailable references
[374.432s][debug][gc,age       ] GC(546) Desired survivor size 15368192 bytes, new threshold 6 (max threshold 6)
[374.432s][info ][gc,heap      ] GC(546) ParNew: 241557K->1320K(270336K)
[374.432s][info ][gc,heap      ] GC(546) CMS: 463194K->463308K(600768K)
[374.432s][info ][gc,metaspace ] GC(546) Metaspace: 64525K->64525K(1107968K)
[374.432s][info ][gc           ] GC(546) Pause Young (Allocation Failure) 688M->453M(850M) 3.687ms
[374.432s][info ][gc,cpu       ] GC(546) User=0.02s Sys=0.00s Real=0.00s
[374.432s][info ][safepoint    ] Leaving safepoint region
[374.432s][info ][safepoint    ] Total time for which application threads were stopped: 0.0038446 seconds, Stopping threads took: 0.0000329 seconds
[375.432s][info ][safepoint    ] Application time: 1.0001048 seconds
[375.432s][info ][safepoint    ] Entering safepoint region: Cleanup
[375.432s][info ][safepoint    ] Leaving safepoint region
[375.432s][info ][safepoint    ] Total time for which application threads were stopped: 0.0001410 seconds, Stopping threads took: 0.0000697 seconds
[375.556s][info ][safepoint    ] Application time: 0.1239330 seconds
[375.556s][info ][safepoint    ] Entering safepoint region: GenCollectForAllocation
[375.556s][info ][gc,start     ] GC(547) Pause Young (Allocation Failure)
[375.556s][info ][gc,task      ] GC(547) Using 4 workers of 4 for evacuation
[375.560s][debug][gc,ref       ] GC(547) Skipped phase1 of Reference Processing due to unavailable references
[375.560s][debug][gc,ref       ] GC(547) Skipped phase2 of Reference Processing due to unavailable references
[375.560s][debug][gc,ref       ] GC(547) Skipped phase3 of Reference Processing due to unavailable references
[375.560s][debug][gc,ref       ] GC(547) Skipped phase4 of Reference Processing due to unavailable references
[375.560s][debug][gc,age       ] GC(547) Desired survivor size 15368192 bytes, new threshold 6 (max threshold 6)
[375.560s][info ][gc,heap      ] GC(547) ParNew: 241640K->908K(270336K)
[375.560s][info ][gc,heap      ] GC(547) CMS: 463308K->463393K(600768K)
[375.560s][info ][gc,metaspace ] GC(547) Metaspace: 64525K->64525K(1107968K)
[375.560s][info ][gc           ] GC(547) Pause Young (Allocation Failure) 688M->453M(850M) 3.726ms
[375.560s][info ][gc,cpu       ] GC(547) User=0.01s Sys=0.00s Real=0.00s
[375.560s][info ][safepoint    ] Leaving safepoint region
[375.560s][info ][safepoint    ] Total time for which application threads were stopped: 0.0038756 seconds, Stopping threads took: 0.0000178 seconds
[376.560s][info ][safepoint    ] Application time: 1.0001316 seconds
[376.560s][info ][safepoint    ] Entering safepoint region: Cleanup
[376.561s][info ][safepoint    ] Leaving safepoint region
[376.561s][info ][safepoint    ] Total time for which application threads were stopped: 0.0001168 seconds, Stopping threads took: 0.0000420 seconds
[376.707s][info ][safepoint    ] Application time: 0.1463925 seconds
[376.707s][info ][safepoint    ] Entering safepoint region: GenCollectForAllocation
[376.707s][info ][gc,start     ] GC(548) Pause Young (Allocation Failure)
[376.707s][info ][gc,task      ] GC(548) Using 4 workers of 4 for evacuation
[376.713s][debug][gc,ref       ] GC(548) Skipped phase1 of Reference Processing due to unavailable references
[376.713s][debug][gc,ref       ] GC(548) Skipped phase2 of Reference Processing due to unavailable references
[376.713s][debug][gc,ref       ] GC(548) Skipped phase3 of Reference Processing due to unavailable references
[376.713s][debug][gc,ref       ] GC(548) Skipped phase4 of Reference Processing due to unavailable references
[376.713s][debug][gc,age       ] GC(548) Desired survivor size 15368192 bytes, new threshold 6 (max threshold 6)
[376.713s][info ][gc,heap      ] GC(548) ParNew: 241228K->840K(270336K)
[376.713s][info ][gc,heap      ] GC(548) CMS: 463393K->463502K(600768K)
[376.713s][info ][gc,metaspace ] GC(548) Metaspace: 64526K->64526K(1107968K)
[376.713s][info ][gc           ] GC(548) Pause Young (Allocation Failure) 688M->453M(850M) 5.994ms
[376.713s][info ][gc,cpu       ] GC(548) User=0.02s Sys=0.00s Real=0.01s
[376.713s][info ][safepoint    ] Leaving safepoint region
[376.713s][info ][safepoint    ] Total time for which application threads were stopped: 0.0061698 seconds, Stopping threads took: 0.0000330 seconds
[377.713s][info ][safepoint    ] Application time: 1.0000943 seconds
[377.713s][info ][safepoint    ] Entering safepoint region: Cleanup
[377.713s][info ][safepoint    ] Leaving safepoint region
[377.713s][info ][safepoint    ] Total time for which application threads were stopped: 0.0001206 seconds, Stopping threads took: 0.0000462 seconds
[377.836s][info ][safepoint    ] Application time: 0.1224791 seconds
[377.836s][info ][safepoint    ] Entering safepoint region: GenCollectForAllocation
[377.836s][info ][gc,start     ] GC(549) Pause Young (Allocation Failure)
[377.836s][info ][gc,task      ] GC(549) Using 4 workers of 4 for evacuation
[377.839s][debug][gc,ref       ] GC(549) Skipped phase1 of Reference Processing due to unavailable references
[377.839s][debug][gc,ref       ] GC(549) Skipped phase2 of Reference Processing due to unavailable references
[377.839s][debug][gc,ref       ] GC(549) Skipped phase3 of Reference Processing due to unavailable references
[377.839s][debug][gc,ref       ] GC(549) Skipped phase4 of Reference Processing due to unavailable references
[377.840s][debug][gc,age       ] GC(549) Desired survivor size 15368192 bytes, new threshold 6 (max threshold 6)
[377.840s][info ][gc,heap      ] GC(549) ParNew: 241160K->974K(270336K)
[377.840s][info ][gc,heap      ] GC(549) CMS: 463502K->463559K(600768K)
[377.840s][info ][gc,metaspace ] GC(549) Metaspace: 64526K->64526K(1107968K)
[377.840s][info ][gc           ] GC(549) Pause Young (Allocation Failure) 688M->453M(850M) 3.776ms
[377.840s][info ][gc,cpu       ] GC(549) User=0.01s Sys=0.00s Real=0.00s
[377.840s][info ][safepoint    ] Leaving safepoint region
[377.840s][info ][safepoint    ] Total time for which application threads were stopped: 0.0039382 seconds, Stopping threads took: 0.0000180 seconds
[378.840s][info ][safepoint    ] Application time: 1.0001162 seconds
[378.840s][info ][safepoint    ] Entering safepoint region: Cleanup
[378.840s][info ][safepoint    ] Leaving safepoint region
[378.840s][info ][safepoint    ] Total time for which application threads were stopped: 0.0000764 seconds, Stopping threads took: 0.0000177 seconds
[378.999s][info ][safepoint    ] Application time: 0.1594116 seconds
[379.000s][info ][safepoint    ] Entering safepoint region: GenCollectForAllocation
[379.000s][info ][gc,start     ] GC(550) Pause Young (Allocation Failure)
[379.000s][info ][gc,task      ] GC(550) Using 4 workers of 4 for evacuation
[379.003s][debug][gc,ref       ] GC(550) Skipped phase1 of Reference Processing due to unavailable references
[379.003s][debug][gc,ref       ] GC(550) Skipped phase2 of Reference Processing due to unavailable references
[379.003s][debug][gc,ref       ] GC(550) Skipped phase3 of Reference Processing due to unavailable references
[379.003s][debug][gc,ref       ] GC(550) Skipped phase4 of Reference Processing due to unavailable references
[379.004s][debug][gc,age       ] GC(550) Desired survivor size 15368192 bytes, new threshold 6 (max threshold 6)
[379.004s][info ][gc,heap      ] GC(550) ParNew: 241294K->968K(270336K)
[379.004s][info ][gc,heap      ] GC(550) CMS: 463559K->463596K(600768K)
[379.004s][info ][gc,metaspace ] GC(550) Metaspace: 64527K->64527K(1107968K)
[379.004s][info ][gc           ] GC(550) Pause Young (Allocation Failure) 688M->453M(850M) 4.051ms
[379.004s][info ][gc,cpu       ] GC(550) User=0.02s Sys=0.00s Real=0.00s
[379.004s][info ][safepoint    ] Leaving safepoint region
[379.004s][info ][safepoint    ] Total time for which application threads were stopped: 0.0042451 seconds, Stopping threads took: 0.0000535 seconds
[380.004s][info ][safepoint    ] Application time: 1.0000973 seconds
[380.004s][info ][safepoint    ] Entering safepoint region: Cleanup
[380.004s][info ][safepoint    ] Leaving safepoint region
[380.004s][info ][safepoint    ] Total time for which application threads were stopped: 0.0001152 seconds, Stopping threads took: 0.0000440 seconds
[380.158s][info ][safepoint    ] Application time: 0.1544694 seconds
[380.159s][info ][safepoint    ] Entering safepoint region: GenCollectForAllocation
[380.159s][info ][gc,start     ] GC(551) Pause Young (Allocation Failure)
[380.159s][info ][gc,task      ] GC(551) Using 4 workers of 4 for evacuation
[380.162s][debug][gc,ref       ] GC(551) Skipped phase1 of Reference Processing due to unavailable references
[380.162s][debug][gc,ref       ] GC(551) Skipped phase2 of Reference Processing due to unavailable references
[380.162s][debug][gc,ref       ] GC(551) Skipped phase3 of Reference Processing due to unavailable references
[380.162s][debug][gc,ref       ] GC(551) Skipped phase4 of Reference Processing due to unavailable references
[380.162s][debug][gc,age       ] GC(551) Desired survivor size 15368192 bytes, new threshold 6 (max threshold 6)
[380.162s][info ][gc,heap      ] GC(551) ParNew: 241288K->1039K(270336K)
[380.162s][info ][gc,heap      ] GC(551) CMS: 463596K->463680K(600768K)
[380.162s][info ][gc,metaspace ] GC(551) Metaspace: 64527K->64527K(1107968K)
[380.162s][info ][gc           ] GC(551) Pause Young (Allocation Failure) 688M->453M(850M) 3.514ms
[380.162s][info ][gc,cpu       ] GC(551) User=0.01s Sys=0.00s Real=0.00s
[380.162s][info ][safepoint    ] Leaving safepoint region
[380.162s][info ][safepoint    ] Total time for which application threads were stopped: 0.0036969 seconds, Stopping threads took: 0.0000166 seconds
[381.162s][info ][safepoint    ] Application time: 1.0001132 seconds
[381.162s][info ][safepoint    ] Entering safepoint region: Cleanup
[381.163s][info ][safepoint    ] Leaving safepoint region
[381.163s][info ][safepoint    ] Total time for which application threads were stopped: 0.0001564 seconds, Stopping threads took: 0.0000528 seconds
[381.327s][info ][safepoint    ] Application time: 0.1643857 seconds
[381.327s][info ][safepoint    ] Entering safepoint region: GenCollectForAllocation
[381.327s][info ][gc,start     ] GC(552) Pause Young (Allocation Failure)
[381.327s][info ][gc,task      ] GC(552) Using 4 workers of 4 for evacuation
[381.330s][debug][gc,ref       ] GC(552) Skipped phase1 of Reference Processing due to unavailable references
[381.330s][debug][gc,ref       ] GC(552) Skipped phase2 of Reference Processing due to unavailable references
[381.330s][debug][gc,ref       ] GC(552) Skipped phase3 of Reference Processing due to unavailable references
[381.330s][debug][gc,ref       ] GC(552) Skipped phase4 of Reference Processing due to unavailable references
[381.331s][debug][gc,age       ] GC(552) Desired survivor size 15368192 bytes, new threshold 6 (max threshold 6)
[381.331s][info ][gc,heap      ] GC(552) ParNew: 241359K->974K(270336K)
[381.331s][info ][gc,heap      ] GC(552) CMS: 463680K->463702K(600768K)
[381.331s][info ][gc,metaspace ] GC(552) Metaspace: 64527K->64527K(1107968K)
[381.331s][info ][gc           ] GC(552) Pause Young (Allocation Failure) 688M->453M(850M) 3.481ms
[381.331s][info ][gc,cpu       ] GC(552) User=0.01s Sys=0.00s Real=0.01s
[381.331s][info ][safepoint    ] Leaving safepoint region
[381.331s][info ][safepoint    ] Total time for which application threads were stopped: 0.0036707 seconds, Stopping threads took: 0.0000162 seconds
[382.331s][info ][safepoint    ] Application time: 1.0001446 seconds
[382.331s][info ][safepoint    ] Entering safepoint region: Cleanup
[382.331s][info ][safepoint    ] Leaving safepoint region
[382.331s][info ][safepoint    ] Total time for which application threads were stopped: 0.0001491 seconds, Stopping threads took: 0.0000447 seconds
[382.501s][info ][safepoint    ] Application time: 0.1699038 seconds
[382.501s][info ][safepoint    ] Entering safepoint region: GenCollectForAllocation
[382.501s][info ][gc,start     ] GC(553) Pause Young (Allocation Failure)
[382.501s][info ][gc,task      ] GC(553) Using 4 workers of 4 for evacuation
[382.504s][debug][gc,ref       ] GC(553) Skipped phase1 of Reference Processing due to unavailable references
[382.504s][debug][gc,ref       ] GC(553) Skipped phase2 of Reference Processing due to unavailable references
[382.504s][debug][gc,ref       ] GC(553) Skipped phase3 of Reference Processing due to unavailable references
[382.504s][debug][gc,ref       ] GC(553) Skipped phase4 of Reference Processing due to unavailable references
[382.504s][debug][gc,age       ] GC(553) Desired survivor size 15368192 bytes, new threshold 6 (max threshold 6)
[382.504s][info ][gc,heap      ] GC(553) ParNew: 241294K->983K(270336K)
[382.504s][info ][gc,heap      ] GC(553) CMS: 463702K->463762K(600768K)
[382.504s][info ][gc,metaspace ] GC(553) Metaspace: 64527K->64527K(1107968K)
[382.504s][info ][gc           ] GC(553) Pause Young (Allocation Failure) 688M->453M(850M) 3.398ms
[382.504s][info ][gc,cpu       ] GC(553) User=0.01s Sys=0.00s Real=0.00s
[382.504s][info ][safepoint    ] Leaving safepoint region
[382.504s][info ][safepoint    ] Total time for which application threads were stopped: 0.0035586 seconds, Stopping threads took: 0.0000165 seconds
[382.567s][info ][safepoint    ] Application time: 0.0628444 seconds
[382.567s][info ][safepoint    ] Entering safepoint region: RevokeBias
[382.567s][info ][safepoint    ] Leaving safepoint region
[382.567s][info ][safepoint    ] Total time for which application threads were stopped: 0.0001261 seconds, Stopping threads took: 0.0000464 seconds
[382.893s][info ][safepoint    ] Application time: 0.3259966 seconds
[382.894s][info ][safepoint    ] Entering safepoint region: RevokeBias
[382.894s][info ][safepoint    ] Leaving safepoint region
[382.894s][info ][safepoint    ] Total time for which application threads were stopped: 0.0000940 seconds, Stopping threads took: 0.0000174 seconds
[383.648s][info ][safepoint    ] Application time: 0.7548466 seconds
[383.650s][info ][safepoint    ] Entering safepoint region: GenCollectForAllocation
[383.650s][info ][gc,start     ] GC(554) Pause Young (Allocation Failure)
[383.650s][info ][gc,task      ] GC(554) Using 4 workers of 4 for evacuation
[383.653s][debug][gc,ref       ] GC(554) Skipped phase1 of Reference Processing due to unavailable references
[383.653s][debug][gc,ref       ] GC(554) Skipped phase2 of Reference Processing due to unavailable references
[383.653s][debug][gc,ref       ] GC(554) Skipped phase3 of Reference Processing due to unavailable references
[383.653s][debug][gc,ref       ] GC(554) Skipped phase4 of Reference Processing due to unavailable references
[383.653s][debug][gc,age       ] GC(554) Desired survivor size 15368192 bytes, new threshold 6 (max threshold 6)
[383.653s][info ][gc,heap      ] GC(554) ParNew: 241303K->942K(270336K)
[383.653s][info ][gc,heap      ] GC(554) CMS: 463762K->463827K(600768K)
[383.653s][info ][gc,metaspace ] GC(554) Metaspace: 64531K->64531K(1107968K)
[383.653s][info ][gc           ] GC(554) Pause Young (Allocation Failure) 688M->453M(850M) 3.614ms
[383.653s][info ][gc,cpu       ] GC(554) User=0.02s Sys=0.00s Real=0.00s
[383.653s][info ][safepoint    ] Leaving safepoint region
[383.653s][info ][safepoint    ] Total time for which application threads were stopped: 0.0049036 seconds, Stopping threads took: 0.0011496 seconds
[384.801s][info ][safepoint    ] Application time: 1.1479815 seconds
[384.801s][info ][safepoint    ] Entering safepoint region: GenCollectForAllocation
[384.802s][info ][gc,start     ] GC(555) Pause Young (Allocation Failure)
[384.802s][info ][gc,task      ] GC(555) Using 4 workers of 4 for evacuation
[384.805s][debug][gc,ref       ] GC(555) Skipped phase1 of Reference Processing due to unavailable references
[384.805s][debug][gc,ref       ] GC(555) Skipped phase2 of Reference Processing due to unavailable references
[384.805s][debug][gc,ref       ] GC(555) Skipped phase3 of Reference Processing due to unavailable references
[384.805s][debug][gc,ref       ] GC(555) Skipped phase4 of Reference Processing due to unavailable references
[384.805s][debug][gc,age       ] GC(555) Desired survivor size 15368192 bytes, new threshold 6 (max threshold 6)
[384.805s][info ][gc,heap      ] GC(555) ParNew: 241262K->995K(270336K)
[384.805s][info ][gc,heap      ] GC(555) CMS: 463827K->463925K(600768K)
[384.805s][info ][gc,metaspace ] GC(555) Metaspace: 64536K->64536K(1107968K)
[384.805s][info ][gc           ] GC(555) Pause Young (Allocation Failure) 688M->454M(850M) 3.492ms
[384.805s][info ][gc,cpu       ] GC(555) User=0.02s Sys=0.00s Real=0.00s
[384.805s][info ][safepoint    ] Leaving safepoint region
[384.805s][info ][safepoint    ] Total time for which application threads were stopped: 0.0036360 seconds, Stopping threads took: 0.0000151 seconds
[385.805s][info ][safepoint    ] Application time: 1.0001141 seconds
[385.805s][info ][safepoint    ] Entering safepoint region: Cleanup
[385.805s][info ][safepoint    ] Leaving safepoint region
[385.805s][info ][safepoint    ] Total time for which application threads were stopped: 0.0001164 seconds, Stopping threads took: 0.0000427 seconds
[385.898s][info ][safepoint    ] Application time: 0.0929203 seconds
[385.898s][info ][safepoint    ] Entering safepoint region: GenCollectForAllocation
[385.898s][info ][gc,start     ] GC(556) Pause Young (Allocation Failure)
[385.898s][info ][gc,task      ] GC(556) Using 4 workers of 4 for evacuation
[385.902s][debug][gc,ref       ] GC(556) Skipped phase1 of Reference Processing due to unavailable references
[385.902s][debug][gc,ref       ] GC(556) Skipped phase2 of Reference Processing due to unavailable references
[385.902s][debug][gc,ref       ] GC(556) Skipped phase3 of Reference Processing due to unavailable references
[385.902s][debug][gc,ref       ] GC(556) Skipped phase4 of Reference Processing due to unavailable references
[385.903s][debug][gc,age       ] GC(556) Desired survivor size 15368192 bytes, new threshold 6 (max threshold 6)
[385.903s][info ][gc,heap      ] GC(556) ParNew: 241315K->1112K(270336K)
[385.903s][info ][gc,heap      ] GC(556) CMS: 463925K->463927K(600768K)
[385.903s][info ][gc,metaspace ] GC(556) Metaspace: 64538K->64538K(1107968K)
[385.903s][info ][gc           ] GC(556) Pause Young (Allocation Failure) 688M->454M(850M) 4.183ms
[385.903s][info ][gc,cpu       ] GC(556) User=0.01s Sys=0.00s Real=0.00s
[385.903s][info ][safepoint    ] Leaving safepoint region
[385.903s][info ][safepoint    ] Total time for which application threads were stopped: 0.0043805 seconds, Stopping threads took: 0.0000692 seconds
[386.903s][info ][safepoint    ] Application time: 1.0001426 seconds
[386.903s][info ][safepoint    ] Entering safepoint region: Cleanup
[386.903s][info ][safepoint    ] Leaving safepoint region
[386.903s][info ][safepoint    ] Total time for which application threads were stopped: 0.0001256 seconds, Stopping threads took: 0.0000551 seconds
[387.048s][info ][safepoint    ] Application time: 0.1451546 seconds
[387.048s][info ][safepoint    ] Entering safepoint region: GenCollectForAllocation
[387.048s][info ][gc,start     ] GC(557) Pause Young (Allocation Failure)
[387.048s][info ][gc,task      ] GC(557) Using 4 workers of 4 for evacuation
[387.052s][debug][gc,ref       ] GC(557) Skipped phase1 of Reference Processing due to unavailable references
[387.052s][debug][gc,ref       ] GC(557) Skipped phase2 of Reference Processing due to unavailable references
[387.052s][debug][gc,ref       ] GC(557) Skipped phase3 of Reference Processing due to unavailable references
[387.052s][debug][gc,ref       ] GC(557) Skipped phase4 of Reference Processing due to unavailable references
[387.052s][debug][gc,age       ] GC(557) Desired survivor size 15368192 bytes, new threshold 6 (max threshold 6)
[387.052s][info ][gc,heap      ] GC(557) ParNew: 241432K->1153K(270336K)
[387.052s][info ][gc,heap      ] GC(557) CMS: 463927K->464005K(600768K)
[387.052s][info ][gc,metaspace ] GC(557) Metaspace: 64538K->64538K(1107968K)
[387.052s][info ][gc           ] GC(557) Pause Young (Allocation Failure) 688M->454M(850M) 3.485ms
[387.052s][info ][gc,cpu       ] GC(557) User=0.01s Sys=0.00s Real=0.00s
[387.052s][info ][safepoint    ] Leaving safepoint region
[387.052s][info ][safepoint    ] Total time for which application threads were stopped: 0.0036907 seconds, Stopping threads took: 0.0000621 seconds
[388.052s][info ][safepoint    ] Application time: 1.0000952 seconds
[388.052s][info ][safepoint    ] Entering safepoint region: Cleanup
[388.052s][info ][safepoint    ] Leaving safepoint region
[388.052s][info ][safepoint    ] Total time for which application threads were stopped: 0.0001455 seconds, Stopping threads took: 0.0000724 seconds
[388.163s][info ][safepoint    ] Application time: 0.1111927 seconds
[388.163s][info ][safepoint    ] Entering safepoint region: GenCollectForAllocation
[388.163s][info ][gc,start     ] GC(558) Pause Young (Allocation Failure)
[388.163s][info ][gc,task      ] GC(558) Using 4 workers of 4 for evacuation
[388.167s][debug][gc,ref       ] GC(558) Skipped phase1 of Reference Processing due to unavailable references
[388.167s][debug][gc,ref       ] GC(558) Skipped phase2 of Reference Processing due to unavailable references
[388.167s][debug][gc,ref       ] GC(558) Skipped phase3 of Reference Processing due to unavailable references
[388.167s][debug][gc,ref       ] GC(558) Skipped phase4 of Reference Processing due to unavailable references
[388.167s][debug][gc,age       ] GC(558) Desired survivor size 15368192 bytes, new threshold 6 (max threshold 6)
[388.167s][info ][gc,heap      ] GC(558) ParNew: 241473K->950K(270336K)
[388.167s][info ][gc,heap      ] GC(558) CMS: 464005K->464070K(600768K)
[388.167s][info ][gc,metaspace ] GC(558) Metaspace: 64541K->64541K(1107968K)
[388.167s][info ][gc           ] GC(558) Pause Young (Allocation Failure) 688M->454M(850M) 3.697ms
[388.167s][info ][gc,cpu       ] GC(558) User=0.01s Sys=0.00s Real=0.00s
[388.167s][info ][safepoint    ] Leaving safepoint region
[388.167s][info ][safepoint    ] Total time for which application threads were stopped: 0.0038476 seconds, Stopping threads took: 0.0000162 seconds
[389.167s][info ][safepoint    ] Application time: 1.0001477 seconds
[389.167s][info ][safepoint    ] Entering safepoint region: Cleanup
[389.168s][info ][safepoint    ] Leaving safepoint region
[389.168s][info ][safepoint    ] Total time for which application threads were stopped: 0.0001382 seconds, Stopping threads took: 0.0000457 seconds
[389.327s][info ][safepoint    ] Application time: 0.1599762 seconds
[389.328s][info ][safepoint    ] Entering safepoint region: GenCollectForAllocation
[389.328s][info ][gc,start     ] GC(559) Pause Young (Allocation Failure)
[389.328s][info ][gc,task      ] GC(559) Using 4 workers of 4 for evacuation
[389.331s][debug][gc,ref       ] GC(559) Skipped phase1 of Reference Processing due to unavailable references
[389.331s][debug][gc,ref       ] GC(559) Skipped phase2 of Reference Processing due to unavailable references
[389.331s][debug][gc,ref       ] GC(559) Skipped phase3 of Reference Processing due to unavailable references
[389.331s][debug][gc,ref       ] GC(559) Skipped phase4 of Reference Processing due to unavailable references
[389.331s][debug][gc,age       ] GC(559) Desired survivor size 15368192 bytes, new threshold 6 (max threshold 6)
[389.331s][info ][gc,heap      ] GC(559) ParNew: 241270K->1015K(270336K)
[389.331s][info ][gc,heap      ] GC(559) CMS: 464070K->464093K(600768K)
[389.331s][info ][gc,metaspace ] GC(559) Metaspace: 64541K->64541K(1107968K)
[389.331s][info ][gc           ] GC(559) Pause Young (Allocation Failure) 688M->454M(850M) 3.449ms
[389.331s][info ][gc,cpu       ] GC(559) User=0.01s Sys=0.00s Real=0.01s
[389.331s][info ][safepoint    ] Leaving safepoint region
[389.331s][info ][safepoint    ] Total time for which application threads were stopped: 0.0035974 seconds, Stopping threads took: 0.0000177 seconds
[390.468s][info ][safepoint    ] Application time: 1.1373640 seconds
[390.469s][info ][safepoint    ] Entering safepoint region: GenCollectForAllocation
[390.469s][info ][gc,start     ] GC(560) Pause Young (Allocation Failure)
[390.469s][info ][gc,task      ] GC(560) Using 4 workers of 4 for evacuation
[390.472s][debug][gc,ref       ] GC(560) Skipped phase1 of Reference Processing due to unavailable references
[390.472s][debug][gc,ref       ] GC(560) Skipped phase2 of Reference Processing due to unavailable references
[390.472s][debug][gc,ref       ] GC(560) Skipped phase3 of Reference Processing due to unavailable references
[390.472s][debug][gc,ref       ] GC(560) Skipped phase4 of Reference Processing due to unavailable references
[390.472s][debug][gc,age       ] GC(560) Desired survivor size 15368192 bytes, new threshold 6 (max threshold 6)
[390.472s][info ][gc,heap      ] GC(560) ParNew: 241335K->1240K(270336K)
[390.472s][info ][gc,heap      ] GC(560) CMS: 464093K->464128K(600768K)
[390.472s][info ][gc,metaspace ] GC(560) Metaspace: 64541K->64541K(1107968K)
[390.472s][info ][gc           ] GC(560) Pause Young (Allocation Failure) 688M->454M(850M) 3.798ms
[390.472s][info ][gc,cpu       ] GC(560) User=0.01s Sys=0.00s Real=0.00s
[390.472s][info ][safepoint    ] Leaving safepoint region
[390.472s][info ][safepoint    ] Total time for which application threads were stopped: 0.0039556 seconds, Stopping threads took: 0.0000171 seconds
[391.473s][info ][safepoint    ] Application time: 1.0000954 seconds
[391.473s][info ][safepoint    ] Entering safepoint region: Cleanup
[391.473s][info ][safepoint    ] Leaving safepoint region
[391.473s][info ][safepoint    ] Total time for which application threads were stopped: 0.0001079 seconds, Stopping threads took: 0.0000403 seconds
[391.661s][info ][safepoint    ] Application time: 0.1879931 seconds
[391.661s][info ][safepoint    ] Entering safepoint region: GenCollectForAllocation
[391.661s][info ][gc,start     ] GC(561) Pause Young (Allocation Failure)
[391.661s][info ][gc,task      ] GC(561) Using 4 workers of 4 for evacuation
[391.664s][debug][gc,ref       ] GC(561) Skipped phase1 of Reference Processing due to unavailable references
[391.664s][debug][gc,ref       ] GC(561) Skipped phase2 of Reference Processing due to unavailable references
[391.664s][debug][gc,ref       ] GC(561) Skipped phase3 of Reference Processing due to unavailable references
[391.664s][debug][gc,ref       ] GC(561) Skipped phase4 of Reference Processing due to unavailable references
[391.664s][debug][gc,age       ] GC(561) Desired survivor size 15368192 bytes, new threshold 6 (max threshold 6)
[391.664s][info ][gc,heap      ] GC(561) ParNew: 241560K->1320K(270336K)
[391.664s][info ][gc,heap      ] GC(561) CMS: 464128K->464174K(600768K)
[391.664s][info ][gc,metaspace ] GC(561) Metaspace: 64541K->64541K(1107968K)
[391.664s][info ][gc           ] GC(561) Pause Young (Allocation Failure) 689M->454M(850M) 3.640ms
[391.664s][info ][gc,cpu       ] GC(561) User=0.02s Sys=0.00s Real=0.00s
[391.665s][info ][safepoint    ] Leaving safepoint region
[391.665s][info ][safepoint    ] Total time for which application threads were stopped: 0.0037842 seconds, Stopping threads took: 0.0000166 seconds
[392.865s][info ][safepoint    ] Application time: 1.2009459 seconds
[392.866s][info ][safepoint    ] Entering safepoint region: GenCollectForAllocation
[392.866s][info ][gc,start     ] GC(562) Pause Young (Allocation Failure)
[392.866s][info ][gc,task      ] GC(562) Using 4 workers of 4 for evacuation
[392.869s][debug][gc,ref       ] GC(562) Skipped phase1 of Reference Processing due to unavailable references
[392.869s][debug][gc,ref       ] GC(562) Skipped phase2 of Reference Processing due to unavailable references
[392.869s][debug][gc,ref       ] GC(562) Skipped phase3 of Reference Processing due to unavailable references
[392.869s][debug][gc,ref       ] GC(562) Skipped phase4 of Reference Processing due to unavailable references
[392.869s][debug][gc,age       ] GC(562) Desired survivor size 15368192 bytes, new threshold 6 (max threshold 6)
[392.869s][info ][gc,heap      ] GC(562) ParNew: 241640K->1190K(270336K)
[392.869s][info ][gc,heap      ] GC(562) CMS: 464174K->464300K(600768K)
[392.869s][info ][gc,metaspace ] GC(562) Metaspace: 64541K->64541K(1107968K)
[392.869s][info ][gc           ] GC(562) Pause Young (Allocation Failure) 689M->454M(850M) 3.671ms
[392.869s][info ][gc,cpu       ] GC(562) User=0.01s Sys=0.00s Real=0.01s
[392.869s][info ][safepoint    ] Leaving safepoint region
[392.869s][info ][safepoint    ] Total time for which application threads were stopped: 0.0038333 seconds, Stopping threads took: 0.0000336 seconds
[394.102s][info ][safepoint    ] Application time: 1.2328086 seconds
[394.102s][info ][safepoint    ] Entering safepoint region: GenCollectForAllocation
[394.102s][info ][gc,start     ] GC(563) Pause Young (Allocation Failure)
[394.102s][info ][gc,task      ] GC(563) Using 4 workers of 4 for evacuation
[394.106s][debug][gc,ref       ] GC(563) Skipped phase1 of Reference Processing due to unavailable references
[394.106s][debug][gc,ref       ] GC(563) Skipped phase2 of Reference Processing due to unavailable references
[394.106s][debug][gc,ref       ] GC(563) Skipped phase3 of Reference Processing due to unavailable references
[394.106s][debug][gc,ref       ] GC(563) Skipped phase4 of Reference Processing due to unavailable references
[394.106s][debug][gc,age       ] GC(563) Desired survivor size 15368192 bytes, new threshold 6 (max threshold 6)
[394.106s][info ][gc,heap      ] GC(563) ParNew: 241510K->1119K(270336K)
[394.106s][info ][gc,heap      ] GC(563) CMS: 464300K->464351K(600768K)
[394.106s][info ][gc,metaspace ] GC(563) Metaspace: 64541K->64541K(1107968K)
[394.106s][info ][gc           ] GC(563) Pause Young (Allocation Failure) 689M->454M(850M) 3.498ms
[394.106s][info ][gc,cpu       ] GC(563) User=0.02s Sys=0.00s Real=0.00s
[394.106s][info ][safepoint    ] Leaving safepoint region
[394.106s][info ][safepoint    ] Total time for which application threads were stopped: 0.0036399 seconds, Stopping threads took: 0.0000169 seconds
[395.257s][info ][safepoint    ] Application time: 1.1509051 seconds
[395.257s][info ][safepoint    ] Entering safepoint region: GenCollectForAllocation
[395.257s][info ][safepoint    ] Leaving safepoint region
[395.257s][info ][safepoint    ] Total time for which application threads were stopped: 0.0001435 seconds, Stopping threads took: 0.0000684 seconds
[395.257s][info ][safepoint    ] Application time: 0.0004282 seconds
[395.257s][info ][safepoint    ] Entering safepoint region: GenCollectFull
[395.257s][info ][gc,start     ] GC(564) Pause Young (GCLocker Initiated GC)
[395.257s][info ][gc,task      ] GC(564) Using 4 workers of 4 for evacuation
[395.261s][debug][gc,ref       ] GC(564) Skipped phase1 of Reference Processing due to unavailable references
[395.261s][debug][gc,ref       ] GC(564) Skipped phase2 of Reference Processing due to unavailable references
[395.261s][debug][gc,ref       ] GC(564) Skipped phase3 of Reference Processing due to unavailable references
[395.261s][debug][gc,ref       ] GC(564) Skipped phase4 of Reference Processing due to unavailable references
[395.261s][debug][gc,age       ] GC(564) Desired survivor size 15368192 bytes, new threshold 6 (max threshold 6)
[395.261s][info ][gc,heap      ] GC(564) ParNew: 241453K->1420K(270336K)
[395.261s][info ][gc,heap      ] GC(564) CMS: 464351K->464439K(600768K)
[395.261s][info ][gc,metaspace ] GC(564) Metaspace: 64541K->64541K(1107968K)
[395.261s][info ][gc           ] GC(564) Pause Young (GCLocker Initiated GC) 689M->454M(850M) 3.744ms
[395.261s][info ][gc,cpu       ] GC(564) User=0.01s Sys=0.00s Real=0.00s
[395.261s][info ][safepoint    ] Leaving safepoint region
[395.261s][info ][safepoint    ] Total time for which application threads were stopped: 0.0038600 seconds, Stopping threads took: 0.0000252 seconds
[396.418s][info ][safepoint    ] Application time: 1.1564225 seconds
[396.418s][info ][safepoint    ] Entering safepoint region: GenCollectForAllocation
[396.418s][info ][gc,start     ] GC(565) Pause Young (Allocation Failure)
[396.418s][info ][gc,task      ] GC(565) Using 4 workers of 4 for evacuation
[396.421s][debug][gc,ref       ] GC(565) Skipped phase1 of Reference Processing due to unavailable references
[396.421s][debug][gc,ref       ] GC(565) Skipped phase2 of Reference Processing due to unavailable references
[396.421s][debug][gc,ref       ] GC(565) Skipped phase3 of Reference Processing due to unavailable references
[396.421s][debug][gc,ref       ] GC(565) Skipped phase4 of Reference Processing due to unavailable references
[396.421s][debug][gc,age       ] GC(565) Desired survivor size 15368192 bytes, new threshold 6 (max threshold 6)
[396.421s][info ][gc,heap      ] GC(565) ParNew: 241740K->1144K(270336K)
[396.421s][info ][gc,heap      ] GC(565) CMS: 464439K->464471K(600768K)
[396.421s][info ][gc,metaspace ] GC(565) Metaspace: 64541K->64541K(1107968K)
[396.421s][info ][gc           ] GC(565) Pause Young (Allocation Failure) 689M->454M(850M) 3.381ms
[396.421s][info ][gc,cpu       ] GC(565) User=0.01s Sys=0.00s Real=0.00s
[396.421s][info ][safepoint    ] Leaving safepoint region
[396.421s][info ][safepoint    ] Total time for which application threads were stopped: 0.0035350 seconds, Stopping threads took: 0.0000270 seconds
[396.993s][info ][safepoint    ] Application time: 0.5721811 seconds
[396.993s][info ][safepoint    ] Entering safepoint region: RevokeBias
[396.994s][info ][safepoint    ] Leaving safepoint region
[396.994s][info ][safepoint    ] Total time for which application threads were stopped: 0.0000982 seconds, Stopping threads took: 0.0000177 seconds
[397.582s][info ][safepoint    ] Application time: 0.5886771 seconds
[397.582s][info ][safepoint    ] Entering safepoint region: GenCollectForAllocation
[397.582s][info ][gc,start     ] GC(566) Pause Young (Allocation Failure)
[397.582s][info ][gc,task      ] GC(566) Using 4 workers of 4 for evacuation
[397.586s][debug][gc,ref       ] GC(566) Skipped phase1 of Reference Processing due to unavailable references
[397.586s][debug][gc,ref       ] GC(566) Skipped phase2 of Reference Processing due to unavailable references
[397.586s][debug][gc,ref       ] GC(566) Skipped phase3 of Reference Processing due to unavailable references
[397.586s][debug][gc,ref       ] GC(566) Skipped phase4 of Reference Processing due to unavailable references
[397.586s][debug][gc,age       ] GC(566) Desired survivor size 15368192 bytes, new threshold 6 (max threshold 6)
[397.586s][info ][gc,heap      ] GC(566) ParNew: 241464K->813K(270336K)
[397.586s][info ][gc,heap      ] GC(566) CMS: 464471K->464584K(600768K)
[397.586s][info ][gc,metaspace ] GC(566) Metaspace: 64542K->64542K(1107968K)
[397.586s][info ][gc           ] GC(566) Pause Young (Allocation Failure) 689M->454M(850M) 3.597ms
[397.586s][info ][gc,cpu       ] GC(566) User=0.01s Sys=0.00s Real=0.00s
[397.586s][info ][safepoint    ] Leaving safepoint region
[397.586s][info ][safepoint    ] Total time for which application threads were stopped: 0.0037586 seconds, Stopping threads took: 0.0000173 seconds
[398.752s][info ][safepoint    ] Application time: 1.1658095 seconds
[398.752s][info ][safepoint    ] Entering safepoint region: GenCollectForAllocation
[398.752s][info ][gc,start     ] GC(567) Pause Young (Allocation Failure)
[398.752s][info ][gc,task      ] GC(567) Using 4 workers of 4 for evacuation
[398.755s][debug][gc,ref       ] GC(567) Skipped phase1 of Reference Processing due to unavailable references
[398.755s][debug][gc,ref       ] GC(567) Skipped phase2 of Reference Processing due to unavailable references
[398.755s][debug][gc,ref       ] GC(567) Skipped phase3 of Reference Processing due to unavailable references
[398.755s][debug][gc,ref       ] GC(567) Skipped phase4 of Reference Processing due to unavailable references
[398.755s][debug][gc,age       ] GC(567) Desired survivor size 15368192 bytes, new threshold 6 (max threshold 6)
[398.755s][info ][gc,heap      ] GC(567) ParNew: 241133K->1028K(270336K)
[398.755s][info ][gc,heap      ] GC(567) CMS: 464584K->464627K(600768K)
[398.755s][info ][gc,metaspace ] GC(567) Metaspace: 64542K->64542K(1107968K)
[398.755s][info ][gc           ] GC(567) Pause Young (Allocation Failure) 689M->454M(850M) 3.293ms
[398.755s][info ][gc,cpu       ] GC(567) User=0.01s Sys=0.00s Real=0.00s
[398.755s][info ][safepoint    ] Leaving safepoint region
[398.755s][info ][safepoint    ] Total time for which application threads were stopped: 0.0034293 seconds, Stopping threads took: 0.0000148 seconds
[399.756s][info ][safepoint    ] Application time: 1.0001985 seconds
[399.756s][info ][safepoint    ] Entering safepoint region: Cleanup
[399.756s][info ][safepoint    ] Leaving safepoint region
[399.756s][info ][safepoint    ] Total time for which application threads were stopped: 0.0001614 seconds, Stopping threads took: 0.0000988 seconds
[399.967s][info ][safepoint    ] Application time: 0.2114357 seconds
[399.967s][info ][safepoint    ] Entering safepoint region: GenCollectForAllocation
[399.967s][info ][gc,start     ] GC(568) Pause Young (Allocation Failure)
[399.967s][info ][gc,task      ] GC(568) Using 4 workers of 4 for evacuation
[399.971s][debug][gc,ref       ] GC(568) Skipped phase1 of Reference Processing due to unavailable references
[399.971s][debug][gc,ref       ] GC(568) Skipped phase2 of Reference Processing due to unavailable references
[399.971s][debug][gc,ref       ] GC(568) Skipped phase3 of Reference Processing due to unavailable references
[399.971s][debug][gc,ref       ] GC(568) Skipped phase4 of Reference Processing due to unavailable references
[399.971s][debug][gc,age       ] GC(568) Desired survivor size 15368192 bytes, new threshold 6 (max threshold 6)
[399.971s][info ][gc,heap      ] GC(568) ParNew: 241348K->1055K(270336K)
[399.971s][info ][gc,heap      ] GC(568) CMS: 464627K->464637K(600768K)
[399.971s][info ][gc,metaspace ] GC(568) Metaspace: 64542K->64542K(1107968K)
[399.971s][info ][gc           ] GC(568) Pause Young (Allocation Failure) 689M->454M(850M) 3.514ms
[399.971s][info ][gc,cpu       ] GC(568) User=0.02s Sys=0.00s Real=0.01s
[399.971s][info ][safepoint    ] Leaving safepoint region
[399.971s][info ][safepoint    ] Total time for which application threads were stopped: 0.0036562 seconds, Stopping threads took: 0.0000164 seconds
[401.198s][info ][safepoint    ] Application time: 1.2270440 seconds
[401.198s][info ][safepoint    ] Entering safepoint region: GenCollectForAllocation
[401.198s][info ][gc,start     ] GC(569) Pause Young (Allocation Failure)
[401.198s][info ][gc,task      ] GC(569) Using 4 workers of 4 for evacuation
[401.201s][debug][gc,ref       ] GC(569) Skipped phase1 of Reference Processing due to unavailable references
[401.201s][debug][gc,ref       ] GC(569) Skipped phase2 of Reference Processing due to unavailable references
[401.201s][debug][gc,ref       ] GC(569) Skipped phase3 of Reference Processing due to unavailable references
[401.201s][debug][gc,ref       ] GC(569) Skipped phase4 of Reference Processing due to unavailable references
[401.202s][debug][gc,age       ] GC(569) Desired survivor size 15368192 bytes, new threshold 6 (max threshold 6)
[401.202s][info ][gc,heap      ] GC(569) ParNew: 241375K->964K(270336K)
[401.202s][info ][gc,heap      ] GC(569) CMS: 464637K->464685K(600768K)
[401.202s][info ][gc,metaspace ] GC(569) Metaspace: 64542K->64542K(1107968K)
[401.202s][info ][gc           ] GC(569) Pause Young (Allocation Failure) 689M->454M(850M) 3.478ms
[401.202s][info ][gc,cpu       ] GC(569) User=0.01s Sys=0.00s Real=0.00s
[401.202s][info ][safepoint    ] Leaving safepoint region
[401.202s][info ][safepoint    ] Total time for which application threads were stopped: 0.0036474 seconds, Stopping threads took: 0.0000403 seconds
[402.202s][info ][safepoint    ] Application time: 1.0000806 seconds
[402.202s][info ][safepoint    ] Entering safepoint region: Cleanup
[402.202s][info ][safepoint    ] Leaving safepoint region
[402.202s][info ][safepoint    ] Total time for which application threads were stopped: 0.0001598 seconds, Stopping threads took: 0.0000420 seconds
[402.409s][info ][safepoint    ] Application time: 0.2071747 seconds
[402.409s][info ][safepoint    ] Entering safepoint region: GenCollectForAllocation
[402.409s][info ][gc,start     ] GC(570) Pause Young (Allocation Failure)
[402.409s][info ][gc,task      ] GC(570) Using 4 workers of 4 for evacuation
[402.412s][debug][gc,ref       ] GC(570) Skipped phase1 of Reference Processing due to unavailable references
[402.412s][debug][gc,ref       ] GC(570) Skipped phase2 of Reference Processing due to unavailable references
[402.412s][debug][gc,ref       ] GC(570) Skipped phase3 of Reference Processing due to unavailable references
[402.412s][debug][gc,ref       ] GC(570) Skipped phase4 of Reference Processing due to unavailable references
[402.413s][debug][gc,age       ] GC(570) Desired survivor size 15368192 bytes, new threshold 6 (max threshold 6)
[402.413s][info ][gc,heap      ] GC(570) ParNew: 241284K->964K(270336K)
[402.413s][info ][gc,heap      ] GC(570) CMS: 464685K->464738K(600768K)
[402.413s][info ][gc,metaspace ] GC(570) Metaspace: 64542K->64542K(1107968K)
[402.413s][info ][gc           ] GC(570) Pause Young (Allocation Failure) 689M->454M(850M) 3.310ms
[402.413s][info ][gc,cpu       ] GC(570) User=0.01s Sys=0.00s Real=0.00s
[402.413s][info ][safepoint    ] Leaving safepoint region
[402.413s][info ][safepoint    ] Total time for which application threads were stopped: 0.0034519 seconds, Stopping threads took: 0.0000210 seconds
[403.613s][info ][safepoint    ] Application time: 1.2002476 seconds
[403.613s][info ][safepoint    ] Entering safepoint region: GenCollectForAllocation
[403.613s][info ][gc,start     ] GC(571) Pause Young (Allocation Failure)
[403.613s][info ][gc,task      ] GC(571) Using 4 workers of 4 for evacuation
[403.616s][debug][gc,ref       ] GC(571) Skipped phase1 of Reference Processing due to unavailable references
[403.616s][debug][gc,ref       ] GC(571) Skipped phase2 of Reference Processing due to unavailable references
[403.616s][debug][gc,ref       ] GC(571) Skipped phase3 of Reference Processing due to unavailable references
[403.616s][debug][gc,ref       ] GC(571) Skipped phase4 of Reference Processing due to unavailable references
[403.616s][debug][gc,age       ] GC(571) Desired survivor size 15368192 bytes, new threshold 6 (max threshold 6)
[403.616s][info ][gc,heap      ] GC(571) ParNew: 241284K->792K(270336K)
[403.616s][info ][gc,heap      ] GC(571) CMS: 464738K->464891K(600768K)
[403.616s][info ][gc,metaspace ] GC(571) Metaspace: 64542K->64542K(1107968K)
[403.616s][info ][gc           ] GC(571) Pause Young (Allocation Failure) 689M->454M(850M) 3.377ms
[403.616s][info ][gc,cpu       ] GC(571) User=0.01s Sys=0.00s Real=0.01s
[403.616s][info ][safepoint    ] Leaving safepoint region
[403.616s][info ][safepoint    ] Total time for which application threads were stopped: 0.0035312 seconds, Stopping threads took: 0.0000299 seconds
[404.832s][info ][safepoint    ] Application time: 1.2155232 seconds
[404.832s][info ][safepoint    ] Entering safepoint region: GenCollectForAllocation
[404.832s][info ][gc,start     ] GC(572) Pause Young (Allocation Failure)
[404.832s][info ][gc,task      ] GC(572) Using 4 workers of 4 for evacuation
[404.835s][debug][gc,ref       ] GC(572) Skipped phase1 of Reference Processing due to unavailable references
[404.835s][debug][gc,ref       ] GC(572) Skipped phase2 of Reference Processing due to unavailable references
[404.835s][debug][gc,ref       ] GC(572) Skipped phase3 of Reference Processing due to unavailable references
[404.835s][debug][gc,ref       ] GC(572) Skipped phase4 of Reference Processing due to unavailable references
[404.835s][debug][gc,age       ] GC(572) Desired survivor size 15368192 bytes, new threshold 6 (max threshold 6)
[404.835s][info ][gc,heap      ] GC(572) ParNew: 241112K->716K(270336K)
[404.835s][info ][gc,heap      ] GC(572) CMS: 464891K->464898K(600768K)
[404.835s][info ][gc,metaspace ] GC(572) Metaspace: 64542K->64542K(1107968K)
[404.835s][info ][gc           ] GC(572) Pause Young (Allocation Failure) 689M->454M(850M) 2.978ms
[404.835s][info ][gc,cpu       ] GC(572) User=0.01s Sys=0.00s Real=0.00s
[404.835s][info ][safepoint    ] Leaving safepoint region
[404.835s][info ][safepoint    ] Total time for which application threads were stopped: 0.0031601 seconds, Stopping threads took: 0.0000176 seconds
[405.835s][info ][safepoint    ] Application time: 1.0000865 seconds
[405.835s][info ][safepoint    ] Entering safepoint region: Cleanup
[405.835s][info ][safepoint    ] Leaving safepoint region
[405.835s][info ][safepoint    ] Total time for which application threads were stopped: 0.0000688 seconds, Stopping threads took: 0.0000159 seconds
[406.049s][info ][safepoint    ] Application time: 0.2140366 seconds
[406.049s][info ][safepoint    ] Entering safepoint region: GenCollectForAllocation
[406.050s][info ][gc,start     ] GC(573) Pause Young (Allocation Failure)
[406.050s][info ][gc,task      ] GC(573) Using 4 workers of 4 for evacuation
[406.053s][debug][gc,ref       ] GC(573) Skipped phase1 of Reference Processing due to unavailable references
[406.053s][debug][gc,ref       ] GC(573) Skipped phase2 of Reference Processing due to unavailable references
[406.053s][debug][gc,ref       ] GC(573) Skipped phase3 of Reference Processing due to unavailable references
[406.053s][debug][gc,ref       ] GC(573) Skipped phase4 of Reference Processing due to unavailable references
[406.053s][debug][gc,age       ] GC(573) Desired survivor size 15368192 bytes, new threshold 6 (max threshold 6)
[406.053s][info ][gc,heap      ] GC(573) ParNew: 241036K->455K(270336K)
[406.053s][info ][gc,heap      ] GC(573) CMS: 464898K->465158K(600768K)
[406.053s][info ][gc,metaspace ] GC(573) Metaspace: 64542K->64542K(1107968K)
[406.053s][info ][gc           ] GC(573) Pause Young (Allocation Failure) 689M->454M(850M) 3.251ms
[406.053s][info ][gc,cpu       ] GC(573) User=0.01s Sys=0.00s Real=0.00s
[406.053s][info ][safepoint    ] Leaving safepoint region
[406.053s][info ][safepoint    ] Total time for which application threads were stopped: 0.0034220 seconds, Stopping threads took: 0.0000322 seconds
[407.053s][info ][safepoint    ] Application time: 1.0001441 seconds
[407.053s][info ][safepoint    ] Entering safepoint region: Cleanup
[407.053s][info ][safepoint    ] Leaving safepoint region
[407.053s][info ][safepoint    ] Total time for which application threads were stopped: 0.0001283 seconds, Stopping threads took: 0.0000684 seconds
[407.252s][info ][safepoint    ] Application time: 0.1986553 seconds
[407.252s][info ][safepoint    ] Entering safepoint region: GenCollectForAllocation
[407.252s][info ][gc,start     ] GC(574) Pause Young (Allocation Failure)
[407.252s][info ][gc,task      ] GC(574) Using 4 workers of 4 for evacuation
[407.256s][debug][gc,ref       ] GC(574) Skipped phase1 of Reference Processing due to unavailable references
[407.256s][debug][gc,ref       ] GC(574) Skipped phase2 of Reference Processing due to unavailable references
[407.256s][debug][gc,ref       ] GC(574) Skipped phase3 of Reference Processing due to unavailable references
[407.256s][debug][gc,ref       ] GC(574) Skipped phase4 of Reference Processing due to unavailable references
[407.256s][debug][gc,age       ] GC(574) Desired survivor size 15368192 bytes, new threshold 6 (max threshold 6)
[407.256s][info ][gc,heap      ] GC(574) ParNew: 240775K->384K(270336K)
[407.256s][info ][gc,heap      ] GC(574) CMS: 465158K->465197K(600768K)
[407.256s][info ][gc,metaspace ] GC(574) Metaspace: 64542K->64542K(1107968K)
[407.256s][info ][gc           ] GC(574) Pause Young (Allocation Failure) 689M->454M(850M) 4.181ms
[407.256s][info ][gc,cpu       ] GC(574) User=0.01s Sys=0.01s Real=0.01s
[407.256s][info ][safepoint    ] Leaving safepoint region
[407.256s][info ][safepoint    ] Total time for which application threads were stopped: 0.0043430 seconds, Stopping threads took: 0.0000161 seconds
[408.256s][info ][safepoint    ] Application time: 1.0001413 seconds
[408.256s][info ][safepoint    ] Entering safepoint region: Cleanup
[408.257s][info ][safepoint    ] Leaving safepoint region
[408.257s][info ][safepoint    ] Total time for which application threads were stopped: 0.0001096 seconds, Stopping threads took: 0.0000431 seconds
[408.453s][info ][safepoint    ] Application time: 0.1968871 seconds
[408.453s][info ][safepoint    ] Entering safepoint region: GenCollectForAllocation
[408.454s][info ][gc,start     ] GC(575) Pause Young (Allocation Failure)
[408.454s][info ][gc,task      ] GC(575) Using 4 workers of 4 for evacuation
[408.456s][debug][gc,ref       ] GC(575) Skipped phase1 of Reference Processing due to unavailable references
[408.456s][debug][gc,ref       ] GC(575) Skipped phase2 of Reference Processing due to unavailable references
[408.456s][debug][gc,ref       ] GC(575) Skipped phase3 of Reference Processing due to unavailable references
[408.456s][debug][gc,ref       ] GC(575) Skipped phase4 of Reference Processing due to unavailable references
[408.456s][debug][gc,age       ] GC(575) Desired survivor size 15368192 bytes, new threshold 6 (max threshold 6)
[408.456s][info ][gc,heap      ] GC(575) ParNew: 240704K->483K(270336K)
[408.456s][info ][gc,heap      ] GC(575) CMS: 465197K->465203K(600768K)
[408.456s][info ][gc,metaspace ] GC(575) Metaspace: 64542K->64542K(1107968K)
[408.456s][info ][gc           ] GC(575) Pause Young (Allocation Failure) 689M->454M(850M) 2.902ms
[408.457s][info ][gc,cpu       ] GC(575) User=0.02s Sys=0.00s Real=0.01s
[408.457s][info ][safepoint    ] Leaving safepoint region
[408.457s][info ][safepoint    ] Total time for which application threads were stopped: 0.0031072 seconds, Stopping threads took: 0.0000149 seconds
[409.667s][info ][safepoint    ] Application time: 1.2105711 seconds
[409.667s][info ][safepoint    ] Entering safepoint region: GenCollectForAllocation
[409.667s][info ][gc,start     ] GC(576) Pause Young (Allocation Failure)
[409.667s][info ][gc,task      ] GC(576) Using 4 workers of 4 for evacuation
[409.670s][debug][gc,ref       ] GC(576) Skipped phase1 of Reference Processing due to unavailable references
[409.670s][debug][gc,ref       ] GC(576) Skipped phase3 of Reference Processing due to unavailable references
[409.671s][debug][gc,age       ] GC(576) Desired survivor size 15368192 bytes, new threshold 6 (max threshold 6)
[409.671s][info ][gc,heap      ] GC(576) ParNew: 240803K->509K(270336K)
[409.671s][info ][gc,heap      ] GC(576) CMS: 465203K->465227K(600768K)
[409.671s][info ][gc,metaspace ] GC(576) Metaspace: 64559K->64559K(1107968K)
[409.671s][info ][gc           ] GC(576) Pause Young (Allocation Failure) 689M->454M(850M) 3.312ms
[409.671s][info ][gc,cpu       ] GC(576) User=0.02s Sys=0.00s Real=0.01s
[409.671s][info ][safepoint    ] Leaving safepoint region
[409.671s][info ][safepoint    ] Total time for which application threads were stopped: 0.0035043 seconds, Stopping threads took: 0.0000158 seconds
[410.671s][info ][safepoint    ] Application time: 1.0001328 seconds
[410.671s][info ][safepoint    ] Entering safepoint region: Cleanup
[410.671s][info ][safepoint    ] Leaving safepoint region
[410.671s][info ][safepoint    ] Total time for which application threads were stopped: 0.0001323 seconds, Stopping threads took: 0.0000594 seconds
[410.868s][info ][safepoint    ] Application time: 0.1972131 seconds
[410.868s][info ][safepoint    ] Entering safepoint region: GenCollectForAllocation
[410.868s][info ][gc,start     ] GC(577) Pause Young (Allocation Failure)
[410.868s][info ][gc,task      ] GC(577) Using 4 workers of 4 for evacuation
[410.871s][debug][gc,ref       ] GC(577) Skipped phase1 of Reference Processing due to unavailable references
[410.871s][debug][gc,ref       ] GC(577) Skipped phase3 of Reference Processing due to unavailable references
[410.871s][debug][gc,ref       ] GC(577) Skipped phase4 of Reference Processing due to unavailable references
[410.872s][debug][gc,age       ] GC(577) Desired survivor size 15368192 bytes, new threshold 6 (max threshold 6)
[410.872s][info ][gc,heap      ] GC(577) ParNew: 240829K->498K(270336K)
[410.872s][info ][gc,heap      ] GC(577) CMS: 465227K->465233K(600768K)
[410.872s][info ][gc,metaspace ] GC(577) Metaspace: 64560K->64560K(1107968K)
[410.872s][info ][gc           ] GC(577) Pause Young (Allocation Failure) 689M->454M(850M) 3.202ms
[410.872s][info ][gc,cpu       ] GC(577) User=0.01s Sys=0.00s Real=0.00s
[410.872s][info ][safepoint    ] Leaving safepoint region
[410.872s][info ][safepoint    ] Total time for which application threads were stopped: 0.0033581 seconds, Stopping threads took: 0.0000170 seconds
[412.036s][info ][safepoint    ] Application time: 1.1639162 seconds
[412.036s][info ][safepoint    ] Entering safepoint region: GenCollectForAllocation
[412.036s][info ][gc,start     ] GC(578) Pause Young (Allocation Failure)
[412.036s][info ][gc,task      ] GC(578) Using 4 workers of 4 for evacuation
[412.038s][debug][gc,ref       ] GC(578) Skipped phase1 of Reference Processing due to unavailable references
[412.038s][debug][gc,ref       ] GC(578) Skipped phase3 of Reference Processing due to unavailable references
[412.038s][debug][gc,ref       ] GC(578) Skipped phase4 of Reference Processing due to unavailable references
[412.039s][debug][gc,age       ] GC(578) Desired survivor size 15368192 bytes, new threshold 6 (max threshold 6)
[412.039s][info ][gc,heap      ] GC(578) ParNew: 240818K->526K(270336K)
[412.039s][info ][gc,heap      ] GC(578) CMS: 465233K->465259K(600768K)
[412.039s][info ][gc,metaspace ] GC(578) Metaspace: 64560K->64560K(1107968K)
[412.039s][info ][gc           ] GC(578) Pause Young (Allocation Failure) 689M->454M(850M) 3.102ms
[412.039s][info ][gc,cpu       ] GC(578) User=0.01s Sys=0.01s Real=0.00s
[412.039s][info ][safepoint    ] Leaving safepoint region
[412.039s][info ][safepoint    ] Total time for which application threads were stopped: 0.0032832 seconds, Stopping threads took: 0.0000419 seconds
[413.039s][info ][safepoint    ] Application time: 1.0001559 seconds
[413.039s][info ][safepoint    ] Entering safepoint region: Cleanup
[413.039s][info ][safepoint    ] Leaving safepoint region
[413.039s][info ][safepoint    ] Total time for which application threads were stopped: 0.0000862 seconds, Stopping threads took: 0.0000335 seconds
[413.198s][info ][safepoint    ] Application time: 0.1586718 seconds
[413.198s][info ][safepoint    ] Entering safepoint region: GenCollectForAllocation
[413.198s][info ][gc,start     ] GC(579) Pause Young (Allocation Failure)
[413.198s][info ][gc,task      ] GC(579) Using 4 workers of 4 for evacuation
[413.202s][debug][gc,ref       ] GC(579) Skipped phase1 of Reference Processing due to unavailable references
[413.202s][debug][gc,ref       ] GC(579) Skipped phase3 of Reference Processing due to unavailable references
[413.202s][debug][gc,ref       ] GC(579) Skipped phase4 of Reference Processing due to unavailable references
[413.202s][debug][gc,age       ] GC(579) Desired survivor size 15368192 bytes, new threshold 6 (max threshold 6)
[413.202s][info ][gc,heap      ] GC(579) ParNew: 240846K->799K(270336K)
[413.202s][info ][gc,heap      ] GC(579) CMS: 465259K->465311K(600768K)
[413.202s][info ][gc,metaspace ] GC(579) Metaspace: 64560K->64560K(1107968K)
[413.202s][info ][gc           ] GC(579) Pause Young (Allocation Failure) 689M->455M(850M) 3.891ms
[413.202s][info ][gc,cpu       ] GC(579) User=0.02s Sys=0.00s Real=0.00s
[413.202s][info ][safepoint    ] Leaving safepoint region
[413.202s][info ][safepoint    ] Total time for which application threads were stopped: 0.0042292 seconds, Stopping threads took: 0.0001630 seconds
[414.365s][info ][safepoint    ] Application time: 1.1630622 seconds
[414.365s][info ][safepoint    ] Entering safepoint region: GenCollectForAllocation
[414.365s][info ][gc,start     ] GC(580) Pause Young (Allocation Failure)
[414.365s][info ][gc,task      ] GC(580) Using 4 workers of 4 for evacuation
[414.368s][debug][gc,ref       ] GC(580) Skipped phase1 of Reference Processing due to unavailable references
[414.368s][debug][gc,ref       ] GC(580) Skipped phase3 of Reference Processing due to unavailable references
[414.368s][debug][gc,ref       ] GC(580) Skipped phase4 of Reference Processing due to unavailable references
[414.369s][debug][gc,age       ] GC(580) Desired survivor size 15368192 bytes, new threshold 6 (max threshold 6)
[414.369s][info ][gc,heap      ] GC(580) ParNew: 241119K->1011K(270336K)
[414.369s][info ][gc,heap      ] GC(580) CMS: 465311K->465344K(600768K)
[414.369s][info ][gc,metaspace ] GC(580) Metaspace: 64560K->64560K(1107968K)
[414.369s][info ][gc           ] GC(580) Pause Young (Allocation Failure) 689M->455M(850M) 3.410ms
[414.369s][info ][gc,cpu       ] GC(580) User=0.01s Sys=0.00s Real=0.01s
[414.369s][info ][safepoint    ] Leaving safepoint region
[414.369s][info ][safepoint    ] Total time for which application threads were stopped: 0.0035395 seconds, Stopping threads took: 0.0000160 seconds
[415.369s][info ][safepoint    ] Application time: 1.0001160 seconds
[415.369s][info ][safepoint    ] Entering safepoint region: Cleanup
[415.369s][info ][safepoint    ] Leaving safepoint region
[415.369s][info ][safepoint    ] Total time for which application threads were stopped: 0.0001724 seconds, Stopping threads took: 0.0000811 seconds
[415.530s][info ][safepoint    ] Application time: 0.1606750 seconds
[415.530s][info ][safepoint    ] Entering safepoint region: GenCollectForAllocation
[415.530s][info ][gc,start     ] GC(581) Pause Young (Allocation Failure)
[415.530s][info ][gc,task      ] GC(581) Using 4 workers of 4 for evacuation
[415.533s][debug][gc,ref       ] GC(581) Skipped phase1 of Reference Processing due to unavailable references
[415.533s][debug][gc,ref       ] GC(581) Skipped phase3 of Reference Processing due to unavailable references
[415.533s][debug][gc,ref       ] GC(581) Skipped phase4 of Reference Processing due to unavailable references
[415.533s][debug][gc,age       ] GC(581) Desired survivor size 15368192 bytes, new threshold 6 (max threshold 6)
[415.533s][info ][gc,heap      ] GC(581) ParNew: 241331K->1109K(270336K)
[415.533s][info ][gc,heap      ] GC(581) CMS: 465344K->465368K(600768K)
[415.533s][info ][gc,metaspace ] GC(581) Metaspace: 64560K->64560K(1107968K)
[415.533s][info ][gc           ] GC(581) Pause Young (Allocation Failure) 690M->455M(850M) 3.463ms
[415.533s][info ][gc,cpu       ] GC(581) User=0.01s Sys=0.00s Real=0.00s
[415.533s][info ][safepoint    ] Leaving safepoint region
[415.533s][info ][safepoint    ] Total time for which application threads were stopped: 0.0035873 seconds, Stopping threads took: 0.0000150 seconds
[416.533s][info ][safepoint    ] Application time: 1.0000856 seconds
[416.534s][info ][safepoint    ] Entering safepoint region: Cleanup
[416.534s][info ][safepoint    ] Leaving safepoint region
[416.534s][info ][safepoint    ] Total time for which application threads were stopped: 0.0001984 seconds, Stopping threads took: 0.0000676 seconds
[416.650s][info ][safepoint    ] Application time: 0.1160715 seconds
[416.650s][info ][safepoint    ] Entering safepoint region: GenCollectForAllocation
[416.650s][info ][gc,start     ] GC(582) Pause Young (Allocation Failure)
[416.650s][info ][gc,task      ] GC(582) Using 4 workers of 4 for evacuation
[416.653s][debug][gc,ref       ] GC(582) Skipped phase1 of Reference Processing due to unavailable references
[416.653s][debug][gc,ref       ] GC(582) Skipped phase2 of Reference Processing due to unavailable references
[416.653s][debug][gc,ref       ] GC(582) Skipped phase3 of Reference Processing due to unavailable references
[416.653s][debug][gc,ref       ] GC(582) Skipped phase4 of Reference Processing due to unavailable references
[416.653s][debug][gc,age       ] GC(582) Desired survivor size 15368192 bytes, new threshold 6 (max threshold 6)
[416.653s][info ][gc,heap      ] GC(582) ParNew: 241429K->1190K(270336K)
[416.653s][info ][gc,heap      ] GC(582) CMS: 465368K->465391K(600768K)
[416.653s][info ][gc,metaspace ] GC(582) Metaspace: 64566K->64566K(1107968K)
[416.653s][info ][gc           ] GC(582) Pause Young (Allocation Failure) 690M->455M(850M) 3.427ms
[416.653s][info ][gc,cpu       ] GC(582) User=0.01s Sys=0.00s Real=0.00s
[416.653s][info ][safepoint    ] Leaving safepoint region
[416.653s][info ][safepoint    ] Total time for which application threads were stopped: 0.0035968 seconds, Stopping threads took: 0.0000427 seconds
[417.654s][info ][safepoint    ] Application time: 1.0001055 seconds
[417.654s][info ][safepoint    ] Entering safepoint region: Cleanup
[417.654s][info ][safepoint    ] Leaving safepoint region
[417.654s][info ][safepoint    ] Total time for which application threads were stopped: 0.0001116 seconds, Stopping threads took: 0.0000433 seconds
[417.798s][info ][safepoint    ] Application time: 0.1447372 seconds
[417.798s][info ][safepoint    ] Entering safepoint region: GenCollectForAllocation
[417.799s][info ][gc,start     ] GC(583) Pause Young (Allocation Failure)
[417.799s][info ][gc,task      ] GC(583) Using 4 workers of 4 for evacuation
[417.802s][debug][gc,ref       ] GC(583) Skipped phase1 of Reference Processing due to unavailable references
[417.802s][debug][gc,ref       ] GC(583) Skipped phase2 of Reference Processing due to unavailable references
[417.802s][debug][gc,ref       ] GC(583) Skipped phase3 of Reference Processing due to unavailable references
[417.802s][debug][gc,ref       ] GC(583) Skipped phase4 of Reference Processing due to unavailable references
[417.802s][debug][gc,age       ] GC(583) Desired survivor size 15368192 bytes, new threshold 6 (max threshold 6)
[417.802s][info ][gc,heap      ] GC(583) ParNew: 241510K->1251K(270336K)
[417.802s][info ][gc,heap      ] GC(583) CMS: 465391K->465451K(600768K)
[417.802s][info ][gc,metaspace ] GC(583) Metaspace: 64570K->64570K(1107968K)
[417.802s][info ][gc           ] GC(583) Pause Young (Allocation Failure) 690M->455M(850M) 3.488ms
[417.802s][info ][gc,cpu       ] GC(583) User=0.01s Sys=0.00s Real=0.00s
[417.802s][info ][safepoint    ] Leaving safepoint region
[417.802s][info ][safepoint    ] Total time for which application threads were stopped: 0.0036679 seconds, Stopping threads took: 0.0000415 seconds
[418.802s][info ][safepoint    ] Application time: 1.0001119 seconds
[418.802s][info ][safepoint    ] Entering safepoint region: Cleanup
[418.802s][info ][safepoint    ] Leaving safepoint region
[418.802s][info ][safepoint    ] Total time for which application threads were stopped: 0.0001407 seconds, Stopping threads took: 0.0000734 seconds
[418.948s][info ][safepoint    ] Application time: 0.1458301 seconds
[418.948s][info ][safepoint    ] Entering safepoint region: GenCollectForAllocation
[418.948s][info ][gc,start     ] GC(584) Pause Young (Allocation Failure)
[418.948s][info ][gc,task      ] GC(584) Using 4 workers of 4 for evacuation
[418.952s][debug][gc,ref       ] GC(584) Skipped phase1 of Reference Processing due to unavailable references
[418.952s][debug][gc,ref       ] GC(584) Skipped phase3 of Reference Processing due to unavailable references
[418.952s][debug][gc,age       ] GC(584) Desired survivor size 15368192 bytes, new threshold 6 (max threshold 6)
[418.952s][info ][gc,heap      ] GC(584) ParNew: 241571K->1441K(270336K)
[418.952s][info ][gc,heap      ] GC(584) CMS: 465451K->465534K(600768K)
[418.952s][info ][gc,metaspace ] GC(584) Metaspace: 64573K->64573K(1107968K)
[418.952s][info ][gc           ] GC(584) Pause Young (Allocation Failure) 690M->456M(850M) 3.851ms
[418.952s][info ][gc,cpu       ] GC(584) User=0.01s Sys=0.00s Real=0.00s
[418.952s][info ][safepoint    ] Leaving safepoint region
[418.952s][info ][safepoint    ] Total time for which application threads were stopped: 0.0040484 seconds, Stopping threads took: 0.0000417 seconds
[419.952s][info ][safepoint    ] Application time: 1.0001017 seconds
[419.953s][info ][safepoint    ] Entering safepoint region: Cleanup
[419.953s][info ][safepoint    ] Leaving safepoint region
[419.953s][info ][safepoint    ] Total time for which application threads were stopped: 0.0001110 seconds, Stopping threads took: 0.0000436 seconds
[420.082s][info ][safepoint    ] Application time: 0.1293980 seconds
[420.082s][info ][safepoint    ] Entering safepoint region: GenCollectForAllocation
[420.082s][info ][gc,start     ] GC(585) Pause Young (Allocation Failure)
[420.082s][info ][gc,task      ] GC(585) Using 4 workers of 4 for evacuation
[420.086s][debug][gc,ref       ] GC(585) Skipped phase1 of Reference Processing due to unavailable references
[420.086s][debug][gc,ref       ] GC(585) Skipped phase3 of Reference Processing due to unavailable references
[420.086s][debug][gc,ref       ] GC(585) Skipped phase4 of Reference Processing due to unavailable references
[420.086s][debug][gc,age       ] GC(585) Desired survivor size 15368192 bytes, new threshold 6 (max threshold 6)
[420.086s][info ][gc,heap      ] GC(585) ParNew: 241761K->1208K(270336K)
[420.086s][info ][gc,heap      ] GC(585) CMS: 465534K->465656K(600768K)
[420.086s][info ][gc,metaspace ] GC(585) Metaspace: 64575K->64575K(1107968K)
[420.086s][info ][gc           ] GC(585) Pause Young (Allocation Failure) 690M->455M(850M) 3.765ms
[420.086s][info ][gc,cpu       ] GC(585) User=0.02s Sys=0.00s Real=0.00s
[420.086s][info ][safepoint    ] Leaving safepoint region
[420.086s][info ][safepoint    ] Total time for which application threads were stopped: 0.0038983 seconds, Stopping threads took: 0.0000166 seconds
[421.086s][info ][safepoint    ] Application time: 1.0001771 seconds
[421.086s][info ][safepoint    ] Entering safepoint region: Cleanup
[421.086s][info ][safepoint    ] Leaving safepoint region
[421.086s][info ][safepoint    ] Total time for which application threads were stopped: 0.0000691 seconds, Stopping threads took: 0.0000160 seconds
[421.233s][info ][safepoint    ] Application time: 0.1469864 seconds
[421.233s][info ][safepoint    ] Entering safepoint region: GenCollectForAllocation
[421.233s][info ][gc,start     ] GC(586) Pause Young (Allocation Failure)
[421.233s][info ][gc,task      ] GC(586) Using 4 workers of 4 for evacuation
[421.237s][debug][gc,ref       ] GC(586) Skipped phase1 of Reference Processing due to unavailable references
[421.237s][debug][gc,ref       ] GC(586) Skipped phase3 of Reference Processing due to unavailable references
[421.237s][debug][gc,ref       ] GC(586) Skipped phase4 of Reference Processing due to unavailable references
[421.237s][debug][gc,age       ] GC(586) Desired survivor size 15368192 bytes, new threshold 6 (max threshold 6)
[421.237s][info ][gc,heap      ] GC(586) ParNew: 241528K->1174K(270336K)
[421.237s][info ][gc,heap      ] GC(586) CMS: 465656K->465797K(600768K)
[421.237s][info ][gc,metaspace ] GC(586) Metaspace: 64576K->64576K(1107968K)
[421.237s][info ][gc           ] GC(586) Pause Young (Allocation Failure) 690M->456M(850M) 3.561ms
[421.237s][info ][gc,cpu       ] GC(586) User=0.01s Sys=0.00s Real=0.01s
[421.237s][info ][safepoint    ] Leaving safepoint region
[421.237s][info ][safepoint    ] Total time for which application threads were stopped: 0.0037189 seconds, Stopping threads took: 0.0000179 seconds
[422.237s][info ][safepoint    ] Application time: 1.0001024 seconds
[422.237s][info ][safepoint    ] Entering safepoint region: Cleanup
[422.237s][info ][safepoint    ] Leaving safepoint region
[422.237s][info ][safepoint    ] Total time for which application threads were stopped: 0.0000854 seconds, Stopping threads took: 0.0000224 seconds
[422.318s][info ][safepoint    ] Application time: 0.0811552 seconds
[422.318s][info ][safepoint    ] Entering safepoint region: GenCollectForAllocation
[422.319s][info ][gc,start     ] GC(587) Pause Young (Allocation Failure)
[422.319s][info ][gc,task      ] GC(587) Using 4 workers of 4 for evacuation
[422.323s][debug][gc,ref       ] GC(587) Skipped phase1 of Reference Processing due to unavailable references
[422.323s][debug][gc,ref       ] GC(587) Skipped phase2 of Reference Processing due to unavailable references
[422.323s][debug][gc,ref       ] GC(587) Skipped phase3 of Reference Processing due to unavailable references
[422.323s][debug][gc,ref       ] GC(587) Skipped phase4 of Reference Processing due to unavailable references
[422.323s][debug][gc,age       ] GC(587) Desired survivor size 15368192 bytes, new threshold 6 (max threshold 6)
[422.323s][info ][gc,heap      ] GC(587) ParNew: 241494K->1415K(270336K)
[422.323s][info ][gc,heap      ] GC(587) CMS: 465797K->465853K(600768K)
[422.323s][info ][gc,metaspace ] GC(587) Metaspace: 64576K->64576K(1107968K)
[422.323s][info ][gc           ] GC(587) Pause Young (Allocation Failure) 690M->456M(850M) 4.392ms
[422.323s][info ][gc,cpu       ] GC(587) User=0.02s Sys=0.00s Real=0.00s
[422.323s][info ][safepoint    ] Leaving safepoint region
[422.323s][info ][safepoint    ] Total time for which application threads were stopped: 0.0045444 seconds, Stopping threads took: 0.0000161 seconds
[423.479s][info ][safepoint    ] Application time: 1.1562096 seconds
[423.479s][info ][safepoint    ] Entering safepoint region: GenCollectForAllocation
[423.479s][info ][gc,start     ] GC(588) Pause Young (Allocation Failure)
[423.479s][info ][gc,task      ] GC(588) Using 4 workers of 4 for evacuation
[423.483s][debug][gc,ref       ] GC(588) Skipped phase1 of Reference Processing due to unavailable references
[423.483s][debug][gc,ref       ] GC(588) Skipped phase2 of Reference Processing due to unavailable references
[423.483s][debug][gc,ref       ] GC(588) Skipped phase3 of Reference Processing due to unavailable references
[423.483s][debug][gc,ref       ] GC(588) Skipped phase4 of Reference Processing due to unavailable references
[423.483s][debug][gc,age       ] GC(588) Desired survivor size 15368192 bytes, new threshold 6 (max threshold 6)
[423.483s][info ][gc,heap      ] GC(588) ParNew: 241735K->1238K(270336K)
[423.483s][info ][gc,heap      ] GC(588) CMS: 465853K->465955K(600768K)
[423.483s][info ][gc,metaspace ] GC(588) Metaspace: 64577K->64577K(1107968K)
[423.483s][info ][gc           ] GC(588) Pause Young (Allocation Failure) 691M->456M(850M) 3.719ms
[423.483s][info ][gc,cpu       ] GC(588) User=0.01s Sys=0.00s Real=0.00s
[423.483s][info ][safepoint    ] Leaving safepoint region
[423.483s][info ][safepoint    ] Total time for which application threads were stopped: 0.0038969 seconds, Stopping threads took: 0.0000167 seconds
[424.569s][info ][safepoint    ] Application time: 1.0858146 seconds
[424.569s][info ][safepoint    ] Entering safepoint region: GenCollectForAllocation
[424.569s][info ][gc,start     ] GC(589) Pause Young (Allocation Failure)
[424.569s][info ][gc,task      ] GC(589) Using 4 workers of 4 for evacuation
[424.573s][debug][gc,ref       ] GC(589) Skipped phase1 of Reference Processing due to unavailable references
[424.573s][debug][gc,ref       ] GC(589) Skipped phase3 of Reference Processing due to unavailable references
[424.573s][debug][gc,ref       ] GC(589) Skipped phase4 of Reference Processing due to unavailable references
[424.573s][debug][gc,age       ] GC(589) Desired survivor size 15368192 bytes, new threshold 6 (max threshold 6)
[424.573s][info ][gc,heap      ] GC(589) ParNew: 241558K->1332K(270336K)
[424.573s][info ][gc,heap      ] GC(589) CMS: 465955K->466030K(600768K)
[424.573s][info ][gc,metaspace ] GC(589) Metaspace: 64577K->64577K(1107968K)
[424.573s][info ][gc           ] GC(589) Pause Young (Allocation Failure) 690M->456M(850M) 3.901ms
[424.573s][info ][gc,cpu       ] GC(589) User=0.01s Sys=0.00s Real=0.00s
[424.573s][info ][safepoint    ] Leaving safepoint region
[424.573s][info ][safepoint    ] Total time for which application threads were stopped: 0.0040306 seconds, Stopping threads took: 0.0000144 seconds
[425.573s][info ][safepoint    ] Application time: 1.0001311 seconds
[425.573s][info ][safepoint    ] Entering safepoint region: Cleanup
[425.573s][info ][safepoint    ] Leaving safepoint region
[425.573s][info ][safepoint    ] Total time for which application threads were stopped: 0.0002521 seconds, Stopping threads took: 0.0000436 seconds
[425.717s][info ][safepoint    ] Application time: 0.1434332 seconds
[425.717s][info ][safepoint    ] Entering safepoint region: GenCollectForAllocation
[425.717s][info ][gc,start     ] GC(590) Pause Young (Allocation Failure)
[425.717s][info ][gc,task      ] GC(590) Using 4 workers of 4 for evacuation
[425.720s][debug][gc,ref       ] GC(590) Skipped phase1 of Reference Processing due to unavailable references
[425.720s][debug][gc,ref       ] GC(590) Skipped phase2 of Reference Processing due to unavailable references
[425.720s][debug][gc,ref       ] GC(590) Skipped phase3 of Reference Processing due to unavailable references
[425.720s][debug][gc,ref       ] GC(590) Skipped phase4 of Reference Processing due to unavailable references
[425.721s][debug][gc,age       ] GC(590) Desired survivor size 15368192 bytes, new threshold 6 (max threshold 6)
[425.721s][info ][gc,heap      ] GC(590) ParNew: 241652K->1520K(270336K)
[425.721s][info ][gc,heap      ] GC(590) CMS: 466030K->466093K(600768K)
[425.721s][info ][gc,metaspace ] GC(590) Metaspace: 64577K->64577K(1107968K)
[425.721s][info ][gc           ] GC(590) Pause Young (Allocation Failure) 691M->456M(850M) 3.688ms
[425.721s][info ][gc,cpu       ] GC(590) User=0.01s Sys=0.00s Real=0.00s
[425.721s][info ][safepoint    ] Leaving safepoint region
[425.721s][info ][safepoint    ] Total time for which application threads were stopped: 0.0038330 seconds, Stopping threads took: 0.0000156 seconds
[426.874s][info ][safepoint    ] Application time: 1.1535908 seconds
[426.874s][info ][safepoint    ] Entering safepoint region: GenCollectForAllocation
[426.875s][info ][gc,start     ] GC(591) Pause Young (Allocation Failure)
[426.875s][info ][gc,task      ] GC(591) Using 4 workers of 4 for evacuation
[426.878s][debug][gc,ref       ] GC(591) Skipped phase1 of Reference Processing due to unavailable references
[426.878s][debug][gc,ref       ] GC(591) Skipped phase2 of Reference Processing due to unavailable references
[426.878s][debug][gc,ref       ] GC(591) Skipped phase3 of Reference Processing due to unavailable references
[426.878s][debug][gc,ref       ] GC(591) Skipped phase4 of Reference Processing due to unavailable references
[426.878s][debug][gc,age       ] GC(591) Desired survivor size 15368192 bytes, new threshold 6 (max threshold 6)
[426.878s][info ][gc,heap      ] GC(591) ParNew: 241840K->1147K(270336K)
[426.878s][info ][gc,heap      ] GC(591) CMS: 466093K->466145K(600768K)
[426.878s][info ][gc,metaspace ] GC(591) Metaspace: 64577K->64577K(1107968K)
[426.878s][info ][gc           ] GC(591) Pause Young (Allocation Failure) 691M->456M(850M) 3.616ms
[426.878s][info ][gc,cpu       ] GC(591) User=0.01s Sys=0.00s Real=0.01s
[426.878s][info ][safepoint    ] Leaving safepoint region
[426.878s][info ][safepoint    ] Total time for which application threads were stopped: 0.0037718 seconds, Stopping threads took: 0.0000159 seconds
[428.048s][info ][safepoint    ] Application time: 1.1694899 seconds
[428.048s][info ][safepoint    ] Entering safepoint region: GenCollectForAllocation
[428.048s][info ][gc,start     ] GC(592) Pause Young (Allocation Failure)
[428.048s][info ][gc,task      ] GC(592) Using 4 workers of 4 for evacuation
[428.051s][debug][gc,ref       ] GC(592) Skipped phase1 of Reference Processing due to unavailable references
[428.051s][debug][gc,ref       ] GC(592) Skipped phase2 of Reference Processing due to unavailable references
[428.051s][debug][gc,ref       ] GC(592) Skipped phase3 of Reference Processing due to unavailable references
[428.051s][debug][gc,ref       ] GC(592) Skipped phase4 of Reference Processing due to unavailable references
[428.051s][debug][gc,age       ] GC(592) Desired survivor size 15368192 bytes, new threshold 6 (max threshold 6)
[428.051s][info ][gc,heap      ] GC(592) ParNew: 241467K->1391K(270336K)
[428.051s][info ][gc,heap      ] GC(592) CMS: 466145K->466213K(600768K)
[428.051s][info ][gc,metaspace ] GC(592) Metaspace: 64577K->64577K(1107968K)
[428.051s][info ][gc           ] GC(592) Pause Young (Allocation Failure) 691M->456M(850M) 3.586ms
[428.051s][info ][gc,cpu       ] GC(592) User=0.01s Sys=0.00s Real=0.00s
[428.051s][info ][safepoint    ] Leaving safepoint region
[428.051s][info ][safepoint    ] Total time for which application threads were stopped: 0.0037525 seconds, Stopping threads took: 0.0000391 seconds
[429.052s][info ][safepoint    ] Application time: 1.0001552 seconds
[429.052s][info ][safepoint    ] Entering safepoint region: Cleanup
[429.052s][info ][safepoint    ] Leaving safepoint region
[429.052s][info ][safepoint    ] Total time for which application threads were stopped: 0.0001676 seconds, Stopping threads took: 0.0000854 seconds
[429.208s][info ][safepoint    ] Application time: 0.1560861 seconds
[429.208s][info ][safepoint    ] Entering safepoint region: GenCollectForAllocation
[429.208s][info ][gc,start     ] GC(593) Pause Young (Allocation Failure)
[429.208s][info ][gc,task      ] GC(593) Using 4 workers of 4 for evacuation
[429.211s][debug][gc,ref       ] GC(593) Skipped phase1 of Reference Processing due to unavailable references
[429.211s][debug][gc,ref       ] GC(593) Skipped phase3 of Reference Processing due to unavailable references
[429.212s][debug][gc,age       ] GC(593) Desired survivor size 15368192 bytes, new threshold 6 (max threshold 6)
[429.212s][info ][gc,heap      ] GC(593) ParNew: 241711K->925K(270336K)
[429.212s][info ][gc,heap      ] GC(593) CMS: 466213K->466320K(600768K)
[429.212s][info ][gc,metaspace ] GC(593) Metaspace: 64629K->64629K(1107968K)
[429.212s][info ][gc           ] GC(593) Pause Young (Allocation Failure) 691M->456M(850M) 3.476ms
[429.212s][info ][gc,cpu       ] GC(593) User=0.02s Sys=0.00s Real=0.00s
[429.212s][info ][safepoint    ] Leaving safepoint region
[429.212s][info ][safepoint    ] Total time for which application threads were stopped: 0.0036452 seconds, Stopping threads took: 0.0000160 seconds
[430.212s][info ][safepoint    ] Application time: 1.0000906 seconds
[430.212s][info ][safepoint    ] Entering safepoint region: Cleanup
[430.212s][info ][safepoint    ] Leaving safepoint region
[430.212s][info ][safepoint    ] Total time for which application threads were stopped: 0.0001799 seconds, Stopping threads took: 0.0000603 seconds
[430.375s][info ][safepoint    ] Application time: 0.1631632 seconds
[430.375s][info ][safepoint    ] Entering safepoint region: GenCollectForAllocation
[430.375s][info ][gc,start     ] GC(594) Pause Young (Allocation Failure)
[430.375s][info ][gc,task      ] GC(594) Using 4 workers of 4 for evacuation
[430.379s][debug][gc,ref       ] GC(594) Skipped phase1 of Reference Processing due to unavailable references
[430.379s][debug][gc,ref       ] GC(594) Skipped phase3 of Reference Processing due to unavailable references
[430.379s][debug][gc,ref       ] GC(594) Skipped phase4 of Reference Processing due to unavailable references
[430.379s][debug][gc,age       ] GC(594) Desired survivor size 15368192 bytes, new threshold 6 (max threshold 6)
[430.379s][info ][gc,heap      ] GC(594) ParNew: 241245K->1002K(270336K)
[430.379s][info ][gc,heap      ] GC(594) CMS: 466320K->466399K(600768K)
[430.379s][info ][gc,metaspace ] GC(594) Metaspace: 64629K->64629K(1107968K)
[430.379s][info ][gc           ] GC(594) Pause Young (Allocation Failure) 690M->456M(850M) 3.634ms
[430.379s][info ][gc,cpu       ] GC(594) User=0.01s Sys=0.00s Real=0.01s
[430.379s][info ][safepoint    ] Leaving safepoint region
[430.379s][info ][safepoint    ] Total time for which application threads were stopped: 0.0037783 seconds, Stopping threads took: 0.0000163 seconds
[431.379s][info ][safepoint    ] Application time: 1.0001265 seconds
[431.379s][info ][safepoint    ] Entering safepoint region: Cleanup
[431.379s][info ][safepoint    ] Leaving safepoint region
[431.379s][info ][safepoint    ] Total time for which application threads were stopped: 0.0001386 seconds, Stopping threads took: 0.0000582 seconds
[431.559s][info ][safepoint    ] Application time: 0.1795401 seconds
[431.559s][info ][safepoint    ] Entering safepoint region: GenCollectForAllocation
[431.559s][info ][gc,start     ] GC(595) Pause Young (Allocation Failure)
[431.559s][info ][gc,task      ] GC(595) Using 4 workers of 4 for evacuation
[431.562s][debug][gc,ref       ] GC(595) Skipped phase1 of Reference Processing due to unavailable references
[431.562s][debug][gc,ref       ] GC(595) Skipped phase3 of Reference Processing due to unavailable references
[431.562s][debug][gc,ref       ] GC(595) Skipped phase4 of Reference Processing due to unavailable references
[431.562s][debug][gc,age       ] GC(595) Desired survivor size 15368192 bytes, new threshold 6 (max threshold 6)
[431.563s][info ][gc,heap      ] GC(595) ParNew: 241322K->692K(270336K)
[431.563s][info ][gc,heap      ] GC(595) CMS: 466399K->466647K(600768K)
[431.563s][info ][gc,metaspace ] GC(595) Metaspace: 64630K->64630K(1107968K)
[431.563s][info ][gc           ] GC(595) Pause Young (Allocation Failure) 691M->456M(850M) 3.618ms
[431.563s][info ][gc,cpu       ] GC(595) User=0.01s Sys=0.00s Real=0.00s
[431.563s][info ][safepoint    ] Leaving safepoint region
[431.563s][info ][safepoint    ] Total time for which application threads were stopped: 0.0037687 seconds, Stopping threads took: 0.0000291 seconds
[432.733s][info ][safepoint    ] Application time: 1.1707995 seconds
[432.733s][info ][safepoint    ] Entering safepoint region: GenCollectForAllocation
[432.734s][info ][gc,start     ] GC(596) Pause Young (Allocation Failure)
[432.734s][info ][gc,task      ] GC(596) Using 4 workers of 4 for evacuation
[432.737s][debug][gc,ref       ] GC(596) Skipped phase1 of Reference Processing due to unavailable references
[432.737s][debug][gc,ref       ] GC(596) Skipped phase3 of Reference Processing due to unavailable references
[432.737s][debug][gc,ref       ] GC(596) Skipped phase4 of Reference Processing due to unavailable references
[432.737s][debug][gc,age       ] GC(596) Desired survivor size 15368192 bytes, new threshold 6 (max threshold 6)
[432.737s][info ][gc,heap      ] GC(596) ParNew: 241012K->488K(270336K)
[432.737s][info ][gc,heap      ] GC(596) CMS: 466647K->466726K(600768K)
[432.737s][info ][gc,metaspace ] GC(596) Metaspace: 64630K->64630K(1107968K)
[432.737s][info ][gc           ] GC(596) Pause Young (Allocation Failure) 691M->456M(850M) 3.488ms
[432.737s][info ][gc,cpu       ] GC(596) User=0.02s Sys=0.00s Real=0.01s
[432.737s][info ][safepoint    ] Leaving safepoint region
[432.737s][info ][safepoint    ] Total time for which application threads were stopped: 0.0036384 seconds, Stopping threads took: 0.0000155 seconds
[433.737s][info ][safepoint    ] Application time: 1.0001127 seconds
[433.737s][info ][safepoint    ] Entering safepoint region: Cleanup
[433.737s][info ][safepoint    ] Leaving safepoint region
[433.737s][info ][safepoint    ] Total time for which application threads were stopped: 0.0001048 seconds, Stopping threads took: 0.0000157 seconds
[433.900s][info ][safepoint    ] Application time: 0.1625740 seconds
[433.900s][info ][safepoint    ] Entering safepoint region: GenCollectForAllocation
[433.900s][info ][gc,start     ] GC(597) Pause Young (Allocation Failure)
[433.900s][info ][gc,task      ] GC(597) Using 4 workers of 4 for evacuation
[433.903s][debug][gc,ref       ] GC(597) Skipped phase1 of Reference Processing due to unavailable references
[433.903s][debug][gc,ref       ] GC(597) Skipped phase3 of Reference Processing due to unavailable references
[433.903s][debug][gc,ref       ] GC(597) Skipped phase4 of Reference Processing due to unavailable references
[433.903s][debug][gc,age       ] GC(597) Desired survivor size 15368192 bytes, new threshold 6 (max threshold 6)
[433.903s][info ][gc,heap      ] GC(597) ParNew: 240808K->541K(270336K)
[433.903s][info ][gc,heap      ] GC(597) CMS: 466726K->466763K(600768K)
[433.903s][info ][gc,metaspace ] GC(597) Metaspace: 64630K->64630K(1107968K)
[433.903s][info ][gc           ] GC(597) Pause Young (Allocation Failure) 690M->456M(850M) 3.321ms
[433.903s][info ][gc,cpu       ] GC(597) User=0.01s Sys=0.00s Real=0.00s
[433.903s][info ][safepoint    ] Leaving safepoint region
[433.903s][info ][safepoint    ] Total time for which application threads were stopped: 0.0034659 seconds, Stopping threads took: 0.0000159 seconds
[434.903s][info ][safepoint    ] Application time: 1.0000981 seconds
[434.904s][info ][safepoint    ] Entering safepoint region: Cleanup
[434.904s][info ][safepoint    ] Leaving safepoint region
[434.904s][info ][safepoint    ] Total time for which application threads were stopped: 0.0001342 seconds, Stopping threads took: 0.0000423 seconds
[435.061s][info ][safepoint    ] Application time: 0.1571754 seconds
[435.061s][info ][safepoint    ] Entering safepoint region: GenCollectForAllocation
[435.061s][info ][gc,start     ] GC(598) Pause Young (Allocation Failure)
[435.061s][info ][gc,task      ] GC(598) Using 4 workers of 4 for evacuation
[435.064s][debug][gc,ref       ] GC(598) Skipped phase1 of Reference Processing due to unavailable references
[435.064s][debug][gc,ref       ] GC(598) Skipped phase3 of Reference Processing due to unavailable references
[435.064s][debug][gc,ref       ] GC(598) Skipped phase4 of Reference Processing due to unavailable references
[435.064s][debug][gc,age       ] GC(598) Desired survivor size 15368192 bytes, new threshold 6 (max threshold 6)
[435.064s][info ][gc,heap      ] GC(598) ParNew: 240861K->624K(270336K)
[435.064s][info ][gc,heap      ] GC(598) CMS: 466763K->466765K(600768K)
[435.064s][info ][gc,metaspace ] GC(598) Metaspace: 64630K->64630K(1107968K)
[435.065s][info ][gc           ] GC(598) Pause Young (Allocation Failure) 691M->456M(850M) 3.528ms
[435.065s][info ][gc,cpu       ] GC(598) User=0.02s Sys=0.00s Real=0.00s
[435.065s][info ][safepoint    ] Leaving safepoint region
[435.065s][info ][safepoint    ] Total time for which application threads were stopped: 0.0037003 seconds, Stopping threads took: 0.0000151 seconds
[436.220s][info ][safepoint    ] Application time: 1.1555089 seconds
[436.220s][info ][safepoint    ] Entering safepoint region: GenCollectForAllocation
[436.220s][info ][gc,start     ] GC(599) Pause Young (Allocation Failure)
[436.220s][info ][gc,task      ] GC(599) Using 4 workers of 4 for evacuation
[436.223s][debug][gc,ref       ] GC(599) Skipped phase1 of Reference Processing due to unavailable references
[436.223s][debug][gc,ref       ] GC(599) Skipped phase2 of Reference Processing due to unavailable references
[436.223s][debug][gc,ref       ] GC(599) Skipped phase3 of Reference Processing due to unavailable references
[436.223s][debug][gc,ref       ] GC(599) Skipped phase4 of Reference Processing due to unavailable references
[436.223s][debug][gc,age       ] GC(599) Desired survivor size 15368192 bytes, new threshold 6 (max threshold 6)
[436.223s][info ][gc,heap      ] GC(599) ParNew: 240944K->682K(270336K)
[436.223s][info ][gc,heap      ] GC(599) CMS: 466765K->466792K(600768K)
[436.223s][info ][gc,metaspace ] GC(599) Metaspace: 64630K->64630K(1107968K)
[436.223s][info ][gc           ] GC(599) Pause Young (Allocation Failure) 691M->456M(850M) 3.253ms
[436.223s][info ][gc,cpu       ] GC(599) User=0.02s Sys=0.00s Real=0.00s
[436.224s][info ][safepoint    ] Leaving safepoint region
[436.224s][info ][safepoint    ] Total time for which application threads were stopped: 0.0034053 seconds, Stopping threads took: 0.0000165 seconds
[437.384s][info ][safepoint    ] Application time: 1.1600375 seconds
[437.384s][info ][safepoint    ] Entering safepoint region: GenCollectForAllocation
[437.384s][info ][gc,start     ] GC(600) Pause Young (Allocation Failure)
[437.384s][info ][gc,task      ] GC(600) Using 4 workers of 4 for evacuation
[437.387s][debug][gc,ref       ] GC(600) Skipped phase1 of Reference Processing due to unavailable references
[437.387s][debug][gc,ref       ] GC(600) Skipped phase2 of Reference Processing due to unavailable references
[437.387s][debug][gc,ref       ] GC(600) Skipped phase3 of Reference Processing due to unavailable references
[437.387s][debug][gc,ref       ] GC(600) Skipped phase4 of Reference Processing due to unavailable references
[437.387s][debug][gc,age       ] GC(600) Desired survivor size 15368192 bytes, new threshold 6 (max threshold 6)
[437.387s][info ][gc,heap      ] GC(600) ParNew: 241002K->630K(270336K)
[437.387s][info ][gc,heap      ] GC(600) CMS: 466792K->466828K(600768K)
[437.387s][info ][gc,metaspace ] GC(600) Metaspace: 64630K->64630K(1107968K)
[437.387s][info ][gc           ] GC(600) Pause Young (Allocation Failure) 691M->456M(850M) 3.260ms
[437.387s][info ][gc,cpu       ] GC(600) User=0.01s Sys=0.00s Real=0.00s
[437.387s][info ][safepoint    ] Leaving safepoint region
[437.387s][info ][safepoint    ] Total time for which application threads were stopped: 0.0034165 seconds, Stopping threads took: 0.0000164 seconds
[438.387s][info ][safepoint    ] Application time: 1.0001355 seconds
[438.387s][info ][safepoint    ] Entering safepoint region: Cleanup
[438.387s][info ][safepoint    ] Leaving safepoint region
[438.387s][info ][safepoint    ] Total time for which application threads were stopped: 0.0000762 seconds, Stopping threads took: 0.0000171 seconds
[438.560s][info ][safepoint    ] Application time: 0.1732097 seconds
[438.561s][info ][safepoint    ] Entering safepoint region: GenCollectForAllocation
[438.561s][info ][gc,start     ] GC(601) Pause Young (Allocation Failure)
[438.561s][info ][gc,task      ] GC(601) Using 4 workers of 4 for evacuation
[438.563s][debug][gc,ref       ] GC(601) Skipped phase1 of Reference Processing due to unavailable references
[438.563s][debug][gc,ref       ] GC(601) Skipped phase2 of Reference Processing due to unavailable references
[438.563s][debug][gc,ref       ] GC(601) Skipped phase3 of Reference Processing due to unavailable references
[438.563s][debug][gc,ref       ] GC(601) Skipped phase4 of Reference Processing due to unavailable references
[438.564s][debug][gc,age       ] GC(601) Desired survivor size 15368192 bytes, new threshold 6 (max threshold 6)
[438.564s][info ][gc,heap      ] GC(601) ParNew: 240950K->593K(270336K)
[438.564s][info ][gc,heap      ] GC(601) CMS: 466828K->466920K(600768K)
[438.564s][info ][gc,metaspace ] GC(601) Metaspace: 64630K->64630K(1107968K)
[438.564s][info ][gc           ] GC(601) Pause Young (Allocation Failure) 691M->456M(850M) 2.973ms
[438.564s][info ][gc,cpu       ] GC(601) User=0.01s Sys=0.00s Real=0.00s
[438.564s][info ][safepoint    ] Leaving safepoint region
[438.564s][info ][safepoint    ] Total time for which application threads were stopped: 0.0031225 seconds, Stopping threads took: 0.0000160 seconds
[439.564s][info ][safepoint    ] Application time: 1.0001701 seconds
[439.564s][info ][safepoint    ] Entering safepoint region: Cleanup
[439.564s][info ][safepoint    ] Leaving safepoint region
[439.564s][info ][safepoint    ] Total time for which application threads were stopped: 0.0001116 seconds, Stopping threads took: 0.0000435 seconds
[439.699s][info ][safepoint    ] Application time: 0.1345503 seconds
[439.699s][info ][safepoint    ] Entering safepoint region: GenCollectForAllocation
[439.699s][info ][gc,start     ] GC(602) Pause Young (Allocation Failure)
[439.699s][info ][gc,task      ] GC(602) Using 4 workers of 4 for evacuation
[439.702s][debug][gc,ref       ] GC(602) Skipped phase1 of Reference Processing due to unavailable references
[439.702s][debug][gc,ref       ] GC(602) Skipped phase2 of Reference Processing due to unavailable references
[439.702s][debug][gc,ref       ] GC(602) Skipped phase3 of Reference Processing due to unavailable references
[439.702s][debug][gc,ref       ] GC(602) Skipped phase4 of Reference Processing due to unavailable references
[439.702s][debug][gc,age       ] GC(602) Desired survivor size 15368192 bytes, new threshold 6 (max threshold 6)
[439.702s][info ][gc,heap      ] GC(602) ParNew: 240913K->689K(270336K)
[439.702s][info ][gc,heap      ] GC(602) CMS: 466920K->466930K(600768K)
[439.702s][info ][gc,metaspace ] GC(602) Metaspace: 64631K->64631K(1107968K)
[439.702s][info ][gc           ] GC(602) Pause Young (Allocation Failure) 691M->456M(850M) 3.128ms
[439.702s][info ][gc,cpu       ] GC(602) User=0.01s Sys=0.00s Real=0.00s
[439.702s][info ][safepoint    ] Leaving safepoint region
[439.702s][info ][safepoint    ] Total time for which application threads were stopped: 0.0033434 seconds, Stopping threads took: 0.0000408 seconds
[440.702s][info ][safepoint    ] Application time: 1.0001078 seconds
[440.702s][info ][safepoint    ] Entering safepoint region: Cleanup
[440.702s][info ][safepoint    ] Leaving safepoint region
[440.702s][info ][safepoint    ] Total time for which application threads were stopped: 0.0001408 seconds, Stopping threads took: 0.0000604 seconds
[440.865s][info ][safepoint    ] Application time: 0.1628249 seconds
[440.865s][info ][safepoint    ] Entering safepoint region: GenCollectForAllocation
[440.865s][info ][gc,start     ] GC(603) Pause Young (Allocation Failure)
[440.865s][info ][gc,task      ] GC(603) Using 4 workers of 4 for evacuation
[440.868s][debug][gc,ref       ] GC(603) Skipped phase1 of Reference Processing due to unavailable references
[440.868s][debug][gc,ref       ] GC(603) Skipped phase3 of Reference Processing due to unavailable references
[440.868s][debug][gc,age       ] GC(603) Desired survivor size 15368192 bytes, new threshold 6 (max threshold 6)
[440.868s][info ][gc,heap      ] GC(603) ParNew: 241009K->642K(270336K)
[440.868s][info ][gc,heap      ] GC(603) CMS: 466930K->467009K(600768K)
[440.868s][info ][gc,metaspace ] GC(603) Metaspace: 64634K->64634K(1107968K)
[440.868s][info ][gc           ] GC(603) Pause Young (Allocation Failure) 691M->456M(850M) 3.118ms
[440.868s][info ][gc,cpu       ] GC(603) User=0.01s Sys=0.00s Real=0.01s
[440.868s][info ][safepoint    ] Leaving safepoint region
[440.868s][info ][safepoint    ] Total time for which application threads were stopped: 0.0032728 seconds, Stopping threads took: 0.0000155 seconds
[441.869s][info ][safepoint    ] Application time: 1.0001393 seconds
[441.869s][info ][safepoint    ] Entering safepoint region: Cleanup
[441.869s][info ][safepoint    ] Leaving safepoint region
[441.869s][info ][safepoint    ] Total time for which application threads were stopped: 0.0001280 seconds, Stopping threads took: 0.0000413 seconds
[442.026s][info ][safepoint    ] Application time: 0.1569826 seconds
[442.026s][info ][safepoint    ] Entering safepoint region: GenCollectForAllocation
[442.026s][info ][gc,start     ] GC(604) Pause Young (Allocation Failure)
[442.026s][info ][gc,task      ] GC(604) Using 4 workers of 4 for evacuation
[442.029s][debug][gc,ref       ] GC(604) Skipped phase1 of Reference Processing due to unavailable references
[442.029s][debug][gc,ref       ] GC(604) Skipped phase3 of Reference Processing due to unavailable references
[442.029s][debug][gc,ref       ] GC(604) Skipped phase4 of Reference Processing due to unavailable references
[442.029s][debug][gc,age       ] GC(604) Desired survivor size 15368192 bytes, new threshold 6 (max threshold 6)
[442.029s][info ][gc,heap      ] GC(604) ParNew: 240962K->635K(270336K)
[442.029s][info ][gc,heap      ] GC(604) CMS: 467009K->467064K(600768K)
[442.029s][info ][gc,metaspace ] GC(604) Metaspace: 64636K->64636K(1107968K)
[442.029s][info ][gc           ] GC(604) Pause Young (Allocation Failure) 691M->456M(850M) 3.539ms
[442.029s][info ][gc,cpu       ] GC(604) User=0.01s Sys=0.00s Real=0.01s
[442.029s][info ][safepoint    ] Leaving safepoint region
[442.029s][info ][safepoint    ] Total time for which application threads were stopped: 0.0036760 seconds, Stopping threads took: 0.0000164 seconds
[443.030s][info ][safepoint    ] Application time: 1.0001330 seconds
[443.030s][info ][safepoint    ] Entering safepoint region: Cleanup
[443.030s][info ][safepoint    ] Leaving safepoint region
[443.030s][info ][safepoint    ] Total time for which application threads were stopped: 0.0001474 seconds, Stopping threads took: 0.0000736 seconds
[443.184s][info ][safepoint    ] Application time: 0.1539420 seconds
[443.184s][info ][safepoint    ] Entering safepoint region: GenCollectForAllocation
[443.184s][info ][gc,start     ] GC(605) Pause Young (Allocation Failure)
[443.184s][info ][gc,task      ] GC(605) Using 4 workers of 4 for evacuation
[443.187s][debug][gc,ref       ] GC(605) Skipped phase1 of Reference Processing due to unavailable references
[443.187s][debug][gc,ref       ] GC(605) Skipped phase3 of Reference Processing due to unavailable references
[443.187s][debug][gc,ref       ] GC(605) Skipped phase4 of Reference Processing due to unavailable references
[443.187s][debug][gc,age       ] GC(605) Desired survivor size 15368192 bytes, new threshold 6 (max threshold 6)
[443.187s][info ][gc,heap      ] GC(605) ParNew: 240955K->754K(270336K)
[443.187s][info ][gc,heap      ] GC(605) CMS: 467064K->467108K(600768K)
[443.187s][info ][gc,metaspace ] GC(605) Metaspace: 64636K->64636K(1107968K)
[443.187s][info ][gc           ] GC(605) Pause Young (Allocation Failure) 691M->456M(850M) 3.316ms
[443.187s][info ][gc,cpu       ] GC(605) User=0.01s Sys=0.00s Real=0.00s
[443.187s][info ][safepoint    ] Leaving safepoint region
[443.187s][info ][safepoint    ] Total time for which application threads were stopped: 0.0034917 seconds, Stopping threads took: 0.0000277 seconds
[444.187s][info ][safepoint    ] Application time: 1.0000917 seconds
[444.187s][info ][safepoint    ] Entering safepoint region: Cleanup
[444.187s][info ][safepoint    ] Leaving safepoint region
[444.187s][info ][safepoint    ] Total time for which application threads were stopped: 0.0000667 seconds, Stopping threads took: 0.0000172 seconds
[444.285s][info ][safepoint    ] Application time: 0.0974551 seconds
[444.285s][info ][safepoint    ] Entering safepoint region: GenCollectForAllocation
[444.285s][info ][gc,start     ] GC(606) Pause Young (Allocation Failure)
[444.285s][info ][gc,task      ] GC(606) Using 4 workers of 4 for evacuation
[444.288s][debug][gc,ref       ] GC(606) Skipped phase1 of Reference Processing due to unavailable references
[444.288s][debug][gc,ref       ] GC(606) Skipped phase3 of Reference Processing due to unavailable references
[444.288s][debug][gc,ref       ] GC(606) Skipped phase4 of Reference Processing due to unavailable references
[444.289s][debug][gc,age       ] GC(606) Desired survivor size 15368192 bytes, new threshold 6 (max threshold 6)
[444.289s][info ][gc,heap      ] GC(606) ParNew: 241074K->1035K(270336K)
[444.289s][info ][gc,heap      ] GC(606) CMS: 467108K->467122K(600768K)
[444.289s][info ][gc,metaspace ] GC(606) Metaspace: 64636K->64636K(1107968K)
[444.289s][info ][gc           ] GC(606) Pause Young (Allocation Failure) 691M->457M(850M) 3.546ms
[444.289s][info ][gc,cpu       ] GC(606) User=0.01s Sys=0.00s Real=0.01s
[444.289s][info ][safepoint    ] Leaving safepoint region
[444.289s][info ][safepoint    ] Total time for which application threads were stopped: 0.0037176 seconds, Stopping threads took: 0.0000162 seconds
[445.289s][info ][safepoint    ] Application time: 1.0001058 seconds
[445.289s][info ][safepoint    ] Entering safepoint region: Cleanup
[445.289s][info ][safepoint    ] Leaving safepoint region
[445.289s][info ][safepoint    ] Total time for which application threads were stopped: 0.0000770 seconds, Stopping threads took: 0.0000160 seconds
[445.437s][info ][safepoint    ] Application time: 0.1480630 seconds
[445.437s][info ][safepoint    ] Entering safepoint region: GenCollectForAllocation
[445.437s][info ][gc,start     ] GC(607) Pause Young (Allocation Failure)
[445.437s][info ][gc,task      ] GC(607) Using 4 workers of 4 for evacuation
[445.440s][debug][gc,ref       ] GC(607) Skipped phase1 of Reference Processing due to unavailable references
[445.440s][debug][gc,ref       ] GC(607) Skipped phase3 of Reference Processing due to unavailable references
[445.441s][debug][gc,ref       ] GC(607) Skipped phase4 of Reference Processing due to unavailable references
[445.441s][debug][gc,age       ] GC(607) Desired survivor size 15368192 bytes, new threshold 6 (max threshold 6)
[445.441s][info ][gc,heap      ] GC(607) ParNew: 241355K->1213K(270336K)
[445.441s][info ][gc,heap      ] GC(607) CMS: 467122K->467154K(600768K)
[445.441s][info ][gc,metaspace ] GC(607) Metaspace: 64637K->64637K(1107968K)
[445.441s][info ][gc           ] GC(607) Pause Young (Allocation Failure) 691M->457M(850M) 3.754ms
[445.441s][info ][gc,cpu       ] GC(607) User=0.02s Sys=0.00s Real=0.00s
[445.441s][info ][safepoint    ] Leaving safepoint region
[445.441s][info ][safepoint    ] Total time for which application threads were stopped: 0.0039098 seconds, Stopping threads took: 0.0000148 seconds
[446.441s][info ][safepoint    ] Application time: 1.0001081 seconds
[446.441s][info ][safepoint    ] Entering safepoint region: Cleanup
[446.441s][info ][safepoint    ] Leaving safepoint region
[446.441s][info ][safepoint    ] Total time for which application threads were stopped: 0.0000714 seconds, Stopping threads took: 0.0000158 seconds
[446.611s][info ][safepoint    ] Application time: 0.1697226 seconds
[446.611s][info ][safepoint    ] Entering safepoint region: GenCollectForAllocation
[446.611s][info ][gc,start     ] GC(608) Pause Young (Allocation Failure)
[446.611s][info ][gc,task      ] GC(608) Using 4 workers of 4 for evacuation
[446.615s][debug][gc,ref       ] GC(608) Skipped phase1 of Reference Processing due to unavailable references
[446.615s][debug][gc,ref       ] GC(608) Skipped phase3 of Reference Processing due to unavailable references
[446.615s][debug][gc,ref       ] GC(608) Skipped phase4 of Reference Processing due to unavailable references
[446.615s][debug][gc,age       ] GC(608) Desired survivor size 15368192 bytes, new threshold 6 (max threshold 6)
[446.615s][info ][gc,heap      ] GC(608) ParNew: 241533K->767K(270336K)
[446.615s][info ][gc,heap      ] GC(608) CMS: 467154K->467249K(600768K)
[446.615s][info ][gc,metaspace ] GC(608) Metaspace: 64637K->64637K(1107968K)
[446.615s][info ][gc           ] GC(608) Pause Young (Allocation Failure) 692M->457M(850M) 3.907ms
[446.615s][info ][gc,cpu       ] GC(608) User=0.01s Sys=0.00s Real=0.00s
[446.615s][info ][safepoint    ] Leaving safepoint region
[446.615s][info ][safepoint    ] Total time for which application threads were stopped: 0.0040664 seconds, Stopping threads took: 0.0000150 seconds
[447.615s][info ][safepoint    ] Application time: 1.0000977 seconds
[447.615s][info ][safepoint    ] Entering safepoint region: Cleanup
[447.615s][info ][safepoint    ] Leaving safepoint region
[447.615s][info ][safepoint    ] Total time for which application threads were stopped: 0.0001095 seconds, Stopping threads took: 0.0000444 seconds
[447.767s][info ][safepoint    ] Application time: 0.1514562 seconds
[447.767s][info ][safepoint    ] Entering safepoint region: GenCollectForAllocation
[447.767s][info ][gc,start     ] GC(609) Pause Young (Allocation Failure)
[447.767s][info ][gc,task      ] GC(609) Using 4 workers of 4 for evacuation
[447.770s][debug][gc,ref       ] GC(609) Skipped phase1 of Reference Processing due to unavailable references
[447.770s][debug][gc,ref       ] GC(609) Skipped phase2 of Reference Processing due to unavailable references
[447.770s][debug][gc,ref       ] GC(609) Skipped phase3 of Reference Processing due to unavailable references
[447.770s][debug][gc,ref       ] GC(609) Skipped phase4 of Reference Processing due to unavailable references
[447.770s][debug][gc,age       ] GC(609) Desired survivor size 15368192 bytes, new threshold 6 (max threshold 6)
[447.770s][info ][gc,heap      ] GC(609) ParNew: 241087K->1029K(270336K)
[447.770s][info ][gc,heap      ] GC(609) CMS: 467249K->467289K(600768K)
[447.770s][info ][gc,metaspace ] GC(609) Metaspace: 64637K->64637K(1107968K)
[447.770s][info ][gc           ] GC(609) Pause Young (Allocation Failure) 691M->457M(850M) 3.287ms
[447.770s][info ][gc,cpu       ] GC(609) User=0.01s Sys=0.00s Real=0.01s
[447.770s][info ][safepoint    ] Leaving safepoint region
[447.770s][info ][safepoint    ] Total time for which application threads were stopped: 0.0034297 seconds, Stopping threads took: 0.0000174 seconds
[448.933s][info ][safepoint    ] Application time: 1.1624500 seconds
[448.933s][info ][safepoint    ] Entering safepoint region: GenCollectForAllocation
[448.933s][info ][gc,start     ] GC(610) Pause Young (Allocation Failure)
[448.933s][info ][gc,task      ] GC(610) Using 4 workers of 4 for evacuation
[448.936s][debug][gc,ref       ] GC(610) Skipped phase1 of Reference Processing due to unavailable references
[448.936s][debug][gc,ref       ] GC(610) Skipped phase2 of Reference Processing due to unavailable references
[448.936s][debug][gc,ref       ] GC(610) Skipped phase3 of Reference Processing due to unavailable references
[448.936s][debug][gc,ref       ] GC(610) Skipped phase4 of Reference Processing due to unavailable references
[448.936s][debug][gc,age       ] GC(610) Desired survivor size 15368192 bytes, new threshold 6 (max threshold 6)
[448.936s][info ][gc,heap      ] GC(610) ParNew: 241349K->1091K(270336K)
[448.936s][info ][gc,heap      ] GC(610) CMS: 467289K->467340K(600768K)
[448.936s][info ][gc,metaspace ] GC(610) Metaspace: 64638K->64638K(1107968K)
[448.936s][info ][gc           ] GC(610) Pause Young (Allocation Failure) 692M->457M(850M) 3.536ms
[448.936s][info ][gc,cpu       ] GC(610) User=0.01s Sys=0.00s Real=0.01s
[448.936s][info ][safepoint    ] Leaving safepoint region
[448.936s][info ][safepoint    ] Total time for which application threads were stopped: 0.0036795 seconds, Stopping threads took: 0.0000171 seconds
[450.084s][info ][safepoint    ] Application time: 1.1479715 seconds
[450.084s][info ][safepoint    ] Entering safepoint region: GenCollectForAllocation
[450.084s][info ][gc,start     ] GC(611) Pause Young (Allocation Failure)
[450.084s][info ][gc,task      ] GC(611) Using 4 workers of 4 for evacuation
[450.087s][debug][gc,ref       ] GC(611) Skipped phase1 of Reference Processing due to unavailable references
[450.087s][debug][gc,ref       ] GC(611) Skipped phase2 of Reference Processing due to unavailable references
[450.087s][debug][gc,ref       ] GC(611) Skipped phase3 of Reference Processing due to unavailable references
[450.087s][debug][gc,ref       ] GC(611) Skipped phase4 of Reference Processing due to unavailable references
[450.088s][debug][gc,age       ] GC(611) Desired survivor size 15368192 bytes, new threshold 6 (max threshold 6)
[450.088s][info ][gc,heap      ] GC(611) ParNew: 241411K->868K(270336K)
[450.088s][info ][gc,heap      ] GC(611) CMS: 467340K->467388K(600768K)
[450.088s][info ][gc,metaspace ] GC(611) Metaspace: 64638K->64638K(1107968K)
[450.088s][info ][gc           ] GC(611) Pause Young (Allocation Failure) 692M->457M(850M) 3.262ms
[450.088s][info ][gc,cpu       ] GC(611) User=0.01s Sys=0.00s Real=0.00s
[450.088s][info ][safepoint    ] Leaving safepoint region
[450.088s][info ][safepoint    ] Total time for which application threads were stopped: 0.0034153 seconds, Stopping threads took: 0.0000154 seconds
[451.251s][info ][safepoint    ] Application time: 1.1629713 seconds
[451.251s][info ][safepoint    ] Entering safepoint region: GenCollectForAllocation
[451.251s][info ][gc,start     ] GC(612) Pause Young (Allocation Failure)
[451.251s][info ][gc,task      ] GC(612) Using 4 workers of 4 for evacuation
[451.254s][debug][gc,ref       ] GC(612) Skipped phase1 of Reference Processing due to unavailable references
[451.254s][debug][gc,ref       ] GC(612) Skipped phase2 of Reference Processing due to unavailable references
[451.254s][debug][gc,ref       ] GC(612) Skipped phase3 of Reference Processing due to unavailable references
[451.254s][debug][gc,ref       ] GC(612) Skipped phase4 of Reference Processing due to unavailable references
[451.255s][debug][gc,age       ] GC(612) Desired survivor size 15368192 bytes, new threshold 6 (max threshold 6)
[451.255s][info ][gc,heap      ] GC(612) ParNew: 241188K->848K(270336K)
[451.255s][info ][gc,heap      ] GC(612) CMS: 467388K->467498K(600768K)
[451.255s][info ][gc,metaspace ] GC(612) Metaspace: 64638K->64638K(1107968K)
[451.255s][info ][gc           ] GC(612) Pause Young (Allocation Failure) 691M->457M(850M) 3.745ms
[451.255s][info ][gc,cpu       ] GC(612) User=0.01s Sys=0.00s Real=0.00s
[451.255s][info ][safepoint    ] Leaving safepoint region
[451.255s][info ][safepoint    ] Total time for which application threads were stopped: 0.0039306 seconds, Stopping threads took: 0.0000143 seconds
[452.255s][info ][safepoint    ] Application time: 1.0001425 seconds
[452.255s][info ][safepoint    ] Entering safepoint region: Cleanup
[452.255s][info ][safepoint    ] Leaving safepoint region
[452.255s][info ][safepoint    ] Total time for which application threads were stopped: 0.0001059 seconds, Stopping threads took: 0.0000416 seconds
[452.412s][info ][safepoint    ] Application time: 0.1566916 seconds
[452.412s][info ][safepoint    ] Entering safepoint region: GenCollectForAllocation
[452.412s][info ][gc,start     ] GC(613) Pause Young (Allocation Failure)
[452.412s][info ][gc,task      ] GC(613) Using 4 workers of 4 for evacuation
[452.415s][debug][gc,ref       ] GC(613) Skipped phase1 of Reference Processing due to unavailable references
[452.415s][debug][gc,ref       ] GC(613) Skipped phase2 of Reference Processing due to unavailable references
[452.415s][debug][gc,ref       ] GC(613) Skipped phase3 of Reference Processing due to unavailable references
[452.415s][debug][gc,ref       ] GC(613) Skipped phase4 of Reference Processing due to unavailable references
[452.415s][debug][gc,age       ] GC(613) Desired survivor size 15368192 bytes, new threshold 6 (max threshold 6)
[452.415s][info ][gc,heap      ] GC(613) ParNew: 241168K->612K(270336K)
[452.415s][info ][gc,heap      ] GC(613) CMS: 467498K->467723K(600768K)
[452.415s][info ][gc,metaspace ] GC(613) Metaspace: 64638K->64638K(1107968K)
[452.415s][info ][gc           ] GC(613) Pause Young (Allocation Failure) 692M->457M(850M) 3.181ms
[452.415s][info ][gc,cpu       ] GC(613) User=0.01s Sys=0.00s Real=0.00s
[452.415s][info ][safepoint    ] Leaving safepoint region
[452.415s][info ][safepoint    ] Total time for which application threads were stopped: 0.0033587 seconds, Stopping threads took: 0.0000546 seconds
[453.575s][info ][safepoint    ] Application time: 1.1595700 seconds
[453.575s][info ][safepoint    ] Entering safepoint region: GenCollectForAllocation
[453.575s][info ][gc,start     ] GC(614) Pause Young (Allocation Failure)
[453.575s][info ][gc,task      ] GC(614) Using 4 workers of 4 for evacuation
[453.578s][debug][gc,ref       ] GC(614) Skipped phase1 of Reference Processing due to unavailable references
[453.578s][debug][gc,ref       ] GC(614) Skipped phase2 of Reference Processing due to unavailable references
[453.578s][debug][gc,ref       ] GC(614) Skipped phase3 of Reference Processing due to unavailable references
[453.578s][debug][gc,ref       ] GC(614) Skipped phase4 of Reference Processing due to unavailable references
[453.578s][debug][gc,age       ] GC(614) Desired survivor size 15368192 bytes, new threshold 6 (max threshold 6)
[453.578s][info ][gc,heap      ] GC(614) ParNew: 240932K->740K(270336K)
[453.578s][info ][gc,heap      ] GC(614) CMS: 467723K->467731K(600768K)
[453.578s][info ][gc,metaspace ] GC(614) Metaspace: 64638K->64638K(1107968K)
[453.578s][info ][gc           ] GC(614) Pause Young (Allocation Failure) 692M->457M(850M) 3.264ms
[453.578s][info ][gc,cpu       ] GC(614) User=0.01s Sys=0.00s Real=0.01s
[453.578s][info ][safepoint    ] Leaving safepoint region
[453.578s][info ][safepoint    ] Total time for which application threads were stopped: 0.0034179 seconds, Stopping threads took: 0.0000162 seconds
[454.733s][info ][safepoint    ] Application time: 1.1546538 seconds
[454.733s][info ][safepoint    ] Entering safepoint region: GenCollectForAllocation
[454.733s][info ][gc,start     ] GC(615) Pause Young (Allocation Failure)
[454.733s][info ][gc,task      ] GC(615) Using 4 workers of 4 for evacuation
[454.736s][debug][gc,ref       ] GC(615) Skipped phase1 of Reference Processing due to unavailable references
[454.736s][debug][gc,ref       ] GC(615) Skipped phase2 of Reference Processing due to unavailable references
[454.736s][debug][gc,ref       ] GC(615) Skipped phase3 of Reference Processing due to unavailable references
[454.736s][debug][gc,ref       ] GC(615) Skipped phase4 of Reference Processing due to unavailable references
[454.736s][debug][gc,age       ] GC(615) Desired survivor size 15368192 bytes, new threshold 6 (max threshold 6)
[454.736s][info ][gc,heap      ] GC(615) ParNew: 241060K->560K(270336K)
[454.736s][info ][gc,heap      ] GC(615) CMS: 467731K->467782K(600768K)
[454.736s][info ][gc,metaspace ] GC(615) Metaspace: 64638K->64638K(1107968K)
[454.736s][info ][gc           ] GC(615) Pause Young (Allocation Failure) 692M->457M(850M) 3.192ms
[454.736s][info ][gc,cpu       ] GC(615) User=0.01s Sys=0.00s Real=0.01s
[454.736s][info ][safepoint    ] Leaving safepoint region
[454.736s][info ][safepoint    ] Total time for which application threads were stopped: 0.0033361 seconds, Stopping threads took: 0.0000169 seconds
[455.904s][info ][safepoint    ] Application time: 1.1681274 seconds
[455.904s][info ][safepoint    ] Entering safepoint region: GenCollectForAllocation
[455.904s][info ][gc,start     ] GC(616) Pause Young (Allocation Failure)
[455.904s][info ][gc,task      ] GC(616) Using 4 workers of 4 for evacuation
[455.907s][debug][gc,ref       ] GC(616) Skipped phase1 of Reference Processing due to unavailable references
[455.907s][debug][gc,ref       ] GC(616) Skipped phase2 of Reference Processing due to unavailable references
[455.907s][debug][gc,ref       ] GC(616) Skipped phase3 of Reference Processing due to unavailable references
[455.907s][debug][gc,ref       ] GC(616) Skipped phase4 of Reference Processing due to unavailable references
[455.907s][debug][gc,age       ] GC(616) Desired survivor size 15368192 bytes, new threshold 6 (max threshold 6)
[455.907s][info ][gc,heap      ] GC(616) ParNew: 240880K->532K(270336K)
[455.907s][info ][gc,heap      ] GC(616) CMS: 467782K->467864K(600768K)
[455.907s][info ][gc,metaspace ] GC(616) Metaspace: 64638K->64638K(1107968K)
[455.907s][info ][gc           ] GC(616) Pause Young (Allocation Failure) 692M->457M(850M) 3.143ms
[455.908s][info ][gc,cpu       ] GC(616) User=0.01s Sys=0.00s Real=0.00s
[455.908s][info ][safepoint    ] Leaving safepoint region
[455.908s][info ][safepoint    ] Total time for which application threads were stopped: 0.0032872 seconds, Stopping threads took: 0.0000162 seconds
[457.072s][info ][safepoint    ] Application time: 1.1640608 seconds
[457.072s][info ][safepoint    ] Entering safepoint region: GenCollectForAllocation
[457.072s][info ][gc,start     ] GC(617) Pause Young (Allocation Failure)
[457.072s][info ][gc,task      ] GC(617) Using 4 workers of 4 for evacuation
[457.075s][debug][gc,ref       ] GC(617) Skipped phase1 of Reference Processing due to unavailable references
[457.075s][debug][gc,ref       ] GC(617) Skipped phase2 of Reference Processing due to unavailable references
[457.075s][debug][gc,ref       ] GC(617) Skipped phase3 of Reference Processing due to unavailable references
[457.075s][debug][gc,ref       ] GC(617) Skipped phase4 of Reference Processing due to unavailable references
[457.075s][debug][gc,age       ] GC(617) Desired survivor size 15368192 bytes, new threshold 6 (max threshold 6)
[457.075s][info ][gc,heap      ] GC(617) ParNew: 240852K->555K(270336K)
[457.075s][info ][gc,heap      ] GC(617) CMS: 467864K->467897K(600768K)
[457.075s][info ][gc,metaspace ] GC(617) Metaspace: 64638K->64638K(1107968K)
[457.075s][info ][gc           ] GC(617) Pause Young (Allocation Failure) 692M->457M(850M) 3.293ms
[457.075s][info ][gc,cpu       ] GC(617) User=0.01s Sys=0.00s Real=0.00s
[457.075s][info ][safepoint    ] Leaving safepoint region
[457.075s][info ][safepoint    ] Total time for which application threads were stopped: 0.0035268 seconds, Stopping threads took: 0.0000288 seconds
[458.075s][info ][safepoint    ] Application time: 1.0001034 seconds
[458.075s][info ][safepoint    ] Entering safepoint region: Cleanup
[458.075s][info ][safepoint    ] Leaving safepoint region
[458.075s][info ][safepoint    ] Total time for which application threads were stopped: 0.0001499 seconds, Stopping threads took: 0.0000759 seconds
[458.231s][info ][safepoint    ] Application time: 0.1554310 seconds
[458.231s][info ][safepoint    ] Entering safepoint region: GenCollectForAllocation
[458.231s][info ][gc,start     ] GC(618) Pause Young (Allocation Failure)
[458.231s][info ][gc,task      ] GC(618) Using 4 workers of 4 for evacuation
[458.234s][debug][gc,ref       ] GC(618) Skipped phase1 of Reference Processing due to unavailable references
[458.234s][debug][gc,ref       ] GC(618) Skipped phase2 of Reference Processing due to unavailable references
[458.234s][debug][gc,ref       ] GC(618) Skipped phase3 of Reference Processing due to unavailable references
[458.234s][debug][gc,ref       ] GC(618) Skipped phase4 of Reference Processing due to unavailable references
[458.234s][debug][gc,age       ] GC(618) Desired survivor size 15368192 bytes, new threshold 6 (max threshold 6)
[458.234s][info ][gc,heap      ] GC(618) ParNew: 240875K->597K(270336K)
[458.234s][info ][gc,heap      ] GC(618) CMS: 467897K->467953K(600768K)
[458.234s][info ][gc,metaspace ] GC(618) Metaspace: 64638K->64638K(1107968K)
[458.234s][info ][gc           ] GC(618) Pause Young (Allocation Failure) 692M->457M(850M) 3.155ms
[458.234s][info ][gc,cpu       ] GC(618) User=0.01s Sys=0.00s Real=0.00s
[458.234s][info ][safepoint    ] Leaving safepoint region
[458.234s][info ][safepoint    ] Total time for which application threads were stopped: 0.0032900 seconds, Stopping threads took: 0.0000178 seconds
[459.375s][info ][safepoint    ] Application time: 1.1412467 seconds
[459.376s][info ][safepoint    ] Entering safepoint region: GenCollectForAllocation
[459.376s][info ][gc,start     ] GC(619) Pause Young (Allocation Failure)
[459.376s][info ][gc,task      ] GC(619) Using 4 workers of 4 for evacuation
[459.378s][debug][gc,ref       ] GC(619) Skipped phase1 of Reference Processing due to unavailable references
[459.378s][debug][gc,ref       ] GC(619) Skipped phase2 of Reference Processing due to unavailable references
[459.378s][debug][gc,ref       ] GC(619) Skipped phase3 of Reference Processing due to unavailable references
[459.378s][debug][gc,ref       ] GC(619) Skipped phase4 of Reference Processing due to unavailable references
[459.378s][debug][gc,age       ] GC(619) Desired survivor size 15368192 bytes, new threshold 6 (max threshold 6)
[459.378s][info ][gc,heap      ] GC(619) ParNew: 240917K->561K(270336K)
[459.378s][info ][gc,heap      ] GC(619) CMS: 467953K->467968K(600768K)
[459.378s][info ][gc,metaspace ] GC(619) Metaspace: 64643K->64643K(1107968K)
[459.378s][info ][gc           ] GC(619) Pause Young (Allocation Failure) 692M->457M(850M) 2.844ms
[459.378s][info ][gc,cpu       ] GC(619) User=0.01s Sys=0.00s Real=0.01s
[459.379s][info ][safepoint    ] Leaving safepoint region
[459.379s][info ][safepoint    ] Total time for which application threads were stopped: 0.0029833 seconds, Stopping threads took: 0.0000179 seconds
[460.533s][info ][safepoint    ] Application time: 1.1548149 seconds
[460.533s][info ][safepoint    ] Entering safepoint region: GenCollectForAllocation
[460.533s][info ][gc,start     ] GC(620) Pause Young (Allocation Failure)
[460.533s][info ][gc,task      ] GC(620) Using 4 workers of 4 for evacuation
[460.536s][debug][gc,ref       ] GC(620) Skipped phase1 of Reference Processing due to unavailable references
[460.536s][debug][gc,ref       ] GC(620) Skipped phase2 of Reference Processing due to unavailable references
[460.536s][debug][gc,ref       ] GC(620) Skipped phase3 of Reference Processing due to unavailable references
[460.536s][debug][gc,ref       ] GC(620) Skipped phase4 of Reference Processing due to unavailable references
[460.536s][debug][gc,age       ] GC(620) Desired survivor size 15368192 bytes, new threshold 6 (max threshold 6)
[460.536s][info ][gc,heap      ] GC(620) ParNew: 240881K->727K(270336K)
[460.536s][info ][gc,heap      ] GC(620) CMS: 467968K->468031K(600768K)
[460.536s][info ][gc,metaspace ] GC(620) Metaspace: 64643K->64643K(1107968K)
[460.536s][info ][gc           ] GC(620) Pause Young (Allocation Failure) 692M->457M(850M) 2.992ms
[460.536s][info ][gc,cpu       ] GC(620) User=0.01s Sys=0.00s Real=0.01s
[460.536s][info ][safepoint    ] Leaving safepoint region
[460.537s][info ][safepoint    ] Total time for which application threads were stopped: 0.0031286 seconds, Stopping threads took: 0.0000172 seconds
[461.537s][info ][safepoint    ] Application time: 1.0001340 seconds
[461.537s][info ][safepoint    ] Entering safepoint region: Cleanup
[461.537s][info ][safepoint    ] Leaving safepoint region
[461.537s][info ][safepoint    ] Total time for which application threads were stopped: 0.0000720 seconds, Stopping threads took: 0.0000165 seconds
[461.712s][info ][safepoint    ] Application time: 0.1748109 seconds
[461.712s][info ][safepoint    ] Entering safepoint region: GenCollectForAllocation
[461.712s][info ][gc,start     ] GC(621) Pause Young (Allocation Failure)
[461.712s][info ][gc,task      ] GC(621) Using 4 workers of 4 for evacuation
[461.715s][debug][gc,ref       ] GC(621) Skipped phase1 of Reference Processing due to unavailable references
[461.715s][debug][gc,ref       ] GC(621) Skipped phase3 of Reference Processing due to unavailable references
[461.715s][debug][gc,ref       ] GC(621) Skipped phase4 of Reference Processing due to unavailable references
[461.715s][debug][gc,age       ] GC(621) Desired survivor size 15368192 bytes, new threshold 6 (max threshold 6)
[461.715s][info ][gc,heap      ] GC(621) ParNew: 241047K->586K(270336K)
[461.715s][info ][gc,heap      ] GC(621) CMS: 468031K->468051K(600768K)
[461.715s][info ][gc,metaspace ] GC(621) Metaspace: 64643K->64643K(1107968K)
[461.715s][info ][gc           ] GC(621) Pause Young (Allocation Failure) 692M->457M(850M) 3.218ms
[461.715s][info ][gc,cpu       ] GC(621) User=0.01s Sys=0.01s Real=0.00s
[461.715s][info ][safepoint    ] Leaving safepoint region
[461.715s][info ][safepoint    ] Total time for which application threads were stopped: 0.0034200 seconds, Stopping threads took: 0.0000148 seconds
[462.882s][info ][safepoint    ] Application time: 1.1665583 seconds
[462.882s][info ][safepoint    ] Entering safepoint region: GenCollectForAllocation
[462.882s][info ][gc,start     ] GC(622) Pause Young (Allocation Failure)
[462.882s][info ][gc,task      ] GC(622) Using 4 workers of 4 for evacuation
[462.884s][debug][gc,ref       ] GC(622) Skipped phase1 of Reference Processing due to unavailable references
[462.885s][debug][gc,ref       ] GC(622) Skipped phase3 of Reference Processing due to unavailable references
[462.885s][debug][gc,ref       ] GC(622) Skipped phase4 of Reference Processing due to unavailable references
[462.885s][debug][gc,age       ] GC(622) Desired survivor size 15368192 bytes, new threshold 6 (max threshold 6)
[462.885s][info ][gc,heap      ] GC(622) ParNew: 240906K->693K(270336K)
[462.885s][info ][gc,heap      ] GC(622) CMS: 468051K->468064K(600768K)
[462.885s][info ][gc,metaspace ] GC(622) Metaspace: 64643K->64643K(1107968K)
[462.885s][info ][gc           ] GC(622) Pause Young (Allocation Failure) 692M->457M(850M) 3.073ms
[462.885s][info ][gc,cpu       ] GC(622) User=0.01s Sys=0.00s Real=0.00s
[462.885s][info ][safepoint    ] Leaving safepoint region
[462.885s][info ][safepoint    ] Total time for which application threads were stopped: 0.0032467 seconds, Stopping threads took: 0.0000385 seconds
[463.885s][info ][safepoint    ] Application time: 1.0001605 seconds
[463.885s][info ][safepoint    ] Entering safepoint region: Cleanup
[463.885s][info ][safepoint    ] Leaving safepoint region
[463.885s][info ][safepoint    ] Total time for which application threads were stopped: 0.0001538 seconds, Stopping threads took: 0.0000452 seconds
[464.031s][info ][safepoint    ] Application time: 0.1457785 seconds
[464.031s][info ][safepoint    ] Entering safepoint region: GenCollectForAllocation
[464.031s][info ][gc,start     ] GC(623) Pause Young (Allocation Failure)
[464.031s][info ][gc,task      ] GC(623) Using 4 workers of 4 for evacuation
[464.034s][debug][gc,ref       ] GC(623) Skipped phase1 of Reference Processing due to unavailable references
[464.034s][debug][gc,ref       ] GC(623) Skipped phase3 of Reference Processing due to unavailable references
[464.034s][debug][gc,ref       ] GC(623) Skipped phase4 of Reference Processing due to unavailable references
[464.035s][debug][gc,age       ] GC(623) Desired survivor size 15368192 bytes, new threshold 6 (max threshold 6)
[464.035s][info ][gc,heap      ] GC(623) ParNew: 241013K->1054K(270336K)
[464.035s][info ][gc,heap      ] GC(623) CMS: 468064K->468126K(600768K)
[464.035s][info ][gc,metaspace ] GC(623) Metaspace: 64666K->64666K(1110016K)
[464.035s][info ][gc           ] GC(623) Pause Young (Allocation Failure) 692M->458M(850M) 3.582ms
[464.035s][info ][gc,cpu       ] GC(623) User=0.01s Sys=0.00s Real=0.00s
[464.035s][info ][safepoint    ] Leaving safepoint region
[464.035s][info ][safepoint    ] Total time for which application threads were stopped: 0.0037312 seconds, Stopping threads took: 0.0000168 seconds
[465.182s][info ][safepoint    ] Application time: 1.1471274 seconds
[465.182s][info ][safepoint    ] Entering safepoint region: GenCollectForAllocation
[465.182s][info ][gc,start     ] GC(624) Pause Young (Allocation Failure)
[465.182s][info ][gc,task      ] GC(624) Using 4 workers of 4 for evacuation
[465.185s][debug][gc,ref       ] GC(624) Skipped phase1 of Reference Processing due to unavailable references
[465.185s][debug][gc,ref       ] GC(624) Skipped phase3 of Reference Processing due to unavailable references
[465.185s][debug][gc,ref       ] GC(624) Skipped phase4 of Reference Processing due to unavailable references
[465.185s][debug][gc,age       ] GC(624) Desired survivor size 15368192 bytes, new threshold 6 (max threshold 6)
[465.185s][info ][gc,heap      ] GC(624) ParNew: 241374K->1105K(270336K)
[465.185s][info ][gc,heap      ] GC(624) CMS: 468126K->468142K(600768K)
[465.185s][info ][gc,metaspace ] GC(624) Metaspace: 64666K->64666K(1110016K)
[465.185s][info ][gc           ] GC(624) Pause Young (Allocation Failure) 692M->458M(850M) 3.375ms
[465.185s][info ][gc,cpu       ] GC(624) User=0.02s Sys=0.00s Real=0.00s
[465.185s][info ][safepoint    ] Leaving safepoint region
[465.185s][info ][safepoint    ] Total time for which application threads were stopped: 0.0035209 seconds, Stopping threads took: 0.0000175 seconds
[466.186s][info ][safepoint    ] Application time: 1.0001014 seconds
[466.186s][info ][safepoint    ] Entering safepoint region: Cleanup
[466.186s][info ][safepoint    ] Leaving safepoint region
[466.186s][info ][safepoint    ] Total time for which application threads were stopped: 0.0000694 seconds, Stopping threads took: 0.0000164 seconds
[466.372s][info ][safepoint    ] Application time: 0.1858807 seconds
[466.372s][info ][safepoint    ] Entering safepoint region: GenCollectForAllocation
[466.372s][info ][gc,start     ] GC(625) Pause Young (Allocation Failure)
[466.372s][info ][gc,task      ] GC(625) Using 4 workers of 4 for evacuation
[466.375s][debug][gc,ref       ] GC(625) Skipped phase1 of Reference Processing due to unavailable references
[466.375s][debug][gc,ref       ] GC(625) Skipped phase3 of Reference Processing due to unavailable references
[466.375s][debug][gc,ref       ] GC(625) Skipped phase4 of Reference Processing due to unavailable references
[466.375s][debug][gc,age       ] GC(625) Desired survivor size 15368192 bytes, new threshold 6 (max threshold 6)
[466.375s][info ][gc,heap      ] GC(625) ParNew: 241425K->1063K(270336K)
[466.375s][info ][gc,heap      ] GC(625) CMS: 468142K->468192K(600768K)
[466.375s][info ][gc,metaspace ] GC(625) Metaspace: 64666K->64666K(1110016K)
[466.375s][info ][gc           ] GC(625) Pause Young (Allocation Failure) 692M->458M(850M) 3.371ms
[466.375s][info ][gc,cpu       ] GC(625) User=0.01s Sys=0.00s Real=0.00s
[466.375s][info ][safepoint    ] Leaving safepoint region
[466.375s][info ][safepoint    ] Total time for which application threads were stopped: 0.0035353 seconds, Stopping threads took: 0.0000163 seconds
[467.528s][info ][safepoint    ] Application time: 1.1528064 seconds
[467.528s][info ][safepoint    ] Entering safepoint region: GenCollectForAllocation
[467.528s][info ][gc,start     ] GC(626) Pause Young (Allocation Failure)
[467.528s][info ][gc,task      ] GC(626) Using 4 workers of 4 for evacuation
[467.531s][debug][gc,ref       ] GC(626) Skipped phase1 of Reference Processing due to unavailable references
[467.531s][debug][gc,ref       ] GC(626) Skipped phase3 of Reference Processing due to unavailable references
[467.531s][debug][gc,ref       ] GC(626) Skipped phase4 of Reference Processing due to unavailable references
[467.531s][debug][gc,age       ] GC(626) Desired survivor size 15368192 bytes, new threshold 6 (max threshold 6)
[467.531s][info ][gc,heap      ] GC(626) ParNew: 241383K->1076K(270336K)
[467.531s][info ][gc,heap      ] GC(626) CMS: 468192K->468253K(600768K)
[467.531s][info ][gc,metaspace ] GC(626) Metaspace: 64666K->64666K(1110016K)
[467.531s][info ][gc           ] GC(626) Pause Young (Allocation Failure) 692M->458M(850M) 3.345ms
[467.531s][info ][gc,cpu       ] GC(626) User=0.01s Sys=0.00s Real=0.00s
[467.532s][info ][safepoint    ] Leaving safepoint region
[467.532s][info ][safepoint    ] Total time for which application threads were stopped: 0.0034966 seconds, Stopping threads took: 0.0000176 seconds
[468.532s][info ][safepoint    ] Application time: 1.0001318 seconds
[468.532s][info ][safepoint    ] Entering safepoint region: Cleanup
[468.532s][info ][safepoint    ] Leaving safepoint region
[468.532s][info ][safepoint    ] Total time for which application threads were stopped: 0.0001130 seconds, Stopping threads took: 0.0000478 seconds
[468.682s][info ][safepoint    ] Application time: 0.1499641 seconds
[468.682s][info ][safepoint    ] Entering safepoint region: GenCollectForAllocation
[468.682s][info ][gc,start     ] GC(627) Pause Young (Allocation Failure)
[468.682s][info ][gc,task      ] GC(627) Using 4 workers of 4 for evacuation
[468.685s][debug][gc,ref       ] GC(627) Skipped phase1 of Reference Processing due to unavailable references
[468.685s][debug][gc,ref       ] GC(627) Skipped phase2 of Reference Processing due to unavailable references
[468.685s][debug][gc,ref       ] GC(627) Skipped phase3 of Reference Processing due to unavailable references
[468.685s][debug][gc,ref       ] GC(627) Skipped phase4 of Reference Processing due to unavailable references
[468.685s][debug][gc,age       ] GC(627) Desired survivor size 15368192 bytes, new threshold 6 (max threshold 6)
[468.685s][info ][gc,heap      ] GC(627) ParNew: 241396K->1129K(270336K)
[468.685s][info ][gc,heap      ] GC(627) CMS: 468253K->468290K(600768K)
[468.685s][info ][gc,metaspace ] GC(627) Metaspace: 64666K->64666K(1110016K)
[468.685s][info ][gc           ] GC(627) Pause Young (Allocation Failure) 693M->458M(850M) 3.521ms
[468.685s][info ][gc,cpu       ] GC(627) User=0.01s Sys=0.00s Real=0.00s
[468.685s][info ][safepoint    ] Leaving safepoint region
[468.685s][info ][safepoint    ] Total time for which application threads were stopped: 0.0036580 seconds, Stopping threads took: 0.0000166 seconds
[469.686s][info ][safepoint    ] Application time: 1.0001343 seconds
[469.686s][info ][safepoint    ] Entering safepoint region: Cleanup
[469.686s][info ][safepoint    ] Leaving safepoint region
[469.686s][info ][safepoint    ] Total time for which application threads were stopped: 0.0000770 seconds, Stopping threads took: 0.0000170 seconds
[469.867s][info ][safepoint    ] Application time: 0.1811392 seconds
[469.867s][info ][safepoint    ] Entering safepoint region: GenCollectForAllocation
[469.867s][info ][gc,start     ] GC(628) Pause Young (Allocation Failure)
[469.867s][info ][gc,task      ] GC(628) Using 4 workers of 4 for evacuation
[469.870s][debug][gc,ref       ] GC(628) Skipped phase1 of Reference Processing due to unavailable references
[469.870s][debug][gc,ref       ] GC(628) Skipped phase2 of Reference Processing due to unavailable references
[469.870s][debug][gc,ref       ] GC(628) Skipped phase3 of Reference Processing due to unavailable references
[469.870s][debug][gc,ref       ] GC(628) Skipped phase4 of Reference Processing due to unavailable references
[469.870s][debug][gc,age       ] GC(628) Desired survivor size 15368192 bytes, new threshold 6 (max threshold 6)
[469.870s][info ][gc,heap      ] GC(628) ParNew: 241449K->1138K(270336K)
[469.870s][info ][gc,heap      ] GC(628) CMS: 468290K->468313K(600768K)
[469.870s][info ][gc,metaspace ] GC(628) Metaspace: 64666K->64666K(1110016K)
[469.870s][info ][gc           ] GC(628) Pause Young (Allocation Failure) 693M->458M(850M) 3.392ms
[469.870s][info ][gc,cpu       ] GC(628) User=0.01s Sys=0.00s Real=0.01s
[469.870s][info ][safepoint    ] Leaving safepoint region
[469.870s][info ][safepoint    ] Total time for which application threads were stopped: 0.0035552 seconds, Stopping threads took: 0.0000180 seconds
[471.029s][info ][safepoint    ] Application time: 1.1590106 seconds
[471.030s][info ][safepoint    ] Entering safepoint region: GenCollectForAllocation
[471.030s][info ][gc,start     ] GC(629) Pause Young (Allocation Failure)
[471.030s][info ][gc,task      ] GC(629) Using 4 workers of 4 for evacuation
[471.033s][debug][gc,ref       ] GC(629) Skipped phase1 of Reference Processing due to unavailable references
[471.033s][debug][gc,ref       ] GC(629) Skipped phase2 of Reference Processing due to unavailable references
[471.033s][debug][gc,ref       ] GC(629) Skipped phase3 of Reference Processing due to unavailable references
[471.033s][debug][gc,ref       ] GC(629) Skipped phase4 of Reference Processing due to unavailable references
[471.033s][debug][gc,age       ] GC(629) Desired survivor size 15368192 bytes, new threshold 6 (max threshold 6)
[471.033s][info ][gc,heap      ] GC(629) ParNew: 241458K->608K(270336K)
[471.033s][info ][gc,heap      ] GC(629) CMS: 468313K->468795K(600768K)
[471.033s][info ][gc,metaspace ] GC(629) Metaspace: 64666K->64666K(1110016K)
[471.033s][info ][gc           ] GC(629) Pause Young (Allocation Failure) 693M->458M(850M) 3.411ms
[471.033s][info ][gc,cpu       ] GC(629) User=0.02s Sys=0.00s Real=0.00s
[471.033s][info ][safepoint    ] Leaving safepoint region
[471.033s][info ][safepoint    ] Total time for which application threads were stopped: 0.0035993 seconds, Stopping threads took: 0.0000161 seconds
[472.183s][info ][safepoint    ] Application time: 1.1495827 seconds
[472.183s][info ][safepoint    ] Entering safepoint region: GenCollectForAllocation
[472.183s][info ][gc,start     ] GC(630) Pause Young (Allocation Failure)
[472.183s][info ][gc,task      ] GC(630) Using 4 workers of 4 for evacuation
[472.186s][debug][gc,ref       ] GC(630) Skipped phase1 of Reference Processing due to unavailable references
[472.186s][debug][gc,ref       ] GC(630) Skipped phase2 of Reference Processing due to unavailable references
[472.186s][debug][gc,ref       ] GC(630) Skipped phase3 of Reference Processing due to unavailable references
[472.186s][debug][gc,ref       ] GC(630) Skipped phase4 of Reference Processing due to unavailable references
[472.186s][debug][gc,age       ] GC(630) Desired survivor size 15368192 bytes, new threshold 6 (max threshold 6)
[472.186s][info ][gc,heap      ] GC(630) ParNew: 240928K->574K(270336K)
[472.186s][info ][gc,heap      ] GC(630) CMS: 468795K->468884K(600768K)
[472.186s][info ][gc,metaspace ] GC(630) Metaspace: 64666K->64666K(1110016K)
[472.186s][info ][gc           ] GC(630) Pause Young (Allocation Failure) 693M->458M(850M) 3.529ms
[472.186s][info ][gc,cpu       ] GC(630) User=0.01s Sys=0.00s Real=0.00s
[472.186s][info ][safepoint    ] Leaving safepoint region
[472.186s][info ][safepoint    ] Total time for which application threads were stopped: 0.0036727 seconds, Stopping threads took: 0.0000178 seconds
[473.364s][info ][safepoint    ] Application time: 1.1777936 seconds
[473.364s][info ][safepoint    ] Entering safepoint region: GenCollectForAllocation
[473.364s][info ][gc,start     ] GC(631) Pause Young (Allocation Failure)
[473.364s][info ][gc,task      ] GC(631) Using 4 workers of 4 for evacuation
[473.367s][debug][gc,ref       ] GC(631) Skipped phase1 of Reference Processing due to unavailable references
[473.367s][debug][gc,ref       ] GC(631) Skipped phase2 of Reference Processing due to unavailable references
[473.367s][debug][gc,ref       ] GC(631) Skipped phase3 of Reference Processing due to unavailable references
[473.367s][debug][gc,ref       ] GC(631) Skipped phase4 of Reference Processing due to unavailable references
[473.367s][debug][gc,age       ] GC(631) Desired survivor size 15368192 bytes, new threshold 6 (max threshold 6)
[473.367s][info ][gc,heap      ] GC(631) ParNew: 240894K->620K(270336K)
[473.367s][info ][gc,heap      ] GC(631) CMS: 468884K->468928K(600768K)
[473.367s][info ][gc,metaspace ] GC(631) Metaspace: 64667K->64667K(1110016K)
[473.367s][info ][gc           ] GC(631) Pause Young (Allocation Failure) 693M->458M(850M) 3.043ms
[473.367s][info ][gc,cpu       ] GC(631) User=0.01s Sys=0.00s Real=0.00s
[473.367s][info ][safepoint    ] Leaving safepoint region
[473.367s][info ][safepoint    ] Total time for which application threads were stopped: 0.0031882 seconds, Stopping threads took: 0.0000165 seconds
[474.525s][info ][safepoint    ] Application time: 1.1574656 seconds
[474.525s][info ][safepoint    ] Entering safepoint region: GenCollectForAllocation
[474.525s][info ][gc,start     ] GC(632) Pause Young (Allocation Failure)
[474.525s][info ][gc,task      ] GC(632) Using 4 workers of 4 for evacuation
[474.528s][debug][gc,ref       ] GC(632) Skipped phase1 of Reference Processing due to unavailable references
[474.528s][debug][gc,ref       ] GC(632) Skipped phase2 of Reference Processing due to unavailable references
[474.528s][debug][gc,ref       ] GC(632) Skipped phase3 of Reference Processing due to unavailable references
[474.528s][debug][gc,ref       ] GC(632) Skipped phase4 of Reference Processing due to unavailable references
[474.528s][debug][gc,age       ] GC(632) Desired survivor size 15368192 bytes, new threshold 6 (max threshold 6)
[474.528s][info ][gc,heap      ] GC(632) ParNew: 240940K->750K(270336K)
[474.528s][info ][gc,heap      ] GC(632) CMS: 468928K->468938K(600768K)
[474.528s][info ][gc,metaspace ] GC(632) Metaspace: 64677K->64677K(1110016K)
[474.528s][info ][gc           ] GC(632) Pause Young (Allocation Failure) 693M->458M(850M) 3.244ms
[474.528s][info ][gc,cpu       ] GC(632) User=0.01s Sys=0.00s Real=0.01s
[474.528s][info ][safepoint    ] Leaving safepoint region
[474.528s][info ][safepoint    ] Total time for which application threads were stopped: 0.0033857 seconds, Stopping threads took: 0.0000166 seconds
[475.686s][info ][safepoint    ] Application time: 1.1572954 seconds
[475.686s][info ][safepoint    ] Entering safepoint region: GenCollectForAllocation
[475.686s][info ][gc,start     ] GC(633) Pause Young (Allocation Failure)
[475.686s][info ][gc,task      ] GC(633) Using 4 workers of 4 for evacuation
[475.689s][debug][gc,ref       ] GC(633) Skipped phase1 of Reference Processing due to unavailable references
[475.689s][debug][gc,ref       ] GC(633) Skipped phase2 of Reference Processing due to unavailable references
[475.689s][debug][gc,ref       ] GC(633) Skipped phase3 of Reference Processing due to unavailable references
[475.689s][debug][gc,ref       ] GC(633) Skipped phase4 of Reference Processing due to unavailable references
[475.689s][debug][gc,age       ] GC(633) Desired survivor size 15368192 bytes, new threshold 6 (max threshold 6)
[475.689s][info ][gc,heap      ] GC(633) ParNew: 241070K->600K(270336K)
[475.689s][info ][gc,heap      ] GC(633) CMS: 468938K->468990K(600768K)
[475.689s][info ][gc,metaspace ] GC(633) Metaspace: 64677K->64677K(1110016K)
[475.689s][info ][gc           ] GC(633) Pause Young (Allocation Failure) 693M->458M(850M) 3.436ms
[475.689s][info ][gc,cpu       ] GC(633) User=0.02s Sys=0.00s Real=0.01s
[475.689s][info ][safepoint    ] Leaving safepoint region
[475.689s][info ][safepoint    ] Total time for which application threads were stopped: 0.0035726 seconds, Stopping threads took: 0.0000156 seconds
[476.689s][info ][safepoint    ] Application time: 1.0001252 seconds
[476.689s][info ][safepoint    ] Entering safepoint region: Cleanup
[476.690s][info ][safepoint    ] Leaving safepoint region
[476.690s][info ][safepoint    ] Total time for which application threads were stopped: 0.0001564 seconds, Stopping threads took: 0.0000925 seconds
[476.812s][info ][safepoint    ] Application time: 0.1220701 seconds
[476.812s][info ][safepoint    ] Entering safepoint region: GenCollectForAllocation
[476.812s][info ][gc,start     ] GC(634) Pause Young (Allocation Failure)
[476.812s][info ][gc,task      ] GC(634) Using 4 workers of 4 for evacuation
[476.815s][debug][gc,ref       ] GC(634) Skipped phase1 of Reference Processing due to unavailable references
[476.815s][debug][gc,ref       ] GC(634) Skipped phase2 of Reference Processing due to unavailable references
[476.815s][debug][gc,ref       ] GC(634) Skipped phase3 of Reference Processing due to unavailable references
[476.815s][debug][gc,ref       ] GC(634) Skipped phase4 of Reference Processing due to unavailable references
[476.815s][debug][gc,age       ] GC(634) Desired survivor size 15368192 bytes, new threshold 6 (max threshold 6)
[476.815s][info ][gc,heap      ] GC(634) ParNew: 240920K->929K(270336K)
[476.815s][info ][gc,heap      ] GC(634) CMS: 468990K->469023K(600768K)
[476.815s][info ][gc,metaspace ] GC(634) Metaspace: 64678K->64678K(1110016K)
[476.815s][info ][gc           ] GC(634) Pause Young (Allocation Failure) 693M->458M(850M) 3.642ms
[476.815s][info ][gc,cpu       ] GC(634) User=0.01s Sys=0.01s Real=0.00s
[476.816s][info ][safepoint    ] Leaving safepoint region
[476.816s][info ][safepoint    ] Total time for which application threads were stopped: 0.0038234 seconds, Stopping threads took: 0.0000497 seconds
[477.816s][info ][safepoint    ] Application time: 1.0000977 seconds
[477.816s][info ][safepoint    ] Entering safepoint region: Cleanup
[477.816s][info ][safepoint    ] Leaving safepoint region
[477.816s][info ][safepoint    ] Total time for which application threads were stopped: 0.0001887 seconds, Stopping threads took: 0.0000576 seconds
[477.975s][info ][safepoint    ] Application time: 0.1587661 seconds
[477.975s][info ][safepoint    ] Entering safepoint region: GenCollectForAllocation
[477.975s][info ][gc,start     ] GC(635) Pause Young (Allocation Failure)
[477.975s][info ][gc,task      ] GC(635) Using 4 workers of 4 for evacuation
[477.978s][debug][gc,ref       ] GC(635) Skipped phase1 of Reference Processing due to unavailable references
[477.978s][debug][gc,ref       ] GC(635) Skipped phase2 of Reference Processing due to unavailable references
[477.978s][debug][gc,ref       ] GC(635) Skipped phase3 of Reference Processing due to unavailable references
[477.978s][debug][gc,ref       ] GC(635) Skipped phase4 of Reference Processing due to unavailable references
[477.978s][debug][gc,age       ] GC(635) Desired survivor size 15368192 bytes, new threshold 6 (max threshold 6)
[477.978s][info ][gc,heap      ] GC(635) ParNew: 241249K->831K(270336K)
[477.978s][info ][gc,heap      ] GC(635) CMS: 469023K->469078K(600768K)
[477.978s][info ][gc,metaspace ] GC(635) Metaspace: 64678K->64678K(1110016K)
[477.978s][info ][gc           ] GC(635) Pause Young (Allocation Failure) 693M->458M(850M) 3.593ms
[477.978s][info ][gc,cpu       ] GC(635) User=0.02s Sys=0.00s Real=0.01s
[477.978s][info ][safepoint    ] Leaving safepoint region
[477.978s][info ][safepoint    ] Total time for which application threads were stopped: 0.0037721 seconds, Stopping threads took: 0.0000176 seconds
[479.149s][info ][safepoint    ] Application time: 1.1700588 seconds
[479.149s][info ][safepoint    ] Entering safepoint region: GenCollectForAllocation
[479.149s][info ][gc,start     ] GC(636) Pause Young (Allocation Failure)
[479.149s][info ][gc,task      ] GC(636) Using 4 workers of 4 for evacuation
[479.152s][debug][gc,ref       ] GC(636) Skipped phase1 of Reference Processing due to unavailable references
[479.152s][debug][gc,ref       ] GC(636) Skipped phase2 of Reference Processing due to unavailable references
[479.152s][debug][gc,ref       ] GC(636) Skipped phase3 of Reference Processing due to unavailable references
[479.152s][debug][gc,ref       ] GC(636) Skipped phase4 of Reference Processing due to unavailable references
[479.152s][debug][gc,age       ] GC(636) Desired survivor size 15368192 bytes, new threshold 6 (max threshold 6)
[479.152s][info ][gc,heap      ] GC(636) ParNew: 241151K->982K(270336K)
[479.152s][info ][gc,heap      ] GC(636) CMS: 469078K->469127K(600768K)
[479.152s][info ][gc,metaspace ] GC(636) Metaspace: 64683K->64683K(1110016K)
[479.152s][info ][gc           ] GC(636) Pause Young (Allocation Failure) 693M->459M(850M) 3.255ms
[479.152s][info ][gc,cpu       ] GC(636) User=0.02s Sys=0.00s Real=0.00s
[479.152s][info ][safepoint    ] Leaving safepoint region
[479.152s][info ][safepoint    ] Total time for which application threads were stopped: 0.0034726 seconds, Stopping threads took: 0.0000824 seconds
[480.152s][info ][safepoint    ] Application time: 1.0001111 seconds
[480.152s][info ][safepoint    ] Entering safepoint region: Cleanup
[480.152s][info ][safepoint    ] Leaving safepoint region
[480.152s][info ][safepoint    ] Total time for which application threads were stopped: 0.0001390 seconds, Stopping threads took: 0.0000663 seconds
[480.236s][info ][safepoint    ] Application time: 0.0834559 seconds
[480.236s][info ][safepoint    ] Entering safepoint region: GenCollectForAllocation
[480.236s][info ][gc,start     ] GC(637) Pause Young (Allocation Failure)
[480.236s][info ][gc,task      ] GC(637) Using 4 workers of 4 for evacuation
[480.239s][debug][gc,ref       ] GC(637) Skipped phase1 of Reference Processing due to unavailable references
[480.239s][debug][gc,ref       ] GC(637) Skipped phase2 of Reference Processing due to unavailable references
[480.239s][debug][gc,ref       ] GC(637) Skipped phase3 of Reference Processing due to unavailable references
[480.239s][debug][gc,ref       ] GC(637) Skipped phase4 of Reference Processing due to unavailable references
[480.239s][debug][gc,age       ] GC(637) Desired survivor size 15368192 bytes, new threshold 6 (max threshold 6)
[480.239s][info ][gc,heap      ] GC(637) ParNew: 241302K->1197K(270336K)
[480.239s][info ][gc,heap      ] GC(637) CMS: 469127K->469184K(600768K)
[480.239s][info ][gc,metaspace ] GC(637) Metaspace: 64683K->64683K(1110016K)
[480.240s][info ][gc           ] GC(637) Pause Young (Allocation Failure) 693M->459M(850M) 3.603ms
[480.240s][info ][gc,cpu       ] GC(637) User=0.01s Sys=0.00s Real=0.00s
[480.240s][info ][safepoint    ] Leaving safepoint region
[480.240s][info ][safepoint    ] Total time for which application threads were stopped: 0.0037422 seconds, Stopping threads took: 0.0000165 seconds
[481.240s][info ][safepoint    ] Application time: 1.0000796 seconds
[481.240s][info ][safepoint    ] Entering safepoint region: Cleanup
[481.240s][info ][safepoint    ] Leaving safepoint region
[481.240s][info ][safepoint    ] Total time for which application threads were stopped: 0.0001065 seconds, Stopping threads took: 0.0000311 seconds
[481.384s][info ][safepoint    ] Application time: 0.1446188 seconds
[481.384s][info ][safepoint    ] Entering safepoint region: GenCollectForAllocation
[481.385s][info ][gc,start     ] GC(638) Pause Young (Allocation Failure)
[481.385s][info ][gc,task      ] GC(638) Using 4 workers of 4 for evacuation
[481.388s][debug][gc,ref       ] GC(638) Skipped phase1 of Reference Processing due to unavailable references
[481.388s][debug][gc,ref       ] GC(638) Skipped phase2 of Reference Processing due to unavailable references
[481.388s][debug][gc,ref       ] GC(638) Skipped phase3 of Reference Processing due to unavailable references
[481.388s][debug][gc,ref       ] GC(638) Skipped phase4 of Reference Processing due to unavailable references
[481.388s][debug][gc,age       ] GC(638) Desired survivor size 15368192 bytes, new threshold 6 (max threshold 6)
[481.388s][info ][gc,heap      ] GC(638) ParNew: 241517K->1509K(270336K)
[481.388s][info ][gc,heap      ] GC(638) CMS: 469184K->469209K(600768K)
[481.388s][info ][gc,metaspace ] GC(638) Metaspace: 64688K->64688K(1110016K)
[481.388s][info ][gc           ] GC(638) Pause Young (Allocation Failure) 694M->459M(850M) 3.749ms
[481.388s][info ][gc,cpu       ] GC(638) User=0.01s Sys=0.00s Real=0.01s
[481.388s][info ][safepoint    ] Leaving safepoint region
[481.388s][info ][safepoint    ] Total time for which application threads were stopped: 0.0038998 seconds, Stopping threads took: 0.0000173 seconds
[482.388s][info ][safepoint    ] Application time: 1.0000600 seconds
[482.388s][info ][safepoint    ] Entering safepoint region: Cleanup
[482.389s][info ][safepoint    ] Leaving safepoint region
[482.389s][info ][safepoint    ] Total time for which application threads were stopped: 0.0000922 seconds, Stopping threads took: 0.0000174 seconds
[482.570s][info ][safepoint    ] Application time: 0.1818409 seconds
[482.570s][info ][safepoint    ] Entering safepoint region: GenCollectForAllocation
[482.571s][info ][gc,start     ] GC(639) Pause Young (Allocation Failure)
[482.571s][info ][gc,task      ] GC(639) Using 4 workers of 4 for evacuation
[482.574s][debug][gc,ref       ] GC(639) Skipped phase1 of Reference Processing due to unavailable references
[482.574s][debug][gc,ref       ] GC(639) Skipped phase2 of Reference Processing due to unavailable references
[482.574s][debug][gc,ref       ] GC(639) Skipped phase3 of Reference Processing due to unavailable references
[482.574s][debug][gc,ref       ] GC(639) Skipped phase4 of Reference Processing due to unavailable references
[482.574s][debug][gc,age       ] GC(639) Desired survivor size 15368192 bytes, new threshold 6 (max threshold 6)
[482.574s][info ][gc,heap      ] GC(639) ParNew: 241829K->1614K(270336K)
[482.574s][info ][gc,heap      ] GC(639) CMS: 469209K->469227K(600768K)
[482.574s][info ][gc,metaspace ] GC(639) Metaspace: 64689K->64689K(1110016K)
[482.574s][info ][gc           ] GC(639) Pause Young (Allocation Failure) 694M->459M(850M) 3.916ms
[482.574s][info ][gc,cpu       ] GC(639) User=0.02s Sys=0.00s Real=0.00s
[482.574s][info ][safepoint    ] Leaving safepoint region
[482.574s][info ][safepoint    ] Total time for which application threads were stopped: 0.0040640 seconds, Stopping threads took: 0.0000174 seconds
[483.575s][info ][safepoint    ] Application time: 1.0001377 seconds
[483.575s][info ][safepoint    ] Entering safepoint region: Cleanup
[483.575s][info ][safepoint    ] Leaving safepoint region
[483.575s][info ][safepoint    ] Total time for which application threads were stopped: 0.0001154 seconds, Stopping threads took: 0.0000449 seconds
[483.749s][info ][safepoint    ] Application time: 0.1746920 seconds
[483.750s][info ][safepoint    ] Entering safepoint region: GenCollectForAllocation
[483.750s][info ][gc,start     ] GC(640) Pause Young (Allocation Failure)
[483.750s][info ][gc,task      ] GC(640) Using 4 workers of 4 for evacuation
[483.754s][debug][gc,ref       ] GC(640) Skipped phase1 of Reference Processing due to unavailable references
[483.754s][debug][gc,ref       ] GC(640) Skipped phase2 of Reference Processing due to unavailable references
[483.754s][debug][gc,ref       ] GC(640) Skipped phase3 of Reference Processing due to unavailable references
[483.754s][debug][gc,ref       ] GC(640) Skipped phase4 of Reference Processing due to unavailable references
[483.754s][debug][gc,age       ] GC(640) Desired survivor size 15368192 bytes, new threshold 6 (max threshold 6)
[483.754s][info ][gc,heap      ] GC(640) ParNew: 241934K->2051K(270336K)
[483.754s][info ][gc,heap      ] GC(640) CMS: 469227K->469316K(600768K)
[483.754s][info ][gc,metaspace ] GC(640) Metaspace: 64689K->64689K(1110016K)
[483.754s][info ][gc           ] GC(640) Pause Young (Allocation Failure) 694M->460M(850M) 4.267ms
[483.754s][info ][gc,cpu       ] GC(640) User=0.01s Sys=0.00s Real=0.00s
[483.754s][info ][safepoint    ] Leaving safepoint region
[483.754s][info ][safepoint    ] Total time for which application threads were stopped: 0.0046077 seconds, Stopping threads took: 0.0002100 seconds
[484.754s][info ][safepoint    ] Application time: 1.0001155 seconds
[484.754s][info ][safepoint    ] Entering safepoint region: Cleanup
[484.754s][info ][safepoint    ] Leaving safepoint region
[484.754s][info ][safepoint    ] Total time for which application threads were stopped: 0.0001655 seconds, Stopping threads took: 0.0000912 seconds
[484.926s][info ][safepoint    ] Application time: 0.1713498 seconds
[484.926s][info ][safepoint    ] Entering safepoint region: GenCollectForAllocation
[484.926s][info ][gc,start     ] GC(641) Pause Young (Allocation Failure)
[484.926s][info ][gc,task      ] GC(641) Using 4 workers of 4 for evacuation
[484.929s][debug][gc,ref       ] GC(641) Skipped phase1 of Reference Processing due to unavailable references
[484.929s][debug][gc,ref       ] GC(641) Skipped phase2 of Reference Processing due to unavailable references
[484.929s][debug][gc,ref       ] GC(641) Skipped phase3 of Reference Processing due to unavailable references
[484.929s][debug][gc,ref       ] GC(641) Skipped phase4 of Reference Processing due to unavailable references
[484.929s][debug][gc,age       ] GC(641) Desired survivor size 15368192 bytes, new threshold 6 (max threshold 6)
[484.929s][info ][gc,heap      ] GC(641) ParNew: 242371K->1560K(270336K)
[484.929s][info ][gc,heap      ] GC(641) CMS: 469316K->469364K(600768K)
[484.929s][info ][gc,metaspace ] GC(641) Metaspace: 64689K->64689K(1110016K)
[484.929s][info ][gc           ] GC(641) Pause Young (Allocation Failure) 695M->459M(850M) 3.354ms
[484.929s][info ][gc,cpu       ] GC(641) User=0.01s Sys=0.00s Real=0.01s
[484.929s][info ][safepoint    ] Leaving safepoint region
[484.929s][info ][safepoint    ] Total time for which application threads were stopped: 0.0035164 seconds, Stopping threads took: 0.0000332 seconds
[486.111s][info ][safepoint    ] Application time: 1.1811463 seconds
[486.111s][info ][safepoint    ] Entering safepoint region: GenCollectForAllocation
[486.111s][info ][gc,start     ] GC(642) Pause Young (Allocation Failure)
[486.111s][info ][gc,task      ] GC(642) Using 4 workers of 4 for evacuation
[486.114s][debug][gc,ref       ] GC(642) Skipped phase1 of Reference Processing due to unavailable references
[486.114s][debug][gc,ref       ] GC(642) Skipped phase2 of Reference Processing due to unavailable references
[486.114s][debug][gc,ref       ] GC(642) Skipped phase3 of Reference Processing due to unavailable references
[486.114s][debug][gc,ref       ] GC(642) Skipped phase4 of Reference Processing due to unavailable references
[486.114s][debug][gc,age       ] GC(642) Desired survivor size 15368192 bytes, new threshold 6 (max threshold 6)
[486.114s][info ][gc,heap      ] GC(642) ParNew: 241880K->1537K(270336K)
[486.114s][info ][gc,heap      ] GC(642) CMS: 469364K->469391K(600768K)
[486.114s][info ][gc,metaspace ] GC(642) Metaspace: 64689K->64689K(1110016K)
[486.114s][info ][gc           ] GC(642) Pause Young (Allocation Failure) 694M->459M(850M) 3.569ms
[486.114s][info ][gc,cpu       ] GC(642) User=0.01s Sys=0.00s Real=0.00s
[486.114s][info ][safepoint    ] Leaving safepoint region
[486.114s][info ][safepoint    ] Total time for which application threads were stopped: 0.0037205 seconds, Stopping threads took: 0.0000162 seconds
[487.298s][info ][safepoint    ] Application time: 1.1840877 seconds
[487.298s][info ][safepoint    ] Entering safepoint region: GenCollectForAllocation
[487.298s][info ][gc,start     ] GC(643) Pause Young (Allocation Failure)
[487.299s][info ][gc,task      ] GC(643) Using 4 workers of 4 for evacuation
[487.302s][debug][gc,ref       ] GC(643) Skipped phase1 of Reference Processing due to unavailable references
[487.302s][debug][gc,ref       ] GC(643) Skipped phase2 of Reference Processing due to unavailable references
[487.302s][debug][gc,ref       ] GC(643) Skipped phase3 of Reference Processing due to unavailable references
[487.302s][debug][gc,ref       ] GC(643) Skipped phase4 of Reference Processing due to unavailable references
[487.303s][debug][gc,age       ] GC(643) Desired survivor size 15368192 bytes, new threshold 6 (max threshold 6)
[487.303s][info ][gc,heap      ] GC(643) ParNew: 241857K->1598K(270336K)
[487.303s][info ][gc,heap      ] GC(643) CMS: 469391K->469629K(600768K)
[487.303s][info ][gc,metaspace ] GC(643) Metaspace: 64689K->64689K(1110016K)
[487.303s][info ][gc           ] GC(643) Pause Young (Allocation Failure) 694M->460M(850M) 4.085ms
[487.303s][info ][gc,cpu       ] GC(643) User=0.02s Sys=0.00s Real=0.00s
[487.303s][info ][safepoint    ] Leaving safepoint region
[487.303s][info ][safepoint    ] Total time for which application threads were stopped: 0.0042359 seconds, Stopping threads took: 0.0000163 seconds
[488.303s][info ][safepoint    ] Application time: 1.0001420 seconds
[488.303s][info ][safepoint    ] Entering safepoint region: Cleanup
[488.303s][info ][safepoint    ] Leaving safepoint region
[488.303s][info ][safepoint    ] Total time for which application threads were stopped: 0.0001099 seconds, Stopping threads took: 0.0000418 seconds
[488.379s][info ][safepoint    ] Application time: 0.0765279 seconds
[488.380s][info ][safepoint    ] Entering safepoint region: GenCollectForAllocation
[488.380s][info ][gc,start     ] GC(644) Pause Young (Allocation Failure)
[488.380s][info ][gc,task      ] GC(644) Using 4 workers of 4 for evacuation
[488.383s][debug][gc,ref       ] GC(644) Skipped phase1 of Reference Processing due to unavailable references
[488.383s][debug][gc,ref       ] GC(644) Skipped phase2 of Reference Processing due to unavailable references
[488.383s][debug][gc,ref       ] GC(644) Skipped phase3 of Reference Processing due to unavailable references
[488.383s][debug][gc,ref       ] GC(644) Skipped phase4 of Reference Processing due to unavailable references
[488.383s][debug][gc,age       ] GC(644) Desired survivor size 15368192 bytes, new threshold 6 (max threshold 6)
[488.383s][info ][gc,heap      ] GC(644) ParNew: 241918K->1002K(270336K)
[488.383s][info ][gc,heap      ] GC(644) CMS: 469629K->470123K(600768K)
[488.383s][info ][gc,metaspace ] GC(644) Metaspace: 64689K->64689K(1110016K)
[488.383s][info ][gc           ] GC(644) Pause Young (Allocation Failure) 694M->460M(850M) 3.519ms
[488.383s][info ][gc,cpu       ] GC(644) User=0.02s Sys=0.01s Real=0.00s
[488.383s][info ][safepoint    ] Leaving safepoint region
[488.383s][info ][safepoint    ] Total time for which application threads were stopped: 0.0036870 seconds, Stopping threads took: 0.0000316 seconds
[489.512s][info ][safepoint    ] Application time: 1.1289611 seconds
[489.512s][info ][safepoint    ] Entering safepoint region: GenCollectForAllocation
[489.512s][info ][gc,start     ] GC(645) Pause Young (Allocation Failure)
[489.512s][info ][gc,task      ] GC(645) Using 4 workers of 4 for evacuation
[489.516s][debug][gc,ref       ] GC(645) Skipped phase1 of Reference Processing due to unavailable references
[489.516s][debug][gc,ref       ] GC(645) Skipped phase2 of Reference Processing due to unavailable references
[489.516s][debug][gc,ref       ] GC(645) Skipped phase3 of Reference Processing due to unavailable references
[489.516s][debug][gc,ref       ] GC(645) Skipped phase4 of Reference Processing due to unavailable references
[489.516s][debug][gc,age       ] GC(645) Desired survivor size 15368192 bytes, new threshold 6 (max threshold 6)
[489.516s][info ][gc,heap      ] GC(645) ParNew: 241322K->1221K(270336K)
[489.516s][info ][gc,heap      ] GC(645) CMS: 470123K->470165K(600768K)
[489.516s][info ][gc,metaspace ] GC(645) Metaspace: 64690K->64690K(1110016K)
[489.516s][info ][gc           ] GC(645) Pause Young (Allocation Failure) 694M->460M(850M) 3.776ms
[489.516s][info ][gc,cpu       ] GC(645) User=0.02s Sys=0.00s Real=0.01s
[489.516s][info ][safepoint    ] Leaving safepoint region
[489.516s][info ][safepoint    ] Total time for which application threads were stopped: 0.0039239 seconds, Stopping threads took: 0.0000157 seconds
[490.657s][info ][safepoint    ] Application time: 1.1412571 seconds
[490.657s][info ][safepoint    ] Entering safepoint region: GenCollectForAllocation
[490.658s][info ][gc,start     ] GC(646) Pause Young (Allocation Failure)
[490.658s][info ][gc,task      ] GC(646) Using 4 workers of 4 for evacuation
[490.661s][debug][gc,ref       ] GC(646) Skipped phase1 of Reference Processing due to unavailable references
[490.661s][debug][gc,ref       ] GC(646) Skipped phase2 of Reference Processing due to unavailable references
[490.661s][debug][gc,ref       ] GC(646) Skipped phase3 of Reference Processing due to unavailable references
[490.661s][debug][gc,ref       ] GC(646) Skipped phase4 of Reference Processing due to unavailable references
[490.662s][debug][gc,age       ] GC(646) Desired survivor size 15368192 bytes, new threshold 6 (max threshold 6)
[490.662s][info ][gc,heap      ] GC(646) ParNew: 241541K->1333K(270336K)
[490.662s][info ][gc,heap      ] GC(646) CMS: 470165K->470257K(600768K)
[490.662s][info ][gc,metaspace ] GC(646) Metaspace: 64690K->64690K(1110016K)
[490.662s][info ][gc           ] GC(646) Pause Young (Allocation Failure) 695M->460M(850M) 4.119ms
[490.662s][info ][gc,cpu       ] GC(646) User=0.01s Sys=0.00s Real=0.00s
[490.662s][info ][safepoint    ] Leaving safepoint region
[490.662s][info ][safepoint    ] Total time for which application threads were stopped: 0.0042665 seconds, Stopping threads took: 0.0000158 seconds
[491.750s][info ][safepoint    ] Application time: 1.0878806 seconds
[491.750s][info ][safepoint    ] Entering safepoint region: GenCollectForAllocation
[491.750s][info ][gc,start     ] GC(647) Pause Young (Allocation Failure)
[491.750s][info ][gc,task      ] GC(647) Using 4 workers of 4 for evacuation
[491.754s][debug][gc,ref       ] GC(647) Skipped phase1 of Reference Processing due to unavailable references
[491.754s][debug][gc,ref       ] GC(647) Skipped phase2 of Reference Processing due to unavailable references
[491.754s][debug][gc,ref       ] GC(647) Skipped phase3 of Reference Processing due to unavailable references
[491.754s][debug][gc,ref       ] GC(647) Skipped phase4 of Reference Processing due to unavailable references
[491.754s][debug][gc,age       ] GC(647) Desired survivor size 15368192 bytes, new threshold 6 (max threshold 6)
[491.754s][info ][gc,heap      ] GC(647) ParNew: 241653K->1432K(270336K)
[491.754s][info ][gc,heap      ] GC(647) CMS: 470257K->470290K(600768K)
[491.754s][info ][gc,metaspace ] GC(647) Metaspace: 64690K->64690K(1110016K)
[491.754s][info ][gc           ] GC(647) Pause Young (Allocation Failure) 695M->460M(850M) 4.073ms
[491.754s][info ][gc,cpu       ] GC(647) User=0.02s Sys=0.00s Real=0.00s
[491.754s][info ][safepoint    ] Leaving safepoint region
[491.754s][info ][safepoint    ] Total time for which application threads were stopped: 0.0042937 seconds, Stopping threads took: 0.0000884 seconds
[492.754s][info ][safepoint    ] Application time: 1.0001050 seconds
[492.754s][info ][safepoint    ] Entering safepoint region: Cleanup
[492.754s][info ][safepoint    ] Leaving safepoint region
[492.754s][info ][safepoint    ] Total time for which application threads were stopped: 0.0001125 seconds, Stopping threads took: 0.0000448 seconds
[492.882s][info ][safepoint    ] Application time: 0.1277774 seconds
[492.882s][info ][safepoint    ] Entering safepoint region: GenCollectForAllocation
[492.882s][info ][gc,start     ] GC(648) Pause Young (Allocation Failure)
[492.882s][info ][gc,task      ] GC(648) Using 4 workers of 4 for evacuation
[492.886s][debug][gc,ref       ] GC(648) Skipped phase1 of Reference Processing due to unavailable references
[492.886s][debug][gc,ref       ] GC(648) Skipped phase2 of Reference Processing due to unavailable references
[492.886s][debug][gc,ref       ] GC(648) Skipped phase3 of Reference Processing due to unavailable references
[492.886s][debug][gc,ref       ] GC(648) Skipped phase4 of Reference Processing due to unavailable references
[492.886s][debug][gc,age       ] GC(648) Desired survivor size 15368192 bytes, new threshold 6 (max threshold 6)
[492.886s][info ][gc,heap      ] GC(648) ParNew: 241752K->1466K(270336K)
[492.886s][info ][gc,heap      ] GC(648) CMS: 470290K->470376K(600768K)
[492.886s][info ][gc,metaspace ] GC(648) Metaspace: 64690K->64690K(1110016K)
[492.886s][info ][gc           ] GC(648) Pause Young (Allocation Failure) 695M->460M(850M) 3.729ms
[492.886s][info ][gc,cpu       ] GC(648) User=0.02s Sys=0.00s Real=0.00s
[492.886s][info ][safepoint    ] Leaving safepoint region
[492.886s][info ][safepoint    ] Total time for which application threads were stopped: 0.0038829 seconds, Stopping threads took: 0.0000188 seconds
[494.030s][info ][safepoint    ] Application time: 1.1440288 seconds
[494.030s][info ][safepoint    ] Entering safepoint region: GenCollectForAllocation
[494.030s][info ][gc,start     ] GC(649) Pause Young (Allocation Failure)
[494.030s][info ][gc,task      ] GC(649) Using 4 workers of 4 for evacuation
[494.033s][debug][gc,ref       ] GC(649) Skipped phase1 of Reference Processing due to unavailable references
[494.033s][debug][gc,ref       ] GC(649) Skipped phase2 of Reference Processing due to unavailable references
[494.033s][debug][gc,ref       ] GC(649) Skipped phase3 of Reference Processing due to unavailable references
[494.033s][debug][gc,ref       ] GC(649) Skipped phase4 of Reference Processing due to unavailable references
[494.034s][debug][gc,age       ] GC(649) Desired survivor size 15368192 bytes, new threshold 6 (max threshold 6)
[494.034s][info ][gc,heap      ] GC(649) ParNew: 241786K->1650K(270336K)
[494.034s][info ][gc,heap      ] GC(649) CMS: 470376K->470410K(600768K)
[494.034s][info ][gc,metaspace ] GC(649) Metaspace: 64691K->64691K(1110016K)
[494.034s][info ][gc           ] GC(649) Pause Young (Allocation Failure) 695M->460M(850M) 3.742ms
[494.034s][info ][gc,cpu       ] GC(649) User=0.01s Sys=0.00s Real=0.00s
[494.034s][info ][safepoint    ] Leaving safepoint region
[494.034s][info ][safepoint    ] Total time for which application threads were stopped: 0.0039059 seconds, Stopping threads took: 0.0000331 seconds
[495.034s][info ][safepoint    ] Application time: 1.0000870 seconds
[495.034s][info ][safepoint    ] Entering safepoint region: Cleanup
[495.034s][info ][safepoint    ] Leaving safepoint region
[495.034s][info ][safepoint    ] Total time for which application threads were stopped: 0.0001231 seconds, Stopping threads took: 0.0000458 seconds
[495.167s][info ][safepoint    ] Application time: 0.1326136 seconds
[495.167s][info ][safepoint    ] Entering safepoint region: GenCollectForAllocation
[495.167s][info ][gc,start     ] GC(650) Pause Young (Allocation Failure)
[495.167s][info ][gc,task      ] GC(650) Using 4 workers of 4 for evacuation
[495.171s][debug][gc,ref       ] GC(650) Skipped phase1 of Reference Processing due to unavailable references
[495.171s][debug][gc,ref       ] GC(650) Skipped phase3 of Reference Processing due to unavailable references
[495.171s][debug][gc,age       ] GC(650) Desired survivor size 15368192 bytes, new threshold 6 (max threshold 6)
[495.171s][info ][gc,heap      ] GC(650) ParNew: 241970K->1291K(270336K)
[495.171s][info ][gc,heap      ] GC(650) CMS: 470410K->470519K(600768K)
[495.171s][info ][gc,metaspace ] GC(650) Metaspace: 64750K->64750K(1110016K)
[495.171s][info ][gc           ] GC(650) Pause Young (Allocation Failure) 695M->460M(850M) 4.412ms
[495.171s][info ][gc,cpu       ] GC(650) User=0.01s Sys=0.00s Real=0.01s
[495.171s][info ][safepoint    ] Leaving safepoint region
[495.171s][info ][safepoint    ] Total time for which application threads were stopped: 0.0045541 seconds, Stopping threads took: 0.0000171 seconds
[496.171s][info ][safepoint    ] Application time: 1.0001041 seconds
[496.172s][info ][safepoint    ] Entering safepoint region: Cleanup
[496.172s][info ][safepoint    ] Leaving safepoint region
[496.172s][info ][safepoint    ] Total time for which application threads were stopped: 0.0001189 seconds, Stopping threads took: 0.0000461 seconds
[496.342s][info ][safepoint    ] Application time: 0.1705923 seconds
[496.342s][info ][safepoint    ] Entering safepoint region: GenCollectForAllocation
[496.342s][info ][gc,start     ] GC(651) Pause Young (Allocation Failure)
[496.342s][info ][gc,task      ] GC(651) Using 4 workers of 4 for evacuation
[496.346s][debug][gc,ref       ] GC(651) Skipped phase1 of Reference Processing due to unavailable references
[496.346s][debug][gc,ref       ] GC(651) Skipped phase3 of Reference Processing due to unavailable references
[496.346s][debug][gc,ref       ] GC(651) Skipped phase4 of Reference Processing due to unavailable references
[496.346s][debug][gc,age       ] GC(651) Desired survivor size 15368192 bytes, new threshold 6 (max threshold 6)
[496.346s][info ][gc,heap      ] GC(651) ParNew: 241611K->1658K(270336K)
[496.346s][info ][gc,heap      ] GC(651) CMS: 470519K->470668K(600768K)
[496.346s][info ][gc,metaspace ] GC(651) Metaspace: 64752K->64752K(1110016K)
[496.346s][info ][gc           ] GC(651) Pause Young (Allocation Failure) 695M->461M(850M) 4.021ms
[496.346s][info ][gc,cpu       ] GC(651) User=0.02s Sys=0.00s Real=0.00s
[496.346s][info ][safepoint    ] Leaving safepoint region
[496.346s][info ][safepoint    ] Total time for which application threads were stopped: 0.0041763 seconds, Stopping threads took: 0.0000170 seconds
[497.553s][info ][safepoint    ] Application time: 1.2066901 seconds
[497.553s][info ][safepoint    ] Entering safepoint region: GenCollectForAllocation
[497.553s][info ][gc,start     ] GC(652) Pause Young (Allocation Failure)
[497.553s][info ][gc,task      ] GC(652) Using 4 workers of 4 for evacuation
[497.556s][debug][gc,ref       ] GC(652) Skipped phase1 of Reference Processing due to unavailable references
[497.556s][debug][gc,ref       ] GC(652) Skipped phase3 of Reference Processing due to unavailable references
[497.556s][debug][gc,ref       ] GC(652) Skipped phase4 of Reference Processing due to unavailable references
[497.557s][debug][gc,age       ] GC(652) Desired survivor size 15368192 bytes, new threshold 6 (max threshold 6)
[497.557s][info ][gc,heap      ] GC(652) ParNew: 241978K->1190K(270336K)
[497.557s][info ][gc,heap      ] GC(652) CMS: 470668K->470767K(600768K)
[497.557s][info ][gc,metaspace ] GC(652) Metaspace: 64753K->64753K(1110016K)
[497.557s][info ][gc           ] GC(652) Pause Young (Allocation Failure) 695M->460M(850M) 3.331ms
[497.557s][info ][gc,cpu       ] GC(652) User=0.01s Sys=0.00s Real=0.01s
[497.557s][info ][safepoint    ] Leaving safepoint region
[497.557s][info ][safepoint    ] Total time for which application threads were stopped: 0.0034658 seconds, Stopping threads took: 0.0000181 seconds
[498.557s][info ][safepoint    ] Application time: 1.0000873 seconds
[498.557s][info ][safepoint    ] Entering safepoint region: Cleanup
[498.557s][info ][safepoint    ] Leaving safepoint region
[498.557s][info ][safepoint    ] Total time for which application threads were stopped: 0.0001357 seconds, Stopping threads took: 0.0000661 seconds
[498.763s][info ][safepoint    ] Application time: 0.2063463 seconds
[498.763s][info ][safepoint    ] Entering safepoint region: GenCollectForAllocation
[498.763s][info ][gc,start     ] GC(653) Pause Young (Allocation Failure)
[498.763s][info ][gc,task      ] GC(653) Using 4 workers of 4 for evacuation
[498.767s][debug][gc,ref       ] GC(653) Skipped phase1 of Reference Processing due to unavailable references
[498.767s][debug][gc,ref       ] GC(653) Skipped phase3 of Reference Processing due to unavailable references
[498.767s][debug][gc,ref       ] GC(653) Skipped phase4 of Reference Processing due to unavailable references
[498.767s][debug][gc,age       ] GC(653) Desired survivor size 15368192 bytes, new threshold 6 (max threshold 6)
[498.767s][info ][gc,heap      ] GC(653) ParNew: 241510K->900K(270336K)
[498.767s][info ][gc,heap      ] GC(653) CMS: 470767K->470903K(600768K)
[498.767s][info ][gc,metaspace ] GC(653) Metaspace: 64754K->64754K(1110016K)
[498.767s][info ][gc           ] GC(653) Pause Young (Allocation Failure) 695M->460M(850M) 3.964ms
[498.767s][info ][gc,cpu       ] GC(653) User=0.01s Sys=0.00s Real=0.00s
[498.767s][info ][safepoint    ] Leaving safepoint region
[498.767s][info ][safepoint    ] Total time for which application threads were stopped: 0.0041256 seconds, Stopping threads took: 0.0000160 seconds
[499.975s][info ][safepoint    ] Application time: 1.2080579 seconds
[499.975s][info ][safepoint    ] Entering safepoint region: GenCollectForAllocation
[499.976s][info ][gc,start     ] GC(654) Pause Young (Allocation Failure)
[499.976s][info ][gc,task      ] GC(654) Using 4 workers of 4 for evacuation
[499.979s][debug][gc,ref       ] GC(654) Skipped phase1 of Reference Processing due to unavailable references
[499.979s][debug][gc,ref       ] GC(654) Skipped phase3 of Reference Processing due to unavailable references
[499.979s][debug][gc,ref       ] GC(654) Skipped phase4 of Reference Processing due to unavailable references
[499.979s][debug][gc,age       ] GC(654) Desired survivor size 15368192 bytes, new threshold 6 (max threshold 6)
[499.979s][info ][gc,heap      ] GC(654) ParNew: 241220K->1196K(270336K)
[499.979s][info ][gc,heap      ] GC(654) CMS: 470903K->470968K(600768K)
[499.979s][info ][gc,metaspace ] GC(654) Metaspace: 64754K->64754K(1110016K)
[499.979s][info ][gc           ] GC(654) Pause Young (Allocation Failure) 695M->461M(850M) 3.853ms
[499.979s][info ][gc,cpu       ] GC(654) User=0.01s Sys=0.00s Real=0.01s
[499.979s][info ][safepoint    ] Leaving safepoint region
[499.979s][info ][safepoint    ] Total time for which application threads were stopped: 0.0040042 seconds, Stopping threads took: 0.0000173 seconds
[501.126s][info ][safepoint    ] Application time: 1.1468588 seconds
[501.126s][info ][safepoint    ] Entering safepoint region: GenCollectForAllocation
[501.126s][info ][gc,start     ] GC(655) Pause Young (Allocation Failure)
[501.127s][info ][gc,task      ] GC(655) Using 4 workers of 4 for evacuation
[501.130s][debug][gc,ref       ] GC(655) Skipped phase1 of Reference Processing due to unavailable references
[501.130s][debug][gc,ref       ] GC(655) Skipped phase3 of Reference Processing due to unavailable references
[501.130s][debug][gc,ref       ] GC(655) Skipped phase4 of Reference Processing due to unavailable references
[501.130s][debug][gc,age       ] GC(655) Desired survivor size 15368192 bytes, new threshold 6 (max threshold 6)
[501.130s][info ][gc,heap      ] GC(655) ParNew: 241516K->811K(270336K)
[501.130s][info ][gc,heap      ] GC(655) CMS: 470968K->471093K(600768K)
[501.130s][info ][gc,metaspace ] GC(655) Metaspace: 64754K->64754K(1110016K)
[501.130s][info ][gc           ] GC(655) Pause Young (Allocation Failure) 695M->460M(850M) 3.714ms
[501.130s][info ][gc,cpu       ] GC(655) User=0.01s Sys=0.00s Real=0.01s
[501.130s][info ][safepoint    ] Leaving safepoint region
[501.130s][info ][safepoint    ] Total time for which application threads were stopped: 0.0038629 seconds, Stopping threads took: 0.0000175 seconds
[502.306s][info ][safepoint    ] Application time: 1.1752932 seconds
[502.306s][info ][safepoint    ] Entering safepoint region: GenCollectForAllocation
[502.306s][info ][gc,start     ] GC(656) Pause Young (Allocation Failure)
[502.306s][info ][gc,task      ] GC(656) Using 4 workers of 4 for evacuation
[502.309s][debug][gc,ref       ] GC(656) Skipped phase1 of Reference Processing due to unavailable references
[502.309s][debug][gc,ref       ] GC(656) Skipped phase3 of Reference Processing due to unavailable references
[502.309s][debug][gc,ref       ] GC(656) Skipped phase4 of Reference Processing due to unavailable references
[502.309s][debug][gc,age       ] GC(656) Desired survivor size 15368192 bytes, new threshold 6 (max threshold 6)
[502.309s][info ][gc,heap      ] GC(656) ParNew: 241131K->908K(270336K)
[502.309s][info ][gc,heap      ] GC(656) CMS: 471093K->471147K(600768K)
[502.309s][info ][gc,metaspace ] GC(656) Metaspace: 64754K->64754K(1110016K)
[502.309s][info ][gc           ] GC(656) Pause Young (Allocation Failure) 695M->460M(850M) 3.459ms
[502.309s][info ][gc,cpu       ] GC(656) User=0.01s Sys=0.00s Real=0.01s
[502.309s][info ][safepoint    ] Leaving safepoint region
[502.309s][info ][safepoint    ] Total time for which application threads were stopped: 0.0036078 seconds, Stopping threads took: 0.0000178 seconds
[503.504s][info ][safepoint    ] Application time: 1.1950614 seconds
[503.504s][info ][safepoint    ] Entering safepoint region: GenCollectForAllocation
[503.504s][info ][gc,start     ] GC(657) Pause Young (Allocation Failure)
[503.504s][info ][gc,task      ] GC(657) Using 4 workers of 4 for evacuation
[503.509s][debug][gc,ref       ] GC(657) Skipped phase1 of Reference Processing due to unavailable references
[503.509s][debug][gc,ref       ] GC(657) Skipped phase3 of Reference Processing due to unavailable references
[503.509s][debug][gc,ref       ] GC(657) Skipped phase4 of Reference Processing due to unavailable references
[503.509s][debug][gc,age       ] GC(657) Desired survivor size 15368192 bytes, new threshold 6 (max threshold 6)
[503.509s][info ][gc,heap      ] GC(657) ParNew: 241228K->826K(270336K)
[503.509s][info ][gc,heap      ] GC(657) CMS: 471147K->471238K(600768K)
[503.509s][info ][gc,metaspace ] GC(657) Metaspace: 64754K->64754K(1110016K)
[503.509s][info ][gc           ] GC(657) Pause Young (Allocation Failure) 695M->461M(850M) 4.735ms
[503.509s][info ][gc,cpu       ] GC(657) User=0.01s Sys=0.00s Real=0.01s
[503.509s][info ][safepoint    ] Leaving safepoint region
[503.509s][info ][safepoint    ] Total time for which application threads were stopped: 0.0049010 seconds, Stopping threads took: 0.0000332 seconds
[504.674s][info ][safepoint    ] Application time: 1.1649432 seconds
[504.674s][info ][safepoint    ] Entering safepoint region: GenCollectForAllocation
[504.674s][info ][gc,start     ] GC(658) Pause Young (Allocation Failure)
[504.674s][info ][gc,task      ] GC(658) Using 4 workers of 4 for evacuation
[504.677s][debug][gc,ref       ] GC(658) Skipped phase1 of Reference Processing due to unavailable references
[504.677s][debug][gc,ref       ] GC(658) Skipped phase3 of Reference Processing due to unavailable references
[504.677s][debug][gc,ref       ] GC(658) Skipped phase4 of Reference Processing due to unavailable references
[504.678s][debug][gc,age       ] GC(658) Desired survivor size 15368192 bytes, new threshold 6 (max threshold 6)
[504.678s][info ][gc,heap      ] GC(658) ParNew: 241146K->895K(270336K)
[504.678s][info ][gc,heap      ] GC(658) CMS: 471238K->471242K(600768K)
[504.678s][info ][gc,metaspace ] GC(658) Metaspace: 64755K->64755K(1110016K)
[504.678s][info ][gc           ] GC(658) Pause Young (Allocation Failure) 695M->461M(850M) 3.293ms
[504.678s][info ][gc,cpu       ] GC(658) User=0.01s Sys=0.00s Real=0.01s
[504.678s][info ][safepoint    ] Leaving safepoint region
[504.678s][info ][safepoint    ] Total time for which application threads were stopped: 0.0034557 seconds, Stopping threads took: 0.0000348 seconds
[505.856s][info ][safepoint    ] Application time: 1.1786206 seconds
[505.856s][info ][safepoint    ] Entering safepoint region: GenCollectForAllocation
[505.856s][info ][gc,start     ] GC(659) Pause Young (Allocation Failure)
[505.856s][info ][gc,task      ] GC(659) Using 4 workers of 4 for evacuation
[505.860s][debug][gc,ref       ] GC(659) Skipped phase1 of Reference Processing due to unavailable references
[505.860s][debug][gc,ref       ] GC(659) Skipped phase2 of Reference Processing due to unavailable references
[505.860s][debug][gc,ref       ] GC(659) Skipped phase3 of Reference Processing due to unavailable references
[505.860s][debug][gc,ref       ] GC(659) Skipped phase4 of Reference Processing due to unavailable references
[505.860s][debug][gc,age       ] GC(659) Desired survivor size 15368192 bytes, new threshold 6 (max threshold 6)
[505.860s][info ][gc,heap      ] GC(659) ParNew: 241215K->735K(270336K)
[505.860s][info ][gc,heap      ] GC(659) CMS: 471242K->471275K(600768K)
[505.860s][info ][gc,metaspace ] GC(659) Metaspace: 64756K->64756K(1110016K)
[505.860s][info ][gc           ] GC(659) Pause Young (Allocation Failure) 695M->460M(850M) 3.474ms
[505.860s][info ][gc,cpu       ] GC(659) User=0.01s Sys=0.01s Real=0.00s
[505.860s][info ][safepoint    ] Leaving safepoint region
[505.860s][info ][safepoint    ] Total time for which application threads were stopped: 0.0036173 seconds, Stopping threads took: 0.0000170 seconds
[507.016s][info ][safepoint    ] Application time: 1.1555767 seconds
[507.016s][info ][safepoint    ] Entering safepoint region: GenCollectForAllocation
[507.016s][info ][gc,start     ] GC(660) Pause Young (Allocation Failure)
[507.016s][info ][gc,task      ] GC(660) Using 4 workers of 4 for evacuation
[507.019s][debug][gc,ref       ] GC(660) Skipped phase1 of Reference Processing due to unavailable references
[507.019s][debug][gc,ref       ] GC(660) Skipped phase2 of Reference Processing due to unavailable references
[507.019s][debug][gc,ref       ] GC(660) Skipped phase3 of Reference Processing due to unavailable references
[507.019s][debug][gc,ref       ] GC(660) Skipped phase4 of Reference Processing due to unavailable references
[507.019s][debug][gc,age       ] GC(660) Desired survivor size 15368192 bytes, new threshold 6 (max threshold 6)
[507.019s][info ][gc,heap      ] GC(660) ParNew: 241055K->793K(270336K)
[507.019s][info ][gc,heap      ] GC(660) CMS: 471275K->471332K(600768K)
[507.019s][info ][gc,metaspace ] GC(660) Metaspace: 64760K->64760K(1110016K)
[507.019s][info ][gc           ] GC(660) Pause Young (Allocation Failure) 695M->461M(850M) 3.586ms
[507.019s][info ][gc,cpu       ] GC(660) User=0.01s Sys=0.00s Real=0.01s
[507.019s][info ][safepoint    ] Leaving safepoint region
[507.019s][info ][safepoint    ] Total time for which application threads were stopped: 0.0037292 seconds, Stopping threads took: 0.0000173 seconds
[508.176s][info ][safepoint    ] Application time: 1.1568133 seconds
[508.176s][info ][safepoint    ] Entering safepoint region: GenCollectForAllocation
[508.176s][info ][gc,start     ] GC(661) Pause Young (Allocation Failure)
[508.176s][info ][gc,task      ] GC(661) Using 4 workers of 4 for evacuation
[508.180s][debug][gc,ref       ] GC(661) Skipped phase1 of Reference Processing due to unavailable references
[508.180s][debug][gc,ref       ] GC(661) Skipped phase2 of Reference Processing due to unavailable references
[508.180s][debug][gc,ref       ] GC(661) Skipped phase3 of Reference Processing due to unavailable references
[508.180s][debug][gc,ref       ] GC(661) Skipped phase4 of Reference Processing due to unavailable references
[508.180s][debug][gc,age       ] GC(661) Desired survivor size 15368192 bytes, new threshold 6 (max threshold 6)
[508.180s][info ][gc,heap      ] GC(661) ParNew: 241113K->780K(270336K)
[508.180s][info ][gc,heap      ] GC(661) CMS: 471332K->471541K(600768K)
[508.180s][info ][gc,metaspace ] GC(661) Metaspace: 64760K->64760K(1110016K)
[508.180s][info ][gc           ] GC(661) Pause Young (Allocation Failure) 695M->461M(850M) 4.055ms
[508.180s][info ][gc,cpu       ] GC(661) User=0.02s Sys=0.00s Real=0.00s
[508.180s][info ][safepoint    ] Leaving safepoint region
[508.180s][info ][safepoint    ] Total time for which application threads were stopped: 0.0042036 seconds, Stopping threads took: 0.0000194 seconds
[509.180s][info ][safepoint    ] Application time: 1.0001350 seconds
[509.181s][info ][safepoint    ] Entering safepoint region: Cleanup
[509.181s][info ][safepoint    ] Leaving safepoint region
[509.181s][info ][safepoint    ] Total time for which application threads were stopped: 0.0001235 seconds, Stopping threads took: 0.0000455 seconds
[509.319s][info ][safepoint    ] Application time: 0.1379142 seconds
[509.319s][info ][safepoint    ] Entering safepoint region: GenCollectForAllocation
[509.319s][info ][gc,start     ] GC(662) Pause Young (Allocation Failure)
[509.319s][info ][gc,task      ] GC(662) Using 4 workers of 4 for evacuation
[509.322s][debug][gc,ref       ] GC(662) Skipped phase1 of Reference Processing due to unavailable references
[509.322s][debug][gc,ref       ] GC(662) Skipped phase2 of Reference Processing due to unavailable references
[509.322s][debug][gc,ref       ] GC(662) Skipped phase3 of Reference Processing due to unavailable references
[509.322s][debug][gc,ref       ] GC(662) Skipped phase4 of Reference Processing due to unavailable references
[509.322s][debug][gc,age       ] GC(662) Desired survivor size 15368192 bytes, new threshold 6 (max threshold 6)
[509.322s][info ][gc,heap      ] GC(662) ParNew: 241100K->842K(270336K)
[509.322s][info ][gc,heap      ] GC(662) CMS: 471541K->471598K(600768K)
[509.322s][info ][gc,metaspace ] GC(662) Metaspace: 64762K->64762K(1110016K)
[509.322s][info ][gc           ] GC(662) Pause Young (Allocation Failure) 695M->461M(850M) 3.539ms
[509.322s][info ][gc,cpu       ] GC(662) User=0.02s Sys=0.00s Real=0.00s
[509.322s][info ][safepoint    ] Leaving safepoint region
[509.322s][info ][safepoint    ] Total time for which application threads were stopped: 0.0036839 seconds, Stopping threads took: 0.0000157 seconds
[510.322s][info ][safepoint    ] Application time: 1.0001384 seconds
[510.323s][info ][safepoint    ] Entering safepoint region: Cleanup
[510.323s][info ][safepoint    ] Leaving safepoint region
[510.323s][info ][safepoint    ] Total time for which application threads were stopped: 0.0001625 seconds, Stopping threads took: 0.0000836 seconds
[510.429s][info ][safepoint    ] Application time: 0.1066452 seconds
[510.429s][info ][safepoint    ] Entering safepoint region: GenCollectForAllocation
[510.429s][info ][gc,start     ] GC(663) Pause Young (Allocation Failure)
[510.429s][info ][gc,task      ] GC(663) Using 4 workers of 4 for evacuation
[510.433s][debug][gc,ref       ] GC(663) Skipped phase1 of Reference Processing due to unavailable references
[510.433s][debug][gc,ref       ] GC(663) Skipped phase2 of Reference Processing due to unavailable references
[510.433s][debug][gc,ref       ] GC(663) Skipped phase3 of Reference Processing due to unavailable references
[510.433s][debug][gc,ref       ] GC(663) Skipped phase4 of Reference Processing due to unavailable references
[510.433s][debug][gc,age       ] GC(663) Desired survivor size 15368192 bytes, new threshold 6 (max threshold 6)
[510.433s][info ][gc,heap      ] GC(663) ParNew: 241162K->1000K(270336K)
[510.433s][info ][gc,heap      ] GC(663) CMS: 471598K->471615K(600768K)
[510.433s][info ][gc,metaspace ] GC(663) Metaspace: 64762K->64762K(1110016K)
[510.433s][info ][gc           ] GC(663) Pause Young (Allocation Failure) 696M->461M(850M) 3.569ms
[510.433s][info ][gc,cpu       ] GC(663) User=0.01s Sys=0.00s Real=0.00s
[510.433s][info ][safepoint    ] Leaving safepoint region
[510.433s][info ][safepoint    ] Total time for which application threads were stopped: 0.0037050 seconds, Stopping threads took: 0.0000168 seconds
[511.597s][info ][safepoint    ] Application time: 1.1635438 seconds
[511.597s][info ][safepoint    ] Entering safepoint region: GenCollectForAllocation
[511.597s][info ][gc,start     ] GC(664) Pause Young (Allocation Failure)
[511.597s][info ][gc,task      ] GC(664) Using 4 workers of 4 for evacuation
[511.600s][debug][gc,ref       ] GC(664) Skipped phase1 of Reference Processing due to unavailable references
[511.600s][debug][gc,ref       ] GC(664) Skipped phase2 of Reference Processing due to unavailable references
[511.600s][debug][gc,ref       ] GC(664) Skipped phase3 of Reference Processing due to unavailable references
[511.600s][debug][gc,ref       ] GC(664) Skipped phase4 of Reference Processing due to unavailable references
[511.600s][debug][gc,age       ] GC(664) Desired survivor size 15368192 bytes, new threshold 6 (max threshold 6)
[511.600s][info ][gc,heap      ] GC(664) ParNew: 241320K->1034K(270336K)
[511.600s][info ][gc,heap      ] GC(664) CMS: 471615K->471716K(600768K)
[511.600s][info ][gc,metaspace ] GC(664) Metaspace: 64762K->64762K(1110016K)
[511.600s][info ][gc           ] GC(664) Pause Young (Allocation Failure) 696M->461M(850M) 3.488ms
[511.600s][info ][gc,cpu       ] GC(664) User=0.02s Sys=0.00s Real=0.00s
[511.600s][info ][safepoint    ] Leaving safepoint region
[511.600s][info ][safepoint    ] Total time for which application threads were stopped: 0.0036345 seconds, Stopping threads took: 0.0000170 seconds
[512.761s][info ][safepoint    ] Application time: 1.1605005 seconds
[512.761s][info ][safepoint    ] Entering safepoint region: GenCollectForAllocation
[512.761s][info ][gc,start     ] GC(665) Pause Young (Allocation Failure)
[512.761s][info ][gc,task      ] GC(665) Using 4 workers of 4 for evacuation
[512.764s][debug][gc,ref       ] GC(665) Skipped phase1 of Reference Processing due to unavailable references
[512.764s][debug][gc,ref       ] GC(665) Skipped phase2 of Reference Processing due to unavailable references
[512.764s][debug][gc,ref       ] GC(665) Skipped phase3 of Reference Processing due to unavailable references
[512.764s][debug][gc,ref       ] GC(665) Skipped phase4 of Reference Processing due to unavailable references
[512.764s][debug][gc,age       ] GC(665) Desired survivor size 15368192 bytes, new threshold 6 (max threshold 6)
[512.764s][info ][gc,heap      ] GC(665) ParNew: 241354K->1048K(270336K)
[512.764s][info ][gc,heap      ] GC(665) CMS: 471716K->471729K(600768K)
[512.764s][info ][gc,metaspace ] GC(665) Metaspace: 64762K->64762K(1110016K)
[512.764s][info ][gc           ] GC(665) Pause Young (Allocation Failure) 696M->461M(850M) 3.262ms
[512.764s][info ][gc,cpu       ] GC(665) User=0.01s Sys=0.00s Real=0.00s
[512.764s][info ][safepoint    ] Leaving safepoint region
[512.764s][info ][safepoint    ] Total time for which application threads were stopped: 0.0034302 seconds, Stopping threads took: 0.0000166 seconds
[513.764s][info ][safepoint    ] Application time: 1.0001400 seconds
[513.764s][info ][safepoint    ] Entering safepoint region: Cleanup
[513.765s][info ][safepoint    ] Leaving safepoint region
[513.765s][info ][safepoint    ] Total time for which application threads were stopped: 0.0001414 seconds, Stopping threads took: 0.0000611 seconds
[513.898s][info ][safepoint    ] Application time: 0.1334274 seconds
[513.898s][info ][safepoint    ] Entering safepoint region: GenCollectForAllocation
[513.898s][info ][gc,start     ] GC(666) Pause Young (Allocation Failure)
[513.898s][info ][gc,task      ] GC(666) Using 4 workers of 4 for evacuation
[513.902s][debug][gc,ref       ] GC(666) Skipped phase1 of Reference Processing due to unavailable references
[513.902s][debug][gc,ref       ] GC(666) Skipped phase2 of Reference Processing due to unavailable references
[513.902s][debug][gc,ref       ] GC(666) Skipped phase3 of Reference Processing due to unavailable references
[513.902s][debug][gc,ref       ] GC(666) Skipped phase4 of Reference Processing due to unavailable references
[513.902s][debug][gc,age       ] GC(666) Desired survivor size 15368192 bytes, new threshold 6 (max threshold 6)
[513.902s][info ][gc,heap      ] GC(666) ParNew: 241368K->980K(270336K)
[513.902s][info ][gc,heap      ] GC(666) CMS: 471729K->471792K(600768K)
[513.902s][info ][gc,metaspace ] GC(666) Metaspace: 64762K->64762K(1110016K)
[513.902s][info ][gc           ] GC(666) Pause Young (Allocation Failure) 696M->461M(850M) 3.693ms
[513.902s][info ][gc,cpu       ] GC(666) User=0.01s Sys=0.00s Real=0.00s
[513.902s][info ][safepoint    ] Leaving safepoint region
[513.902s][info ][safepoint    ] Total time for which application threads were stopped: 0.0038936 seconds, Stopping threads took: 0.0000719 seconds
[514.902s][info ][safepoint    ] Application time: 1.0001486 seconds
[514.902s][info ][safepoint    ] Entering safepoint region: Cleanup
[514.902s][info ][safepoint    ] Leaving safepoint region
[514.902s][info ][safepoint    ] Total time for which application threads were stopped: 0.0001254 seconds, Stopping threads took: 0.0000586 seconds
[514.998s][info ][safepoint    ] Application time: 0.0959064 seconds
[514.998s][info ][safepoint    ] Entering safepoint region: GenCollectForAllocation
[514.998s][info ][gc,start     ] GC(667) Pause Young (Allocation Failure)
[514.998s][info ][gc,task      ] GC(667) Using 4 workers of 4 for evacuation
[515.002s][debug][gc,ref       ] GC(667) Skipped phase1 of Reference Processing due to unavailable references
[515.002s][debug][gc,ref       ] GC(667) Skipped phase2 of Reference Processing due to unavailable references
[515.002s][debug][gc,ref       ] GC(667) Skipped phase3 of Reference Processing due to unavailable references
[515.002s][debug][gc,ref       ] GC(667) Skipped phase4 of Reference Processing due to unavailable references
[515.002s][debug][gc,age       ] GC(667) Desired survivor size 15368192 bytes, new threshold 6 (max threshold 6)
[515.002s][info ][gc,heap      ] GC(667) ParNew: 241300K->1266K(270336K)
[515.002s][info ][gc,heap      ] GC(667) CMS: 471792K->471826K(600768K)
[515.002s][info ][gc,metaspace ] GC(667) Metaspace: 64762K->64762K(1110016K)
[515.002s][info ][gc           ] GC(667) Pause Young (Allocation Failure) 696M->462M(850M) 3.910ms
[515.002s][info ][gc,cpu       ] GC(667) User=0.01s Sys=0.00s Real=0.00s
[515.002s][info ][safepoint    ] Leaving safepoint region
[515.002s][info ][safepoint    ] Total time for which application threads were stopped: 0.0041245 seconds, Stopping threads took: 0.0000414 seconds
[516.002s][info ][safepoint    ] Application time: 1.0001015 seconds
[516.002s][info ][safepoint    ] Entering safepoint region: Cleanup
[516.003s][info ][safepoint    ] Leaving safepoint region
[516.003s][info ][safepoint    ] Total time for which application threads were stopped: 0.0000913 seconds, Stopping threads took: 0.0000332 seconds
[516.148s][info ][safepoint    ] Application time: 0.1455117 seconds
[516.148s][info ][safepoint    ] Entering safepoint region: GenCollectForAllocation
[516.148s][info ][gc,start     ] GC(668) Pause Young (Allocation Failure)
[516.148s][info ][gc,task      ] GC(668) Using 4 workers of 4 for evacuation
[516.151s][debug][gc,ref       ] GC(668) Skipped phase1 of Reference Processing due to unavailable references
[516.151s][debug][gc,ref       ] GC(668) Skipped phase2 of Reference Processing due to unavailable references
[516.151s][debug][gc,ref       ] GC(668) Skipped phase3 of Reference Processing due to unavailable references
[516.151s][debug][gc,ref       ] GC(668) Skipped phase4 of Reference Processing due to unavailable references
[516.152s][debug][gc,age       ] GC(668) Desired survivor size 15368192 bytes, new threshold 6 (max threshold 6)
[516.152s][info ][gc,heap      ] GC(668) ParNew: 241586K->1119K(270336K)
[516.152s][info ][gc,heap      ] GC(668) CMS: 471826K->471932K(600768K)
[516.152s][info ][gc,metaspace ] GC(668) Metaspace: 64763K->64763K(1110016K)
[516.152s][info ][gc           ] GC(668) Pause Young (Allocation Failure) 696M->461M(850M) 3.388ms
[516.152s][info ][gc,cpu       ] GC(668) User=0.01s Sys=0.00s Real=0.00s
[516.152s][info ][safepoint    ] Leaving safepoint region
[516.152s][info ][safepoint    ] Total time for which application threads were stopped: 0.0035756 seconds, Stopping threads took: 0.0000422 seconds
[517.280s][info ][safepoint    ] Application time: 1.1285696 seconds
[517.280s][info ][safepoint    ] Entering safepoint region: GenCollectForAllocation
[517.280s][info ][gc,start     ] GC(669) Pause Young (Allocation Failure)
[517.280s][info ][gc,task      ] GC(669) Using 4 workers of 4 for evacuation
[517.283s][debug][gc,ref       ] GC(669) Skipped phase1 of Reference Processing due to unavailable references
[517.284s][debug][gc,ref       ] GC(669) Skipped phase2 of Reference Processing due to unavailable references
[517.284s][debug][gc,ref       ] GC(669) Skipped phase3 of Reference Processing due to unavailable references
[517.284s][debug][gc,ref       ] GC(669) Skipped phase4 of Reference Processing due to unavailable references
[517.284s][debug][gc,age       ] GC(669) Desired survivor size 15368192 bytes, new threshold 6 (max threshold 6)
[517.284s][info ][gc,heap      ] GC(669) ParNew: 241439K->1073K(270336K)
[517.284s][info ][gc,heap      ] GC(669) CMS: 471932K->471978K(600768K)
[517.284s][info ][gc,metaspace ] GC(669) Metaspace: 64763K->64763K(1110016K)
[517.284s][info ][gc           ] GC(669) Pause Young (Allocation Failure) 696M->461M(850M) 3.421ms
[517.284s][info ][gc,cpu       ] GC(669) User=0.01s Sys=0.00s Real=0.00s
[517.284s][info ][safepoint    ] Leaving safepoint region
[517.284s][info ][safepoint    ] Total time for which application threads were stopped: 0.0035686 seconds, Stopping threads took: 0.0000171 seconds
[518.399s][info ][safepoint    ] Application time: 1.1150422 seconds
[518.399s][info ][safepoint    ] Entering safepoint region: GenCollectForAllocation
[518.399s][info ][gc,start     ] GC(670) Pause Young (Allocation Failure)
[518.399s][info ][gc,task      ] GC(670) Using 4 workers of 4 for evacuation
[518.403s][debug][gc,ref       ] GC(670) Skipped phase1 of Reference Processing due to unavailable references
[518.403s][debug][gc,ref       ] GC(670) Skipped phase2 of Reference Processing due to unavailable references
[518.403s][debug][gc,ref       ] GC(670) Skipped phase3 of Reference Processing due to unavailable references
[518.403s][debug][gc,ref       ] GC(670) Skipped phase4 of Reference Processing due to unavailable references
[518.403s][debug][gc,age       ] GC(670) Desired survivor size 15368192 bytes, new threshold 6 (max threshold 6)
[518.403s][info ][gc,heap      ] GC(670) ParNew: 241393K->1084K(270336K)
[518.403s][info ][gc,heap      ] GC(670) CMS: 471978K->472023K(600768K)
[518.403s][info ][gc,metaspace ] GC(670) Metaspace: 64763K->64763K(1110016K)
[518.403s][info ][gc           ] GC(670) Pause Young (Allocation Failure) 696M->462M(850M) 3.988ms
[518.403s][info ][gc,cpu       ] GC(670) User=0.02s Sys=0.00s Real=0.00s
[518.403s][info ][safepoint    ] Leaving safepoint region
[518.403s][info ][safepoint    ] Total time for which application threads were stopped: 0.0041938 seconds, Stopping threads took: 0.0000665 seconds
[519.560s][info ][safepoint    ] Application time: 1.1571365 seconds
[519.560s][info ][safepoint    ] Entering safepoint region: GenCollectForAllocation
[519.560s][info ][gc,start     ] GC(671) Pause Young (Allocation Failure)
[519.560s][info ][gc,task      ] GC(671) Using 4 workers of 4 for evacuation
[519.564s][debug][gc,ref       ] GC(671) Skipped phase1 of Reference Processing due to unavailable references
[519.564s][debug][gc,ref       ] GC(671) Skipped phase2 of Reference Processing due to unavailable references
[519.564s][debug][gc,ref       ] GC(671) Skipped phase3 of Reference Processing due to unavailable references
[519.564s][debug][gc,ref       ] GC(671) Skipped phase4 of Reference Processing due to unavailable references
[519.564s][debug][gc,age       ] GC(671) Desired survivor size 15368192 bytes, new threshold 6 (max threshold 6)
[519.564s][info ][gc,heap      ] GC(671) ParNew: 241404K->1125K(270336K)
[519.564s][info ][gc,heap      ] GC(671) CMS: 472023K->472028K(600768K)
[519.564s][info ][gc,metaspace ] GC(671) Metaspace: 64763K->64763K(1110016K)
[519.564s][info ][gc           ] GC(671) Pause Young (Allocation Failure) 696M->462M(850M) 3.346ms
[519.564s][info ][gc,cpu       ] GC(671) User=0.01s Sys=0.00s Real=0.00s
[519.564s][info ][safepoint    ] Leaving safepoint region
[519.564s][info ][safepoint    ] Total time for which application threads were stopped: 0.0035105 seconds, Stopping threads took: 0.0000172 seconds
[520.700s][info ][safepoint    ] Application time: 1.1361123 seconds
[520.700s][info ][safepoint    ] Entering safepoint region: GenCollectForAllocation
[520.700s][info ][gc,start     ] GC(672) Pause Young (Allocation Failure)
[520.700s][info ][gc,task      ] GC(672) Using 4 workers of 4 for evacuation
[520.704s][debug][gc,ref       ] GC(672) Skipped phase1 of Reference Processing due to unavailable references
[520.704s][debug][gc,ref       ] GC(672) Skipped phase2 of Reference Processing due to unavailable references
[520.704s][debug][gc,ref       ] GC(672) Skipped phase3 of Reference Processing due to unavailable references
[520.704s][debug][gc,ref       ] GC(672) Skipped phase4 of Reference Processing due to unavailable references
[520.704s][debug][gc,age       ] GC(672) Desired survivor size 15368192 bytes, new threshold 6 (max threshold 6)
[520.704s][info ][gc,heap      ] GC(672) ParNew: 241445K->1307K(270336K)
[520.704s][info ][gc,heap      ] GC(672) CMS: 472028K->472066K(600768K)
[520.704s][info ][gc,metaspace ] GC(672) Metaspace: 64763K->64763K(1110016K)
[520.704s][info ][gc           ] GC(672) Pause Young (Allocation Failure) 696M->462M(850M) 3.852ms
[520.704s][info ][gc,cpu       ] GC(672) User=0.01s Sys=0.01s Real=0.00s
[520.704s][info ][safepoint    ] Leaving safepoint region
[520.704s][info ][safepoint    ] Total time for which application threads were stopped: 0.0040353 seconds, Stopping threads took: 0.0000451 seconds
[521.862s][info ][safepoint    ] Application time: 1.1578228 seconds
[521.862s][info ][safepoint    ] Entering safepoint region: GenCollectForAllocation
[521.862s][info ][gc,start     ] GC(673) Pause Young (Allocation Failure)
[521.862s][info ][gc,task      ] GC(673) Using 4 workers of 4 for evacuation
[521.865s][debug][gc,ref       ] GC(673) Skipped phase1 of Reference Processing due to unavailable references
[521.865s][debug][gc,ref       ] GC(673) Skipped phase2 of Reference Processing due to unavailable references
[521.865s][debug][gc,ref       ] GC(673) Skipped phase3 of Reference Processing due to unavailable references
[521.865s][debug][gc,ref       ] GC(673) Skipped phase4 of Reference Processing due to unavailable references
[521.866s][debug][gc,age       ] GC(673) Desired survivor size 15368192 bytes, new threshold 6 (max threshold 6)
[521.866s][info ][gc,heap      ] GC(673) ParNew: 241627K->954K(270336K)
[521.866s][info ][gc,heap      ] GC(673) CMS: 472066K->472173K(600768K)
[521.866s][info ][gc,metaspace ] GC(673) Metaspace: 64763K->64763K(1110016K)
[521.866s][info ][gc           ] GC(673) Pause Young (Allocation Failure) 696M->462M(850M) 3.700ms
[521.866s][info ][gc,cpu       ] GC(673) User=0.02s Sys=0.00s Real=0.00s
[521.866s][info ][safepoint    ] Leaving safepoint region
[521.866s][info ][safepoint    ] Total time for which application threads were stopped: 0.0038664 seconds, Stopping threads took: 0.0000335 seconds
[523.034s][info ][safepoint    ] Application time: 1.1684163 seconds
[523.034s][info ][safepoint    ] Entering safepoint region: GenCollectForAllocation
[523.034s][info ][gc,start     ] GC(674) Pause Young (Allocation Failure)
[523.034s][info ][gc,task      ] GC(674) Using 4 workers of 4 for evacuation
[523.038s][debug][gc,ref       ] GC(674) Skipped phase1 of Reference Processing due to unavailable references
[523.038s][debug][gc,ref       ] GC(674) Skipped phase2 of Reference Processing due to unavailable references
[523.038s][debug][gc,ref       ] GC(674) Skipped phase3 of Reference Processing due to unavailable references
[523.038s][debug][gc,ref       ] GC(674) Skipped phase4 of Reference Processing due to unavailable references
[523.038s][debug][gc,age       ] GC(674) Desired survivor size 15368192 bytes, new threshold 6 (max threshold 6)
[523.038s][info ][gc,heap      ] GC(674) ParNew: 241274K->1052K(270336K)
[523.038s][info ][gc,heap      ] GC(674) CMS: 472173K->472243K(600768K)
[523.038s][info ][gc,metaspace ] GC(674) Metaspace: 64765K->64765K(1110016K)
[523.038s][info ][gc           ] GC(674) Pause Young (Allocation Failure) 696M->462M(850M) 4.117ms
[523.038s][info ][gc,cpu       ] GC(674) User=0.01s Sys=0.00s Real=0.01s
[523.038s][info ][safepoint    ] Leaving safepoint region
[523.038s][info ][safepoint    ] Total time for which application threads were stopped: 0.0042659 seconds, Stopping threads took: 0.0000178 seconds
[524.039s][info ][safepoint    ] Application time: 1.0001007 seconds
[524.039s][info ][safepoint    ] Entering safepoint region: Cleanup
[524.039s][info ][safepoint    ] Leaving safepoint region
[524.039s][info ][safepoint    ] Total time for which application threads were stopped: 0.0000719 seconds, Stopping threads took: 0.0000167 seconds
[524.219s][info ][safepoint    ] Application time: 0.1805617 seconds
[524.219s][info ][safepoint    ] Entering safepoint region: GenCollectForAllocation
[524.219s][info ][gc,start     ] GC(675) Pause Young (Allocation Failure)
[524.219s][info ][gc,task      ] GC(675) Using 4 workers of 4 for evacuation
[524.223s][debug][gc,ref       ] GC(675) Skipped phase1 of Reference Processing due to unavailable references
[524.223s][debug][gc,ref       ] GC(675) Skipped phase2 of Reference Processing due to unavailable references
[524.223s][debug][gc,ref       ] GC(675) Skipped phase3 of Reference Processing due to unavailable references
[524.223s][debug][gc,ref       ] GC(675) Skipped phase4 of Reference Processing due to unavailable references
[524.223s][debug][gc,age       ] GC(675) Desired survivor size 15368192 bytes, new threshold 6 (max threshold 6)
[524.223s][info ][gc,heap      ] GC(675) ParNew: 241372K->1046K(270336K)
[524.223s][info ][gc,heap      ] GC(675) CMS: 472243K->472310K(600768K)
[524.223s][info ][gc,metaspace ] GC(675) Metaspace: 64765K->64765K(1110016K)
[524.223s][info ][gc           ] GC(675) Pause Young (Allocation Failure) 696M->462M(850M) 3.851ms
[524.223s][info ][gc,cpu       ] GC(675) User=0.02s Sys=0.00s Real=0.00s
[524.223s][info ][safepoint    ] Leaving safepoint region
[524.223s][info ][safepoint    ] Total time for which application threads were stopped: 0.0040202 seconds, Stopping threads took: 0.0000167 seconds
[525.413s][info ][safepoint    ] Application time: 1.1900633 seconds
[525.413s][info ][safepoint    ] Entering safepoint region: GenCollectForAllocation
[525.414s][info ][gc,start     ] GC(676) Pause Young (Allocation Failure)
[525.414s][info ][gc,task      ] GC(676) Using 4 workers of 4 for evacuation
[525.418s][debug][gc,ref       ] GC(676) Skipped phase1 of Reference Processing due to unavailable references
[525.418s][debug][gc,ref       ] GC(676) Skipped phase2 of Reference Processing due to unavailable references
[525.418s][debug][gc,ref       ] GC(676) Skipped phase3 of Reference Processing due to unavailable references
[525.418s][debug][gc,ref       ] GC(676) Skipped phase4 of Reference Processing due to unavailable references
[525.419s][debug][gc,age       ] GC(676) Desired survivor size 15368192 bytes, new threshold 6 (max threshold 6)
[525.420s][info ][gc,heap      ] GC(676) ParNew: 241366K->995K(270336K)
[525.420s][info ][gc,heap      ] GC(676) CMS: 472310K->472382K(600768K)
[525.420s][info ][gc,metaspace ] GC(676) Metaspace: 64765K->64765K(1110016K)
[525.420s][info ][gc           ] GC(676) Pause Young (Allocation Failure) 696M->462M(850M) 6.269ms
[525.420s][info ][gc,cpu       ] GC(676) User=0.02s Sys=0.00s Real=0.01s
[525.420s][info ][safepoint    ] Leaving safepoint region
[525.420s][info ][safepoint    ] Total time for which application threads were stopped: 0.0064347 seconds, Stopping threads took: 0.0000161 seconds
[526.583s][info ][safepoint    ] Application time: 1.1627744 seconds
[526.583s][info ][safepoint    ] Entering safepoint region: GenCollectForAllocation
[526.583s][info ][gc,start     ] GC(677) Pause Young (Allocation Failure)
[526.583s][info ][gc,task      ] GC(677) Using 4 workers of 4 for evacuation
[526.586s][debug][gc,ref       ] GC(677) Skipped phase1 of Reference Processing due to unavailable references
[526.586s][debug][gc,ref       ] GC(677) Skipped phase2 of Reference Processing due to unavailable references
[526.586s][debug][gc,ref       ] GC(677) Skipped phase3 of Reference Processing due to unavailable references
[526.586s][debug][gc,ref       ] GC(677) Skipped phase4 of Reference Processing due to unavailable references
[526.586s][debug][gc,age       ] GC(677) Desired survivor size 15368192 bytes, new threshold 6 (max threshold 6)
[526.586s][info ][gc,heap      ] GC(677) ParNew: 241315K->1065K(270336K)
[526.586s][info ][gc,heap      ] GC(677) CMS: 472382K->472421K(600768K)
[526.586s][info ][gc,metaspace ] GC(677) Metaspace: 64768K->64768K(1110016K)
[526.586s][info ][gc           ] GC(677) Pause Young (Allocation Failure) 696M->462M(850M) 3.061ms
[526.586s][info ][gc,cpu       ] GC(677) User=0.01s Sys=0.00s Real=0.00s
[526.586s][info ][safepoint    ] Leaving safepoint region
[526.586s][info ][safepoint    ] Total time for which application threads were stopped: 0.0031959 seconds, Stopping threads took: 0.0000164 seconds
[527.774s][info ][safepoint    ] Application time: 1.1876565 seconds
[527.774s][info ][safepoint    ] Entering safepoint region: GenCollectForAllocation
[527.774s][info ][gc,start     ] GC(678) Pause Young (Allocation Failure)
[527.774s][info ][gc,task      ] GC(678) Using 4 workers of 4 for evacuation
[527.777s][debug][gc,ref       ] GC(678) Skipped phase1 of Reference Processing due to unavailable references
[527.777s][debug][gc,ref       ] GC(678) Skipped phase2 of Reference Processing due to unavailable references
[527.777s][debug][gc,ref       ] GC(678) Skipped phase3 of Reference Processing due to unavailable references
[527.777s][debug][gc,ref       ] GC(678) Skipped phase4 of Reference Processing due to unavailable references
[527.777s][debug][gc,age       ] GC(678) Desired survivor size 15368192 bytes, new threshold 6 (max threshold 6)
[527.777s][info ][gc,heap      ] GC(678) ParNew: 241385K->891K(270336K)
[527.777s][info ][gc,heap      ] GC(678) CMS: 472421K->472468K(600768K)
[527.777s][info ][gc,metaspace ] GC(678) Metaspace: 64768K->64768K(1110016K)
[527.777s][info ][gc           ] GC(678) Pause Young (Allocation Failure) 697M->462M(850M) 3.323ms
[527.777s][info ][gc,cpu       ] GC(678) User=0.01s Sys=0.00s Real=0.01s
[527.777s][info ][safepoint    ] Leaving safepoint region
[527.777s][info ][safepoint    ] Total time for which application threads were stopped: 0.0034722 seconds, Stopping threads took: 0.0000176 seconds
[528.960s][info ][safepoint    ] Application time: 1.1829447 seconds
[528.960s][info ][safepoint    ] Entering safepoint region: GenCollectForAllocation
[528.960s][info ][gc,start     ] GC(679) Pause Young (Allocation Failure)
[528.960s][info ][gc,task      ] GC(679) Using 4 workers of 4 for evacuation
[528.963s][debug][gc,ref       ] GC(679) Skipped phase1 of Reference Processing due to unavailable references
[528.963s][debug][gc,ref       ] GC(679) Skipped phase2 of Reference Processing due to unavailable references
[528.963s][debug][gc,ref       ] GC(679) Skipped phase3 of Reference Processing due to unavailable references
[528.963s][debug][gc,ref       ] GC(679) Skipped phase4 of Reference Processing due to unavailable references
[528.963s][debug][gc,age       ] GC(679) Desired survivor size 15368192 bytes, new threshold 6 (max threshold 6)
[528.963s][info ][gc,heap      ] GC(679) ParNew: 241211K->727K(270336K)
[528.963s][info ][gc,heap      ] GC(679) CMS: 472468K->472690K(600768K)
[528.963s][info ][gc,metaspace ] GC(679) Metaspace: 64769K->64769K(1110016K)
[528.963s][info ][gc           ] GC(679) Pause Young (Allocation Failure) 696M->462M(850M) 3.139ms
[528.963s][info ][gc,cpu       ] GC(679) User=0.01s Sys=0.00s Real=0.00s
[528.963s][info ][safepoint    ] Leaving safepoint region
[528.963s][info ][safepoint    ] Total time for which application threads were stopped: 0.0032924 seconds, Stopping threads took: 0.0000193 seconds
[530.084s][info ][safepoint    ] Application time: 1.1203181 seconds
[530.084s][info ][safepoint    ] Entering safepoint region: GenCollectForAllocation
[530.084s][info ][gc,start     ] GC(680) Pause Young (Allocation Failure)
[530.084s][info ][gc,task      ] GC(680) Using 4 workers of 4 for evacuation
[530.087s][debug][gc,ref       ] GC(680) Skipped phase1 of Reference Processing due to unavailable references
[530.087s][debug][gc,ref       ] GC(680) Skipped phase2 of Reference Processing due to unavailable references
[530.087s][debug][gc,ref       ] GC(680) Skipped phase3 of Reference Processing due to unavailable references
[530.087s][debug][gc,ref       ] GC(680) Skipped phase4 of Reference Processing due to unavailable references
[530.087s][debug][gc,age       ] GC(680) Desired survivor size 15368192 bytes, new threshold 6 (max threshold 6)
[530.087s][info ][gc,heap      ] GC(680) ParNew: 241047K->948K(270336K)
[530.087s][info ][gc,heap      ] GC(680) CMS: 472690K->472769K(600768K)
[530.087s][info ][gc,metaspace ] GC(680) Metaspace: 64769K->64769K(1110016K)
[530.087s][info ][gc           ] GC(680) Pause Young (Allocation Failure) 697M->462M(850M) 3.372ms
[530.087s][info ][gc,cpu       ] GC(680) User=0.01s Sys=0.00s Real=0.00s
[530.087s][info ][safepoint    ] Leaving safepoint region
[530.087s][info ][safepoint    ] Total time for which application threads were stopped: 0.0035459 seconds, Stopping threads took: 0.0000473 seconds
[531.087s][info ][safepoint    ] Application time: 1.0001444 seconds
[531.087s][info ][safepoint    ] Entering safepoint region: Cleanup
[531.087s][info ][safepoint    ] Leaving safepoint region
[531.087s][info ][safepoint    ] Total time for which application threads were stopped: 0.0000749 seconds, Stopping threads took: 0.0000169 seconds
[531.227s][info ][safepoint    ] Application time: 0.1393141 seconds
[531.227s][info ][safepoint    ] Entering safepoint region: GenCollectForAllocation
[531.227s][info ][gc,start     ] GC(681) Pause Young (Allocation Failure)
[531.227s][info ][gc,task      ] GC(681) Using 4 workers of 4 for evacuation
[531.230s][debug][gc,ref       ] GC(681) Skipped phase1 of Reference Processing due to unavailable references
[531.230s][debug][gc,ref       ] GC(681) Skipped phase2 of Reference Processing due to unavailable references
[531.230s][debug][gc,ref       ] GC(681) Skipped phase3 of Reference Processing due to unavailable references
[531.230s][debug][gc,ref       ] GC(681) Skipped phase4 of Reference Processing due to unavailable references
[531.230s][debug][gc,age       ] GC(681) Desired survivor size 15368192 bytes, new threshold 6 (max threshold 6)
[531.230s][info ][gc,heap      ] GC(681) ParNew: 241268K->1055K(270336K)
[531.230s][info ][gc,heap      ] GC(681) CMS: 472769K->472796K(600768K)
[531.230s][info ][gc,metaspace ] GC(681) Metaspace: 64769K->64769K(1110016K)
[531.230s][info ][gc           ] GC(681) Pause Young (Allocation Failure) 697M->462M(850M) 3.561ms
[531.230s][info ][gc,cpu       ] GC(681) User=0.01s Sys=0.00s Real=0.01s
[531.231s][info ][safepoint    ] Leaving safepoint region
[531.231s][info ][safepoint    ] Total time for which application threads were stopped: 0.0037122 seconds, Stopping threads took: 0.0000168 seconds
[532.231s][info ][safepoint    ] Application time: 1.0000910 seconds
[532.231s][info ][safepoint    ] Entering safepoint region: Cleanup
[532.231s][info ][safepoint    ] Leaving safepoint region
[532.231s][info ][safepoint    ] Total time for which application threads were stopped: 0.0001693 seconds, Stopping threads took: 0.0000872 seconds
[532.324s][info ][safepoint    ] Application time: 0.0935219 seconds
[532.324s][info ][safepoint    ] Entering safepoint region: GenCollectForAllocation
[532.325s][info ][gc,start     ] GC(682) Pause Young (Allocation Failure)
[532.325s][info ][gc,task      ] GC(682) Using 4 workers of 4 for evacuation
[532.328s][debug][gc,ref       ] GC(682) Skipped phase1 of Reference Processing due to unavailable references
[532.328s][debug][gc,ref       ] GC(682) Skipped phase3 of Reference Processing due to unavailable references
[532.329s][debug][gc,age       ] GC(682) Desired survivor size 15368192 bytes, new threshold 6 (max threshold 6)
[532.329s][info ][gc,heap      ] GC(682) ParNew: 241375K->2302K(270336K)
[532.329s][info ][gc,heap      ] GC(682) CMS: 472796K->472881K(600768K)
[532.329s][info ][gc,metaspace ] GC(682) Metaspace: 64769K->64769K(1110016K)
[532.329s][info ][gc           ] GC(682) Pause Young (Allocation Failure) 697M->464M(850M) 4.125ms
[532.329s][info ][gc,cpu       ] GC(682) User=0.02s Sys=0.00s Real=0.01s
[532.329s][info ][safepoint    ] Leaving safepoint region
[532.329s][info ][safepoint    ] Total time for which application threads were stopped: 0.0043005 seconds, Stopping threads took: 0.0000349 seconds
[533.329s][info ][safepoint    ] Application time: 1.0001064 seconds
[533.329s][info ][safepoint    ] Entering safepoint region: Cleanup
[533.329s][info ][safepoint    ] Leaving safepoint region
[533.329s][info ][safepoint    ] Total time for which application threads were stopped: 0.0001376 seconds, Stopping threads took: 0.0000579 seconds
[533.470s][info ][safepoint    ] Application time: 0.1405889 seconds
[533.470s][info ][safepoint    ] Entering safepoint region: GenCollectForAllocation
[533.470s][info ][gc,start     ] GC(683) Pause Young (Allocation Failure)
[533.470s][info ][gc,task      ] GC(683) Using 4 workers of 4 for evacuation
[533.474s][debug][gc,ref       ] GC(683) Skipped phase1 of Reference Processing due to unavailable references
[533.474s][debug][gc,ref       ] GC(683) Skipped phase3 of Reference Processing due to unavailable references
[533.474s][debug][gc,age       ] GC(683) Desired survivor size 15368192 bytes, new threshold 6 (max threshold 6)
[533.474s][info ][gc,heap      ] GC(683) ParNew: 242622K->2743K(270336K)
[533.474s][info ][gc,heap      ] GC(683) CMS: 472881K->472890K(600768K)
[533.474s][info ][gc,metaspace ] GC(683) Metaspace: 64769K->64769K(1110016K)
[533.474s][info ][gc           ] GC(683) Pause Young (Allocation Failure) 698M->464M(850M) 4.285ms
[533.474s][info ][gc,cpu       ] GC(683) User=0.01s Sys=0.00s Real=0.00s
[533.474s][info ][safepoint    ] Leaving safepoint region
[533.474s][info ][safepoint    ] Total time for which application threads were stopped: 0.0044823 seconds, Stopping threads took: 0.0000190 seconds
[534.474s][info ][safepoint    ] Application time: 1.0001062 seconds
[534.474s][info ][safepoint    ] Entering safepoint region: Cleanup
[534.474s][info ][safepoint    ] Leaving safepoint region
[534.474s][info ][safepoint    ] Total time for which application threads were stopped: 0.0001274 seconds, Stopping threads took: 0.0000469 seconds
[534.537s][info ][safepoint    ] Application time: 0.0621898 seconds
[534.537s][info ][safepoint    ] Entering safepoint region: GenCollectForAllocation
[534.537s][info ][gc,start     ] GC(684) Pause Young (Allocation Failure)
[534.537s][info ][gc,task      ] GC(684) Using 4 workers of 4 for evacuation
[534.541s][debug][gc,ref       ] GC(684) Skipped phase1 of Reference Processing due to unavailable references
[534.541s][debug][gc,ref       ] GC(684) Skipped phase3 of Reference Processing due to unavailable references
[534.541s][debug][gc,age       ] GC(684) Desired survivor size 15368192 bytes, new threshold 6 (max threshold 6)
[534.541s][info ][gc,heap      ] GC(684) ParNew: 243063K->3224K(270336K)
[534.541s][info ][gc,heap      ] GC(684) CMS: 472890K->472932K(600768K)
[534.541s][info ][gc,metaspace ] GC(684) Metaspace: 64769K->64769K(1110016K)
[534.541s][info ][gc           ] GC(684) Pause Young (Allocation Failure) 699M->464M(850M) 4.100ms
[534.541s][info ][gc,cpu       ] GC(684) User=0.02s Sys=0.00s Real=0.00s
[534.541s][info ][safepoint    ] Leaving safepoint region
[534.541s][info ][safepoint    ] Total time for which application threads were stopped: 0.0042510 seconds, Stopping threads took: 0.0000175 seconds
[535.541s][info ][safepoint    ] Application time: 1.0000882 seconds
[535.541s][info ][safepoint    ] Entering safepoint region: Cleanup
[535.541s][info ][safepoint    ] Leaving safepoint region
[535.541s][info ][safepoint    ] Total time for which application threads were stopped: 0.0000968 seconds, Stopping threads took: 0.0000182 seconds
[535.680s][info ][safepoint    ] Application time: 0.1391796 seconds
[535.680s][info ][safepoint    ] Entering safepoint region: GenCollectForAllocation
[535.680s][info ][gc,start     ] GC(685) Pause Young (Allocation Failure)
[535.680s][info ][gc,task      ] GC(685) Using 4 workers of 4 for evacuation
[535.685s][debug][gc,ref       ] GC(685) Skipped phase1 of Reference Processing due to unavailable references
[535.685s][debug][gc,ref       ] GC(685) Skipped phase3 of Reference Processing due to unavailable references
[535.685s][debug][gc,age       ] GC(685) Desired survivor size 15368192 bytes, new threshold 6 (max threshold 6)
[535.685s][info ][gc,heap      ] GC(685) ParNew: 243544K->4223K(270336K)
[535.685s][info ][gc,heap      ] GC(685) CMS: 472932K->473007K(600768K)
[535.685s][info ][gc,metaspace ] GC(685) Metaspace: 64776K->64776K(1110016K)
[535.685s][info ][gc           ] GC(685) Pause Young (Allocation Failure) 699M->466M(850M) 4.394ms
[535.685s][info ][gc,cpu       ] GC(685) User=0.02s Sys=0.00s Real=0.00s
[535.685s][info ][safepoint    ] Leaving safepoint region
[535.685s][info ][safepoint    ] Total time for which application threads were stopped: 0.0045595 seconds, Stopping threads took: 0.0000175 seconds
[536.873s][info ][safepoint    ] Application time: 1.1879436 seconds
[536.873s][info ][safepoint    ] Entering safepoint region: GenCollectForAllocation
[536.873s][info ][gc,start     ] GC(686) Pause Young (Allocation Failure)
[536.873s][info ][gc,task      ] GC(686) Using 4 workers of 4 for evacuation
[536.877s][debug][gc,ref       ] GC(686) Skipped phase1 of Reference Processing due to unavailable references
[536.877s][debug][gc,ref       ] GC(686) Skipped phase3 of Reference Processing due to unavailable references
[536.878s][debug][gc,age       ] GC(686) Desired survivor size 15368192 bytes, new threshold 6 (max threshold 6)
[536.878s][info ][gc,heap      ] GC(686) ParNew: 244543K->4204K(270336K)
[536.878s][info ][gc,heap      ] GC(686) CMS: 473007K->473108K(600768K)
[536.878s][info ][gc,metaspace ] GC(686) Metaspace: 64776K->64776K(1110016K)
[536.878s][info ][gc           ] GC(686) Pause Young (Allocation Failure) 700M->466M(850M) 4.684ms
[536.878s][info ][gc,cpu       ] GC(686) User=0.01s Sys=0.00s Real=0.01s
[536.878s][info ][safepoint    ] Leaving safepoint region
[536.878s][info ][safepoint    ] Total time for which application threads were stopped: 0.0048397 seconds, Stopping threads took: 0.0000172 seconds
[537.984s][info ][safepoint    ] Application time: 1.1064259 seconds
[537.984s][info ][safepoint    ] Entering safepoint region: GenCollectForAllocation
[537.984s][info ][gc,start     ] GC(687) Pause Young (Allocation Failure)
[537.984s][info ][gc,task      ] GC(687) Using 4 workers of 4 for evacuation
[537.988s][debug][gc,ref       ] GC(687) Skipped phase1 of Reference Processing due to unavailable references
[537.988s][debug][gc,ref       ] GC(687) Skipped phase3 of Reference Processing due to unavailable references
[537.989s][debug][gc,age       ] GC(687) Desired survivor size 15368192 bytes, new threshold 6 (max threshold 6)
[537.989s][info ][gc,heap      ] GC(687) ParNew: 244524K->4992K(270336K)
[537.989s][info ][gc,heap      ] GC(687) CMS: 473108K->473155K(600768K)
[537.989s][info ][gc,metaspace ] GC(687) Metaspace: 64776K->64776K(1110016K)
[537.989s][info ][gc           ] GC(687) Pause Young (Allocation Failure) 700M->466M(850M) 4.357ms
[537.989s][info ][gc,cpu       ] GC(687) User=0.02s Sys=0.01s Real=0.01s
[537.989s][info ][safepoint    ] Leaving safepoint region
[537.989s][info ][safepoint    ] Total time for which application threads were stopped: 0.0045190 seconds, Stopping threads took: 0.0000201 seconds
[538.854s][info ][safepoint    ] Application time: 0.8654440 seconds
[538.854s][info ][safepoint    ] Entering safepoint region: GenCollectForAllocation
[538.854s][info ][gc,start     ] GC(688) Pause Young (Allocation Failure)
[538.855s][info ][gc,task      ] GC(688) Using 4 workers of 4 for evacuation
[538.859s][debug][gc,ref       ] GC(688) Skipped phase1 of Reference Processing due to unavailable references
[538.859s][debug][gc,ref       ] GC(688) Skipped phase3 of Reference Processing due to unavailable references
[538.859s][debug][gc,ref       ] GC(688) Skipped phase4 of Reference Processing due to unavailable references
[538.859s][debug][gc,age       ] GC(688) Desired survivor size 15368192 bytes, new threshold 6 (max threshold 6)
[538.859s][info ][gc,heap      ] GC(688) ParNew: 245312K->5316K(270336K)
[538.859s][info ][gc,heap      ] GC(688) CMS: 473155K->473308K(600768K)
[538.859s][info ][gc,metaspace ] GC(688) Metaspace: 64831K->64831K(1110016K)
[538.859s][info ][gc           ] GC(688) Pause Young (Allocation Failure) 701M->467M(850M) 4.350ms
[538.859s][info ][gc,cpu       ] GC(688) User=0.02s Sys=0.00s Real=0.01s
[538.859s][info ][safepoint    ] Leaving safepoint region
[538.859s][info ][safepoint    ] Total time for which application threads were stopped: 0.0046676 seconds, Stopping threads took: 0.0000174 seconds
[539.859s][info ][safepoint    ] Application time: 1.0001369 seconds
[539.859s][info ][safepoint    ] Entering safepoint region: Cleanup
[539.859s][info ][safepoint    ] Leaving safepoint region
[539.859s][info ][safepoint    ] Total time for which application threads were stopped: 0.0001551 seconds, Stopping threads took: 0.0000432 seconds
[539.999s][info ][safepoint    ] Application time: 0.1398470 seconds
[539.999s][info ][safepoint    ] Entering safepoint region: GenCollectForAllocation
[539.999s][info ][gc,start     ] GC(689) Pause Young (Allocation Failure)
[539.999s][info ][gc,task      ] GC(689) Using 4 workers of 4 for evacuation
[540.004s][debug][gc,ref       ] GC(689) Skipped phase1 of Reference Processing due to unavailable references
[540.004s][debug][gc,ref       ] GC(689) Skipped phase3 of Reference Processing due to unavailable references
[540.004s][debug][gc,ref       ] GC(689) Skipped phase4 of Reference Processing due to unavailable references
[540.004s][debug][gc,age       ] GC(689) Desired survivor size 15368192 bytes, new threshold 6 (max threshold 6)
[540.004s][info ][gc,heap      ] GC(689) ParNew: 245636K->5325K(270336K)
[540.004s][info ][gc,heap      ] GC(689) CMS: 473308K->473341K(600768K)
[540.004s][info ][gc,metaspace ] GC(689) Metaspace: 64831K->64831K(1110016K)
[540.004s][info ][gc           ] GC(689) Pause Young (Allocation Failure) 702M->467M(850M) 4.878ms
[540.004s][info ][gc,cpu       ] GC(689) User=0.02s Sys=0.00s Real=0.00s
[540.004s][info ][safepoint    ] Leaving safepoint region
[540.004s][info ][safepoint    ] Total time for which application threads were stopped: 0.0050676 seconds, Stopping threads took: 0.0000451 seconds
[541.153s][info ][safepoint    ] Application time: 1.1488233 seconds
[541.153s][info ][safepoint    ] Entering safepoint region: GenCollectForAllocation
[541.153s][info ][gc,start     ] GC(690) Pause Young (Allocation Failure)
[541.153s][info ][gc,task      ] GC(690) Using 4 workers of 4 for evacuation
[541.161s][debug][gc,ref       ] GC(690) Skipped phase1 of Reference Processing due to unavailable references
[541.161s][debug][gc,ref       ] GC(690) Skipped phase3 of Reference Processing due to unavailable references
[541.161s][debug][gc,ref       ] GC(690) Skipped phase4 of Reference Processing due to unavailable references
[541.161s][debug][gc,age       ] GC(690) Desired survivor size 15368192 bytes, new threshold 6 (max threshold 6)
[541.161s][info ][gc,heap      ] GC(690) ParNew: 245645K->4420K(270336K)
[541.161s][info ][gc,heap      ] GC(690) CMS: 473341K->474354K(600768K)
[541.161s][info ][gc,metaspace ] GC(690) Metaspace: 64836K->64836K(1110016K)
[541.161s][info ][gc           ] GC(690) Pause Young (Allocation Failure) 702M->467M(850M) 7.721ms
[541.161s][info ][gc,cpu       ] GC(690) User=0.03s Sys=0.00s Real=0.01s
[541.161s][info ][safepoint    ] Leaving safepoint region
[541.161s][info ][safepoint    ] Total time for which application threads were stopped: 0.0079432 seconds, Stopping threads took: 0.0000681 seconds
[542.076s][info ][safepoint    ] Application time: 0.9149521 seconds
[542.076s][info ][safepoint    ] Entering safepoint region: GenCollectForAllocation
[542.076s][info ][gc,start     ] GC(691) Pause Young (Allocation Failure)
[542.076s][info ][gc,task      ] GC(691) Using 4 workers of 4 for evacuation
[542.080s][debug][gc,ref       ] GC(691) Skipped phase1 of Reference Processing due to unavailable references
[542.081s][debug][gc,ref       ] GC(691) Skipped phase2 of Reference Processing due to unavailable references
[542.081s][debug][gc,ref       ] GC(691) Skipped phase3 of Reference Processing due to unavailable references
[542.081s][debug][gc,ref       ] GC(691) Skipped phase4 of Reference Processing due to unavailable references
[542.081s][debug][gc,age       ] GC(691) Desired survivor size 15368192 bytes, new threshold 6 (max threshold 6)
[542.081s][info ][gc,heap      ] GC(691) ParNew: 244740K->3444K(270336K)
[542.081s][info ][gc,heap      ] GC(691) CMS: 474354K->474512K(600768K)
[542.081s][info ][gc,metaspace ] GC(691) Metaspace: 64856K->64856K(1110016K)
[542.081s][info ][gc           ] GC(691) Pause Young (Allocation Failure) 702M->466M(850M) 4.604ms
[542.081s][info ][gc,cpu       ] GC(691) User=0.01s Sys=0.00s Real=0.00s
[542.081s][info ][safepoint    ] Leaving safepoint region
[542.081s][info ][safepoint    ] Total time for which application threads were stopped: 0.0048089 seconds, Stopping threads took: 0.0000219 seconds
[543.081s][info ][safepoint    ] Application time: 1.0000511 seconds
[543.081s][info ][safepoint    ] Entering safepoint region: Cleanup
[543.081s][info ][safepoint    ] Leaving safepoint region
[543.081s][info ][safepoint    ] Total time for which application threads were stopped: 0.0001481 seconds, Stopping threads took: 0.0000466 seconds
[543.191s][info ][safepoint    ] Application time: 0.1098302 seconds
[543.191s][info ][safepoint    ] Entering safepoint region: GenCollectForAllocation
[543.191s][info ][gc,start     ] GC(692) Pause Young (Allocation Failure)
[543.191s][info ][gc,task      ] GC(692) Using 4 workers of 4 for evacuation
[543.195s][debug][gc,ref       ] GC(692) Skipped phase1 of Reference Processing due to unavailable references
[543.195s][debug][gc,ref       ] GC(692) Skipped phase2 of Reference Processing due to unavailable references
[543.195s][debug][gc,ref       ] GC(692) Skipped phase3 of Reference Processing due to unavailable references
[543.195s][debug][gc,ref       ] GC(692) Skipped phase4 of Reference Processing due to unavailable references
[543.196s][debug][gc,age       ] GC(692) Desired survivor size 15368192 bytes, new threshold 6 (max threshold 6)
[543.196s][info ][gc,heap      ] GC(692) ParNew: 243764K->3950K(270336K)
[543.196s][info ][gc,heap      ] GC(692) CMS: 474512K->474675K(600768K)
[543.196s][info ][gc,metaspace ] GC(692) Metaspace: 64857K->64857K(1110016K)
[543.196s][info ][gc           ] GC(692) Pause Young (Allocation Failure) 701M->467M(850M) 4.663ms
[543.196s][info ][gc,cpu       ] GC(692) User=0.01s Sys=0.00s Real=0.01s
[543.196s][info ][safepoint    ] Leaving safepoint region
[543.196s][info ][safepoint    ] Total time for which application threads were stopped: 0.0048803 seconds, Stopping threads took: 0.0000728 seconds
[544.188s][info ][safepoint    ] Application time: 0.9925817 seconds
[544.188s][info ][safepoint    ] Entering safepoint region: GenCollectForAllocation
[544.189s][info ][gc,start     ] GC(693) Pause Young (Allocation Failure)
[544.189s][info ][gc,task      ] GC(693) Using 4 workers of 4 for evacuation
[544.193s][debug][gc,ref       ] GC(693) Skipped phase1 of Reference Processing due to unavailable references
[544.193s][debug][gc,ref       ] GC(693) Skipped phase2 of Reference Processing due to unavailable references
[544.193s][debug][gc,ref       ] GC(693) Skipped phase3 of Reference Processing due to unavailable references
[544.193s][debug][gc,ref       ] GC(693) Skipped phase4 of Reference Processing due to unavailable references
[544.193s][debug][gc,age       ] GC(693) Desired survivor size 15368192 bytes, new threshold 6 (max threshold 6)
[544.193s][info ][gc,heap      ] GC(693) ParNew: 244270K->4298K(270336K)
[544.193s][info ][gc,heap      ] GC(693) CMS: 474675K->474999K(600768K)
[544.193s][info ][gc,metaspace ] GC(693) Metaspace: 64875K->64875K(1110016K)
[544.193s][info ][gc           ] GC(693) Pause Young (Allocation Failure) 702M->468M(850M) 4.533ms
[544.193s][info ][gc,cpu       ] GC(693) User=0.02s Sys=0.00s Real=0.00s
[544.193s][info ][safepoint    ] Leaving safepoint region
[544.193s][info ][safepoint    ] Total time for which application threads were stopped: 0.0047034 seconds, Stopping threads took: 0.0000154 seconds
[545.178s][info ][safepoint    ] Application time: 0.9847951 seconds
[545.178s][info ][safepoint    ] Entering safepoint region: GenCollectForAllocation
[545.178s][info ][gc,start     ] GC(694) Pause Young (Allocation Failure)
[545.178s][info ][gc,task      ] GC(694) Using 4 workers of 4 for evacuation
[545.182s][debug][gc,ref       ] GC(694) Skipped phase1 of Reference Processing due to unavailable references
[545.182s][debug][gc,ref       ] GC(694) Skipped phase2 of Reference Processing due to unavailable references
[545.182s][debug][gc,ref       ] GC(694) Skipped phase3 of Reference Processing due to unavailable references
[545.182s][debug][gc,ref       ] GC(694) Skipped phase4 of Reference Processing due to unavailable references
[545.182s][debug][gc,age       ] GC(694) Desired survivor size 15368192 bytes, new threshold 6 (max threshold 6)
[545.182s][info ][gc,heap      ] GC(694) ParNew: 244618K->3600K(270336K)
[545.182s][info ][gc,heap      ] GC(694) CMS: 474999K->475189K(600768K)
[545.182s][info ][gc,metaspace ] GC(694) Metaspace: 64878K->64878K(1110016K)
[545.182s][info ][gc           ] GC(694) Pause Young (Allocation Failure) 702M->467M(850M) 4.356ms
[545.182s][info ][gc,cpu       ] GC(694) User=0.02s Sys=0.00s Real=0.00s
[545.183s][info ][safepoint    ] Leaving safepoint region
[545.183s][info ][safepoint    ] Total time for which application threads were stopped: 0.0045580 seconds, Stopping threads took: 0.0000180 seconds
[546.183s][info ][safepoint    ] Application time: 1.0000737 seconds
[546.183s][info ][safepoint    ] Entering safepoint region: Cleanup
[546.183s][info ][safepoint    ] Leaving safepoint region
[546.183s][info ][safepoint    ] Total time for which application threads were stopped: 0.0001603 seconds, Stopping threads took: 0.0000775 seconds
[546.321s][info ][safepoint    ] Application time: 0.1384842 seconds
[546.321s][info ][safepoint    ] Entering safepoint region: GenCollectForAllocation
[546.321s][info ][gc,start     ] GC(695) Pause Young (Allocation Failure)
[546.321s][info ][gc,task      ] GC(695) Using 4 workers of 4 for evacuation
[546.326s][debug][gc,ref       ] GC(695) Skipped phase1 of Reference Processing due to unavailable references
[546.326s][debug][gc,ref       ] GC(695) Skipped phase2 of Reference Processing due to unavailable references
[546.326s][debug][gc,ref       ] GC(695) Skipped phase3 of Reference Processing due to unavailable references
[546.326s][debug][gc,ref       ] GC(695) Skipped phase4 of Reference Processing due to unavailable references
[546.326s][debug][gc,age       ] GC(695) Desired survivor size 15368192 bytes, new threshold 6 (max threshold 6)
[546.326s][info ][gc,heap      ] GC(695) ParNew: 243920K->2708K(270336K)
[546.326s][info ][gc,heap      ] GC(695) CMS: 475189K->475315K(600768K)
[546.326s][info ][gc,metaspace ] GC(695) Metaspace: 64878K->64878K(1110016K)
[546.326s][info ][gc           ] GC(695) Pause Young (Allocation Failure) 702M->466M(850M) 4.431ms
[546.326s][info ][gc,cpu       ] GC(695) User=0.01s Sys=0.00s Real=0.00s
[546.326s][info ][safepoint    ] Leaving safepoint region
[546.326s][info ][safepoint    ] Total time for which application threads were stopped: 0.0046008 seconds, Stopping threads took: 0.0000193 seconds
[547.326s][info ][safepoint    ] Application time: 1.0001027 seconds
[547.326s][info ][safepoint    ] Entering safepoint region: Cleanup
[547.326s][info ][safepoint    ] Leaving safepoint region
[547.326s][info ][safepoint    ] Total time for which application threads were stopped: 0.0001745 seconds, Stopping threads took: 0.0001010 seconds
[547.499s][info ][safepoint    ] Application time: 0.1728474 seconds
[547.499s][info ][safepoint    ] Entering safepoint region: GenCollectForAllocation
[547.499s][info ][gc,start     ] GC(696) Pause Young (Allocation Failure)
[547.499s][info ][gc,task      ] GC(696) Using 4 workers of 4 for evacuation
[547.504s][debug][gc,ref       ] GC(696) Skipped phase1 of Reference Processing due to unavailable references
[547.504s][debug][gc,ref       ] GC(696) Skipped phase2 of Reference Processing due to unavailable references
[547.504s][debug][gc,ref       ] GC(696) Skipped phase3 of Reference Processing due to unavailable references
[547.504s][debug][gc,ref       ] GC(696) Skipped phase4 of Reference Processing due to unavailable references
[547.504s][debug][gc,age       ] GC(696) Desired survivor size 15368192 bytes, new threshold 6 (max threshold 6)
[547.504s][info ][gc,heap      ] GC(696) ParNew: 243028K->2882K(270336K)
[547.504s][info ][gc,heap      ] GC(696) CMS: 475315K->475373K(600768K)
[547.504s][info ][gc,metaspace ] GC(696) Metaspace: 64878K->64878K(1110016K)
[547.504s][info ][gc           ] GC(696) Pause Young (Allocation Failure) 701M->467M(850M) 4.609ms
[547.504s][info ][gc,cpu       ] GC(696) User=0.02s Sys=0.00s Real=0.00s
[547.504s][info ][safepoint    ] Leaving safepoint region
[547.504s][info ][safepoint    ] Total time for which application threads were stopped: 0.0048058 seconds, Stopping threads took: 0.0000438 seconds
[548.504s][info ][safepoint    ] Application time: 1.0000675 seconds
[548.504s][info ][safepoint    ] Entering safepoint region: Cleanup
[548.504s][info ][safepoint    ] Leaving safepoint region
[548.504s][info ][safepoint    ] Total time for which application threads were stopped: 0.0001127 seconds, Stopping threads took: 0.0000404 seconds
[548.678s][info ][safepoint    ] Application time: 0.1741302 seconds
[548.678s][info ][safepoint    ] Entering safepoint region: GenCollectForAllocation
[548.678s][info ][gc,start     ] GC(697) Pause Young (Allocation Failure)
[548.678s][info ][gc,task      ] GC(697) Using 4 workers of 4 for evacuation
[548.683s][debug][gc,ref       ] GC(697) Skipped phase1 of Reference Processing due to unavailable references
[548.683s][debug][gc,ref       ] GC(697) Skipped phase2 of Reference Processing due to unavailable references
[548.683s][debug][gc,ref       ] GC(697) Skipped phase3 of Reference Processing due to unavailable references
[548.683s][debug][gc,ref       ] GC(697) Skipped phase4 of Reference Processing due to unavailable references
[548.683s][debug][gc,age       ] GC(697) Desired survivor size 15368192 bytes, new threshold 6 (max threshold 6)
[548.683s][info ][gc,heap      ] GC(697) ParNew: 243202K->3912K(270336K)
[548.683s][info ][gc,heap      ] GC(697) CMS: 475373K->475469K(600768K)
[548.683s][info ][gc,metaspace ] GC(697) Metaspace: 64878K->64878K(1110016K)
[548.683s][info ][gc           ] GC(697) Pause Young (Allocation Failure) 701M->468M(850M) 4.622ms
[548.683s][info ][gc,cpu       ] GC(697) User=0.01s Sys=0.00s Real=0.00s
[548.683s][info ][safepoint    ] Leaving safepoint region
[548.683s][info ][safepoint    ] Total time for which application threads were stopped: 0.0047976 seconds, Stopping threads took: 0.0000311 seconds
[549.683s][info ][safepoint    ] Application time: 1.0001046 seconds
[549.683s][info ][safepoint    ] Entering safepoint region: Cleanup
[549.683s][info ][safepoint    ] Leaving safepoint region
[549.683s][info ][safepoint    ] Total time for which application threads were stopped: 0.0001112 seconds, Stopping threads took: 0.0000460 seconds
[549.849s][info ][safepoint    ] Application time: 0.1652019 seconds
[549.849s][info ][safepoint    ] Entering safepoint region: GenCollectForAllocation
[549.849s][info ][gc,start     ] GC(698) Pause Young (Allocation Failure)
[549.849s][info ][gc,task      ] GC(698) Using 4 workers of 4 for evacuation
[549.854s][debug][gc,ref       ] GC(698) Skipped phase1 of Reference Processing due to unavailable references
[549.854s][debug][gc,ref       ] GC(698) Skipped phase2 of Reference Processing due to unavailable references
[549.854s][debug][gc,ref       ] GC(698) Skipped phase3 of Reference Processing due to unavailable references
[549.854s][debug][gc,ref       ] GC(698) Skipped phase4 of Reference Processing due to unavailable references
[549.854s][debug][gc,age       ] GC(698) Desired survivor size 15368192 bytes, new threshold 6 (max threshold 6)
[549.854s][info ][gc,heap      ] GC(698) ParNew: 244232K->2405K(270336K)
[549.854s][info ][gc,heap      ] GC(698) CMS: 475469K->476089K(600768K)
[549.854s][info ][gc,metaspace ] GC(698) Metaspace: 64878K->64878K(1110016K)
[549.854s][info ][gc           ] GC(698) Pause Young (Allocation Failure) 702M->467M(850M) 5.414ms
[549.854s][info ][gc,cpu       ] GC(698) User=0.02s Sys=0.00s Real=0.00s
[549.854s][info ][safepoint    ] Leaving safepoint region
[549.854s][info ][safepoint    ] Total time for which application threads were stopped: 0.0056298 seconds, Stopping threads took: 0.0000666 seconds
[550.854s][info ][safepoint    ] Application time: 1.0001110 seconds
[550.854s][info ][safepoint    ] Entering safepoint region: Cleanup
[550.855s][info ][safepoint    ] Leaving safepoint region
[550.855s][info ][safepoint    ] Total time for which application threads were stopped: 0.0001341 seconds, Stopping threads took: 0.0000471 seconds
[550.876s][info ][safepoint    ] Application time: 0.0218218 seconds
[550.876s][info ][safepoint    ] Entering safepoint region: GenCollectForAllocation
[550.876s][info ][gc,start     ] GC(699) Pause Young (Allocation Failure)
[550.877s][info ][gc,task      ] GC(699) Using 4 workers of 4 for evacuation
[550.881s][debug][gc,ref       ] GC(699) Skipped phase1 of Reference Processing due to unavailable references
[550.881s][debug][gc,ref       ] GC(699) Skipped phase3 of Reference Processing due to unavailable references
[550.882s][debug][gc,age       ] GC(699) Desired survivor size 15368192 bytes, new threshold 6 (max threshold 6)
[550.882s][info ][gc,heap      ] GC(699) ParNew: 242725K->4987K(270336K)
[550.882s][info ][gc,heap      ] GC(699) CMS: 476089K->476412K(600768K)
[550.882s][info ][gc,metaspace ] GC(699) Metaspace: 64891K->64891K(1110016K)
[550.882s][info ][gc           ] GC(699) Pause Young (Allocation Failure) 701M->470M(850M) 5.216ms
[550.882s][info ][gc,cpu       ] GC(699) User=0.02s Sys=0.00s Real=0.00s
[550.882s][info ][safepoint    ] Leaving safepoint region
[550.882s][info ][safepoint    ] Total time for which application threads were stopped: 0.0053702 seconds, Stopping threads took: 0.0000179 seconds
[551.882s][info ][safepoint    ] Application time: 1.0000802 seconds
[551.882s][info ][safepoint    ] Entering safepoint region: Cleanup
[551.882s][info ][safepoint    ] Leaving safepoint region
[551.882s][info ][safepoint    ] Total time for which application threads were stopped: 0.0001337 seconds, Stopping threads took: 0.0000470 seconds
[552.007s][info ][safepoint    ] Application time: 0.1251552 seconds
[552.007s][info ][safepoint    ] Entering safepoint region: GenCollectForAllocation
[552.007s][info ][gc,start     ] GC(700) Pause Young (Allocation Failure)
[552.007s][info ][gc,task      ] GC(700) Using 4 workers of 4 for evacuation
[552.012s][debug][gc,ref       ] GC(700) Skipped phase1 of Reference Processing due to unavailable references
[552.012s][debug][gc,ref       ] GC(700) Skipped phase3 of Reference Processing due to unavailable references
[552.012s][debug][gc,age       ] GC(700) Desired survivor size 15368192 bytes, new threshold 6 (max threshold 6)
[552.012s][info ][gc,heap      ] GC(700) ParNew: 245307K->5577K(270336K)
[552.012s][info ][gc,heap      ] GC(700) CMS: 476412K->476460K(600768K)
[552.012s][info ][gc,metaspace ] GC(700) Metaspace: 64894K->64894K(1110016K)
[552.012s][info ][gc           ] GC(700) Pause Young (Allocation Failure) 704M->470M(850M) 4.466ms
[552.012s][info ][gc,cpu       ] GC(700) User=0.02s Sys=0.00s Real=0.01s
[552.012s][info ][safepoint    ] Leaving safepoint region
[552.012s][info ][safepoint    ] Total time for which application threads were stopped: 0.0046479 seconds, Stopping threads took: 0.0000226 seconds
[553.012s][info ][safepoint    ] Application time: 1.0000883 seconds
[553.012s][info ][safepoint    ] Entering safepoint region: Cleanup
[553.012s][info ][safepoint    ] Leaving safepoint region
[553.012s][info ][safepoint    ] Total time for which application threads were stopped: 0.0001298 seconds, Stopping threads took: 0.0000461 seconds
[553.158s][info ][safepoint    ] Application time: 0.1461672 seconds
[553.158s][info ][safepoint    ] Entering safepoint region: GenCollectForAllocation
[553.158s][info ][gc,start     ] GC(701) Pause Young (Allocation Failure)
[553.158s][info ][gc,task      ] GC(701) Using 4 workers of 4 for evacuation
[553.163s][debug][gc,ref       ] GC(701) Skipped phase1 of Reference Processing due to unavailable references
[553.163s][debug][gc,ref       ] GC(701) Skipped phase3 of Reference Processing due to unavailable references
[553.163s][debug][gc,age       ] GC(701) Desired survivor size 15368192 bytes, new threshold 6 (max threshold 6)
[553.163s][info ][gc,heap      ] GC(701) ParNew: 245897K->5282K(270336K)
[553.163s][info ][gc,heap      ] GC(701) CMS: 476460K->476530K(600768K)
[553.163s][info ][gc,metaspace ] GC(701) Metaspace: 64897K->64897K(1110016K)
[553.163s][info ][gc           ] GC(701) Pause Young (Allocation Failure) 705M->470M(850M) 4.553ms
[553.163s][info ][gc,cpu       ] GC(701) User=0.01s Sys=0.00s Real=0.00s
[553.163s][info ][safepoint    ] Leaving safepoint region
[553.163s][info ][safepoint    ] Total time for which application threads were stopped: 0.0047368 seconds, Stopping threads took: 0.0000337 seconds
[554.163s][info ][safepoint    ] Application time: 1.0000769 seconds
[554.163s][info ][safepoint    ] Entering safepoint region: Cleanup
[554.163s][info ][safepoint    ] Leaving safepoint region
[554.163s][info ][safepoint    ] Total time for which application threads were stopped: 0.0001338 seconds, Stopping threads took: 0.0000459 seconds
[554.339s][info ][safepoint    ] Application time: 0.1756095 seconds
[554.339s][info ][safepoint    ] Entering safepoint region: GenCollectForAllocation
[554.339s][info ][gc,start     ] GC(702) Pause Young (Allocation Failure)
[554.339s][info ][gc,task      ] GC(702) Using 4 workers of 4 for evacuation
[554.343s][debug][gc,ref       ] GC(702) Skipped phase1 of Reference Processing due to unavailable references
[554.343s][debug][gc,ref       ] GC(702) Skipped phase3 of Reference Processing due to unavailable references
[554.343s][debug][gc,age       ] GC(702) Desired survivor size 15368192 bytes, new threshold 6 (max threshold 6)
[554.343s][info ][gc,heap      ] GC(702) ParNew: 245602K->6125K(270336K)
[554.343s][info ][gc,heap      ] GC(702) CMS: 476530K->476600K(600768K)
[554.343s][info ][gc,metaspace ] GC(702) Metaspace: 64897K->64897K(1110016K)
[554.343s][info ][gc           ] GC(702) Pause Young (Allocation Failure) 705M->471M(850M) 4.323ms
[554.343s][info ][gc,cpu       ] GC(702) User=0.01s Sys=0.00s Real=0.00s
[554.343s][info ][safepoint    ] Leaving safepoint region
[554.343s][info ][safepoint    ] Total time for which application threads were stopped: 0.0045023 seconds, Stopping threads took: 0.0000191 seconds
[555.344s][info ][safepoint    ] Application time: 1.0001111 seconds
[555.344s][info ][safepoint    ] Entering safepoint region: Cleanup
[555.344s][info ][safepoint    ] Leaving safepoint region
[555.344s][info ][safepoint    ] Total time for which application threads were stopped: 0.0000998 seconds, Stopping threads took: 0.0000193 seconds
[555.510s][info ][safepoint    ] Application time: 0.1664228 seconds
[555.510s][info ][safepoint    ] Entering safepoint region: GenCollectForAllocation
[555.510s][info ][gc,start     ] GC(703) Pause Young (Allocation Failure)
[555.510s][info ][gc,task      ] GC(703) Using 4 workers of 4 for evacuation
[555.514s][debug][gc,ref       ] GC(703) Skipped phase1 of Reference Processing due to unavailable references
[555.514s][debug][gc,ref       ] GC(703) Skipped phase3 of Reference Processing due to unavailable references
[555.515s][debug][gc,age       ] GC(703) Desired survivor size 15368192 bytes, new threshold 6 (max threshold 6)
[555.515s][info ][gc,heap      ] GC(703) ParNew: 246445K->6308K(270336K)
[555.515s][info ][gc,heap      ] GC(703) CMS: 476600K->476624K(600768K)
[555.515s][info ][gc,metaspace ] GC(703) Metaspace: 64897K->64897K(1110016K)
[555.515s][info ][gc           ] GC(703) Pause Young (Allocation Failure) 706M->471M(850M) 4.277ms
[555.515s][info ][gc,cpu       ] GC(703) User=0.01s Sys=0.00s Real=0.00s
[555.515s][info ][safepoint    ] Leaving safepoint region
[555.515s][info ][safepoint    ] Total time for which application threads were stopped: 0.0044517 seconds, Stopping threads took: 0.0000315 seconds
[556.515s][info ][safepoint    ] Application time: 1.0001007 seconds
[556.515s][info ][safepoint    ] Entering safepoint region: Cleanup
[556.515s][info ][safepoint    ] Leaving safepoint region
[556.515s][info ][safepoint    ] Total time for which application threads were stopped: 0.0001135 seconds, Stopping threads took: 0.0000441 seconds
[556.668s][info ][safepoint    ] Application time: 0.1530436 seconds
[556.668s][info ][safepoint    ] Entering safepoint region: GenCollectForAllocation
[556.668s][info ][gc,start     ] GC(704) Pause Young (Allocation Failure)
[556.668s][info ][gc,task      ] GC(704) Using 4 workers of 4 for evacuation
[556.672s][debug][gc,ref       ] GC(704) Skipped phase1 of Reference Processing due to unavailable references
[556.672s][debug][gc,ref       ] GC(704) Skipped phase3 of Reference Processing due to unavailable references
[556.673s][debug][gc,age       ] GC(704) Desired survivor size 15368192 bytes, new threshold 6 (max threshold 6)
[556.673s][info ][gc,heap      ] GC(704) ParNew: 246628K->6481K(270336K)
[556.673s][info ][gc,heap      ] GC(704) CMS: 476624K->476670K(600768K)
[556.673s][info ][gc,metaspace ] GC(704) Metaspace: 64897K->64897K(1110016K)
[556.673s][info ][gc           ] GC(704) Pause Young (Allocation Failure) 706M->471M(850M) 4.602ms
[556.673s][info ][gc,cpu       ] GC(704) User=0.02s Sys=0.00s Real=0.00s
[556.673s][info ][safepoint    ] Leaving safepoint region
[556.673s][info ][safepoint    ] Total time for which application threads were stopped: 0.0047890 seconds, Stopping threads took: 0.0000217 seconds
[557.673s][info ][safepoint    ] Application time: 1.0000617 seconds
[557.673s][info ][safepoint    ] Entering safepoint region: Cleanup
[557.673s][info ][safepoint    ] Leaving safepoint region
[557.673s][info ][safepoint    ] Total time for which application threads were stopped: 0.0001358 seconds, Stopping threads took: 0.0000648 seconds
[557.826s][info ][safepoint    ] Application time: 0.1533183 seconds
[557.826s][info ][safepoint    ] Entering safepoint region: GenCollectForAllocation
[557.827s][info ][gc,start     ] GC(705) Pause Young (Allocation Failure)
[557.827s][info ][gc,task      ] GC(705) Using 4 workers of 4 for evacuation
[557.837s][debug][gc,ref       ] GC(705) Skipped phase1 of Reference Processing due to unavailable references
[557.837s][debug][gc,ref       ] GC(705) Skipped phase3 of Reference Processing due to unavailable references
[557.837s][debug][gc,age       ] GC(705) Desired survivor size 15368192 bytes, new threshold 6 (max threshold 6)
[557.837s][info ][gc,heap      ] GC(705) ParNew: 246801K->4146K(270336K)
[557.837s][info ][gc,heap      ] GC(705) CMS: 476670K->479885K(600768K)
[557.837s][info ][gc,metaspace ] GC(705) Metaspace: 64897K->64897K(1110016K)
[557.837s][info ][gc           ] GC(705) Pause Young (Allocation Failure) 706M->472M(850M) 10.494ms
[557.837s][info ][gc,cpu       ] GC(705) User=0.04s Sys=0.00s Real=0.02s
[557.837s][info ][safepoint    ] Leaving safepoint region
[557.837s][info ][safepoint    ] Total time for which application threads were stopped: 0.0106590 seconds, Stopping threads took: 0.0000189 seconds
[558.837s][info ][safepoint    ] Application time: 1.0000607 seconds
[558.837s][info ][safepoint    ] Entering safepoint region: Cleanup
[558.837s][info ][safepoint    ] Leaving safepoint region
[558.837s][info ][safepoint    ] Total time for which application threads were stopped: 0.0000834 seconds, Stopping threads took: 0.0000203 seconds
[559.007s][info ][safepoint    ] Application time: 0.1695995 seconds
[559.007s][info ][safepoint    ] Entering safepoint region: GenCollectForAllocation
[559.007s][info ][gc,start     ] GC(706) Pause Young (Allocation Failure)
[559.007s][info ][gc,task      ] GC(706) Using 4 workers of 4 for evacuation
[559.010s][debug][gc,ref       ] GC(706) Skipped phase1 of Reference Processing due to unavailable references
[559.010s][debug][gc,ref       ] GC(706) Skipped phase2 of Reference Processing due to unavailable references
[559.010s][debug][gc,ref       ] GC(706) Skipped phase3 of Reference Processing due to unavailable references
[559.010s][debug][gc,ref       ] GC(706) Skipped phase4 of Reference Processing due to unavailable references
[559.010s][debug][gc,age       ] GC(706) Desired survivor size 15368192 bytes, new threshold 6 (max threshold 6)
[559.010s][info ][gc,heap      ] GC(706) ParNew: 244466K->1308K(270336K)
[559.010s][info ][gc,heap      ] GC(706) CMS: 479885K->480600K(600768K)
[559.010s][info ][gc,metaspace ] GC(706) Metaspace: 64897K->64897K(1110016K)
[559.010s][info ][gc           ] GC(706) Pause Young (Allocation Failure) 707M->470M(850M) 3.237ms
[559.010s][info ][gc,cpu       ] GC(706) User=0.01s Sys=0.00s Real=0.01s
[559.010s][info ][safepoint    ] Leaving safepoint region
[559.010s][info ][safepoint    ] Total time for which application threads were stopped: 0.0034154 seconds, Stopping threads took: 0.0000166 seconds
[560.010s][info ][safepoint    ] Application time: 1.0001343 seconds
[560.011s][info ][safepoint    ] Entering safepoint region: Cleanup
[560.011s][info ][safepoint    ] Leaving safepoint region
[560.011s][info ][safepoint    ] Total time for which application threads were stopped: 0.0001194 seconds, Stopping threads took: 0.0000421 seconds
[560.175s][info ][safepoint    ] Application time: 0.1639794 seconds
[560.175s][info ][safepoint    ] Entering safepoint region: GenCollectForAllocation
[560.175s][info ][gc,start     ] GC(707) Pause Young (Allocation Failure)
[560.175s][info ][gc,task      ] GC(707) Using 4 workers of 4 for evacuation
[560.178s][debug][gc,ref       ] GC(707) Skipped phase1 of Reference Processing due to unavailable references
[560.178s][debug][gc,ref       ] GC(707) Skipped phase2 of Reference Processing due to unavailable references
[560.178s][debug][gc,ref       ] GC(707) Skipped phase3 of Reference Processing due to unavailable references
[560.178s][debug][gc,ref       ] GC(707) Skipped phase4 of Reference Processing due to unavailable references
[560.178s][debug][gc,age       ] GC(707) Desired survivor size 15368192 bytes, new threshold 6 (max threshold 6)
[560.178s][info ][gc,heap      ] GC(707) ParNew: 241628K->637K(270336K)
[560.178s][info ][gc,heap      ] GC(707) CMS: 480600K->480628K(600768K)
[560.178s][info ][gc,metaspace ] GC(707) Metaspace: 64897K->64897K(1110016K)
[560.178s][info ][gc           ] GC(707) Pause Young (Allocation Failure) 705M->469M(850M) 3.255ms
[560.178s][info ][gc,cpu       ] GC(707) User=0.01s Sys=0.00s Real=0.01s
[560.178s][info ][safepoint    ] Leaving safepoint region
[560.178s][info ][safepoint    ] Total time for which application threads were stopped: 0.0034150 seconds, Stopping threads took: 0.0000192 seconds
[561.178s][info ][safepoint    ] Application time: 1.0001408 seconds
[561.178s][info ][safepoint    ] Entering safepoint region: Cleanup
[561.178s][info ][safepoint    ] Leaving safepoint region
[561.178s][info ][safepoint    ] Total time for which application threads were stopped: 0.0001341 seconds, Stopping threads took: 0.0000465 seconds
[561.256s][info ][safepoint    ] Application time: 0.0775455 seconds
[561.256s][info ][safepoint    ] Entering safepoint region: GenCollectForAllocation
[561.256s][info ][gc,start     ] GC(708) Pause Young (Allocation Failure)
[561.256s][info ][gc,task      ] GC(708) Using 4 workers of 4 for evacuation
[561.261s][debug][gc,ref       ] GC(708) Skipped phase1 of Reference Processing due to unavailable references
[561.261s][debug][gc,ref       ] GC(708) Skipped phase3 of Reference Processing due to unavailable references
[561.261s][debug][gc,age       ] GC(708) Desired survivor size 15368192 bytes, new threshold 6 (max threshold 6)
[561.261s][info ][gc,heap      ] GC(708) ParNew: 240957K->3612K(270336K)
[561.261s][info ][gc,heap      ] GC(708) CMS: 480628K->480690K(600768K)
[561.261s][info ][gc,metaspace ] GC(708) Metaspace: 64898K->64898K(1110016K)
[561.261s][info ][gc           ] GC(708) Pause Young (Allocation Failure) 704M->472M(850M) 4.692ms
[561.261s][info ][gc,cpu       ] GC(708) User=0.02s Sys=0.00s Real=0.00s
[561.261s][info ][safepoint    ] Leaving safepoint region
[561.261s][info ][safepoint    ] Total time for which application threads were stopped: 0.0048609 seconds, Stopping threads took: 0.0000159 seconds
[562.261s][info ][safepoint    ] Application time: 1.0000985 seconds
[562.261s][info ][safepoint    ] Entering safepoint region: Cleanup
[562.261s][info ][safepoint    ] Leaving safepoint region
[562.261s][info ][safepoint    ] Total time for which application threads were stopped: 0.0001724 seconds, Stopping threads took: 0.0000989 seconds
[562.359s][info ][safepoint    ] Application time: 0.0977064 seconds
[562.359s][info ][safepoint    ] Entering safepoint region: GenCollectForAllocation
[562.359s][info ][gc,start     ] GC(709) Pause Young (Allocation Failure)
[562.359s][info ][gc,task      ] GC(709) Using 4 workers of 4 for evacuation
[562.364s][debug][gc,ref       ] GC(709) Skipped phase1 of Reference Processing due to unavailable references
[562.364s][debug][gc,ref       ] GC(709) Skipped phase3 of Reference Processing due to unavailable references
[562.364s][debug][gc,age       ] GC(709) Desired survivor size 15368192 bytes, new threshold 6 (max threshold 6)
[562.364s][info ][gc,heap      ] GC(709) ParNew: 243932K->4794K(270336K)
[562.364s][info ][gc,heap      ] GC(709) CMS: 480690K->480734K(600768K)
[562.364s][info ][gc,metaspace ] GC(709) Metaspace: 64898K->64898K(1110016K)
[562.364s][info ][gc           ] GC(709) Pause Young (Allocation Failure) 707M->474M(850M) 4.951ms
[562.364s][info ][gc,cpu       ] GC(709) User=0.02s Sys=0.00s Real=0.00s
[562.364s][info ][safepoint    ] Leaving safepoint region
[562.364s][info ][safepoint    ] Total time for which application threads were stopped: 0.0051332 seconds, Stopping threads took: 0.0000389 seconds
[563.364s][info ][safepoint    ] Application time: 1.0001030 seconds
[563.364s][info ][safepoint    ] Entering safepoint region: Cleanup
[563.364s][info ][safepoint    ] Leaving safepoint region
[563.364s][info ][safepoint    ] Total time for which application threads were stopped: 0.0001454 seconds, Stopping threads took: 0.0000429 seconds
[563.516s][info ][safepoint    ] Application time: 0.1513458 seconds
[563.516s][info ][safepoint    ] Entering safepoint region: GenCollectForAllocation
[563.516s][info ][gc,start     ] GC(710) Pause Young (Allocation Failure)
[563.516s][info ][gc,task      ] GC(710) Using 4 workers of 4 for evacuation
[563.520s][debug][gc,ref       ] GC(710) Skipped phase1 of Reference Processing due to unavailable references
[563.520s][debug][gc,ref       ] GC(710) Skipped phase3 of Reference Processing due to unavailable references
[563.521s][debug][gc,age       ] GC(710) Desired survivor size 15368192 bytes, new threshold 6 (max threshold 6)
[563.521s][info ][gc,heap      ] GC(710) ParNew: 245114K->5082K(270336K)
[563.521s][info ][gc,heap      ] GC(710) CMS: 480734K->480778K(600768K)
[563.521s][info ][gc,metaspace ] GC(710) Metaspace: 64900K->64900K(1110016K)
[563.521s][info ][gc           ] GC(710) Pause Young (Allocation Failure) 708M->474M(850M) 4.787ms
[563.521s][info ][gc,cpu       ] GC(710) User=0.02s Sys=0.00s Real=0.00s
[563.521s][info ][safepoint    ] Leaving safepoint region
[563.521s][info ][safepoint    ] Total time for which application threads were stopped: 0.0049512 seconds, Stopping threads took: 0.0000192 seconds
[564.521s][info ][safepoint    ] Application time: 1.0001103 seconds
[564.521s][info ][safepoint    ] Entering safepoint region: Cleanup
[564.521s][info ][safepoint    ] Leaving safepoint region
[564.521s][info ][safepoint    ] Total time for which application threads were stopped: 0.0001388 seconds, Stopping threads took: 0.0000480 seconds
[564.546s][info ][safepoint    ] Application time: 0.0248441 seconds
[564.546s][info ][safepoint    ] Entering safepoint region: GenCollectForAllocation
[564.546s][info ][safepoint    ] Leaving safepoint region
[564.546s][info ][safepoint    ] Total time for which application threads were stopped: 0.0001118 seconds, Stopping threads took: 0.0000381 seconds
[564.546s][info ][safepoint    ] Application time: 0.0002090 seconds
[564.546s][info ][safepoint    ] Entering safepoint region: GenCollectFull
[564.546s][info ][gc,start     ] GC(711) Pause Young (GCLocker Initiated GC)
[564.546s][info ][gc,task      ] GC(711) Using 4 workers of 4 for evacuation
[564.552s][debug][gc,ref       ] GC(711) Skipped phase1 of Reference Processing due to unavailable references
[564.552s][debug][gc,ref       ] GC(711) Skipped phase3 of Reference Processing due to unavailable references
[564.552s][debug][gc,age       ] GC(711) Desired survivor size 15368192 bytes, new threshold 6 (max threshold 6)
[564.552s][info ][gc,heap      ] GC(711) ParNew: 245417K->7146K(270336K)
[564.552s][info ][gc,heap      ] GC(711) CMS: 480778K->480834K(600768K)
[564.552s][info ][gc,metaspace ] GC(711) Metaspace: 64905K->64905K(1110016K)
[564.552s][info ][gc           ] GC(711) Pause Young (GCLocker Initiated GC) 709M->476M(850M) 5.712ms
[564.552s][info ][gc,cpu       ] GC(711) User=0.03s Sys=0.00s Real=0.01s
[564.552s][info ][safepoint    ] Leaving safepoint region
[564.552s][info ][safepoint    ] Total time for which application threads were stopped: 0.0058250 seconds, Stopping threads took: 0.0000177 seconds
[565.552s][info ][safepoint    ] Application time: 1.0001080 seconds
[565.552s][info ][safepoint    ] Entering safepoint region: Cleanup
[565.552s][info ][safepoint    ] Leaving safepoint region
[565.552s][info ][safepoint    ] Total time for which application threads were stopped: 0.0001336 seconds, Stopping threads took: 0.0000596 seconds
[565.668s][info ][safepoint    ] Application time: 0.1158520 seconds
[565.668s][info ][safepoint    ] Entering safepoint region: GenCollectForAllocation
[565.668s][info ][gc,start     ] GC(712) Pause Young (Allocation Failure)
[565.668s][info ][gc,task      ] GC(712) Using 4 workers of 4 for evacuation
[565.673s][debug][gc,ref       ] GC(712) Skipped phase1 of Reference Processing due to unavailable references
[565.674s][debug][gc,ref       ] GC(712) Skipped phase3 of Reference Processing due to unavailable references
[565.674s][debug][gc,age       ] GC(712) Desired survivor size 15368192 bytes, new threshold 6 (max threshold 6)
[565.674s][info ][gc,heap      ] GC(712) ParNew: 247466K->7033K(270336K)
[565.674s][info ][gc,heap      ] GC(712) CMS: 480834K->480853K(600768K)
[565.674s][info ][gc,metaspace ] GC(712) Metaspace: 64906K->64906K(1110016K)
[565.674s][info ][gc           ] GC(712) Pause Young (Allocation Failure) 711M->476M(850M) 5.398ms
[565.674s][info ][gc,cpu       ] GC(712) User=0.02s Sys=0.00s Real=0.00s
[565.674s][info ][safepoint    ] Leaving safepoint region
[565.674s][info ][safepoint    ] Total time for which application threads were stopped: 0.0055645 seconds, Stopping threads took: 0.0000197 seconds
[566.674s][info ][safepoint    ] Application time: 1.0001129 seconds
[566.674s][info ][safepoint    ] Entering safepoint region: Cleanup
[566.674s][info ][safepoint    ] Leaving safepoint region
[566.674s][info ][safepoint    ] Total time for which application threads were stopped: 0.0001376 seconds, Stopping threads took: 0.0000454 seconds
[566.831s][info ][safepoint    ] Application time: 0.1573830 seconds
[566.832s][info ][safepoint    ] Entering safepoint region: GenCollectForAllocation
[566.832s][info ][gc,start     ] GC(713) Pause Young (Allocation Failure)
[566.832s][info ][gc,task      ] GC(713) Using 4 workers of 4 for evacuation
[566.836s][debug][gc,ref       ] GC(713) Skipped phase1 of Reference Processing due to unavailable references
[566.836s][debug][gc,ref       ] GC(713) Skipped phase3 of Reference Processing due to unavailable references
[566.836s][debug][gc,age       ] GC(713) Desired survivor size 15368192 bytes, new threshold 6 (max threshold 6)
[566.837s][info ][gc,heap      ] GC(713) ParNew: 247353K->8746K(270336K)
[566.837s][info ][gc,heap      ] GC(713) CMS: 480853K->480879K(600768K)
[566.837s][info ][gc,metaspace ] GC(713) Metaspace: 64908K->64908K(1110016K)
[566.837s][info ][gc           ] GC(713) Pause Young (Allocation Failure) 711M->478M(850M) 4.908ms
[566.837s][info ][gc,cpu       ] GC(713) User=0.02s Sys=0.00s Real=0.01s
[566.837s][info ][safepoint    ] Leaving safepoint region
[566.837s][info ][safepoint    ] Total time for which application threads were stopped: 0.0050812 seconds, Stopping threads took: 0.0000193 seconds
[567.827s][info ][safepoint    ] Application time: 0.9901581 seconds
[567.827s][info ][safepoint    ] Entering safepoint region: GenCollectForAllocation
[567.827s][info ][gc,start     ] GC(714) Pause Young (Allocation Failure)
[567.827s][info ][gc,task      ] GC(714) Using 4 workers of 4 for evacuation
[567.834s][debug][gc,ref       ] GC(714) Skipped phase1 of Reference Processing due to unavailable references
[567.834s][debug][gc,ref       ] GC(714) Skipped phase3 of Reference Processing due to unavailable references
[567.834s][debug][gc,age       ] GC(714) Desired survivor size 15368192 bytes, new threshold 6 (max threshold 6)
[567.834s][info ][gc,heap      ] GC(714) ParNew: 249066K->6726K(270336K)
[567.834s][info ][gc,heap      ] GC(714) CMS: 480879K->481780K(600768K)
[567.834s][info ][gc,metaspace ] GC(714) Metaspace: 64910K->64910K(1110016K)
[567.834s][info ][gc           ] GC(714) Pause Young (Allocation Failure) 712M->477M(850M) 7.210ms
[567.834s][info ][gc,cpu       ] GC(714) User=0.03s Sys=0.00s Real=0.01s
[567.834s][info ][safepoint    ] Leaving safepoint region
[567.834s][info ][safepoint    ] Total time for which application threads were stopped: 0.0074068 seconds, Stopping threads took: 0.0000193 seconds
[568.834s][info ][safepoint    ] Application time: 1.0001112 seconds
[568.834s][info ][safepoint    ] Entering safepoint region: Cleanup
[568.834s][info ][safepoint    ] Leaving safepoint region
[568.834s][info ][safepoint    ] Total time for which application threads were stopped: 0.0001191 seconds, Stopping threads took: 0.0000539 seconds
[568.976s][info ][safepoint    ] Application time: 0.1419451 seconds
[568.976s][info ][safepoint    ] Entering safepoint region: GenCollectForAllocation
[568.977s][info ][gc,start     ] GC(715) Pause Young (Allocation Failure)
[568.977s][info ][gc,task      ] GC(715) Using 4 workers of 4 for evacuation
[568.981s][debug][gc,ref       ] GC(715) Skipped phase1 of Reference Processing due to unavailable references
[568.981s][debug][gc,ref       ] GC(715) Skipped phase2 of Reference Processing due to unavailable references
[568.981s][debug][gc,ref       ] GC(715) Skipped phase3 of Reference Processing due to unavailable references
[568.981s][debug][gc,ref       ] GC(715) Skipped phase4 of Reference Processing due to unavailable references
[568.982s][debug][gc,age       ] GC(715) Desired survivor size 15368192 bytes, new threshold 6 (max threshold 6)
[568.982s][info ][gc,heap      ] GC(715) ParNew: 247046K->8311K(270336K)
[568.982s][info ][gc,heap      ] GC(715) CMS: 481780K->482138K(600768K)
[568.982s][info ][gc,metaspace ] GC(715) Metaspace: 64910K->64910K(1110016K)
[568.982s][info ][gc           ] GC(715) Pause Young (Allocation Failure) 711M->478M(850M) 5.274ms
[568.982s][info ][gc,cpu       ] GC(715) User=0.02s Sys=0.00s Real=0.00s
[568.982s][info ][safepoint    ] Leaving safepoint region
[568.982s][info ][safepoint    ] Total time for which application threads were stopped: 0.0054312 seconds, Stopping threads took: 0.0000184 seconds
[570.118s][info ][safepoint    ] Application time: 1.1359245 seconds
[570.118s][info ][safepoint    ] Entering safepoint region: GenCollectForAllocation
[570.118s][info ][gc,start     ] GC(716) Pause Young (Allocation Failure)
[570.118s][info ][gc,task      ] GC(716) Using 4 workers of 4 for evacuation
[570.124s][debug][gc,ref       ] GC(716) Skipped phase1 of Reference Processing due to unavailable references
[570.124s][debug][gc,ref       ] GC(716) Skipped phase2 of Reference Processing due to unavailable references
[570.124s][debug][gc,ref       ] GC(716) Skipped phase3 of Reference Processing due to unavailable references
[570.124s][debug][gc,ref       ] GC(716) Skipped phase4 of Reference Processing due to unavailable references
[570.125s][debug][gc,age       ] GC(716) Desired survivor size 15368192 bytes, new threshold 6 (max threshold 6)
[570.125s][info ][gc,heap      ] GC(716) ParNew: 248631K->7806K(270336K)
[570.125s][info ][gc,heap      ] GC(716) CMS: 482138K->482181K(600768K)
[570.125s][info ][gc,metaspace ] GC(716) Metaspace: 64910K->64910K(1110016K)
[570.125s][info ][gc           ] GC(716) Pause Young (Allocation Failure) 713M->478M(850M) 6.724ms
[570.125s][info ][gc,cpu       ] GC(716) User=0.02s Sys=0.00s Real=0.00s
[570.125s][info ][safepoint    ] Leaving safepoint region
[570.125s][info ][safepoint    ] Total time for which application threads were stopped: 0.0068907 seconds, Stopping threads took: 0.0000188 seconds
[571.248s][info ][safepoint    ] Application time: 1.1235600 seconds
[571.248s][info ][safepoint    ] Entering safepoint region: GenCollectForAllocation
[571.248s][info ][gc,start     ] GC(717) Pause Young (Allocation Failure)
[571.248s][info ][gc,task      ] GC(717) Using 4 workers of 4 for evacuation
[571.254s][debug][gc,ref       ] GC(717) Skipped phase1 of Reference Processing due to unavailable references
[571.254s][debug][gc,ref       ] GC(717) Skipped phase2 of Reference Processing due to unavailable references
[571.254s][debug][gc,ref       ] GC(717) Skipped phase3 of Reference Processing due to unavailable references
[571.254s][debug][gc,ref       ] GC(717) Skipped phase4 of Reference Processing due to unavailable references
[571.254s][debug][gc,age       ] GC(717) Desired survivor size 15368192 bytes, new threshold 6 (max threshold 6)
[571.254s][info ][gc,heap      ] GC(717) ParNew: 248126K->6724K(270336K)
[571.254s][info ][gc,heap      ] GC(717) CMS: 482181K->483219K(600768K)
[571.254s][info ][gc,metaspace ] GC(717) Metaspace: 64913K->64913K(1110016K)
[571.254s][info ][gc           ] GC(717) Pause Young (Allocation Failure) 713M->478M(850M) 5.872ms
[571.254s][info ][gc,cpu       ] GC(717) User=0.03s Sys=0.00s Real=0.00s
[571.254s][info ][safepoint    ] Leaving safepoint region
[571.254s][info ][safepoint    ] Total time for which application threads were stopped: 0.0060621 seconds, Stopping threads took: 0.0000414 seconds
[572.254s][info ][safepoint    ] Application time: 1.0000958 seconds
[572.255s][info ][safepoint    ] Entering safepoint region: Cleanup
[572.255s][info ][safepoint    ] Leaving safepoint region
[572.255s][info ][safepoint    ] Total time for which application threads were stopped: 0.0001378 seconds, Stopping threads took: 0.0000578 seconds
[572.382s][info ][safepoint    ] Application time: 0.1272289 seconds
[572.382s][info ][safepoint    ] Entering safepoint region: GenCollectForAllocation
[572.382s][info ][gc,start     ] GC(718) Pause Young (Allocation Failure)
[572.382s][info ][gc,task      ] GC(718) Using 4 workers of 4 for evacuation
[572.387s][debug][gc,ref       ] GC(718) Skipped phase1 of Reference Processing due to unavailable references
[572.387s][debug][gc,ref       ] GC(718) Skipped phase2 of Reference Processing due to unavailable references
[572.387s][debug][gc,ref       ] GC(718) Skipped phase3 of Reference Processing due to unavailable references
[572.387s][debug][gc,ref       ] GC(718) Skipped phase4 of Reference Processing due to unavailable references
[572.387s][debug][gc,age       ] GC(718) Desired survivor size 15368192 bytes, new threshold 6 (max threshold 6)
[572.387s][info ][gc,heap      ] GC(718) ParNew: 247044K->5881K(270336K)
[572.387s][info ][gc,heap      ] GC(718) CMS: 483219K->483390K(600768K)
[572.387s][info ][gc,metaspace ] GC(718) Metaspace: 64914K->64914K(1110016K)
[572.387s][info ][gc           ] GC(718) Pause Young (Allocation Failure) 713M->477M(850M) 4.997ms
[572.387s][info ][gc,cpu       ] GC(718) User=0.02s Sys=0.00s Real=0.00s
[572.387s][info ][safepoint    ] Leaving safepoint region
[572.387s][info ][safepoint    ] Total time for which application threads were stopped: 0.0051549 seconds, Stopping threads took: 0.0000181 seconds
[573.387s][info ][safepoint    ] Application time: 1.0000960 seconds
[573.387s][info ][safepoint    ] Entering safepoint region: Cleanup
[573.387s][info ][safepoint    ] Leaving safepoint region
[573.387s][info ][safepoint    ] Total time for which application threads were stopped: 0.0000839 seconds, Stopping threads took: 0.0000189 seconds
[573.536s][info ][safepoint    ] Application time: 0.1483589 seconds
[573.536s][info ][safepoint    ] Entering safepoint region: GenCollectForAllocation
[573.536s][info ][gc,start     ] GC(719) Pause Young (Allocation Failure)
[573.536s][info ][gc,task      ] GC(719) Using 4 workers of 4 for evacuation
[573.540s][debug][gc,ref       ] GC(719) Skipped phase1 of Reference Processing due to unavailable references
[573.540s][debug][gc,ref       ] GC(719) Skipped phase2 of Reference Processing due to unavailable references
[573.540s][debug][gc,ref       ] GC(719) Skipped phase3 of Reference Processing due to unavailable references
[573.540s][debug][gc,ref       ] GC(719) Skipped phase4 of Reference Processing due to unavailable references
[573.541s][debug][gc,age       ] GC(719) Desired survivor size 15368192 bytes, new threshold 6 (max threshold 6)
[573.541s][info ][gc,heap      ] GC(719) ParNew: 246201K->6710K(270336K)
[573.541s][info ][gc,heap      ] GC(719) CMS: 483390K->483451K(600768K)
[573.541s][info ][gc,metaspace ] GC(719) Metaspace: 64914K->64914K(1110016K)
[573.541s][info ][gc           ] GC(719) Pause Young (Allocation Failure) 712M->478M(850M) 4.767ms
[573.541s][info ][gc,cpu       ] GC(719) User=0.02s Sys=0.00s Real=0.00s
[573.541s][info ][safepoint    ] Leaving safepoint region
[573.541s][info ][safepoint    ] Total time for which application threads were stopped: 0.0049506 seconds, Stopping threads took: 0.0000183 seconds
[574.541s][info ][safepoint    ] Application time: 1.0000930 seconds
[574.541s][info ][safepoint    ] Entering safepoint region: Cleanup
[574.541s][info ][safepoint    ] Leaving safepoint region
[574.541s][info ][safepoint    ] Total time for which application threads were stopped: 0.0001036 seconds, Stopping threads took: 0.0000190 seconds
[574.707s][info ][safepoint    ] Application time: 0.1660380 seconds
[574.707s][info ][safepoint    ] Entering safepoint region: GenCollectForAllocation
[574.707s][info ][gc,start     ] GC(720) Pause Young (Allocation Failure)
[574.707s][info ][gc,task      ] GC(720) Using 4 workers of 4 for evacuation
[574.716s][debug][gc,ref       ] GC(720) Skipped phase1 of Reference Processing due to unavailable references
[574.716s][debug][gc,ref       ] GC(720) Skipped phase2 of Reference Processing due to unavailable references
[574.716s][debug][gc,ref       ] GC(720) Skipped phase3 of Reference Processing due to unavailable references
[574.716s][debug][gc,ref       ] GC(720) Skipped phase4 of Reference Processing due to unavailable references
[574.716s][debug][gc,age       ] GC(720) Desired survivor size 15368192 bytes, new threshold 6 (max threshold 6)
[574.716s][info ][gc,heap      ] GC(720) ParNew: 247030K->4387K(270336K)
[574.716s][info ][gc,heap      ] GC(720) CMS: 483451K->487156K(600768K)
[574.716s][info ][gc,metaspace ] GC(720) Metaspace: 64914K->64914K(1110016K)
[574.716s][info ][gc           ] GC(720) Pause Young (Allocation Failure) 713M->480M(850M) 8.635ms
[574.716s][info ][gc,cpu       ] GC(720) User=0.02s Sys=0.01s Real=0.02s
[574.716s][info ][safepoint    ] Leaving safepoint region
[574.716s][info ][safepoint    ] Total time for which application threads were stopped: 0.0088083 seconds, Stopping threads took: 0.0000206 seconds
[575.716s][info ][safepoint    ] Application time: 1.0000974 seconds
[575.716s][info ][safepoint    ] Entering safepoint region: Cleanup
[575.716s][info ][safepoint    ] Leaving safepoint region
[575.716s][info ][safepoint    ] Total time for which application threads were stopped: 0.0001286 seconds, Stopping threads took: 0.0000470 seconds
[575.884s][info ][safepoint    ] Application time: 0.1674034 seconds
[575.884s][info ][safepoint    ] Entering safepoint region: GenCollectForAllocation
[575.884s][info ][gc,start     ] GC(721) Pause Young (Allocation Failure)
[575.884s][info ][gc,task      ] GC(721) Using 4 workers of 4 for evacuation
[575.887s][debug][gc,ref       ] GC(721) Skipped phase1 of Reference Processing due to unavailable references
[575.887s][debug][gc,ref       ] GC(721) Skipped phase2 of Reference Processing due to unavailable references
[575.887s][debug][gc,ref       ] GC(721) Skipped phase3 of Reference Processing due to unavailable references
[575.887s][debug][gc,ref       ] GC(721) Skipped phase4 of Reference Processing due to unavailable references
[575.887s][debug][gc,age       ] GC(721) Desired survivor size 15368192 bytes, new threshold 6 (max threshold 6)
[575.887s][info ][gc,heap      ] GC(721) ParNew: 244707K->1235K(270336K)
[575.887s][info ][gc,heap      ] GC(721) CMS: 487156K->487229K(600768K)
[575.887s][info ][gc,metaspace ] GC(721) Metaspace: 64914K->64914K(1110016K)
[575.887s][info ][gc           ] GC(721) Pause Young (Allocation Failure) 714M->477M(850M) 3.110ms
[575.887s][info ][gc,cpu       ] GC(721) User=0.01s Sys=0.00s Real=0.00s
[575.887s][info ][safepoint    ] Leaving safepoint region
[575.887s][info ][safepoint    ] Total time for which application threads were stopped: 0.0032705 seconds, Stopping threads took: 0.0000208 seconds
[576.887s][info ][safepoint    ] Application time: 1.0001315 seconds
[576.887s][info ][safepoint    ] Entering safepoint region: Cleanup
[576.887s][info ][safepoint    ] Leaving safepoint region
[576.887s][info ][safepoint    ] Total time for which application threads were stopped: 0.0000959 seconds, Stopping threads took: 0.0000158 seconds
[577.080s][info ][safepoint    ] Application time: 0.1924787 seconds
[577.080s][info ][safepoint    ] Entering safepoint region: GenCollectForAllocation
[577.080s][info ][gc,start     ] GC(722) Pause Young (Allocation Failure)
[577.080s][info ][gc,task      ] GC(722) Using 4 workers of 4 for evacuation
[577.083s][debug][gc,ref       ] GC(722) Skipped phase1 of Reference Processing due to unavailable references
[577.083s][debug][gc,ref       ] GC(722) Skipped phase2 of Reference Processing due to unavailable references
[577.083s][debug][gc,ref       ] GC(722) Skipped phase3 of Reference Processing due to unavailable references
[577.083s][debug][gc,ref       ] GC(722) Skipped phase4 of Reference Processing due to unavailable references
[577.083s][debug][gc,age       ] GC(722) Desired survivor size 15368192 bytes, new threshold 6 (max threshold 6)
[577.083s][info ][gc,heap      ] GC(722) ParNew: 241555K->804K(270336K)
[577.083s][info ][gc,heap      ] GC(722) CMS: 487229K->487343K(600768K)
[577.083s][info ][gc,metaspace ] GC(722) Metaspace: 64914K->64914K(1110016K)
[577.083s][info ][gc           ] GC(722) Pause Young (Allocation Failure) 711M->476M(850M) 3.316ms
[577.083s][info ][gc,cpu       ] GC(722) User=0.01s Sys=0.00s Real=0.00s
[577.083s][info ][safepoint    ] Leaving safepoint region
[577.083s][info ][safepoint    ] Total time for which application threads were stopped: 0.0034950 seconds, Stopping threads took: 0.0000184 seconds
[578.083s][info ][safepoint    ] Application time: 1.0000919 seconds
[578.084s][info ][safepoint    ] Entering safepoint region: Cleanup
[578.084s][info ][safepoint    ] Leaving safepoint region
[578.084s][info ][safepoint    ] Total time for which application threads were stopped: 0.0000831 seconds, Stopping threads took: 0.0000188 seconds
[578.267s][info ][safepoint    ] Application time: 0.1831281 seconds
[578.267s][info ][safepoint    ] Entering safepoint region: GenCollectForAllocation
[578.267s][info ][gc,start     ] GC(723) Pause Young (Allocation Failure)
[578.267s][info ][gc,task      ] GC(723) Using 4 workers of 4 for evacuation
[578.270s][debug][gc,ref       ] GC(723) Skipped phase1 of Reference Processing due to unavailable references
[578.270s][debug][gc,ref       ] GC(723) Skipped phase2 of Reference Processing due to unavailable references
[578.270s][debug][gc,ref       ] GC(723) Skipped phase3 of Reference Processing due to unavailable references
[578.270s][debug][gc,ref       ] GC(723) Skipped phase4 of Reference Processing due to unavailable references
[578.270s][debug][gc,age       ] GC(723) Desired survivor size 15368192 bytes, new threshold 6 (max threshold 6)
[578.270s][info ][gc,heap      ] GC(723) ParNew: 241124K->741K(270336K)
[578.270s][info ][gc,heap      ] GC(723) CMS: 487343K->487434K(600768K)
[578.270s][info ][gc,metaspace ] GC(723) Metaspace: 64915K->64915K(1110016K)
[578.270s][info ][gc           ] GC(723) Pause Young (Allocation Failure) 711M->476M(850M) 3.308ms
[578.270s][info ][gc,cpu       ] GC(723) User=0.02s Sys=0.00s Real=0.01s
[578.270s][info ][safepoint    ] Leaving safepoint region
[578.270s][info ][safepoint    ] Total time for which application threads were stopped: 0.0034692 seconds, Stopping threads took: 0.0000182 seconds
[579.270s][info ][safepoint    ] Application time: 1.0000906 seconds
[579.270s][info ][safepoint    ] Entering safepoint region: Cleanup
[579.271s][info ][safepoint    ] Leaving safepoint region
[579.271s][info ][safepoint    ] Total time for which application threads were stopped: 0.0001743 seconds, Stopping threads took: 0.0000880 seconds
[579.431s][info ][safepoint    ] Application time: 0.1608893 seconds
[579.431s][info ][safepoint    ] Entering safepoint region: GenCollectForAllocation
[579.432s][info ][gc,start     ] GC(724) Pause Young (Allocation Failure)
[579.432s][info ][gc,task      ] GC(724) Using 4 workers of 4 for evacuation
[579.434s][debug][gc,ref       ] GC(724) Skipped phase1 of Reference Processing due to unavailable references
[579.434s][debug][gc,ref       ] GC(724) Skipped phase2 of Reference Processing due to unavailable references
[579.434s][debug][gc,ref       ] GC(724) Skipped phase3 of Reference Processing due to unavailable references
[579.434s][debug][gc,ref       ] GC(724) Skipped phase4 of Reference Processing due to unavailable references
[579.435s][debug][gc,age       ] GC(724) Desired survivor size 15368192 bytes, new threshold 6 (max threshold 6)
[579.435s][info ][gc,heap      ] GC(724) ParNew: 241061K->655K(270336K)
[579.435s][info ][gc,heap      ] GC(724) CMS: 487434K->487467K(600768K)
[579.435s][info ][gc,metaspace ] GC(724) Metaspace: 64915K->64915K(1110016K)
[579.435s][info ][gc           ] GC(724) Pause Young (Allocation Failure) 711M->476M(850M) 3.013ms
[579.435s][info ][gc,cpu       ] GC(724) User=0.02s Sys=0.00s Real=0.00s
[579.435s][info ][safepoint    ] Leaving safepoint region
[579.435s][info ][safepoint    ] Total time for which application threads were stopped: 0.0031688 seconds, Stopping threads took: 0.0000176 seconds
[580.610s][info ][safepoint    ] Application time: 1.1748690 seconds
[580.610s][info ][safepoint    ] Entering safepoint region: GenCollectForAllocation
[580.610s][info ][gc,start     ] GC(725) Pause Young (Allocation Failure)
[580.610s][info ][gc,task      ] GC(725) Using 4 workers of 4 for evacuation
[580.613s][debug][gc,ref       ] GC(725) Skipped phase1 of Reference Processing due to unavailable references
[580.613s][debug][gc,ref       ] GC(725) Skipped phase2 of Reference Processing due to unavailable references
[580.613s][debug][gc,ref       ] GC(725) Skipped phase3 of Reference Processing due to unavailable references
[580.613s][debug][gc,ref       ] GC(725) Skipped phase4 of Reference Processing due to unavailable references
[580.613s][debug][gc,age       ] GC(725) Desired survivor size 15368192 bytes, new threshold 6 (max threshold 6)
[580.613s][info ][gc,heap      ] GC(725) ParNew: 240975K->615K(270336K)
[580.613s][info ][gc,heap      ] GC(725) CMS: 487467K->487488K(600768K)
[580.613s][info ][gc,metaspace ] GC(725) Metaspace: 64915K->64915K(1110016K)
[580.613s][info ][gc           ] GC(725) Pause Young (Allocation Failure) 711M->476M(850M) 3.531ms
[580.613s][info ][gc,cpu       ] GC(725) User=0.01s Sys=0.00s Real=0.00s
[580.613s][info ][safepoint    ] Leaving safepoint region
[580.613s][info ][safepoint    ] Total time for which application threads were stopped: 0.0036958 seconds, Stopping threads took: 0.0000177 seconds
[581.613s][info ][safepoint    ] Application time: 1.0001892 seconds
[581.613s][info ][safepoint    ] Entering safepoint region: Cleanup
[581.614s][info ][safepoint    ] Leaving safepoint region
[581.614s][info ][safepoint    ] Total time for which application threads were stopped: 0.0001198 seconds, Stopping threads took: 0.0000485 seconds
[581.781s][info ][safepoint    ] Application time: 0.1678903 seconds
[581.782s][info ][safepoint    ] Entering safepoint region: GenCollectForAllocation
[581.782s][info ][gc,start     ] GC(726) Pause Young (Allocation Failure)
[581.782s][info ][gc,task      ] GC(726) Using 4 workers of 4 for evacuation
[581.785s][debug][gc,ref       ] GC(726) Skipped phase1 of Reference Processing due to unavailable references
[581.785s][debug][gc,ref       ] GC(726) Skipped phase2 of Reference Processing due to unavailable references
[581.785s][debug][gc,ref       ] GC(726) Skipped phase3 of Reference Processing due to unavailable references
[581.785s][debug][gc,ref       ] GC(726) Skipped phase4 of Reference Processing due to unavailable references
[581.785s][debug][gc,age       ] GC(726) Desired survivor size 15368192 bytes, new threshold 6 (max threshold 6)
[581.785s][info ][gc,heap      ] GC(726) ParNew: 240935K->463K(270336K)
[581.785s][info ][gc,heap      ] GC(726) CMS: 487488K->487710K(600768K)
[581.785s][info ][gc,metaspace ] GC(726) Metaspace: 64915K->64915K(1110016K)
[581.785s][info ][gc           ] GC(726) Pause Young (Allocation Failure) 711M->476M(850M) 3.751ms
[581.785s][info ][gc,cpu       ] GC(726) User=0.00s Sys=0.01s Real=0.00s
[581.785s][info ][safepoint    ] Leaving safepoint region
[581.785s][info ][safepoint    ] Total time for which application threads were stopped: 0.0039323 seconds, Stopping threads took: 0.0000185 seconds
[582.786s][info ][safepoint    ] Application time: 1.0001015 seconds
[582.786s][info ][safepoint    ] Entering safepoint region: Cleanup
[582.786s][info ][safepoint    ] Leaving safepoint region
[582.786s][info ][safepoint    ] Total time for which application threads were stopped: 0.0001007 seconds, Stopping threads took: 0.0000338 seconds
[582.957s][info ][safepoint    ] Application time: 0.1708666 seconds
[582.957s][info ][safepoint    ] Entering safepoint region: GenCollectForAllocation
[582.957s][info ][gc,start     ] GC(727) Pause Young (Allocation Failure)
[582.957s][info ][gc,task      ] GC(727) Using 4 workers of 4 for evacuation
[582.959s][debug][gc,ref       ] GC(727) Skipped phase1 of Reference Processing due to unavailable references
[582.959s][debug][gc,ref       ] GC(727) Skipped phase2 of Reference Processing due to unavailable references
[582.959s][debug][gc,ref       ] GC(727) Skipped phase3 of Reference Processing due to unavailable references
[582.959s][debug][gc,ref       ] GC(727) Skipped phase4 of Reference Processing due to unavailable references
[582.960s][debug][gc,age       ] GC(727) Desired survivor size 15368192 bytes, new threshold 6 (max threshold 6)
[582.960s][info ][gc,heap      ] GC(727) ParNew: 240783K->507K(270336K)
[582.960s][info ][gc,heap      ] GC(727) CMS: 487710K->487729K(600768K)
[582.960s][info ][gc,metaspace ] GC(727) Metaspace: 64917K->64917K(1110016K)
[582.960s][info ][gc           ] GC(727) Pause Young (Allocation Failure) 711M->476M(850M) 2.892ms
[582.960s][info ][gc,cpu       ] GC(727) User=0.01s Sys=0.00s Real=0.00s
[582.960s][info ][safepoint    ] Leaving safepoint region
[582.960s][info ][safepoint    ] Total time for which application threads were stopped: 0.0030514 seconds, Stopping threads took: 0.0000172 seconds
[583.960s][info ][safepoint    ] Application time: 1.0000971 seconds
[583.960s][info ][safepoint    ] Entering safepoint region: Cleanup
[583.960s][info ][safepoint    ] Leaving safepoint region
[583.960s][info ][safepoint    ] Total time for which application threads were stopped: 0.0001479 seconds, Stopping threads took: 0.0000766 seconds
[584.135s][info ][safepoint    ] Application time: 0.1747157 seconds
[584.135s][info ][safepoint    ] Entering safepoint region: GenCollectForAllocation
[584.135s][info ][gc,start     ] GC(728) Pause Young (Allocation Failure)
[584.135s][info ][gc,task      ] GC(728) Using 4 workers of 4 for evacuation
[584.138s][debug][gc,ref       ] GC(728) Skipped phase1 of Reference Processing due to unavailable references
[584.138s][debug][gc,ref       ] GC(728) Skipped phase2 of Reference Processing due to unavailable references
[584.138s][debug][gc,ref       ] GC(728) Skipped phase3 of Reference Processing due to unavailable references
[584.138s][debug][gc,ref       ] GC(728) Skipped phase4 of Reference Processing due to unavailable references
[584.138s][debug][gc,age       ] GC(728) Desired survivor size 15368192 bytes, new threshold 6 (max threshold 6)
[584.138s][info ][gc,heap      ] GC(728) ParNew: 240827K->397K(270336K)
[584.138s][info ][gc,heap      ] GC(728) CMS: 487729K->487774K(600768K)
[584.138s][info ][gc,metaspace ] GC(728) Metaspace: 64917K->64917K(1110016K)
[584.138s][info ][gc           ] GC(728) Pause Young (Allocation Failure) 711M->476M(850M) 3.646ms
[584.138s][info ][gc,cpu       ] GC(728) User=0.02s Sys=0.00s Real=0.01s
[584.138s][info ][safepoint    ] Leaving safepoint region
[584.138s][info ][safepoint    ] Total time for which application threads were stopped: 0.0037964 seconds, Stopping threads took: 0.0000182 seconds
[585.139s][info ][safepoint    ] Application time: 1.0001349 seconds
[585.139s][info ][safepoint    ] Entering safepoint region: Cleanup
[585.139s][info ][safepoint    ] Leaving safepoint region
[585.139s][info ][safepoint    ] Total time for which application threads were stopped: 0.0000959 seconds, Stopping threads took: 0.0000355 seconds
[585.347s][info ][safepoint    ] Application time: 0.2082768 seconds
[585.347s][info ][safepoint    ] Entering safepoint region: GenCollectForAllocation
[585.347s][info ][gc,start     ] GC(729) Pause Young (Allocation Failure)
[585.347s][info ][gc,task      ] GC(729) Using 4 workers of 4 for evacuation
[585.350s][debug][gc,ref       ] GC(729) Skipped phase1 of Reference Processing due to unavailable references
[585.350s][debug][gc,ref       ] GC(729) Skipped phase2 of Reference Processing due to unavailable references
[585.350s][debug][gc,ref       ] GC(729) Skipped phase3 of Reference Processing due to unavailable references
[585.350s][debug][gc,ref       ] GC(729) Skipped phase4 of Reference Processing due to unavailable references
[585.350s][debug][gc,age       ] GC(729) Desired survivor size 15368192 bytes, new threshold 6 (max threshold 6)
[585.350s][info ][gc,heap      ] GC(729) ParNew: 240717K->356K(270336K)
[585.350s][info ][gc,heap      ] GC(729) CMS: 487774K->487813K(600768K)
[585.350s][info ][gc,metaspace ] GC(729) Metaspace: 64917K->64917K(1110016K)
[585.350s][info ][gc           ] GC(729) Pause Young (Allocation Failure) 711M->476M(850M) 3.072ms
[585.350s][info ][gc,cpu       ] GC(729) User=0.01s Sys=0.00s Real=0.01s
[585.350s][info ][safepoint    ] Leaving safepoint region
[585.350s][info ][safepoint    ] Total time for which application threads were stopped: 0.0032247 seconds, Stopping threads took: 0.0000171 seconds
[586.350s][info ][safepoint    ] Application time: 1.0000919 seconds
[586.351s][info ][safepoint    ] Entering safepoint region: Cleanup
[586.351s][info ][safepoint    ] Leaving safepoint region
[586.351s][info ][safepoint    ] Total time for which application threads were stopped: 0.0001996 seconds, Stopping threads took: 0.0001213 seconds
[586.520s][info ][safepoint    ] Application time: 0.1695180 seconds
[586.520s][info ][safepoint    ] Entering safepoint region: GenCollectForAllocation
[586.520s][info ][gc,start     ] GC(730) Pause Young (Allocation Failure)
[586.520s][info ][gc,task      ] GC(730) Using 4 workers of 4 for evacuation
[586.523s][debug][gc,ref       ] GC(730) Skipped phase1 of Reference Processing due to unavailable references
[586.523s][debug][gc,ref       ] GC(730) Skipped phase2 of Reference Processing due to unavailable references
[586.523s][debug][gc,ref       ] GC(730) Skipped phase3 of Reference Processing due to unavailable references
[586.523s][debug][gc,ref       ] GC(730) Skipped phase4 of Reference Processing due to unavailable references
[586.523s][debug][gc,age       ] GC(730) Desired survivor size 15368192 bytes, new threshold 6 (max threshold 6)
[586.523s][info ][gc,heap      ] GC(730) ParNew: 240676K->497K(270336K)
[586.523s][info ][gc,heap      ] GC(730) CMS: 487813K->487824K(600768K)
[586.523s][info ][gc,metaspace ] GC(730) Metaspace: 64917K->64917K(1110016K)
[586.523s][info ][gc           ] GC(730) Pause Young (Allocation Failure) 711M->476M(850M) 2.933ms
[586.523s][info ][gc,cpu       ] GC(730) User=0.01s Sys=0.00s Real=0.00s
[586.523s][info ][safepoint    ] Leaving safepoint region
[586.523s][info ][safepoint    ] Total time for which application threads were stopped: 0.0030887 seconds, Stopping threads took: 0.0000190 seconds
[587.523s][info ][safepoint    ] Application time: 1.0000950 seconds
[587.523s][info ][safepoint    ] Entering safepoint region: Cleanup
[587.524s][info ][safepoint    ] Leaving safepoint region
[587.524s][info ][safepoint    ] Total time for which application threads were stopped: 0.0001296 seconds, Stopping threads took: 0.0000459 seconds
[587.638s][info ][safepoint    ] Application time: 0.1142592 seconds
[587.638s][info ][safepoint    ] Entering safepoint region: GenCollectForAllocation
[587.638s][info ][gc,start     ] GC(731) Pause Young (Allocation Failure)
[587.638s][info ][gc,task      ] GC(731) Using 4 workers of 4 for evacuation
[587.641s][debug][gc,ref       ] GC(731) Skipped phase1 of Reference Processing due to unavailable references
[587.641s][debug][gc,ref       ] GC(731) Skipped phase2 of Reference Processing due to unavailable references
[587.641s][debug][gc,ref       ] GC(731) Skipped phase3 of Reference Processing due to unavailable references
[587.641s][debug][gc,ref       ] GC(731) Skipped phase4 of Reference Processing due to unavailable references
[587.641s][debug][gc,age       ] GC(731) Desired survivor size 15368192 bytes, new threshold 6 (max threshold 6)
[587.641s][info ][gc,heap      ] GC(731) ParNew: 240817K->869K(270336K)
[587.641s][info ][gc,heap      ] GC(731) CMS: 487824K->487828K(600768K)
[587.641s][info ][gc,metaspace ] GC(731) Metaspace: 64922K->64922K(1110016K)
[587.641s][info ][gc           ] GC(731) Pause Young (Allocation Failure) 711M->477M(850M) 3.322ms
[587.641s][info ][gc,cpu       ] GC(731) User=0.01s Sys=0.00s Real=0.00s
[587.641s][info ][safepoint    ] Leaving safepoint region
[587.641s][info ][safepoint    ] Total time for which application threads were stopped: 0.0035350 seconds, Stopping threads took: 0.0000760 seconds
[588.641s][info ][safepoint    ] Application time: 1.0000792 seconds
[588.642s][info ][safepoint    ] Entering safepoint region: Cleanup
[588.642s][info ][safepoint    ] Leaving safepoint region
[588.642s][info ][safepoint    ] Total time for which application threads were stopped: 0.0001013 seconds, Stopping threads took: 0.0000401 seconds
[588.749s][info ][safepoint    ] Application time: 0.1070647 seconds
[588.749s][info ][safepoint    ] Entering safepoint region: GenCollectForAllocation
[588.749s][info ][gc,start     ] GC(732) Pause Young (Allocation Failure)
[588.749s][info ][gc,task      ] GC(732) Using 4 workers of 4 for evacuation
[588.752s][debug][gc,ref       ] GC(732) Skipped phase1 of Reference Processing due to unavailable references
[588.752s][debug][gc,ref       ] GC(732) Skipped phase2 of Reference Processing due to unavailable references
[588.752s][debug][gc,ref       ] GC(732) Skipped phase3 of Reference Processing due to unavailable references
[588.752s][debug][gc,ref       ] GC(732) Skipped phase4 of Reference Processing due to unavailable references
[588.752s][debug][gc,age       ] GC(732) Desired survivor size 15368192 bytes, new threshold 6 (max threshold 6)
[588.752s][info ][gc,heap      ] GC(732) ParNew: 241189K->948K(270336K)
[588.752s][info ][gc,heap      ] GC(732) CMS: 487828K->487844K(600768K)
[588.752s][info ][gc,metaspace ] GC(732) Metaspace: 64922K->64922K(1110016K)
[588.752s][info ][gc           ] GC(732) Pause Young (Allocation Failure) 711M->477M(850M) 3.212ms
[588.752s][info ][gc,cpu       ] GC(732) User=0.02s Sys=0.00s Real=0.00s
[588.752s][info ][safepoint    ] Leaving safepoint region
[588.752s][info ][safepoint    ] Total time for which application threads were stopped: 0.0034221 seconds, Stopping threads took: 0.0000633 seconds
[589.752s][info ][safepoint    ] Application time: 1.0001125 seconds
[589.752s][info ][safepoint    ] Entering safepoint region: Cleanup
[589.752s][info ][safepoint    ] Leaving safepoint region
[589.752s][info ][safepoint    ] Total time for which application threads were stopped: 0.0001225 seconds, Stopping threads took: 0.0000449 seconds
[589.910s][info ][safepoint    ] Application time: 0.1576849 seconds
[589.910s][info ][safepoint    ] Entering safepoint region: GenCollectForAllocation
[589.911s][info ][gc,start     ] GC(733) Pause Young (Allocation Failure)
[589.911s][info ][gc,task      ] GC(733) Using 4 workers of 4 for evacuation
[589.918s][debug][gc,ref       ] GC(733) Skipped phase1 of Reference Processing due to unavailable references
[589.918s][debug][gc,ref       ] GC(733) Skipped phase2 of Reference Processing due to unavailable references
[589.918s][debug][gc,ref       ] GC(733) Skipped phase3 of Reference Processing due to unavailable references
[589.918s][debug][gc,ref       ] GC(733) Skipped phase4 of Reference Processing due to unavailable references
[589.918s][debug][gc,age       ] GC(733) Desired survivor size 15368192 bytes, new threshold 6 (max threshold 6)
[589.918s][info ][gc,heap      ] GC(733) ParNew: 241268K->908K(270336K)
[589.918s][info ][gc,heap      ] GC(733) CMS: 487844K->487876K(600768K)
[589.918s][info ][gc,metaspace ] GC(733) Metaspace: 64922K->64922K(1110016K)
[589.918s][info ][gc           ] GC(733) Pause Young (Allocation Failure) 712M->477M(850M) 7.687ms
[589.918s][info ][gc,cpu       ] GC(733) User=0.03s Sys=0.01s Real=0.01s
[589.918s][info ][safepoint    ] Leaving safepoint region
[589.918s][info ][safepoint    ] Total time for which application threads were stopped: 0.0081009 seconds, Stopping threads took: 0.0000171 seconds
[590.918s][info ][safepoint    ] Application time: 1.0001081 seconds
[590.918s][info ][safepoint    ] Entering safepoint region: Cleanup
[590.918s][info ][safepoint    ] Leaving safepoint region
[590.919s][info ][safepoint    ] Total time for which application threads were stopped: 0.0001254 seconds, Stopping threads took: 0.0000455 seconds
[591.076s][info ][safepoint    ] Application time: 0.1578606 seconds
[591.076s][info ][safepoint    ] Entering safepoint region: GenCollectForAllocation
[591.077s][info ][gc,start     ] GC(734) Pause Young (Allocation Failure)
[591.077s][info ][gc,task      ] GC(734) Using 4 workers of 4 for evacuation
[591.079s][debug][gc,ref       ] GC(734) Skipped phase1 of Reference Processing due to unavailable references
[591.079s][debug][gc,ref       ] GC(734) Skipped phase2 of Reference Processing due to unavailable references
[591.079s][debug][gc,ref       ] GC(734) Skipped phase3 of Reference Processing due to unavailable references
[591.079s][debug][gc,ref       ] GC(734) Skipped phase4 of Reference Processing due to unavailable references
[591.080s][debug][gc,age       ] GC(734) Desired survivor size 15368192 bytes, new threshold 6 (max threshold 6)
[591.080s][info ][gc,heap      ] GC(734) ParNew: 241228K->917K(270336K)
[591.080s][info ][gc,heap      ] GC(734) CMS: 487876K->487905K(600768K)
[591.080s][info ][gc,metaspace ] GC(734) Metaspace: 64922K->64922K(1110016K)
[591.080s][info ][gc           ] GC(734) Pause Young (Allocation Failure) 712M->477M(850M) 3.283ms
[591.080s][info ][gc,cpu       ] GC(734) User=0.02s Sys=0.00s Real=0.00s
[591.080s][info ][safepoint    ] Leaving safepoint region
[591.080s][info ][safepoint    ] Total time for which application threads were stopped: 0.0034452 seconds, Stopping threads took: 0.0000183 seconds
[592.080s][info ][safepoint    ] Application time: 1.0001374 seconds
[592.080s][info ][safepoint    ] Entering safepoint region: Cleanup
[592.080s][info ][safepoint    ] Leaving safepoint region
[592.080s][info ][safepoint    ] Total time for which application threads were stopped: 0.0001679 seconds, Stopping threads took: 0.0000449 seconds
[592.175s][info ][safepoint    ] Application time: 0.0945607 seconds
[592.175s][info ][safepoint    ] Entering safepoint region: GenCollectForAllocation
[592.175s][info ][gc,start     ] GC(735) Pause Young (Allocation Failure)
[592.175s][info ][gc,task      ] GC(735) Using 4 workers of 4 for evacuation
[592.178s][debug][gc,ref       ] GC(735) Skipped phase1 of Reference Processing due to unavailable references
[592.178s][debug][gc,ref       ] GC(735) Skipped phase2 of Reference Processing due to unavailable references
[592.178s][debug][gc,ref       ] GC(735) Skipped phase3 of Reference Processing due to unavailable references
[592.178s][debug][gc,ref       ] GC(735) Skipped phase4 of Reference Processing due to unavailable references
[592.178s][debug][gc,age       ] GC(735) Desired survivor size 15368192 bytes, new threshold 6 (max threshold 6)
[592.178s][info ][gc,heap      ] GC(735) ParNew: 241237K->1680K(270336K)
[592.178s][info ][gc,heap      ] GC(735) CMS: 487905K->487915K(600768K)
[592.178s][info ][gc,metaspace ] GC(735) Metaspace: 64925K->64925K(1110016K)
[592.178s][info ][gc           ] GC(735) Pause Young (Allocation Failure) 712M->478M(850M) 3.547ms
[592.178s][info ][gc,cpu       ] GC(735) User=0.01s Sys=0.00s Real=0.01s
[592.179s][info ][safepoint    ] Leaving safepoint region
[592.179s][info ][safepoint    ] Total time for which application threads were stopped: 0.0037230 seconds, Stopping threads took: 0.0000239 seconds
[593.179s][info ][safepoint    ] Application time: 1.0001273 seconds
[593.179s][info ][safepoint    ] Entering safepoint region: Cleanup
[593.179s][info ][safepoint    ] Leaving safepoint region
[593.179s][info ][safepoint    ] Total time for which application threads were stopped: 0.0001194 seconds, Stopping threads took: 0.0000457 seconds
[593.367s][info ][safepoint    ] Application time: 0.1879363 seconds
[593.367s][info ][safepoint    ] Entering safepoint region: GenCollectForAllocation
[593.367s][info ][gc,start     ] GC(736) Pause Young (Allocation Failure)
[593.367s][info ][gc,task      ] GC(736) Using 4 workers of 4 for evacuation
[593.370s][debug][gc,ref       ] GC(736) Skipped phase1 of Reference Processing due to unavailable references
[593.370s][debug][gc,ref       ] GC(736) Skipped phase2 of Reference Processing due to unavailable references
[593.370s][debug][gc,ref       ] GC(736) Skipped phase3 of Reference Processing due to unavailable references
[593.370s][debug][gc,ref       ] GC(736) Skipped phase4 of Reference Processing due to unavailable references
[593.370s][debug][gc,age       ] GC(736) Desired survivor size 15368192 bytes, new threshold 6 (max threshold 6)
[593.370s][info ][gc,heap      ] GC(736) ParNew: 242000K->1442K(270336K)
[593.370s][info ][gc,heap      ] GC(736) CMS: 487915K->487971K(600768K)
[593.370s][info ][gc,metaspace ] GC(736) Metaspace: 64925K->64925K(1110016K)
[593.370s][info ][gc           ] GC(736) Pause Young (Allocation Failure) 712M->477M(850M) 3.204ms
[593.370s][info ][gc,cpu       ] GC(736) User=0.00s Sys=0.01s Real=0.01s
[593.370s][info ][safepoint    ] Leaving safepoint region
[593.370s][info ][safepoint    ] Total time for which application threads were stopped: 0.0033730 seconds, Stopping threads took: 0.0000191 seconds
[594.370s][info ][safepoint    ] Application time: 1.0000974 seconds
[594.370s][info ][safepoint    ] Entering safepoint region: Cleanup
[594.370s][info ][safepoint    ] Leaving safepoint region
[594.370s][info ][safepoint    ] Total time for which application threads were stopped: 0.0001154 seconds, Stopping threads took: 0.0000430 seconds
[594.512s][info ][safepoint    ] Application time: 0.1413175 seconds
[594.512s][info ][safepoint    ] Entering safepoint region: GenCollectForAllocation
[594.512s][info ][gc,start     ] GC(737) Pause Young (Allocation Failure)
[594.512s][info ][gc,task      ] GC(737) Using 4 workers of 4 for evacuation
[594.516s][debug][gc,ref       ] GC(737) Skipped phase1 of Reference Processing due to unavailable references
[594.516s][debug][gc,ref       ] GC(737) Skipped phase2 of Reference Processing due to unavailable references
[594.516s][debug][gc,ref       ] GC(737) Skipped phase3 of Reference Processing due to unavailable references
[594.516s][debug][gc,ref       ] GC(737) Skipped phase4 of Reference Processing due to unavailable references
[594.516s][debug][gc,age       ] GC(737) Desired survivor size 15368192 bytes, new threshold 6 (max threshold 6)
[594.516s][info ][gc,heap      ] GC(737) ParNew: 241557K->2344K(270336K)
[594.516s][info ][gc,heap      ] GC(737) CMS: 487971K->488073K(600768K)
[594.516s][info ][gc,metaspace ] GC(737) Metaspace: 64925K->64925K(1110016K)
[594.516s][info ][gc           ] GC(737) Pause Young (Allocation Failure) 712M->478M(850M) 4.015ms
[594.516s][info ][gc,cpu       ] GC(737) User=0.01s Sys=0.00s Real=0.01s
[594.516s][info ][safepoint    ] Leaving safepoint region
[594.516s][info ][safepoint    ] Total time for which application threads were stopped: 0.0042244 seconds, Stopping threads took: 0.0000368 seconds
[595.516s][info ][safepoint    ] Application time: 1.0001056 seconds
[595.516s][info ][safepoint    ] Entering safepoint region: Cleanup
[595.516s][info ][safepoint    ] Leaving safepoint region
[595.516s][info ][safepoint    ] Total time for which application threads were stopped: 0.0001388 seconds, Stopping threads took: 0.0000430 seconds
[595.655s][info ][safepoint    ] Application time: 0.1384102 seconds
[595.655s][info ][safepoint    ] Entering safepoint region: GenCollectForAllocation
[595.655s][info ][gc,start     ] GC(738) Pause Young (Allocation Failure)
[595.655s][info ][gc,task      ] GC(738) Using 4 workers of 4 for evacuation
[595.659s][debug][gc,ref       ] GC(738) Skipped phase1 of Reference Processing due to unavailable references
[595.660s][debug][gc,ref       ] GC(738) Skipped phase2 of Reference Processing due to unavailable references
[595.660s][debug][gc,ref       ] GC(738) Skipped phase3 of Reference Processing due to unavailable references
[595.660s][debug][gc,ref       ] GC(738) Skipped phase4 of Reference Processing due to unavailable references
[595.660s][debug][gc,age       ] GC(738) Desired survivor size 15368192 bytes, new threshold 6 (max threshold 6)
[595.661s][info ][gc,heap      ] GC(738) ParNew: 242664K->2465K(270336K)
[595.661s][info ][gc,heap      ] GC(738) CMS: 488073K->488118K(600768K)
[595.661s][info ][gc,metaspace ] GC(738) Metaspace: 64925K->64925K(1110016K)
[595.661s][info ][gc           ] GC(738) Pause Young (Allocation Failure) 713M->479M(850M) 5.583ms
[595.661s][info ][gc,cpu       ] GC(738) User=0.01s Sys=0.00s Real=0.01s
[595.661s][info ][safepoint    ] Leaving safepoint region
[595.661s][info ][safepoint    ] Total time for which application threads were stopped: 0.0057812 seconds, Stopping threads took: 0.0000346 seconds
[596.661s][info ][safepoint    ] Application time: 1.0001372 seconds
[596.661s][info ][safepoint    ] Entering safepoint region: Cleanup
[596.661s][info ][safepoint    ] Leaving safepoint region
[596.661s][info ][safepoint    ] Total time for which application threads were stopped: 0.0001497 seconds, Stopping threads took: 0.0000602 seconds
[596.861s][info ][safepoint    ] Application time: 0.2001922 seconds
[596.861s][info ][safepoint    ] Entering safepoint region: GenCollectForAllocation
[596.861s][info ][gc,start     ] GC(739) Pause Young (Allocation Failure)
[596.861s][info ][gc,task      ] GC(739) Using 4 workers of 4 for evacuation
[596.865s][debug][gc,ref       ] GC(739) Skipped phase1 of Reference Processing due to unavailable references
[596.865s][debug][gc,ref       ] GC(739) Skipped phase2 of Reference Processing due to unavailable references
[596.865s][debug][gc,ref       ] GC(739) Skipped phase3 of Reference Processing due to unavailable references
[596.865s][debug][gc,ref       ] GC(739) Skipped phase4 of Reference Processing due to unavailable references
[596.865s][debug][gc,age       ] GC(739) Desired survivor size 15368192 bytes, new threshold 6 (max threshold 6)
[596.865s][info ][gc,heap      ] GC(739) ParNew: 242785K->2388K(270336K)
[596.865s][info ][gc,heap      ] GC(739) CMS: 488118K->488147K(600768K)
[596.865s][info ][gc,metaspace ] GC(739) Metaspace: 64927K->64927K(1110016K)
[596.865s][info ][gc           ] GC(739) Pause Young (Allocation Failure) 713M->479M(850M) 3.747ms
[596.865s][info ][gc,cpu       ] GC(739) User=0.02s Sys=0.00s Real=0.00s
[596.865s][info ][safepoint    ] Leaving safepoint region
[596.865s][info ][safepoint    ] Total time for which application threads were stopped: 0.0039203 seconds, Stopping threads took: 0.0000182 seconds
[597.865s][info ][safepoint    ] Application time: 1.0001440 seconds
[597.865s][info ][safepoint    ] Entering safepoint region: Cleanup
[597.865s][info ][safepoint    ] Leaving safepoint region
[597.865s][info ][safepoint    ] Total time for which application threads were stopped: 0.0001271 seconds, Stopping threads took: 0.0000456 seconds
[598.100s][info ][safepoint    ] Application time: 0.2343300 seconds
[598.100s][info ][safepoint    ] Entering safepoint region: GenCollectForAllocation
[598.100s][info ][gc,start     ] GC(740) Pause Young (Allocation Failure)
[598.100s][info ][gc,task      ] GC(740) Using 4 workers of 4 for evacuation
[598.103s][debug][gc,ref       ] GC(740) Skipped phase1 of Reference Processing due to unavailable references
[598.103s][debug][gc,ref       ] GC(740) Skipped phase2 of Reference Processing due to unavailable references
[598.103s][debug][gc,ref       ] GC(740) Skipped phase3 of Reference Processing due to unavailable references
[598.103s][debug][gc,ref       ] GC(740) Skipped phase4 of Reference Processing due to unavailable references
[598.104s][debug][gc,age       ] GC(740) Desired survivor size 15368192 bytes, new threshold 6 (max threshold 6)
[598.104s][info ][gc,heap      ] GC(740) ParNew: 242708K->2540K(270336K)
[598.104s][info ][gc,heap      ] GC(740) CMS: 488147K->488218K(600768K)
[598.104s][info ][gc,metaspace ] GC(740) Metaspace: 64929K->64929K(1110016K)
[598.104s][info ][gc           ] GC(740) Pause Young (Allocation Failure) 713M->479M(850M) 3.663ms
[598.104s][info ][gc,cpu       ] GC(740) User=0.01s Sys=0.00s Real=0.00s
[598.104s][info ][safepoint    ] Leaving safepoint region
[598.104s][info ][safepoint    ] Total time for which application threads were stopped: 0.0038450 seconds, Stopping threads took: 0.0000411 seconds
[599.104s][info ][safepoint    ] Application time: 1.0001427 seconds
[599.104s][info ][safepoint    ] Entering safepoint region: Cleanup
[599.104s][info ][safepoint    ] Leaving safepoint region
[599.104s][info ][safepoint    ] Total time for which application threads were stopped: 0.0001532 seconds, Stopping threads took: 0.0000706 seconds
[599.307s][info ][safepoint    ] Application time: 0.2027858 seconds
[599.307s][info ][safepoint    ] Entering safepoint region: GenCollectForAllocation
[599.307s][info ][gc,start     ] GC(741) Pause Young (Allocation Failure)
[599.307s][info ][gc,task      ] GC(741) Using 4 workers of 4 for evacuation
[599.311s][debug][gc,ref       ] GC(741) Skipped phase1 of Reference Processing due to unavailable references
[599.311s][debug][gc,ref       ] GC(741) Skipped phase2 of Reference Processing due to unavailable references
[599.311s][debug][gc,ref       ] GC(741) Skipped phase3 of Reference Processing due to unavailable references
[599.311s][debug][gc,ref       ] GC(741) Skipped phase4 of Reference Processing due to unavailable references
[599.311s][debug][gc,age       ] GC(741) Desired survivor size 15368192 bytes, new threshold 6 (max threshold 6)
[599.311s][info ][gc,heap      ] GC(741) ParNew: 242860K->2407K(270336K)
[599.311s][info ][gc,heap      ] GC(741) CMS: 488218K->488341K(600768K)
[599.311s][info ][gc,metaspace ] GC(741) Metaspace: 64929K->64929K(1110016K)
[599.311s][info ][gc           ] GC(741) Pause Young (Allocation Failure) 713M->479M(850M) 3.878ms
[599.311s][info ][gc,cpu       ] GC(741) User=0.01s Sys=0.00s Real=0.01s
[599.311s][info ][safepoint    ] Leaving safepoint region
[599.311s][info ][safepoint    ] Total time for which application threads were stopped: 0.0040687 seconds, Stopping threads took: 0.0000204 seconds
[599.490s][info ][safepoint    ] Application time: 0.1789473 seconds
[599.490s][info ][safepoint    ] Entering safepoint region: RevokeBias
[599.490s][info ][safepoint    ] Leaving safepoint region
[599.490s][info ][safepoint    ] Total time for which application threads were stopped: 0.0001648 seconds, Stopping threads took: 0.0000290 seconds
[599.498s][info ][safepoint    ] Application time: 0.0082133 seconds
[599.498s][info ][safepoint    ] Entering safepoint region: RevokeBias
[599.498s][info ][safepoint    ] Leaving safepoint region
[599.498s][info ][safepoint    ] Total time for which application threads were stopped: 0.0001854 seconds, Stopping threads took: 0.0000807 seconds
[599.499s][info ][safepoint    ] Application time: 0.0001104 seconds
[599.499s][info ][safepoint    ] Entering safepoint region: RevokeBias
[599.499s][info ][safepoint    ] Leaving safepoint region
[599.499s][info ][safepoint    ] Total time for which application threads were stopped: 0.0000714 seconds, Stopping threads took: 0.0000105 seconds
[599.500s][info ][safepoint    ] Application time: 0.0013030 seconds
[599.500s][info ][safepoint    ] Entering safepoint region: RevokeBias
[599.500s][info ][safepoint    ] Leaving safepoint region
[599.500s][info ][safepoint    ] Total time for which application threads were stopped: 0.0000597 seconds, Stopping threads took: 0.0000098 seconds
[599.500s][info ][safepoint    ] Application time: 0.0000489 seconds
[599.500s][info ][safepoint    ] Entering safepoint region: RevokeBias
[599.500s][info ][safepoint    ] Leaving safepoint region
[599.500s][info ][safepoint    ] Total time for which application threads were stopped: 0.0000419 seconds, Stopping threads took: 0.0000069 seconds
[599.501s][info ][safepoint    ] Application time: 0.0007103 seconds
[599.501s][info ][safepoint    ] Entering safepoint region: RevokeBias
[599.501s][info ][safepoint    ] Leaving safepoint region
[599.501s][info ][safepoint    ] Total time for which application threads were stopped: 0.0000889 seconds, Stopping threads took: 0.0000320 seconds
[599.501s][info ][safepoint    ] Application time: 0.0000552 seconds
[599.501s][info ][safepoint    ] Entering safepoint region: RevokeBias
[599.501s][info ][safepoint    ] Leaving safepoint region
[599.501s][info ][safepoint    ] Total time for which application threads were stopped: 0.0000620 seconds, Stopping threads took: 0.0000233 seconds
[599.504s][info ][safepoint    ] Application time: 0.0032029 seconds
[599.504s][info ][safepoint    ] Entering safepoint region: RevokeBias
[599.504s][info ][safepoint    ] Leaving safepoint region
[599.504s][info ][safepoint    ] Total time for which application threads were stopped: 0.0000628 seconds, Stopping threads took: 0.0000103 seconds
[599.513s][info ][safepoint    ] Application time: 0.0090352 seconds
[599.513s][info ][safepoint    ] Entering safepoint region: Deoptimize
[599.515s][info ][safepoint    ] Leaving safepoint region
[599.515s][info ][safepoint    ] Total time for which application threads were stopped: 0.0018269 seconds, Stopping threads took: 0.0000125 seconds
[599.566s][info ][safepoint    ] Application time: 0.0511029 seconds
[599.566s][info ][safepoint    ] Entering safepoint region: RevokeBias
[599.567s][info ][safepoint    ] Leaving safepoint region
[599.567s][info ][safepoint    ] Total time for which application threads were stopped: 0.0002107 seconds, Stopping threads took: 0.0000159 seconds
[599.567s][info ][safepoint    ] Application time: 0.0000601 seconds
[599.567s][info ][safepoint    ] Entering safepoint region: RevokeBias
[599.567s][info ][safepoint    ] Leaving safepoint region
[599.567s][info ][safepoint    ] Total time for which application threads were stopped: 0.0000446 seconds, Stopping threads took: 0.0000077 seconds
[599.567s][info ][safepoint    ] Application time: 0.0005609 seconds
[599.567s][info ][safepoint    ] Entering safepoint region: RevokeBias
[599.567s][info ][safepoint    ] Leaving safepoint region
[599.567s][info ][safepoint    ] Total time for which application threads were stopped: 0.0001109 seconds, Stopping threads took: 0.0000527 seconds
[599.579s][info ][safepoint    ] Application time: 0.0119889 seconds
[599.580s][info ][safepoint    ] Entering safepoint region: RevokeBias
[599.580s][info ][safepoint    ] Leaving safepoint region
[599.580s][info ][safepoint    ] Total time for which application threads were stopped: 0.0001390 seconds, Stopping threads took: 0.0000492 seconds
[599.580s][info ][safepoint    ] Application time: 0.0000695 seconds
[599.580s][info ][safepoint    ] Entering safepoint region: RevokeBias
[599.580s][info ][safepoint    ] Leaving safepoint region
[599.580s][info ][safepoint    ] Total time for which application threads were stopped: 0.0000592 seconds, Stopping threads took: 0.0000196 seconds
[599.580s][info ][safepoint    ] Application time: 0.0007015 seconds
[599.581s][info ][safepoint    ] Entering safepoint region: RevokeBias
[599.581s][info ][safepoint    ] Leaving safepoint region
[599.581s][info ][safepoint    ] Total time for which application threads were stopped: 0.0001182 seconds, Stopping threads took: 0.0000497 seconds
[599.654s][info ][safepoint    ] Application time: 0.0734547 seconds
[599.654s][info ][safepoint    ] Entering safepoint region: RevokeBias
[599.654s][info ][safepoint    ] Leaving safepoint region
[599.654s][info ][safepoint    ] Total time for which application threads were stopped: 0.0001469 seconds, Stopping threads took: 0.0000379 seconds
[600.028s][info ][safepoint    ] Application time: 0.3734478 seconds
[600.028s][info ][safepoint    ] Entering safepoint region: ICBufferFull
[600.028s][info ][safepoint    ] Leaving safepoint region
[600.028s][info ][safepoint    ] Total time for which application threads were stopped: 0.0002995 seconds, Stopping threads took: 0.0000206 seconds
[600.269s][info ][safepoint    ] Application time: 0.2413663 seconds
[600.269s][info ][safepoint    ] Entering safepoint region: GenCollectForAllocation
[600.270s][info ][gc,start     ] GC(742) Pause Young (Allocation Failure)
[600.270s][info ][gc,task      ] GC(742) Using 4 workers of 4 for evacuation
[600.276s][debug][gc,ref       ] GC(742) Skipped phase1 of Reference Processing due to unavailable references
[600.276s][debug][gc,ref       ] GC(742) Skipped phase3 of Reference Processing due to unavailable references
[600.276s][debug][gc,age       ] GC(742) Desired survivor size 15368192 bytes, new threshold 6 (max threshold 6)
[600.276s][info ][gc,heap      ] GC(742) ParNew: 242727K->11450K(270336K)
[600.277s][info ][gc,heap      ] GC(742) CMS: 488341K->488347K(600768K)
[600.277s][info ][gc,metaspace ] GC(742) Metaspace: 65186K->65186K(1110016K)
[600.277s][info ][gc           ] GC(742) Pause Young (Allocation Failure) 713M->488M(850M) 6.948ms
[600.277s][info ][gc,cpu       ] GC(742) User=0.03s Sys=0.00s Real=0.01s
[600.277s][info ][safepoint    ] Leaving safepoint region
[600.277s][info ][safepoint    ] Total time for which application threads were stopped: 0.0071215 seconds, Stopping threads took: 0.0000168 seconds
[601.277s][info ][safepoint    ] Application time: 1.0001038 seconds
[601.277s][info ][safepoint    ] Entering safepoint region: Cleanup
[601.277s][info ][safepoint    ] Leaving safepoint region
[601.277s][info ][safepoint    ] Total time for which application threads were stopped: 0.0001777 seconds, Stopping threads took: 0.0000603 seconds
[601.336s][info ][safepoint    ] Application time: 0.0588017 seconds
[601.336s][info ][safepoint    ] Entering safepoint region: GenCollectForAllocation
[601.336s][info ][gc,start     ] GC(743) Pause Young (Allocation Failure)
[601.336s][info ][gc,task      ] GC(743) Using 4 workers of 4 for evacuation
[601.342s][debug][gc,ref       ] GC(743) Skipped phase1 of Reference Processing due to unavailable references
[601.342s][debug][gc,ref       ] GC(743) Skipped phase3 of Reference Processing due to unavailable references
[601.342s][debug][gc,age       ] GC(743) Desired survivor size 15368192 bytes, new threshold 6 (max threshold 6)
[601.342s][info ][gc,heap      ] GC(743) ParNew: 251770K->16467K(270336K)
[601.342s][info ][gc,heap      ] GC(743) CMS: 488347K->488781K(600768K)
[601.342s][info ][gc,metaspace ] GC(743) Metaspace: 65219K->65219K(1110016K)
[601.343s][info ][gc           ] GC(743) Pause Young (Allocation Failure) 722M->493M(850M) 6.635ms
[601.343s][info ][gc,cpu       ] GC(743) User=0.02s Sys=0.00s Real=0.00s
[601.343s][info ][safepoint    ] Leaving safepoint region
[601.343s][info ][safepoint    ] Total time for which application threads were stopped: 0.0068154 seconds, Stopping threads took: 0.0000191 seconds
[602.267s][info ][safepoint    ] Application time: 0.9247933 seconds
[602.267s][info ][safepoint    ] Entering safepoint region: GenCollectForAllocation
[602.268s][info ][gc,start     ] GC(744) Pause Young (Allocation Failure)
[602.268s][info ][gc,task      ] GC(744) Using 4 workers of 4 for evacuation
[602.275s][debug][gc,ref       ] GC(744) Skipped phase1 of Reference Processing due to unavailable references
[602.275s][debug][gc,ref       ] GC(744) Skipped phase3 of Reference Processing due to unavailable references
[602.276s][debug][gc,age       ] GC(744) Desired survivor size 15368192 bytes, new threshold 6 (max threshold 6)
[602.276s][info ][gc,heap      ] GC(744) ParNew: 256787K->17260K(270336K)
[602.276s][info ][gc,heap      ] GC(744) CMS: 488781K->489931K(600768K)
[602.276s][info ][gc,metaspace ] GC(744) Metaspace: 65255K->65255K(1110016K)
[602.276s][info ][gc           ] GC(744) Pause Young (Allocation Failure) 728M->495M(850M) 8.058ms
[602.276s][info ][gc,cpu       ] GC(744) User=0.03s Sys=0.01s Real=0.02s
[602.276s][info ][safepoint    ] Leaving safepoint region
[602.276s][info ][safepoint    ] Total time for which application threads were stopped: 0.0083719 seconds, Stopping threads took: 0.0000168 seconds
[603.028s][info ][safepoint    ] Application time: 0.7519870 seconds
[603.028s][info ][safepoint    ] Entering safepoint region: GenCollectForAllocation
[603.028s][info ][gc,start     ] GC(745) Pause Young (Allocation Failure)
[603.028s][info ][gc,task      ] GC(745) Using 4 workers of 4 for evacuation
[603.038s][debug][gc,ref       ] GC(745) Skipped phase1 of Reference Processing due to unavailable references
[603.038s][debug][gc,ref       ] GC(745) Skipped phase3 of Reference Processing due to unavailable references
[603.038s][debug][gc,age       ] GC(745) Desired survivor size 15368192 bytes, new threshold 4 (max threshold 6)
[603.038s][info ][gc,heap      ] GC(745) ParNew: 257580K->27263K(270336K)
[603.038s][info ][gc,heap      ] GC(745) CMS: 489931K->489940K(600768K)
[603.038s][info ][gc,metaspace ] GC(745) Metaspace: 65311K->65311K(1110016K)
[603.038s][info ][gc           ] GC(745) Pause Young (Allocation Failure) 729M->505M(850M) 10.422ms
[603.038s][info ][gc,cpu       ] GC(745) User=0.03s Sys=0.00s Real=0.01s
[603.038s][info ][safepoint    ] Leaving safepoint region
[603.038s][info ][safepoint    ] Total time for which application threads were stopped: 0.0106920 seconds, Stopping threads took: 0.0000197 seconds
[603.730s][info ][safepoint    ] Application time: 0.6913318 seconds
[603.730s][info ][safepoint    ] Entering safepoint region: GenCollectForAllocation
[603.730s][info ][safepoint    ] Leaving safepoint region
[603.730s][info ][safepoint    ] Total time for which application threads were stopped: 0.0001689 seconds, Stopping threads took: 0.0000421 seconds
[603.730s][info ][safepoint    ] Application time: 0.0000630 seconds
[603.730s][info ][safepoint    ] Entering safepoint region: GenCollectFull
[603.730s][info ][gc,start     ] GC(746) Pause Young (GCLocker Initiated GC)
[603.730s][info ][gc,task      ] GC(746) Using 4 workers of 4 for evacuation
[603.792s][debug][gc,ref       ] GC(746) Skipped phase1 of Reference Processing due to unavailable references
[603.792s][debug][gc,ref       ] GC(746) Skipped phase3 of Reference Processing due to unavailable references
[603.792s][debug][gc,age       ] GC(746) Desired survivor size 15368192 bytes, new threshold 1 (max threshold 6)
[603.792s][info ][gc,heap      ] GC(746) ParNew: 267597K->30016K(270336K)
[603.792s][info ][gc,heap      ] GC(746) CMS: 489940K->509095K(600768K)
[603.792s][info ][gc,metaspace ] GC(746) Metaspace: 65329K->65329K(1110016K)
[603.792s][info ][gc           ] GC(746) Pause Young (GCLocker Initiated GC) 739M->526M(850M) 62.004ms
[603.792s][info ][gc,cpu       ] GC(746) User=0.18s Sys=0.01s Real=0.06s
[603.792s][info ][safepoint    ] Leaving safepoint region
[603.792s][info ][safepoint    ] Total time for which application threads were stopped: 0.0621500 seconds, Stopping threads took: 0.0000377 seconds
[604.519s][info ][safepoint    ] Application time: 0.7271172 seconds
[604.519s][info ][safepoint    ] Entering safepoint region: GenCollectForAllocation
[604.520s][info ][gc,start     ] GC(747) Pause Young (Allocation Failure)
[604.520s][info ][gc,task      ] GC(747) Using 4 workers of 4 for evacuation
[604.554s][debug][gc,ref       ] GC(747) Skipped phase1 of Reference Processing due to unavailable references
[604.554s][debug][gc,ref       ] GC(747) Skipped phase3 of Reference Processing due to unavailable references
[604.555s][debug][gc,age       ] GC(747) Desired survivor size 15368192 bytes, new threshold 1 (max threshold 6)
[604.555s][info ][gc,heap      ] GC(747) ParNew: 270336K->30016K(270336K)
[604.555s][info ][gc,heap      ] GC(747) CMS: 509095K->531772K(600768K)
[604.555s][info ][gc,metaspace ] GC(747) Metaspace: 65331K->65331K(1110016K)
[604.555s][info ][gc           ] GC(747) Pause Young (Allocation Failure) 761M->548M(850M) 35.060ms
[604.555s][info ][gc,cpu       ] GC(747) User=0.14s Sys=0.01s Real=0.03s
[604.555s][info ][safepoint    ] Leaving safepoint region
[604.555s][info ][safepoint    ] Total time for which application threads were stopped: 0.0352829 seconds, Stopping threads took: 0.0000429 seconds
[604.555s][info ][safepoint    ] Application time: 0.0000719 seconds
[604.555s][info ][safepoint    ] Entering safepoint region: CMS_Initial_Mark
[604.555s][info ][gc,start     ] GC(748) Pause Initial Mark
[604.560s][info ][gc           ] GC(748) Pause Initial Mark 548M->548M(850M) 5.221ms
[604.560s][info ][gc,cpu       ] GC(748) User=0.03s Sys=0.00s Real=0.01s
[604.560s][info ][safepoint    ] Leaving safepoint region
[604.560s][info ][safepoint    ] Total time for which application threads were stopped: 0.0054146 seconds, Stopping threads took: 0.0000860 seconds
[604.560s][info ][gc           ] GC(748) Concurrent Mark
[604.979s][info ][gc           ] GC(748) Concurrent Mark 418.826ms
[604.979s][info ][gc,cpu       ] GC(748) User=1.10s Sys=0.08s Real=0.42s
[604.979s][info ][gc           ] GC(748) Concurrent Preclean
[604.979s][debug][gc,ref       ] GC(748) Preclean SoftReferences 0.001ms
[604.979s][debug][gc,ref       ] GC(748) Preclean WeakReferences 0.081ms
[604.979s][debug][gc,ref       ] GC(748) Preclean FinalReferences 0.001ms
[604.979s][debug][gc,ref       ] GC(748) Preclean PhantomReferences 0.005ms
[604.983s][info ][gc           ] GC(748) Concurrent Preclean 4.240ms
[604.983s][info ][gc,cpu       ] GC(748) User=0.01s Sys=0.00s Real=0.00s
[604.983s][info ][gc           ] GC(748) Concurrent Abortable Preclean
[605.560s][info ][safepoint    ] Application time: 1.0001076 seconds
[605.560s][info ][safepoint    ] Entering safepoint region: Cleanup
[605.560s][info ][safepoint    ] Leaving safepoint region
[605.560s][info ][safepoint    ] Total time for which application threads were stopped: 0.0001075 seconds, Stopping threads took: 0.0000193 seconds
[606.561s][info ][safepoint    ] Application time: 1.0001339 seconds
[606.561s][info ][safepoint    ] Entering safepoint region: Cleanup
[606.561s][info ][safepoint    ] Leaving safepoint region
[606.561s][info ][safepoint    ] Total time for which application threads were stopped: 0.0002737 seconds, Stopping threads took: 0.0001125 seconds
[607.259s][info ][safepoint    ] Application time: 0.6976363 seconds
[607.259s][info ][safepoint    ] Entering safepoint region: GenCollectForAllocation
[607.259s][info ][gc,start     ] GC(749) Pause Young (Allocation Failure)
[607.259s][info ][gc,task      ] GC(749) Using 4 workers of 4 for evacuation
[607.280s][debug][gc,ref       ] GC(749) Skipped phase1 of Reference Processing due to unavailable references
[607.280s][debug][gc,ref       ] GC(749) Skipped phase3 of Reference Processing due to unavailable references
[607.280s][debug][gc,age       ] GC(749) Desired survivor size 15368192 bytes, new threshold 6 (max threshold 6)
[607.280s][info ][gc,heap      ] GC(749) ParNew: 270336K->28000K(270336K)
[607.280s][info ][gc,heap      ] GC(749) CMS: 531772K->547020K(600768K)
[607.280s][info ][gc,metaspace ] GC(749) Metaspace: 65346K->65346K(1110016K)
[607.280s][info ][gc           ] GC(749) Pause Young (Allocation Failure) 783M->561M(850M) 21.583ms
[607.280s][info ][gc,cpu       ] GC(749) User=0.06s Sys=0.00s Real=0.02s
[607.280s][info ][safepoint    ] Leaving safepoint region
[607.280s][info ][safepoint    ] Total time for which application threads were stopped: 0.0217619 seconds, Stopping threads took: 0.0000183 seconds
[608.280s][info ][safepoint    ] Application time: 1.0000615 seconds
[608.280s][info ][safepoint    ] Entering safepoint region: Cleanup
[608.281s][info ][safepoint    ] Leaving safepoint region
[608.281s][info ][safepoint    ] Total time for which application threads were stopped: 0.0000980 seconds, Stopping threads took: 0.0000200 seconds
[608.913s][info ][gc           ] GC(748) Concurrent Abortable Preclean 3929.740ms
[608.913s][info ][gc,cpu       ] GC(748) User=5.23s Sys=0.34s Real=3.93s
[608.913s][info ][safepoint    ] Application time: 0.6326546 seconds
[608.913s][info ][safepoint    ] Entering safepoint region: CMS_Final_Remark
[608.913s][info ][gc,start     ] GC(748) Pause Remark
[608.937s][debug][gc,phases    ] GC(748) Rescan (parallel) 24.060ms
[608.937s][debug][gc,ref       ] GC(748) Skipped phase1 of Reference Processing due to unavailable references
[608.938s][debug][gc,phases    ] GC(748) Reference Processing 0.094ms
[608.938s][debug][gc,phases    ] GC(748) Weak Processing 0.288ms
[608.938s][debug][gc,phases    ] GC(748) ClassLoaderData 0.341ms
[608.938s][debug][gc,phases    ] GC(748) ProtectionDomainCacheTable 0.006ms
[608.938s][debug][gc,phases    ] GC(748) ResolvedMethodTable 0.278ms
[608.948s][debug][gc,phases    ] GC(748) Class Unloading 9.652ms
[608.952s][debug][gc,phases    ] GC(748) Scrub Symbol Table 4.649ms
[608.953s][debug][gc,phases    ] GC(748) Scrub String Table 0.472ms
[608.953s][info ][gc           ] GC(748) Pause Remark 686M->686M(850M) 39.375ms
[608.953s][info ][gc,cpu       ] GC(748) User=0.11s Sys=0.00s Real=0.04s
[608.953s][info ][safepoint    ] Leaving safepoint region
[608.953s][info ][safepoint    ] Total time for which application threads were stopped: 0.0395145 seconds, Stopping threads took: 0.0000182 seconds
[608.953s][info ][gc           ] GC(748) Concurrent Sweep
[608.953s][info ][safepoint    ] Application time: 0.0002429 seconds
[608.953s][info ][safepoint    ] Entering safepoint region: RevokeBias
[608.953s][info ][safepoint    ] Leaving safepoint region
[608.953s][info ][safepoint    ] Total time for which application threads were stopped: 0.0001469 seconds, Stopping threads took: 0.0000571 seconds
[608.953s][info ][safepoint    ] Application time: 0.0000728 seconds
[608.953s][info ][safepoint    ] Entering safepoint region: RevokeBias
[608.953s][info ][safepoint    ] Leaving safepoint region
[608.953s][info ][safepoint    ] Total time for which application threads were stopped: 0.0000709 seconds, Stopping threads took: 0.0000381 seconds
[609.206s][info ][gc           ] GC(748) Concurrent Sweep 253.182ms
[609.206s][info ][gc,cpu       ] GC(748) User=0.35s Sys=0.01s Real=0.25s
[609.206s][info ][gc           ] GC(748) Concurrent Reset
[609.223s][info ][gc           ] GC(748) Concurrent Reset 16.421ms
[609.223s][info ][gc,cpu       ] GC(748) User=0.03s Sys=0.00s Real=0.02s
[609.223s][info ][gc,heap      ] GC(748) Old: 531772K->387034K(645060K)
[609.953s][info ][safepoint    ] Application time: 1.0000894 seconds
[609.954s][info ][safepoint    ] Entering safepoint region: Cleanup
[609.954s][info ][safepoint    ] Leaving safepoint region
[609.954s][info ][safepoint    ] Total time for which application threads were stopped: 0.0001698 seconds, Stopping threads took: 0.0000738 seconds
[610.408s][info ][safepoint    ] Application time: 0.4544583 seconds
[610.408s][info ][safepoint    ] Entering safepoint region: GenCollectForAllocation
[610.408s][info ][gc,start     ] GC(750) Pause Young (Allocation Failure)
[610.408s][info ][gc,task      ] GC(750) Using 4 workers of 4 for evacuation
[610.413s][debug][gc,ref       ] GC(750) Skipped phase1 of Reference Processing due to unavailable references
[610.413s][debug][gc,ref       ] GC(750) Skipped phase3 of Reference Processing due to unavailable references
[610.413s][debug][gc,age       ] GC(750) Desired survivor size 15368192 bytes, new threshold 6 (max threshold 6)
[610.413s][info ][gc,heap      ] GC(750) ParNew: 268320K->7783K(270336K)
[610.413s][info ][gc,heap      ] GC(750) CMS: 387034K->387034K(645060K)
[610.413s][info ][gc,metaspace ] GC(750) Metaspace: 65350K->65350K(1110016K)
[610.413s][info ][gc           ] GC(750) Pause Young (Allocation Failure) 639M->385M(893M) 4.712ms
[610.413s][info ][gc,cpu       ] GC(750) User=0.02s Sys=0.00s Real=0.00s
[610.413s][info ][safepoint    ] Leaving safepoint region
[610.413s][info ][safepoint    ] Total time for which application threads were stopped: 0.0049327 seconds, Stopping threads took: 0.0000355 seconds
[611.413s][info ][safepoint    ] Application time: 1.0000858 seconds
[611.413s][info ][safepoint    ] Entering safepoint region: Cleanup
[611.413s][info ][safepoint    ] Leaving safepoint region
[611.413s][info ][safepoint    ] Total time for which application threads were stopped: 0.0001293 seconds, Stopping threads took: 0.0000527 seconds
[612.413s][info ][safepoint    ] Application time: 1.0001029 seconds
[612.413s][info ][safepoint    ] Entering safepoint region: Cleanup
[612.414s][info ][safepoint    ] Leaving safepoint region
[612.414s][info ][safepoint    ] Total time for which application threads were stopped: 0.0000854 seconds, Stopping threads took: 0.0000182 seconds
[613.414s][info ][safepoint    ] Application time: 1.0001063 seconds
[613.414s][info ][safepoint    ] Entering safepoint region: Cleanup
[613.414s][info ][safepoint    ] Leaving safepoint region
[613.414s][info ][safepoint    ] Total time for which application threads were stopped: 0.0000854 seconds, Stopping threads took: 0.0000194 seconds
[613.649s][info ][safepoint    ] Application time: 0.2348093 seconds
[613.649s][info ][safepoint    ] Entering safepoint region: GenCollectForAllocation
[613.649s][info ][gc,start     ] GC(751) Pause Young (Allocation Failure)
[613.649s][info ][gc,task      ] GC(751) Using 4 workers of 4 for evacuation
[613.654s][debug][gc,ref       ] GC(751) Skipped phase1 of Reference Processing due to unavailable references
[613.654s][debug][gc,ref       ] GC(751) Skipped phase3 of Reference Processing due to unavailable references
[613.654s][debug][gc,age       ] GC(751) Desired survivor size 15368192 bytes, new threshold 6 (max threshold 6)
[613.654s][info ][gc,heap      ] GC(751) ParNew: 248103K->6506K(270336K)
[613.654s][info ][gc,heap      ] GC(751) CMS: 387034K->387034K(645060K)
[613.654s][info ][gc,metaspace ] GC(751) Metaspace: 65350K->65350K(1110016K)
[613.654s][info ][gc           ] GC(751) Pause Young (Allocation Failure) 620M->384M(893M) 5.069ms
[613.654s][info ][gc,cpu       ] GC(751) User=0.02s Sys=0.00s Real=0.00s
[613.654s][info ][safepoint    ] Leaving safepoint region
[613.654s][info ][safepoint    ] Total time for which application threads were stopped: 0.0052504 seconds, Stopping threads took: 0.0000188 seconds
[614.654s][info ][safepoint    ] Application time: 1.0000993 seconds
[614.654s][info ][safepoint    ] Entering safepoint region: Cleanup
[614.654s][info ][safepoint    ] Leaving safepoint region
[614.654s][info ][safepoint    ] Total time for which application threads were stopped: 0.0001594 seconds, Stopping threads took: 0.0000725 seconds
[615.654s][info ][safepoint    ] Application time: 1.0001316 seconds
[615.654s][info ][safepoint    ] Entering safepoint region: Cleanup
[615.654s][info ][safepoint    ] Leaving safepoint region
[615.655s][info ][safepoint    ] Total time for which application threads were stopped: 0.0001584 seconds, Stopping threads took: 0.0000723 seconds
[616.655s][info ][safepoint    ] Application time: 1.0001317 seconds
[616.655s][info ][safepoint    ] Entering safepoint region: Cleanup
[616.655s][info ][safepoint    ] Leaving safepoint region
[616.655s][info ][safepoint    ] Total time for which application threads were stopped: 0.0001361 seconds, Stopping threads took: 0.0000569 seconds
[616.802s][info ][safepoint    ] Application time: 0.1467108 seconds
[616.802s][info ][safepoint    ] Entering safepoint region: GenCollectForAllocation
[616.802s][info ][gc,start     ] GC(752) Pause Young (Allocation Failure)
[616.802s][info ][gc,task      ] GC(752) Using 4 workers of 4 for evacuation
[616.806s][debug][gc,ref       ] GC(752) Skipped phase1 of Reference Processing due to unavailable references
[616.806s][debug][gc,ref       ] GC(752) Skipped phase3 of Reference Processing due to unavailable references
[616.806s][debug][gc,age       ] GC(752) Desired survivor size 15368192 bytes, new threshold 6 (max threshold 6)
[616.806s][info ][gc,heap      ] GC(752) ParNew: 246826K->6090K(270336K)
[616.806s][info ][gc,heap      ] GC(752) CMS: 387034K->387034K(645060K)
[616.806s][info ][gc,metaspace ] GC(752) Metaspace: 65351K->65351K(1110016K)
[616.806s][info ][gc           ] GC(752) Pause Young (Allocation Failure) 619M->383M(893M) 4.570ms
[616.806s][info ][gc,cpu       ] GC(752) User=0.02s Sys=0.00s Real=0.00s
[616.806s][info ][safepoint    ] Leaving safepoint region
[616.806s][info ][safepoint    ] Total time for which application threads were stopped: 0.0047630 seconds, Stopping threads took: 0.0000189 seconds
[617.806s][info ][safepoint    ] Application time: 1.0001391 seconds
[617.807s][info ][safepoint    ] Entering safepoint region: Cleanup
[617.807s][info ][safepoint    ] Leaving safepoint region
[617.807s][info ][safepoint    ] Total time for which application threads were stopped: 0.0000911 seconds, Stopping threads took: 0.0000187 seconds
[618.807s][info ][safepoint    ] Application time: 1.0001430 seconds
[618.807s][info ][safepoint    ] Entering safepoint region: Cleanup
[618.807s][info ][safepoint    ] Leaving safepoint region
[618.807s][info ][safepoint    ] Total time for which application threads were stopped: 0.0000970 seconds, Stopping threads took: 0.0000179 seconds
[619.807s][info ][safepoint    ] Application time: 1.0000889 seconds
[619.807s][info ][safepoint    ] Entering safepoint region: Cleanup
[619.807s][info ][safepoint    ] Leaving safepoint region
[619.807s][info ][safepoint    ] Total time for which application threads were stopped: 0.0001246 seconds, Stopping threads took: 0.0000468 seconds
[620.807s][info ][safepoint    ] Application time: 1.0000863 seconds
[620.807s][info ][safepoint    ] Entering safepoint region: Cleanup
[620.807s][info ][safepoint    ] Leaving safepoint region
[620.807s][info ][safepoint    ] Total time for which application threads were stopped: 0.0000877 seconds, Stopping threads took: 0.0000193 seconds
[621.148s][info ][safepoint    ] Application time: 0.3410712 seconds
[621.148s][info ][safepoint    ] Entering safepoint region: GenCollectForAllocation
[621.149s][info ][gc,start     ] GC(753) Pause Young (Allocation Failure)
[621.149s][info ][gc,task      ] GC(753) Using 4 workers of 4 for evacuation
[621.153s][debug][gc,ref       ] GC(753) Skipped phase1 of Reference Processing due to unavailable references
[621.153s][debug][gc,ref       ] GC(753) Skipped phase3 of Reference Processing due to unavailable references
[621.153s][debug][gc,age       ] GC(753) Desired survivor size 15368192 bytes, new threshold 6 (max threshold 6)
[621.153s][info ][gc,heap      ] GC(753) ParNew: 246410K->6333K(270336K)
[621.153s][info ][gc,heap      ] GC(753) CMS: 387034K->387034K(645060K)
[621.153s][info ][gc,metaspace ] GC(753) Metaspace: 65359K->65359K(1110016K)
[621.153s][info ][gc           ] GC(753) Pause Young (Allocation Failure) 618M->384M(893M) 4.518ms
[621.153s][info ][gc,cpu       ] GC(753) User=0.02s Sys=0.00s Real=0.00s
[621.153s][info ][safepoint    ] Leaving safepoint region
[621.153s][info ][safepoint    ] Total time for which application threads were stopped: 0.0047176 seconds, Stopping threads took: 0.0000209 seconds
[622.153s][info ][safepoint    ] Application time: 1.0001404 seconds
[622.153s][info ][safepoint    ] Entering safepoint region: Cleanup
[622.154s][info ][safepoint    ] Leaving safepoint region
[622.154s][info ][safepoint    ] Total time for which application threads were stopped: 0.0002081 seconds, Stopping threads took: 0.0000558 seconds
[623.154s][info ][safepoint    ] Application time: 1.0001319 seconds
[623.154s][info ][safepoint    ] Entering safepoint region: Cleanup
[623.154s][info ][safepoint    ] Leaving safepoint region
[623.154s][info ][safepoint    ] Total time for which application threads were stopped: 0.0001248 seconds, Stopping threads took: 0.0000417 seconds
[623.949s][info ][safepoint    ] Application time: 0.7947486 seconds
[623.949s][info ][safepoint    ] Entering safepoint region: GenCollectForAllocation
[623.949s][info ][gc,start     ] GC(754) Pause Young (Allocation Failure)
[623.949s][info ][gc,task      ] GC(754) Using 4 workers of 4 for evacuation
[623.953s][debug][gc,ref       ] GC(754) Skipped phase1 of Reference Processing due to unavailable references
[623.953s][debug][gc,ref       ] GC(754) Skipped phase3 of Reference Processing due to unavailable references
[623.954s][debug][gc,age       ] GC(754) Desired survivor size 15368192 bytes, new threshold 6 (max threshold 6)
[623.954s][info ][gc,heap      ] GC(754) ParNew: 246653K->7650K(270336K)
[623.954s][info ][gc,heap      ] GC(754) CMS: 387034K->387034K(645060K)
[623.954s][info ][gc,metaspace ] GC(754) Metaspace: 65371K->65371K(1110016K)
[623.954s][info ][gc           ] GC(754) Pause Young (Allocation Failure) 618M->385M(893M) 4.914ms
[623.954s][info ][gc,cpu       ] GC(754) User=0.02s Sys=0.00s Real=0.00s
[623.954s][info ][safepoint    ] Leaving safepoint region
[623.954s][info ][safepoint    ] Total time for which application threads were stopped: 0.0050874 seconds, Stopping threads took: 0.0000194 seconds
[624.954s][info ][safepoint    ] Application time: 1.0001019 seconds
[624.954s][info ][safepoint    ] Entering safepoint region: Cleanup
[624.954s][info ][safepoint    ] Leaving safepoint region
[624.954s][info ][safepoint    ] Total time for which application threads were stopped: 0.0001289 seconds, Stopping threads took: 0.0000439 seconds
[625.954s][info ][safepoint    ] Application time: 1.0001054 seconds
[625.954s][info ][safepoint    ] Entering safepoint region: Cleanup
[625.954s][info ][safepoint    ] Leaving safepoint region
[625.954s][info ][safepoint    ] Total time for which application threads were stopped: 0.0001491 seconds, Stopping threads took: 0.0000598 seconds
[626.954s][info ][safepoint    ] Application time: 1.0001053 seconds
[626.955s][info ][safepoint    ] Entering safepoint region: Cleanup
[626.955s][info ][safepoint    ] Leaving safepoint region
[626.955s][info ][safepoint    ] Total time for which application threads were stopped: 0.0001411 seconds, Stopping threads took: 0.0000597 seconds
[627.955s][info ][safepoint    ] Application time: 1.0001095 seconds
[627.955s][info ][safepoint    ] Entering safepoint region: Cleanup
[627.955s][info ][safepoint    ] Leaving safepoint region
[627.955s][info ][safepoint    ] Total time for which application threads were stopped: 0.0000780 seconds, Stopping threads took: 0.0000173 seconds
[628.650s][info ][safepoint    ] Application time: 0.6947851 seconds
[628.650s][info ][safepoint    ] Entering safepoint region: GenCollectForAllocation
[628.650s][info ][gc,start     ] GC(755) Pause Young (Allocation Failure)
[628.650s][info ][gc,task      ] GC(755) Using 4 workers of 4 for evacuation
[628.655s][debug][gc,ref       ] GC(755) Skipped phase1 of Reference Processing due to unavailable references
[628.655s][debug][gc,ref       ] GC(755) Skipped phase3 of Reference Processing due to unavailable references
[628.656s][debug][gc,age       ] GC(755) Desired survivor size 15368192 bytes, new threshold 6 (max threshold 6)
[628.656s][info ][gc,heap      ] GC(755) ParNew: 247970K->2768K(270336K)
[628.656s][info ][gc,heap      ] GC(755) CMS: 387034K->391240K(645060K)
[628.656s][info ][gc,metaspace ] GC(755) Metaspace: 65371K->65371K(1110016K)
[628.656s][info ][gc           ] GC(755) Pause Young (Allocation Failure) 620M->384M(893M) 5.884ms
[628.656s][info ][gc,cpu       ] GC(755) User=0.02s Sys=0.00s Real=0.01s
[628.656s][info ][safepoint    ] Leaving safepoint region
[628.656s][info ][safepoint    ] Total time for which application threads were stopped: 0.0060794 seconds, Stopping threads took: 0.0000436 seconds
[629.656s][info ][safepoint    ] Application time: 1.0001066 seconds
[629.656s][info ][safepoint    ] Entering safepoint region: Cleanup
[629.656s][info ][safepoint    ] Leaving safepoint region
[629.656s][info ][safepoint    ] Total time for which application threads were stopped: 0.0000887 seconds, Stopping threads took: 0.0000178 seconds
[630.656s][info ][safepoint    ] Application time: 1.0000887 seconds
[630.656s][info ][safepoint    ] Entering safepoint region: Cleanup
[630.656s][info ][safepoint    ] Leaving safepoint region
[630.656s][info ][safepoint    ] Total time for which application threads were stopped: 0.0000832 seconds, Stopping threads took: 0.0000204 seconds
[631.656s][info ][safepoint    ] Application time: 1.0001280 seconds
[631.656s][info ][safepoint    ] Entering safepoint region: Cleanup
[631.656s][info ][safepoint    ] Leaving safepoint region
[631.656s][info ][safepoint    ] Total time for which application threads were stopped: 0.0000838 seconds, Stopping threads took: 0.0000181 seconds
[632.657s][info ][safepoint    ] Application time: 1.0000861 seconds
[632.657s][info ][safepoint    ] Entering safepoint region: Cleanup
[632.657s][info ][safepoint    ] Leaving safepoint region
[632.657s][info ][safepoint    ] Total time for which application threads were stopped: 0.0000762 seconds, Stopping threads took: 0.0000166 seconds
[633.400s][info ][safepoint    ] Application time: 0.7428533 seconds
[633.400s][info ][safepoint    ] Entering safepoint region: GenCollectForAllocation
[633.400s][info ][gc,start     ] GC(756) Pause Young (Allocation Failure)
[633.400s][info ][gc,task      ] GC(756) Using 4 workers of 4 for evacuation
[633.402s][debug][gc,ref       ] GC(756) Skipped phase1 of Reference Processing due to unavailable references
[633.402s][debug][gc,ref       ] GC(756) Skipped phase3 of Reference Processing due to unavailable references
[633.402s][debug][gc,ref       ] GC(756) Skipped phase4 of Reference Processing due to unavailable references
[633.403s][debug][gc,age       ] GC(756) Desired survivor size 15368192 bytes, new threshold 6 (max threshold 6)
[633.403s][info ][gc,heap      ] GC(756) ParNew: 243088K->782K(270336K)
[633.403s][info ][gc,heap      ] GC(756) CMS: 391240K->391385K(645060K)
[633.403s][info ][gc,metaspace ] GC(756) Metaspace: 65375K->65375K(1110016K)
[633.403s][info ][gc           ] GC(756) Pause Young (Allocation Failure) 619M->382M(893M) 2.988ms
[633.403s][info ][gc,cpu       ] GC(756) User=0.01s Sys=0.00s Real=0.00s
[633.403s][info ][safepoint    ] Leaving safepoint region
[633.403s][info ][safepoint    ] Total time for which application threads were stopped: 0.0032360 seconds, Stopping threads took: 0.0000434 seconds
[634.403s][info ][safepoint    ] Application time: 1.0001011 seconds
[634.403s][info ][safepoint    ] Entering safepoint region: Cleanup
[634.403s][info ][safepoint    ] Leaving safepoint region
[634.403s][info ][safepoint    ] Total time for which application threads were stopped: 0.0001237 seconds, Stopping threads took: 0.0000426 seconds
[635.403s][info ][safepoint    ] Application time: 1.0001323 seconds
[635.403s][info ][safepoint    ] Entering safepoint region: Cleanup
[635.403s][info ][safepoint    ] Leaving safepoint region
[635.403s][info ][safepoint    ] Total time for which application threads were stopped: 0.0001486 seconds, Stopping threads took: 0.0000676 seconds
[636.404s][info ][safepoint    ] Application time: 1.0001326 seconds
[636.404s][info ][safepoint    ] Entering safepoint region: Cleanup
[636.404s][info ][safepoint    ] Leaving safepoint region
[636.404s][info ][safepoint    ] Total time for which application threads were stopped: 0.0001387 seconds, Stopping threads took: 0.0000430 seconds
[637.404s][info ][safepoint    ] Application time: 1.0000946 seconds
[637.404s][info ][safepoint    ] Entering safepoint region: Cleanup
[637.404s][info ][safepoint    ] Leaving safepoint region
[637.404s][info ][safepoint    ] Total time for which application threads were stopped: 0.0001270 seconds, Stopping threads took: 0.0000440 seconds
[638.139s][info ][safepoint    ] Application time: 0.7349534 seconds
[638.139s][info ][safepoint    ] Entering safepoint region: GenCollectForAllocation
[638.139s][info ][gc,start     ] GC(757) Pause Young (Allocation Failure)
[638.139s][info ][gc,task      ] GC(757) Using 4 workers of 4 for evacuation
[638.142s][debug][gc,ref       ] GC(757) Skipped phase1 of Reference Processing due to unavailable references
[638.142s][debug][gc,ref       ] GC(757) Skipped phase3 of Reference Processing due to unavailable references
[638.142s][debug][gc,age       ] GC(757) Desired survivor size 15368192 bytes, new threshold 6 (max threshold 6)
[638.142s][info ][gc,heap      ] GC(757) ParNew: 241102K->684K(270336K)
[638.142s][info ][gc,heap      ] GC(757) CMS: 391385K->391402K(645060K)
[638.142s][info ][gc,metaspace ] GC(757) Metaspace: 65403K->65403K(1110016K)
[638.142s][info ][gc           ] GC(757) Pause Young (Allocation Failure) 617M->382M(893M) 3.026ms
[638.142s][info ][gc,cpu       ] GC(757) User=0.01s Sys=0.00s Real=0.00s
[638.142s][info ][safepoint    ] Leaving safepoint region
[638.142s][info ][safepoint    ] Total time for which application threads were stopped: 0.0031995 seconds, Stopping threads took: 0.0000190 seconds
[639.142s][info ][safepoint    ] Application time: 1.0001040 seconds
[639.142s][info ][safepoint    ] Entering safepoint region: Cleanup
[639.142s][info ][safepoint    ] Leaving safepoint region
[639.142s][info ][safepoint    ] Total time for which application threads were stopped: 0.0000904 seconds, Stopping threads took: 0.0000177 seconds
[640.143s][info ][safepoint    ] Application time: 1.0001247 seconds
[640.143s][info ][safepoint    ] Entering safepoint region: Cleanup
[640.143s][info ][safepoint    ] Leaving safepoint region
[640.143s][info ][safepoint    ] Total time for which application threads were stopped: 0.0000852 seconds, Stopping threads took: 0.0000189 seconds
[641.143s][info ][safepoint    ] Application time: 1.0001286 seconds
[641.143s][info ][safepoint    ] Entering safepoint region: Cleanup
[641.143s][info ][safepoint    ] Leaving safepoint region
[641.143s][info ][safepoint    ] Total time for which application threads were stopped: 0.0001011 seconds, Stopping threads took: 0.0000213 seconds
[642.143s][info ][safepoint    ] Application time: 1.0001039 seconds
[642.143s][info ][safepoint    ] Entering safepoint region: Cleanup
[642.143s][info ][safepoint    ] Leaving safepoint region
[642.143s][info ][safepoint    ] Total time for which application threads were stopped: 0.0000893 seconds, Stopping threads took: 0.0000186 seconds
[643.143s][info ][safepoint    ] Application time: 1.0001249 seconds
[643.143s][info ][safepoint    ] Entering safepoint region: Cleanup
[643.143s][info ][safepoint    ] Leaving safepoint region
[643.143s][info ][safepoint    ] Total time for which application threads were stopped: 0.0000915 seconds, Stopping threads took: 0.0000201 seconds
[643.253s][info ][safepoint    ] Application time: 0.1098539 seconds
[643.253s][info ][safepoint    ] Entering safepoint region: GenCollectForAllocation
[643.253s][info ][gc,start     ] GC(758) Pause Young (Allocation Failure)
[643.253s][info ][gc,task      ] GC(758) Using 4 workers of 4 for evacuation
[643.256s][debug][gc,ref       ] GC(758) Skipped phase1 of Reference Processing due to unavailable references
[643.256s][debug][gc,ref       ] GC(758) Skipped phase3 of Reference Processing due to unavailable references
[643.256s][debug][gc,age       ] GC(758) Desired survivor size 15368192 bytes, new threshold 6 (max threshold 6)
[643.256s][info ][gc,heap      ] GC(758) ParNew: 241004K->717K(270336K)
[643.256s][info ][gc,heap      ] GC(758) CMS: 391402K->391424K(645060K)
[643.256s][info ][gc,metaspace ] GC(758) Metaspace: 65418K->65418K(1110016K)
[643.256s][info ][gc           ] GC(758) Pause Young (Allocation Failure) 617M->382M(893M) 2.993ms
[643.256s][info ][gc,cpu       ] GC(758) User=0.02s Sys=0.00s Real=0.01s
[643.256s][info ][safepoint    ] Leaving safepoint region
[643.256s][info ][safepoint    ] Total time for which application threads were stopped: 0.0031450 seconds, Stopping threads took: 0.0000172 seconds
[644.257s][info ][safepoint    ] Application time: 1.0001301 seconds
[644.257s][info ][safepoint    ] Entering safepoint region: Cleanup
[644.257s][info ][safepoint    ] Leaving safepoint region
[644.257s][info ][safepoint    ] Total time for which application threads were stopped: 0.0000891 seconds, Stopping threads took: 0.0000182 seconds
[645.257s][info ][safepoint    ] Application time: 1.0000856 seconds
[645.257s][info ][safepoint    ] Entering safepoint region: Cleanup
[645.257s][info ][safepoint    ] Leaving safepoint region
[645.257s][info ][safepoint    ] Total time for which application threads were stopped: 0.0001104 seconds, Stopping threads took: 0.0000191 seconds
[646.257s][info ][safepoint    ] Application time: 1.0000845 seconds
[646.257s][info ][safepoint    ] Entering safepoint region: Cleanup
[646.257s][info ][safepoint    ] Leaving safepoint region
[646.257s][info ][safepoint    ] Total time for which application threads were stopped: 0.0001127 seconds, Stopping threads took: 0.0000182 seconds
[647.257s][info ][safepoint    ] Application time: 1.0001016 seconds
[647.257s][info ][safepoint    ] Entering safepoint region: Cleanup
[647.257s][info ][safepoint    ] Leaving safepoint region
[647.257s][info ][safepoint    ] Total time for which application threads were stopped: 0.0000946 seconds, Stopping threads took: 0.0000196 seconds
[648.258s][info ][safepoint    ] Application time: 1.0001463 seconds
[648.258s][info ][safepoint    ] Entering safepoint region: Cleanup
[648.258s][info ][safepoint    ] Leaving safepoint region
[648.258s][info ][safepoint    ] Total time for which application threads were stopped: 0.0000828 seconds, Stopping threads took: 0.0000190 seconds
[648.700s][info ][safepoint    ] Application time: 0.4421213 seconds
[648.700s][info ][safepoint    ] Entering safepoint region: GenCollectForAllocation
[648.700s][info ][gc,start     ] GC(759) Pause Young (Allocation Failure)
[648.700s][info ][gc,task      ] GC(759) Using 4 workers of 4 for evacuation
[648.703s][debug][gc,ref       ] GC(759) Skipped phase1 of Reference Processing due to unavailable references
[648.703s][debug][gc,ref       ] GC(759) Skipped phase3 of Reference Processing due to unavailable references
[648.703s][debug][gc,age       ] GC(759) Desired survivor size 15368192 bytes, new threshold 6 (max threshold 6)
[648.703s][info ][gc,heap      ] GC(759) ParNew: 241037K->718K(270336K)
[648.703s][info ][gc,heap      ] GC(759) CMS: 391424K->391457K(645060K)
[648.703s][info ][gc,metaspace ] GC(759) Metaspace: 65501K->65501K(1110016K)
[648.703s][info ][gc           ] GC(759) Pause Young (Allocation Failure) 617M->382M(893M) 3.449ms
[648.703s][info ][gc,cpu       ] GC(759) User=0.01s Sys=0.00s Real=0.00s
[648.704s][info ][safepoint    ] Leaving safepoint region
[648.704s][info ][safepoint    ] Total time for which application threads were stopped: 0.0036287 seconds, Stopping threads took: 0.0000171 seconds
[649.704s][info ][safepoint    ] Application time: 1.0001072 seconds
[649.704s][info ][safepoint    ] Entering safepoint region: Cleanup
[649.704s][info ][safepoint    ] Leaving safepoint region
[649.704s][info ][safepoint    ] Total time for which application threads were stopped: 0.0001892 seconds, Stopping threads took: 0.0000846 seconds
[650.704s][info ][safepoint    ] Application time: 1.0000882 seconds
[650.704s][info ][safepoint    ] Entering safepoint region: Cleanup
[650.704s][info ][safepoint    ] Leaving safepoint region
[650.704s][info ][safepoint    ] Total time for which application threads were stopped: 0.0000976 seconds, Stopping threads took: 0.0000189 seconds
[651.704s][info ][safepoint    ] Application time: 1.0000883 seconds
[651.704s][info ][safepoint    ] Entering safepoint region: Cleanup
[651.704s][info ][safepoint    ] Leaving safepoint region
[651.704s][info ][safepoint    ] Total time for which application threads were stopped: 0.0001401 seconds, Stopping threads took: 0.0000520 seconds
[652.704s][info ][safepoint    ] Application time: 1.0000879 seconds
[652.705s][info ][safepoint    ] Entering safepoint region: Cleanup
[652.705s][info ][safepoint    ] Leaving safepoint region
[652.705s][info ][safepoint    ] Total time for which application threads were stopped: 0.0002869 seconds, Stopping threads took: 0.0001967 seconds
[652.957s][info ][safepoint    ] Application time: 0.2520505 seconds
[652.957s][info ][safepoint    ] Entering safepoint region: GenCollectForAllocation
[652.957s][info ][gc,start     ] GC(760) Pause Young (Allocation Failure)
[652.957s][info ][gc,task      ] GC(760) Using 4 workers of 4 for evacuation
[652.961s][debug][gc,ref       ] GC(760) Skipped phase1 of Reference Processing due to unavailable references
[652.961s][debug][gc,ref       ] GC(760) Skipped phase3 of Reference Processing due to unavailable references
[652.961s][debug][gc,ref       ] GC(760) Skipped phase4 of Reference Processing due to unavailable references
[652.961s][debug][gc,age       ] GC(760) Desired survivor size 15368192 bytes, new threshold 6 (max threshold 6)
[652.961s][info ][gc,heap      ] GC(760) ParNew: 241038K->4795K(270336K)
[652.961s][info ][gc,heap      ] GC(760) CMS: 391457K->391504K(645060K)
[652.961s][info ][gc,metaspace ] GC(760) Metaspace: 65502K->65502K(1110016K)
[652.961s][info ][gc           ] GC(760) Pause Young (Allocation Failure) 617M->387M(893M) 4.293ms
[652.961s][info ][gc,cpu       ] GC(760) User=0.02s Sys=0.00s Real=0.00s
[652.961s][info ][safepoint    ] Leaving safepoint region
[652.961s][info ][safepoint    ] Total time for which application threads were stopped: 0.0044682 seconds, Stopping threads took: 0.0000195 seconds
[653.961s][info ][safepoint    ] Application time: 1.0001361 seconds
[653.962s][info ][safepoint    ] Entering safepoint region: Cleanup
[653.962s][info ][safepoint    ] Leaving safepoint region
[653.962s][info ][safepoint    ] Total time for which application threads were stopped: 0.0001140 seconds, Stopping threads took: 0.0000231 seconds
[657.850s][info ][safepoint    ] Application time: 3.8886785 seconds
[657.850s][info ][safepoint    ] Entering safepoint region: GenCollectForAllocation
[657.851s][info ][gc,start     ] GC(761) Pause Young (Allocation Failure)
[657.851s][info ][gc,task      ] GC(761) Using 4 workers of 4 for evacuation
[657.854s][debug][gc,ref       ] GC(761) Skipped phase1 of Reference Processing due to unavailable references
[657.854s][debug][gc,ref       ] GC(761) Skipped phase3 of Reference Processing due to unavailable references
[657.854s][debug][gc,ref       ] GC(761) Skipped phase4 of Reference Processing due to unavailable references
[657.855s][debug][gc,age       ] GC(761) Desired survivor size 15368192 bytes, new threshold 6 (max threshold 6)
[657.855s][info ][gc,heap      ] GC(761) ParNew: 245115K->7602K(270336K)
[657.855s][info ][gc,heap      ] GC(761) CMS: 391504K->391505K(645060K)
[657.855s][info ][gc,metaspace ] GC(761) Metaspace: 65504K->65504K(1110016K)
[657.855s][info ][gc           ] GC(761) Pause Young (Allocation Failure) 621M->389M(893M) 4.061ms
[657.855s][info ][gc,cpu       ] GC(761) User=0.01s Sys=0.00s Real=0.00s
[657.855s][info ][safepoint    ] Leaving safepoint region
[657.855s][info ][safepoint    ] Total time for which application threads were stopped: 0.0042808 seconds, Stopping threads took: 0.0000625 seconds
[658.855s][info ][safepoint    ] Application time: 1.0001473 seconds
[658.855s][info ][safepoint    ] Entering safepoint region: Cleanup
[658.855s][info ][safepoint    ] Leaving safepoint region
[658.855s][info ][safepoint    ] Total time for which application threads were stopped: 0.0000886 seconds, Stopping threads took: 0.0000186 seconds
[660.855s][info ][safepoint    ] Application time: 2.0001899 seconds
[660.855s][info ][safepoint    ] Entering safepoint region: Cleanup
[660.855s][info ][safepoint    ] Leaving safepoint region
[660.855s][info ][safepoint    ] Total time for which application threads were stopped: 0.0001009 seconds, Stopping threads took: 0.0000170 seconds
[661.855s][info ][safepoint    ] Application time: 1.0000848 seconds
[661.855s][info ][safepoint    ] Entering safepoint region: Cleanup
[661.855s][info ][safepoint    ] Leaving safepoint region
[661.855s][info ][safepoint    ] Total time for which application threads were stopped: 0.0001017 seconds, Stopping threads took: 0.0000185 seconds
[662.948s][info ][safepoint    ] Application time: 1.0920559 seconds
[662.948s][info ][safepoint    ] Entering safepoint region: GenCollectForAllocation
[662.948s][info ][gc,start     ] GC(762) Pause Young (Allocation Failure)
[662.948s][info ][gc,task      ] GC(762) Using 4 workers of 4 for evacuation
[662.952s][debug][gc,ref       ] GC(762) Skipped phase1 of Reference Processing due to unavailable references
[662.952s][debug][gc,ref       ] GC(762) Skipped phase3 of Reference Processing due to unavailable references
[662.952s][debug][gc,ref       ] GC(762) Skipped phase4 of Reference Processing due to unavailable references
[662.952s][debug][gc,age       ] GC(762) Desired survivor size 15368192 bytes, new threshold 6 (max threshold 6)
[662.952s][info ][gc,heap      ] GC(762) ParNew: 247922K->6617K(270336K)
[662.952s][info ][gc,heap      ] GC(762) CMS: 391505K->391531K(645060K)
[662.952s][info ][gc,metaspace ] GC(762) Metaspace: 65509K->65509K(1110016K)
[662.952s][info ][gc           ] GC(762) Pause Young (Allocation Failure) 624M->388M(893M) 4.471ms
[662.952s][info ][gc,cpu       ] GC(762) User=0.02s Sys=0.00s Real=0.00s
[662.952s][info ][safepoint    ] Leaving safepoint region
[662.952s][info ][safepoint    ] Total time for which application threads were stopped: 0.0046384 seconds, Stopping threads took: 0.0000188 seconds
[663.952s][info ][safepoint    ] Application time: 1.0001456 seconds
[663.952s][info ][safepoint    ] Entering safepoint region: Cleanup
[663.953s][info ][safepoint    ] Leaving safepoint region
[663.953s][info ][safepoint    ] Total time for which application threads were stopped: 0.0001410 seconds, Stopping threads took: 0.0000580 seconds
[665.376s][info ][safepoint    ] Application time: 1.4236958 seconds
[665.376s][info ][safepoint    ] Entering safepoint region: RevokeBias
[665.376s][info ][safepoint    ] Leaving safepoint region
[665.376s][info ][safepoint    ] Total time for which application threads were stopped: 0.0001188 seconds, Stopping threads took: 0.0000162 seconds
[666.377s][info ][safepoint    ] Application time: 1.0000981 seconds
[666.377s][info ][safepoint    ] Entering safepoint region: Cleanup
[666.377s][info ][safepoint    ] Leaving safepoint region
[666.377s][info ][safepoint    ] Total time for which application threads were stopped: 0.0001385 seconds, Stopping threads took: 0.0000607 seconds
[667.377s][info ][safepoint    ] Application time: 1.0000923 seconds
[667.377s][info ][safepoint    ] Entering safepoint region: Cleanup
[667.377s][info ][safepoint    ] Leaving safepoint region
[667.377s][info ][safepoint    ] Total time for which application threads were stopped: 0.0000804 seconds, Stopping threads took: 0.0000179 seconds
[667.554s][info ][safepoint    ] Application time: 0.1775355 seconds
[667.554s][info ][safepoint    ] Entering safepoint region: GenCollectForAllocation
[667.555s][info ][gc,start     ] GC(763) Pause Young (Allocation Failure)
[667.555s][info ][gc,task      ] GC(763) Using 4 workers of 4 for evacuation
[667.559s][debug][gc,ref       ] GC(763) Skipped phase1 of Reference Processing due to unavailable references
[667.559s][debug][gc,ref       ] GC(763) Skipped phase3 of Reference Processing due to unavailable references
[667.559s][debug][gc,ref       ] GC(763) Skipped phase4 of Reference Processing due to unavailable references
[667.559s][debug][gc,age       ] GC(763) Desired survivor size 15368192 bytes, new threshold 6 (max threshold 6)
[667.559s][info ][gc,heap      ] GC(763) ParNew: 246937K->9463K(270336K)
[667.559s][info ][gc,heap      ] GC(763) CMS: 391531K->391560K(645060K)
[667.559s][info ][gc,metaspace ] GC(763) Metaspace: 65511K->65511K(1110016K)
[667.559s][info ][gc           ] GC(763) Pause Young (Allocation Failure) 623M->391M(893M) 4.875ms
[667.559s][info ][gc,cpu       ] GC(763) User=0.01s Sys=0.00s Real=0.01s
[667.560s][info ][safepoint    ] Leaving safepoint region
[667.560s][info ][safepoint    ] Total time for which application threads were stopped: 0.0050651 seconds, Stopping threads took: 0.0000180 seconds
[671.560s][info ][safepoint    ] Application time: 4.0004031 seconds
[671.560s][info ][safepoint    ] Entering safepoint region: Cleanup
[671.560s][info ][safepoint    ] Leaving safepoint region
[671.560s][info ][safepoint    ] Total time for which application threads were stopped: 0.0000822 seconds, Stopping threads took: 0.0000172 seconds
[672.560s][info ][safepoint    ] Application time: 1.0001277 seconds
[672.560s][info ][safepoint    ] Entering safepoint region: Cleanup
[672.560s][info ][safepoint    ] Leaving safepoint region
[672.560s][info ][safepoint    ] Total time for which application threads were stopped: 0.0001003 seconds, Stopping threads took: 0.0000337 seconds
[672.996s][info ][safepoint    ] Application time: 0.4356831 seconds
[672.996s][info ][safepoint    ] Entering safepoint region: GenCollectForAllocation
[672.996s][info ][gc,start     ] GC(764) Pause Young (Allocation Failure)
[672.996s][info ][gc,task      ] GC(764) Using 4 workers of 4 for evacuation
[673.000s][debug][gc,ref       ] GC(764) Skipped phase1 of Reference Processing due to unavailable references
[673.001s][debug][gc,ref       ] GC(764) Skipped phase3 of Reference Processing due to unavailable references
[673.001s][debug][gc,age       ] GC(764) Desired survivor size 15368192 bytes, new threshold 6 (max threshold 6)
[673.001s][info ][gc,heap      ] GC(764) ParNew: 249783K->11060K(270336K)
[673.001s][info ][gc,heap      ] GC(764) CMS: 391560K->391571K(645060K)
[673.001s][info ][gc,metaspace ] GC(764) Metaspace: 65518K->65518K(1110016K)
[673.001s][info ][gc           ] GC(764) Pause Young (Allocation Failure) 626M->393M(893M) 4.602ms
[673.001s][info ][gc,cpu       ] GC(764) User=0.02s Sys=0.00s Real=0.00s
[673.001s][info ][safepoint    ] Leaving safepoint region
[673.001s][info ][safepoint    ] Total time for which application threads were stopped: 0.0047539 seconds, Stopping threads took: 0.0000172 seconds
[677.001s][info ][safepoint    ] Application time: 4.0005144 seconds
[677.001s][info ][safepoint    ] Entering safepoint region: Cleanup
[677.001s][info ][safepoint    ] Leaving safepoint region
[677.001s][info ][safepoint    ] Total time for which application threads were stopped: 0.0001470 seconds, Stopping threads took: 0.0000579 seconds
[678.002s][info ][safepoint    ] Application time: 1.0001284 seconds
[678.002s][info ][safepoint    ] Entering safepoint region: Cleanup
[678.002s][info ][safepoint    ] Leaving safepoint region
[678.002s][info ][safepoint    ] Total time for which application threads were stopped: 0.0002884 seconds, Stopping threads took: 0.0000445 seconds
[678.400s][info ][safepoint    ] Application time: 0.3975839 seconds
[678.400s][info ][safepoint    ] Entering safepoint region: GenCollectForAllocation
[678.400s][info ][gc,start     ] GC(765) Pause Young (Allocation Failure)
[678.400s][info ][gc,task      ] GC(765) Using 4 workers of 4 for evacuation
[678.404s][debug][gc,ref       ] GC(765) Skipped phase1 of Reference Processing due to unavailable references
[678.404s][debug][gc,ref       ] GC(765) Skipped phase2 of Reference Processing due to unavailable references
[678.404s][debug][gc,ref       ] GC(765) Skipped phase3 of Reference Processing due to unavailable references
[678.404s][debug][gc,ref       ] GC(765) Skipped phase4 of Reference Processing due to unavailable references
[678.404s][debug][gc,age       ] GC(765) Desired survivor size 15368192 bytes, new threshold 6 (max threshold 6)
[678.404s][info ][gc,heap      ] GC(765) ParNew: 251380K->10178K(270336K)
[678.404s][info ][gc,heap      ] GC(765) CMS: 391571K->391616K(645060K)
[678.404s][info ][gc,metaspace ] GC(765) Metaspace: 65522K->65522K(1110016K)
[678.404s][info ][gc           ] GC(765) Pause Young (Allocation Failure) 627M->392M(893M) 4.498ms
[678.404s][info ][gc,cpu       ] GC(765) User=0.02s Sys=0.00s Real=0.00s
[678.404s][info ][safepoint    ] Leaving safepoint region
[678.404s][info ][safepoint    ] Total time for which application threads were stopped: 0.0047108 seconds, Stopping threads took: 0.0000400 seconds
[680.405s][info ][safepoint    ] Application time: 2.0002209 seconds
[680.405s][info ][safepoint    ] Entering safepoint region: Cleanup
[680.405s][info ][safepoint    ] Leaving safepoint region
[680.405s][info ][safepoint    ] Total time for which application threads were stopped: 0.0000787 seconds, Stopping threads took: 0.0000160 seconds
[681.405s][info ][safepoint    ] Application time: 1.0001652 seconds
[681.405s][info ][safepoint    ] Entering safepoint region: Cleanup
[681.405s][info ][safepoint    ] Leaving safepoint region
[681.405s][info ][safepoint    ] Total time for which application threads were stopped: 0.0001084 seconds, Stopping threads took: 0.0000342 seconds
[681.584s][info ][safepoint    ] Application time: 0.1785597 seconds
[681.584s][info ][safepoint    ] Entering safepoint region: RevokeBias
[681.584s][info ][safepoint    ] Leaving safepoint region
[681.584s][info ][safepoint    ] Total time for which application threads were stopped: 0.0000919 seconds, Stopping threads took: 0.0000179 seconds
[682.584s][info ][safepoint    ] Application time: 1.0004803 seconds
[682.584s][info ][safepoint    ] Entering safepoint region: Cleanup
[682.584s][info ][safepoint    ] Leaving safepoint region
[682.584s][info ][safepoint    ] Total time for which application threads were stopped: 0.0000798 seconds, Stopping threads took: 0.0000187 seconds
[683.572s][info ][safepoint    ] Application time: 0.9877496 seconds
[683.572s][info ][safepoint    ] Entering safepoint region: GenCollectForAllocation
[683.572s][info ][gc,start     ] GC(766) Pause Young (Allocation Failure)
[683.572s][info ][gc,task      ] GC(766) Using 4 workers of 4 for evacuation
[683.579s][debug][gc,ref       ] GC(766) Skipped phase1 of Reference Processing due to unavailable references
[683.579s][debug][gc,ref       ] GC(766) Skipped phase3 of Reference Processing due to unavailable references
[683.579s][debug][gc,age       ] GC(766) Desired survivor size 15368192 bytes, new threshold 6 (max threshold 6)
[683.579s][info ][gc,heap      ] GC(766) ParNew: 250498K->6918K(270336K)
[683.579s][info ][gc,heap      ] GC(766) CMS: 391616K->395605K(645060K)
[683.579s][info ][gc,metaspace ] GC(766) Metaspace: 65530K->65530K(1110016K)
[683.579s][info ][gc           ] GC(766) Pause Young (Allocation Failure) 627M->393M(893M) 6.788ms
[683.579s][info ][gc,cpu       ] GC(766) User=0.02s Sys=0.00s Real=0.01s
[683.579s][info ][safepoint    ] Leaving safepoint region
[683.579s][info ][safepoint    ] Total time for which application threads were stopped: 0.0069285 seconds, Stopping threads took: 0.0000147 seconds
[684.579s][info ][safepoint    ] Application time: 1.0001324 seconds
[684.579s][info ][safepoint    ] Entering safepoint region: Cleanup
[684.579s][info ][safepoint    ] Leaving safepoint region
[684.579s][info ][safepoint    ] Total time for which application threads were stopped: 0.0000883 seconds, Stopping threads took: 0.0000171 seconds
[685.579s][info ][safepoint    ] Application time: 1.0001088 seconds
[685.579s][info ][safepoint    ] Entering safepoint region: Cleanup
[685.579s][info ][safepoint    ] Leaving safepoint region
[685.579s][info ][safepoint    ] Total time for which application threads were stopped: 0.0000748 seconds, Stopping threads took: 0.0000169 seconds
[688.498s][info ][safepoint    ] Application time: 2.9185365 seconds
[688.498s][info ][safepoint    ] Entering safepoint region: GenCollectForAllocation
[688.498s][info ][gc,start     ] GC(767) Pause Young (Allocation Failure)
[688.498s][info ][gc,task      ] GC(767) Using 4 workers of 4 for evacuation
[688.502s][debug][gc,ref       ] GC(767) Skipped phase1 of Reference Processing due to unavailable references
[688.502s][debug][gc,ref       ] GC(767) Skipped phase3 of Reference Processing due to unavailable references
[688.502s][debug][gc,ref       ] GC(767) Skipped phase4 of Reference Processing due to unavailable references
[688.502s][debug][gc,age       ] GC(767) Desired survivor size 15368192 bytes, new threshold 6 (max threshold 6)
[688.502s][info ][gc,heap      ] GC(767) ParNew: 247238K->6476K(270336K)
[688.502s][info ][gc,heap      ] GC(767) CMS: 395605K->395784K(645060K)
[688.502s][info ][gc,metaspace ] GC(767) Metaspace: 65531K->65531K(1110016K)
[688.502s][info ][gc           ] GC(767) Pause Young (Allocation Failure) 627M->392M(893M) 4.181ms
[688.502s][info ][gc,cpu       ] GC(767) User=0.01s Sys=0.00s Real=0.00s
[688.502s][info ][safepoint    ] Leaving safepoint region
[688.502s][info ][safepoint    ] Total time for which application threads were stopped: 0.0043547 seconds, Stopping threads took: 0.0000374 seconds
[690.503s][info ][safepoint    ] Application time: 2.0002104 seconds
[690.503s][info ][safepoint    ] Entering safepoint region: Cleanup
[690.503s][info ][safepoint    ] Leaving safepoint region
[690.503s][info ][safepoint    ] Total time for which application threads were stopped: 0.0001212 seconds, Stopping threads took: 0.0000451 seconds
[691.503s][info ][safepoint    ] Application time: 1.0001374 seconds
[691.503s][info ][safepoint    ] Entering safepoint region: Cleanup
[691.503s][info ][safepoint    ] Leaving safepoint region
[691.503s][info ][safepoint    ] Total time for which application threads were stopped: 0.0001608 seconds, Stopping threads took: 0.0000899 seconds
[693.447s][info ][safepoint    ] Application time: 1.9440532 seconds
[693.447s][info ][safepoint    ] Entering safepoint region: GenCollectForAllocation
[693.447s][info ][gc,start     ] GC(768) Pause Young (Allocation Failure)
[693.447s][info ][gc,task      ] GC(768) Using 4 workers of 4 for evacuation
[693.451s][debug][gc,ref       ] GC(768) Skipped phase1 of Reference Processing due to unavailable references
[693.451s][debug][gc,ref       ] GC(768) Skipped phase3 of Reference Processing due to unavailable references
[693.451s][debug][gc,ref       ] GC(768) Skipped phase4 of Reference Processing due to unavailable references
[693.451s][debug][gc,age       ] GC(768) Desired survivor size 15368192 bytes, new threshold 6 (max threshold 6)
[693.451s][info ][gc,heap      ] GC(768) ParNew: 246796K->7123K(270336K)
[693.451s][info ][gc,heap      ] GC(768) CMS: 395784K->395895K(645060K)
[693.451s][info ][gc,metaspace ] GC(768) Metaspace: 65532K->65532K(1110016K)
[693.451s][info ][gc           ] GC(768) Pause Young (Allocation Failure) 627M->393M(893M) 3.550ms
[693.451s][info ][gc,cpu       ] GC(768) User=0.02s Sys=0.00s Real=0.01s
[693.451s][info ][safepoint    ] Leaving safepoint region
[693.451s][info ][safepoint    ] Total time for which application threads were stopped: 0.0037055 seconds, Stopping threads took: 0.0000162 seconds
[698.149s][info ][safepoint    ] Application time: 4.6981959 seconds
[698.149s][info ][safepoint    ] Entering safepoint region: GenCollectForAllocation
[698.149s][info ][gc,start     ] GC(769) Pause Young (Allocation Failure)
[698.149s][info ][gc,task      ] GC(769) Using 4 workers of 4 for evacuation
[698.153s][debug][gc,ref       ] GC(769) Skipped phase1 of Reference Processing due to unavailable references
[698.153s][debug][gc,ref       ] GC(769) Skipped phase3 of Reference Processing due to unavailable references
[698.153s][debug][gc,ref       ] GC(769) Skipped phase4 of Reference Processing due to unavailable references
[698.154s][debug][gc,age       ] GC(769) Desired survivor size 15368192 bytes, new threshold 6 (max threshold 6)
[698.154s][info ][gc,heap      ] GC(769) ParNew: 247443K->4505K(270336K)
[698.154s][info ][gc,heap      ] GC(769) CMS: 395895K->397089K(645060K)
[698.154s][info ][gc,metaspace ] GC(769) Metaspace: 65536K->65536K(1110016K)
[698.154s][info ][gc           ] GC(769) Pause Young (Allocation Failure) 628M->392M(893M) 4.266ms
[698.154s][info ][gc,cpu       ] GC(769) User=0.01s Sys=0.00s Real=0.00s
[698.154s][info ][safepoint    ] Leaving safepoint region
[698.154s][info ][safepoint    ] Total time for which application threads were stopped: 0.0044525 seconds, Stopping threads took: 0.0000195 seconds
[700.154s][info ][safepoint    ] Application time: 2.0002365 seconds
[700.154s][info ][safepoint    ] Entering safepoint region: Cleanup
[700.154s][info ][safepoint    ] Leaving safepoint region
[700.154s][info ][safepoint    ] Total time for which application threads were stopped: 0.0001258 seconds, Stopping threads took: 0.0000459 seconds
[702.154s][info ][safepoint    ] Application time: 2.0002367 seconds
[702.154s][info ][safepoint    ] Entering safepoint region: Cleanup
[702.154s][info ][safepoint    ] Leaving safepoint region
[702.154s][info ][safepoint    ] Total time for which application threads were stopped: 0.0000901 seconds, Stopping threads took: 0.0000226 seconds
[703.155s][info ][safepoint    ] Application time: 1.0000951 seconds
[703.155s][info ][safepoint    ] Entering safepoint region: Cleanup
[703.155s][info ][safepoint    ] Leaving safepoint region
[703.155s][info ][safepoint    ] Total time for which application threads were stopped: 0.0001208 seconds, Stopping threads took: 0.0000435 seconds
[703.247s][info ][safepoint    ] Application time: 0.0919154 seconds
[703.247s][info ][safepoint    ] Entering safepoint region: GenCollectForAllocation
[703.247s][info ][gc,start     ] GC(770) Pause Young (Allocation Failure)
[703.247s][info ][gc,task      ] GC(770) Using 4 workers of 4 for evacuation
[703.250s][debug][gc,ref       ] GC(770) Skipped phase1 of Reference Processing due to unavailable references
[703.250s][debug][gc,ref       ] GC(770) Skipped phase3 of Reference Processing due to unavailable references
[703.250s][debug][gc,ref       ] GC(770) Skipped phase4 of Reference Processing due to unavailable references
[703.250s][debug][gc,age       ] GC(770) Desired survivor size 15368192 bytes, new threshold 6 (max threshold 6)
[703.250s][info ][gc,heap      ] GC(770) ParNew: 244825K->3758K(270336K)
[703.251s][info ][gc,heap      ] GC(770) CMS: 397089K->397218K(645060K)
[703.251s][info ][gc,metaspace ] GC(770) Metaspace: 65539K->65539K(1110016K)
[703.251s][info ][gc           ] GC(770) Pause Young (Allocation Failure) 626M->391M(893M) 3.742ms
[703.251s][info ][gc,cpu       ] GC(770) User=0.01s Sys=0.00s Real=0.01s
[703.251s][info ][safepoint    ] Leaving safepoint region
[703.251s][info ][safepoint    ] Total time for which application threads were stopped: 0.0038896 seconds, Stopping threads took: 0.0000190 seconds
[704.251s][info ][safepoint    ] Application time: 1.0001074 seconds
[704.251s][info ][safepoint    ] Entering safepoint region: Cleanup
[704.251s][info ][safepoint    ] Leaving safepoint region
[704.251s][info ][safepoint    ] Total time for which application threads were stopped: 0.0001475 seconds, Stopping threads took: 0.0000647 seconds
[706.251s][info ][safepoint    ] Application time: 2.0002145 seconds
[706.251s][info ][safepoint    ] Entering safepoint region: Cleanup
[706.251s][info ][safepoint    ] Leaving safepoint region
[706.251s][info ][safepoint    ] Total time for which application threads were stopped: 0.0001170 seconds, Stopping threads took: 0.0000431 seconds
[708.250s][info ][safepoint    ] Application time: 1.9989654 seconds
[708.250s][info ][safepoint    ] Entering safepoint region: GenCollectForAllocation
[708.250s][info ][gc,start     ] GC(771) Pause Young (Allocation Failure)
[708.250s][info ][gc,task      ] GC(771) Using 4 workers of 4 for evacuation
[708.254s][debug][gc,ref       ] GC(771) Skipped phase1 of Reference Processing due to unavailable references
[708.254s][debug][gc,ref       ] GC(771) Skipped phase3 of Reference Processing due to unavailable references
[708.254s][debug][gc,ref       ] GC(771) Skipped phase4 of Reference Processing due to unavailable references
[708.254s][debug][gc,age       ] GC(771) Desired survivor size 15368192 bytes, new threshold 6 (max threshold 6)
[708.254s][info ][gc,heap      ] GC(771) ParNew: 244078K->5188K(270336K)
[708.254s][info ][gc,heap      ] GC(771) CMS: 397218K->397304K(645060K)
[708.254s][info ][gc,metaspace ] GC(771) Metaspace: 65543K->65543K(1110016K)
[708.254s][info ][gc           ] GC(771) Pause Young (Allocation Failure) 626M->393M(893M) 3.799ms
[708.254s][info ][gc,cpu       ] GC(771) User=0.01s Sys=0.00s Real=0.00s
[708.254s][info ][safepoint    ] Leaving safepoint region
[708.254s][info ][safepoint    ] Total time for which application threads were stopped: 0.0039644 seconds, Stopping threads took: 0.0000183 seconds
[709.254s][info ][safepoint    ] Application time: 1.0001109 seconds
[709.254s][info ][safepoint    ] Entering safepoint region: Cleanup
[709.255s][info ][safepoint    ] Leaving safepoint region
[709.255s][info ][safepoint    ] Total time for which application threads were stopped: 0.0001611 seconds, Stopping threads took: 0.0000849 seconds
[710.255s][info ][safepoint    ] Application time: 1.0002663 seconds
[710.255s][info ][safepoint    ] Entering safepoint region: Cleanup
[710.255s][info ][safepoint    ] Leaving safepoint region
[710.255s][info ][safepoint    ] Total time for which application threads were stopped: 0.0001131 seconds, Stopping threads took: 0.0000391 seconds
[711.255s][info ][safepoint    ] Application time: 1.0001388 seconds
[711.255s][info ][safepoint    ] Entering safepoint region: Cleanup
[711.255s][info ][safepoint    ] Leaving safepoint region
[711.255s][info ][safepoint    ] Total time for which application threads were stopped: 0.0000775 seconds, Stopping threads took: 0.0000178 seconds
[713.148s][info ][safepoint    ] Application time: 1.8931470 seconds
[713.148s][info ][safepoint    ] Entering safepoint region: GenCollectForAllocation
[713.149s][info ][gc,start     ] GC(772) Pause Young (Allocation Failure)
[713.149s][info ][gc,task      ] GC(772) Using 4 workers of 4 for evacuation
[713.152s][debug][gc,ref       ] GC(772) Skipped phase1 of Reference Processing due to unavailable references
[713.152s][debug][gc,ref       ] GC(772) Skipped phase2 of Reference Processing due to unavailable references
[713.152s][debug][gc,ref       ] GC(772) Skipped phase3 of Reference Processing due to unavailable references
[713.152s][debug][gc,ref       ] GC(772) Skipped phase4 of Reference Processing due to unavailable references
[713.152s][debug][gc,age       ] GC(772) Desired survivor size 15368192 bytes, new threshold 6 (max threshold 6)
[713.152s][info ][gc,heap      ] GC(772) ParNew: 245508K->3403K(270336K)
[713.152s][info ][gc,heap      ] GC(772) CMS: 397304K->398758K(645060K)
[713.152s][info ][gc,metaspace ] GC(772) Metaspace: 65549K->65549K(1110016K)
[713.152s][info ][gc           ] GC(772) Pause Young (Allocation Failure) 627M->392M(893M) 3.796ms
[713.152s][info ][gc,cpu       ] GC(772) User=0.01s Sys=0.00s Real=0.00s
[713.152s][info ][safepoint    ] Leaving safepoint region
[713.152s][info ][safepoint    ] Total time for which application threads were stopped: 0.0039484 seconds, Stopping threads took: 0.0000187 seconds
[717.153s][info ][safepoint    ] Application time: 4.0003398 seconds
[717.153s][info ][safepoint    ] Entering safepoint region: Cleanup
[717.153s][info ][safepoint    ] Leaving safepoint region
[717.153s][info ][safepoint    ] Total time for which application threads were stopped: 0.0001369 seconds, Stopping threads took: 0.0000693 seconds
[718.149s][info ][safepoint    ] Application time: 0.9962282 seconds
[718.149s][info ][safepoint    ] Entering safepoint region: GenCollectForAllocation
[718.149s][info ][gc,start     ] GC(773) Pause Young (Allocation Failure)
[718.149s][info ][gc,task      ] GC(773) Using 4 workers of 4 for evacuation
[718.153s][debug][gc,ref       ] GC(773) Skipped phase1 of Reference Processing due to unavailable references
[718.153s][debug][gc,ref       ] GC(773) Skipped phase2 of Reference Processing due to unavailable references
[718.153s][debug][gc,ref       ] GC(773) Skipped phase3 of Reference Processing due to unavailable references
[718.153s][debug][gc,ref       ] GC(773) Skipped phase4 of Reference Processing due to unavailable references
[718.153s][debug][gc,age       ] GC(773) Desired survivor size 15368192 bytes, new threshold 6 (max threshold 6)
[718.153s][info ][gc,heap      ] GC(773) ParNew: 243723K->2425K(270336K)
[718.153s][info ][gc,heap      ] GC(773) CMS: 398758K->399799K(645060K)
[718.153s][info ][gc,metaspace ] GC(773) Metaspace: 65551K->65551K(1110016K)
[718.153s][info ][gc           ] GC(773) Pause Young (Allocation Failure) 627M->392M(893M) 3.737ms
[718.153s][info ][gc,cpu       ] GC(773) User=0.01s Sys=0.00s Real=0.00s
[718.153s][info ][safepoint    ] Leaving safepoint region
[718.153s][info ][safepoint    ] Total time for which application threads were stopped: 0.0039109 seconds, Stopping threads took: 0.0000320 seconds
[721.153s][info ][safepoint    ] Application time: 3.0003356 seconds
[721.153s][info ][safepoint    ] Entering safepoint region: Cleanup
[721.154s][info ][safepoint    ] Leaving safepoint region
[721.154s][info ][safepoint    ] Total time for which application threads were stopped: 0.0001302 seconds, Stopping threads took: 0.0000419 seconds
[723.200s][info ][safepoint    ] Application time: 2.0459461 seconds
[723.200s][info ][safepoint    ] Entering safepoint region: GenCollectForAllocation
[723.200s][info ][gc,start     ] GC(774) Pause Young (Allocation Failure)
[723.200s][info ][gc,task      ] GC(774) Using 4 workers of 4 for evacuation
[723.202s][debug][gc,ref       ] GC(774) Skipped phase1 of Reference Processing due to unavailable references
[723.202s][debug][gc,ref       ] GC(774) Skipped phase2 of Reference Processing due to unavailable references
[723.202s][debug][gc,ref       ] GC(774) Skipped phase3 of Reference Processing due to unavailable references
[723.202s][debug][gc,ref       ] GC(774) Skipped phase4 of Reference Processing due to unavailable references
[723.202s][debug][gc,age       ] GC(774) Desired survivor size 15368192 bytes, new threshold 6 (max threshold 6)
[723.202s][info ][gc,heap      ] GC(774) ParNew: 242745K->1387K(270336K)
[723.202s][info ][gc,heap      ] GC(774) CMS: 399799K->399972K(645060K)
[723.202s][info ][gc,metaspace ] GC(774) Metaspace: 65551K->65551K(1110016K)
[723.202s][info ][gc           ] GC(774) Pause Young (Allocation Failure) 627M->391M(893M) 2.820ms
[723.202s][info ][gc,cpu       ] GC(774) User=0.01s Sys=0.00s Real=0.00s
[723.203s][info ][safepoint    ] Leaving safepoint region
[723.203s][info ][safepoint    ] Total time for which application threads were stopped: 0.0029740 seconds, Stopping threads took: 0.0000196 seconds
[724.203s][info ][safepoint    ] Application time: 1.0000872 seconds
[724.203s][info ][safepoint    ] Entering safepoint region: Cleanup
[724.203s][info ][safepoint    ] Leaving safepoint region
[724.203s][info ][safepoint    ] Total time for which application threads were stopped: 0.0001383 seconds, Stopping threads took: 0.0000407 seconds
[725.203s][info ][safepoint    ] Application time: 1.0001015 seconds
[725.203s][info ][safepoint    ] Entering safepoint region: Cleanup
[725.203s][info ][safepoint    ] Leaving safepoint region
[725.203s][info ][safepoint    ] Total time for which application threads were stopped: 0.0001264 seconds, Stopping threads took: 0.0000387 seconds
[726.638s][info ][safepoint    ] Application time: 1.4354148 seconds
[726.639s][info ][safepoint    ] Entering safepoint region: RevokeBias
[726.639s][info ][safepoint    ] Leaving safepoint region
[726.639s][info ][safepoint    ] Total time for which application threads were stopped: 0.0001100 seconds, Stopping threads took: 0.0000236 seconds
[727.639s][info ][safepoint    ] Application time: 1.0000883 seconds
[727.639s][info ][safepoint    ] Entering safepoint region: Cleanup
[727.639s][info ][safepoint    ] Leaving safepoint region
[727.639s][info ][safepoint    ] Total time for which application threads were stopped: 0.0000872 seconds, Stopping threads took: 0.0000208 seconds
[728.649s][info ][safepoint    ] Application time: 1.0098013 seconds
[728.649s][info ][safepoint    ] Entering safepoint region: GenCollectForAllocation
[728.649s][info ][gc,start     ] GC(775) Pause Young (Allocation Failure)
[728.649s][info ][gc,task      ] GC(775) Using 4 workers of 4 for evacuation
[728.651s][debug][gc,ref       ] GC(775) Skipped phase1 of Reference Processing due to unavailable references
[728.651s][debug][gc,ref       ] GC(775) Skipped phase2 of Reference Processing due to unavailable references
[728.651s][debug][gc,ref       ] GC(775) Skipped phase3 of Reference Processing due to unavailable references
[728.651s][debug][gc,ref       ] GC(775) Skipped phase4 of Reference Processing due to unavailable references
[728.651s][debug][gc,age       ] GC(775) Desired survivor size 15368192 bytes, new threshold 6 (max threshold 6)
[728.651s][info ][gc,heap      ] GC(775) ParNew: 241707K->1450K(270336K)
[728.651s][info ][gc,heap      ] GC(775) CMS: 399972K->400117K(645060K)
[728.651s][info ][gc,metaspace ] GC(775) Metaspace: 65553K->65553K(1110016K)
[728.651s][info ][gc           ] GC(775) Pause Young (Allocation Failure) 626M->392M(893M) 2.626ms
[728.651s][info ][gc,cpu       ] GC(775) User=0.01s Sys=0.00s Real=0.00s
[728.651s][info ][safepoint    ] Leaving safepoint region
[728.651s][info ][safepoint    ] Total time for which application threads were stopped: 0.0027879 seconds, Stopping threads took: 0.0000217 seconds
[730.652s][info ][safepoint    ] Application time: 2.0002253 seconds
[730.652s][info ][safepoint    ] Entering safepoint region: Cleanup
[730.652s][info ][safepoint    ] Leaving safepoint region
[730.652s][info ][safepoint    ] Total time for which application threads were stopped: 0.0001289 seconds, Stopping threads took: 0.0000508 seconds
[731.652s][info ][safepoint    ] Application time: 1.0000854 seconds
[731.652s][info ][safepoint    ] Entering safepoint region: Cleanup
[731.652s][info ][safepoint    ] Leaving safepoint region
[731.652s][info ][safepoint    ] Total time for which application threads were stopped: 0.0001376 seconds, Stopping threads took: 0.0000459 seconds
[734.302s][info ][safepoint    ] Application time: 2.6497131 seconds
[734.302s][info ][safepoint    ] Entering safepoint region: GenCollectForAllocation
[734.302s][info ][gc,start     ] GC(776) Pause Young (Allocation Failure)
[734.302s][info ][gc,task      ] GC(776) Using 4 workers of 4 for evacuation
[734.304s][debug][gc,ref       ] GC(776) Skipped phase1 of Reference Processing due to unavailable references
[734.304s][debug][gc,ref       ] GC(776) Skipped phase2 of Reference Processing due to unavailable references
[734.304s][debug][gc,ref       ] GC(776) Skipped phase3 of Reference Processing due to unavailable references
[734.304s][debug][gc,ref       ] GC(776) Skipped phase4 of Reference Processing due to unavailable references
[734.304s][debug][gc,age       ] GC(776) Desired survivor size 15368192 bytes, new threshold 6 (max threshold 6)
[734.304s][info ][gc,heap      ] GC(776) ParNew: 241770K->1518K(270336K)
[734.304s][info ][gc,heap      ] GC(776) CMS: 400117K->400123K(645060K)
[734.304s][info ][gc,metaspace ] GC(776) Metaspace: 65556K->65556K(1110016K)
[734.304s][info ][gc           ] GC(776) Pause Young (Allocation Failure) 626M->392M(893M) 2.489ms
[734.304s][info ][gc,cpu       ] GC(776) User=0.01s Sys=0.00s Real=0.00s
[734.304s][info ][safepoint    ] Leaving safepoint region
[734.304s][info ][safepoint    ] Total time for which application threads were stopped: 0.0026377 seconds, Stopping threads took: 0.0000178 seconds
[737.305s][info ][safepoint    ] Application time: 3.0003894 seconds
[737.305s][info ][safepoint    ] Entering safepoint region: Cleanup
[737.305s][info ][safepoint    ] Leaving safepoint region
[737.305s][info ][safepoint    ] Total time for which application threads were stopped: 0.0000840 seconds, Stopping threads took: 0.0000177 seconds
[738.305s][info ][safepoint    ] Application time: 1.0001100 seconds
[738.305s][info ][safepoint    ] Entering safepoint region: Cleanup
[738.305s][info ][safepoint    ] Leaving safepoint region
[738.305s][info ][safepoint    ] Total time for which application threads were stopped: 0.0001608 seconds, Stopping threads took: 0.0000811 seconds
[739.305s][info ][safepoint    ] Application time: 1.0001430 seconds
[739.306s][info ][safepoint    ] Entering safepoint region: Cleanup
[739.306s][info ][safepoint    ] Leaving safepoint region
[739.306s][info ][safepoint    ] Total time for which application threads were stopped: 0.0000805 seconds, Stopping threads took: 0.0000178 seconds
[739.898s][info ][safepoint    ] Application time: 0.5920035 seconds
[739.898s][info ][safepoint    ] Entering safepoint region: GenCollectForAllocation
[739.898s][info ][gc,start     ] GC(777) Pause Young (Allocation Failure)
[739.898s][info ][gc,task      ] GC(777) Using 4 workers of 4 for evacuation
[739.900s][debug][gc,ref       ] GC(777) Skipped phase1 of Reference Processing due to unavailable references
[739.900s][debug][gc,ref       ] GC(777) Skipped phase2 of Reference Processing due to unavailable references
[739.900s][debug][gc,ref       ] GC(777) Skipped phase3 of Reference Processing due to unavailable references
[739.900s][debug][gc,ref       ] GC(777) Skipped phase4 of Reference Processing due to unavailable references
[739.901s][debug][gc,age       ] GC(777) Desired survivor size 15368192 bytes, new threshold 6 (max threshold 6)
[739.901s][info ][gc,heap      ] GC(777) ParNew: 241838K->1189K(270336K)
[739.901s][info ][gc,heap      ] GC(777) CMS: 400123K->400436K(645060K)
[739.901s][info ][gc,metaspace ] GC(777) Metaspace: 65556K->65556K(1110016K)
[739.901s][info ][gc           ] GC(777) Pause Young (Allocation Failure) 626M->392M(893M) 2.834ms
[739.901s][info ][gc,cpu       ] GC(777) User=0.01s Sys=0.00s Real=0.00s
[739.901s][info ][safepoint    ] Leaving safepoint region
[739.901s][info ][safepoint    ] Total time for which application threads were stopped: 0.0029817 seconds, Stopping threads took: 0.0000194 seconds
[740.901s][info ][safepoint    ] Application time: 1.0001324 seconds
[740.901s][info ][safepoint    ] Entering safepoint region: Cleanup
[740.901s][info ][safepoint    ] Leaving safepoint region
[740.901s][info ][safepoint    ] Total time for which application threads were stopped: 0.0001161 seconds, Stopping threads took: 0.0000421 seconds
[742.901s][info ][safepoint    ] Application time: 2.0001667 seconds
[742.901s][info ][safepoint    ] Entering safepoint region: Cleanup
[742.901s][info ][safepoint    ] Leaving safepoint region
[742.901s][info ][safepoint    ] Total time for which application threads were stopped: 0.0001216 seconds, Stopping threads took: 0.0000455 seconds
[745.652s][info ][safepoint    ] Application time: 2.7504045 seconds
[745.652s][info ][safepoint    ] Entering safepoint region: GenCollectForAllocation
[745.652s][info ][gc,start     ] GC(778) Pause Young (Allocation Failure)
[745.652s][info ][gc,task      ] GC(778) Using 4 workers of 4 for evacuation
[745.654s][debug][gc,ref       ] GC(778) Skipped phase1 of Reference Processing due to unavailable references
[745.654s][debug][gc,ref       ] GC(778) Skipped phase2 of Reference Processing due to unavailable references
[745.654s][debug][gc,ref       ] GC(778) Skipped phase3 of Reference Processing due to unavailable references
[745.654s][debug][gc,ref       ] GC(778) Skipped phase4 of Reference Processing due to unavailable references
[745.655s][debug][gc,age       ] GC(778) Desired survivor size 15368192 bytes, new threshold 6 (max threshold 6)
[745.655s][info ][gc,heap      ] GC(778) ParNew: 241509K->1264K(270336K)
[745.655s][info ][gc,heap      ] GC(778) CMS: 400436K->400506K(645060K)
[745.655s][info ][gc,metaspace ] GC(778) Metaspace: 65556K->65556K(1110016K)
[745.655s][info ][gc           ] GC(778) Pause Young (Allocation Failure) 626M->392M(893M) 2.870ms
[745.655s][info ][gc,cpu       ] GC(778) User=0.00s Sys=0.00s Real=0.00s
[745.655s][info ][safepoint    ] Leaving safepoint region
[745.655s][info ][safepoint    ] Total time for which application threads were stopped: 0.0030221 seconds, Stopping threads took: 0.0000185 seconds
[746.655s][info ][safepoint    ] Application time: 1.0000929 seconds
[746.655s][info ][safepoint    ] Entering safepoint region: Cleanup
[746.655s][info ][safepoint    ] Leaving safepoint region
[746.655s][info ][safepoint    ] Total time for which application threads were stopped: 0.0001446 seconds, Stopping threads took: 0.0000669 seconds
[751.252s][info ][safepoint    ] Application time: 4.5974337 seconds
[751.253s][info ][safepoint    ] Entering safepoint region: GenCollectForAllocation
[751.253s][info ][gc,start     ] GC(779) Pause Young (Allocation Failure)
[751.253s][info ][gc,task      ] GC(779) Using 4 workers of 4 for evacuation
[751.255s][debug][gc,ref       ] GC(779) Skipped phase1 of Reference Processing due to unavailable references
[751.255s][debug][gc,ref       ] GC(779) Skipped phase2 of Reference Processing due to unavailable references
[751.255s][debug][gc,ref       ] GC(779) Skipped phase3 of Reference Processing due to unavailable references
[751.255s][debug][gc,ref       ] GC(779) Skipped phase4 of Reference Processing due to unavailable references
[751.255s][debug][gc,age       ] GC(779) Desired survivor size 15368192 bytes, new threshold 6 (max threshold 6)
[751.255s][info ][gc,heap      ] GC(779) ParNew: 241584K->1460K(270336K)
[751.255s][info ][gc,heap      ] GC(779) CMS: 400506K->400528K(645060K)
[751.255s][info ][gc,metaspace ] GC(779) Metaspace: 65556K->65556K(1110016K)
[751.255s][info ][gc           ] GC(779) Pause Young (Allocation Failure) 627M->392M(893M) 2.583ms
[751.255s][info ][gc,cpu       ] GC(779) User=0.01s Sys=0.00s Real=0.00s
[751.255s][info ][safepoint    ] Leaving safepoint region
[751.255s][info ][safepoint    ] Total time for which application threads were stopped: 0.0027663 seconds, Stopping threads took: 0.0000376 seconds
[753.255s][info ][safepoint    ] Application time: 2.0002045 seconds
[753.256s][info ][safepoint    ] Entering safepoint region: Cleanup
[753.256s][info ][safepoint    ] Leaving safepoint region
[753.256s][info ][safepoint    ] Total time for which application threads were stopped: 0.0000982 seconds, Stopping threads took: 0.0000186 seconds
[755.256s][info ][safepoint    ] Application time: 2.0001605 seconds
[755.256s][info ][safepoint    ] Entering safepoint region: Cleanup
[755.256s][info ][safepoint    ] Leaving safepoint region
[755.256s][info ][safepoint    ] Total time for which application threads were stopped: 0.0000980 seconds, Stopping threads took: 0.0000184 seconds
[756.851s][info ][safepoint    ] Application time: 1.5951226 seconds
[756.851s][info ][safepoint    ] Entering safepoint region: GenCollectForAllocation
[756.851s][info ][gc,start     ] GC(780) Pause Young (Allocation Failure)
[756.851s][info ][gc,task      ] GC(780) Using 4 workers of 4 for evacuation
[756.854s][debug][gc,ref       ] GC(780) Skipped phase1 of Reference Processing due to unavailable references
[756.854s][debug][gc,ref       ] GC(780) Skipped phase2 of Reference Processing due to unavailable references
[756.854s][debug][gc,ref       ] GC(780) Skipped phase3 of Reference Processing due to unavailable references
[756.854s][debug][gc,ref       ] GC(780) Skipped phase4 of Reference Processing due to unavailable references
[756.854s][debug][gc,age       ] GC(780) Desired survivor size 15368192 bytes, new threshold 6 (max threshold 6)
[756.854s][info ][gc,heap      ] GC(780) ParNew: 241780K->1366K(270336K)
[756.854s][info ][gc,heap      ] GC(780) CMS: 400528K->400651K(645060K)
[756.854s][info ][gc,metaspace ] GC(780) Metaspace: 65556K->65556K(1110016K)
[756.854s][info ][gc           ] GC(780) Pause Young (Allocation Failure) 627M->392M(893M) 3.148ms
[756.854s][info ][gc,cpu       ] GC(780) User=0.01s Sys=0.00s Real=0.00s
[756.854s][info ][safepoint    ] Leaving safepoint region
[756.854s][info ][safepoint    ] Total time for which application threads were stopped: 0.0033043 seconds, Stopping threads took: 0.0000177 seconds
[758.855s][info ][safepoint    ] Application time: 2.0001905 seconds
[758.855s][info ][safepoint    ] Entering safepoint region: Cleanup
[758.855s][info ][safepoint    ] Leaving safepoint region
[758.855s][info ][safepoint    ] Total time for which application threads were stopped: 0.0001406 seconds, Stopping threads took: 0.0000570 seconds
[760.855s][info ][safepoint    ] Application time: 2.0002008 seconds
[760.855s][info ][safepoint    ] Entering safepoint region: Cleanup
[760.855s][info ][safepoint    ] Leaving safepoint region
[760.855s][info ][safepoint    ] Total time for which application threads were stopped: 0.0001164 seconds, Stopping threads took: 0.0000176 seconds
[761.855s][info ][safepoint    ] Application time: 1.0001209 seconds
[761.855s][info ][safepoint    ] Entering safepoint region: Cleanup
[761.855s][info ][safepoint    ] Leaving safepoint region
[761.855s][info ][safepoint    ] Total time for which application threads were stopped: 0.0000798 seconds, Stopping threads took: 0.0000166 seconds
[762.498s][info ][safepoint    ] Application time: 0.6428200 seconds
[762.498s][info ][safepoint    ] Entering safepoint region: GenCollectForAllocation
[762.498s][info ][gc,start     ] GC(781) Pause Young (Allocation Failure)
[762.498s][info ][gc,task      ] GC(781) Using 4 workers of 4 for evacuation
[762.501s][debug][gc,ref       ] GC(781) Skipped phase1 of Reference Processing due to unavailable references
[762.501s][debug][gc,ref       ] GC(781) Skipped phase2 of Reference Processing due to unavailable references
[762.501s][debug][gc,ref       ] GC(781) Skipped phase3 of Reference Processing due to unavailable references
[762.501s][debug][gc,age       ] GC(781) Desired survivor size 15368192 bytes, new threshold 6 (max threshold 6)
[762.501s][info ][gc,heap      ] GC(781) ParNew: 241686K->1340K(270336K)
[762.501s][info ][gc,heap      ] GC(781) CMS: 400651K->400848K(645060K)
[762.501s][info ][gc,metaspace ] GC(781) Metaspace: 65560K->65560K(1110016K)
[762.501s][info ][gc           ] GC(781) Pause Young (Allocation Failure) 627M->392M(893M) 2.780ms
[762.501s][info ][gc,cpu       ] GC(781) User=0.01s Sys=0.00s Real=0.00s
[762.501s][info ][safepoint    ] Leaving safepoint region
[762.501s][info ][safepoint    ] Total time for which application threads were stopped: 0.0029340 seconds, Stopping threads took: 0.0000313 seconds
[763.501s][info ][safepoint    ] Application time: 1.0001286 seconds
[763.501s][info ][safepoint    ] Entering safepoint region: Cleanup
[763.501s][info ][safepoint    ] Leaving safepoint region
[763.501s][info ][safepoint    ] Total time for which application threads were stopped: 0.0001475 seconds, Stopping threads took: 0.0000684 seconds
[764.502s][info ][safepoint    ] Application time: 1.0001025 seconds
[764.502s][info ][safepoint    ] Entering safepoint region: Cleanup
[764.502s][info ][safepoint    ] Leaving safepoint region
[764.502s][info ][safepoint    ] Total time for which application threads were stopped: 0.0001254 seconds, Stopping threads took: 0.0000443 seconds
[765.910s][info ][safepoint    ] Application time: 1.4085577 seconds
[765.910s][info ][safepoint    ] Entering safepoint region: RevokeBias
[765.910s][info ][safepoint    ] Leaving safepoint region
[765.910s][info ][safepoint    ] Total time for which application threads were stopped: 0.0000999 seconds, Stopping threads took: 0.0000353 seconds
[767.911s][info ][safepoint    ] Application time: 2.0002205 seconds
[767.911s][info ][safepoint    ] Entering safepoint region: Cleanup
[767.911s][info ][safepoint    ] Leaving safepoint region
[767.911s][info ][safepoint    ] Total time for which application threads were stopped: 0.0000729 seconds, Stopping threads took: 0.0000164 seconds
[768.098s][info ][safepoint    ] Application time: 0.1869634 seconds
[768.098s][info ][safepoint    ] Entering safepoint region: GenCollectForAllocation
[768.098s][info ][gc,start     ] GC(782) Pause Young (Allocation Failure)
[768.098s][info ][gc,task      ] GC(782) Using 4 workers of 4 for evacuation
[768.100s][debug][gc,ref       ] GC(782) Skipped phase1 of Reference Processing due to unavailable references
[768.100s][debug][gc,ref       ] GC(782) Skipped phase2 of Reference Processing due to unavailable references
[768.100s][debug][gc,ref       ] GC(782) Skipped phase3 of Reference Processing due to unavailable references
[768.100s][debug][gc,ref       ] GC(782) Skipped phase4 of Reference Processing due to unavailable references
[768.100s][debug][gc,age       ] GC(782) Desired survivor size 15368192 bytes, new threshold 6 (max threshold 6)
[768.100s][info ][gc,heap      ] GC(782) ParNew: 241660K->987K(270336K)
[768.101s][info ][gc,heap      ] GC(782) CMS: 400848K->401023K(645060K)
[768.101s][info ][gc,metaspace ] GC(782) Metaspace: 65560K->65560K(1110016K)
[768.101s][info ][gc           ] GC(782) Pause Young (Allocation Failure) 627M->392M(893M) 2.643ms
[768.101s][info ][gc,cpu       ] GC(782) User=0.00s Sys=0.00s Real=0.00s
[768.101s][info ][safepoint    ] Leaving safepoint region
[768.101s][info ][safepoint    ] Total time for which application threads were stopped: 0.0027962 seconds, Stopping threads took: 0.0000176 seconds
[773.753s][info ][safepoint    ] Application time: 5.6519647 seconds
[773.753s][info ][safepoint    ] Entering safepoint region: GenCollectForAllocation
[773.753s][info ][gc,start     ] GC(783) Pause Young (Allocation Failure)
[773.753s][info ][gc,task      ] GC(783) Using 4 workers of 4 for evacuation
[773.757s][debug][gc,ref       ] GC(783) Skipped phase1 of Reference Processing due to unavailable references
[773.757s][debug][gc,ref       ] GC(783) Skipped phase2 of Reference Processing due to unavailable references
[773.757s][debug][gc,ref       ] GC(783) Skipped phase3 of Reference Processing due to unavailable references
[773.757s][debug][gc,ref       ] GC(783) Skipped phase4 of Reference Processing due to unavailable references
[773.757s][debug][gc,age       ] GC(783) Desired survivor size 15368192 bytes, new threshold 6 (max threshold 6)
[773.757s][info ][gc,heap      ] GC(783) ParNew: 241307K->1188K(270336K)
[773.757s][info ][gc,heap      ] GC(783) CMS: 401023K->401082K(645060K)
[773.757s][info ][gc,metaspace ] GC(783) Metaspace: 65560K->65560K(1110016K)
[773.757s][info ][gc           ] GC(783) Pause Young (Allocation Failure) 627M->392M(893M) 4.259ms
[773.757s][info ][gc,cpu       ] GC(783) User=0.01s Sys=0.00s Real=0.01s
[773.757s][info ][safepoint    ] Leaving safepoint region
[773.757s][info ][safepoint    ] Total time for which application threads were stopped: 0.0044034 seconds, Stopping threads took: 0.0000164 seconds
[779.497s][info ][safepoint    ] Application time: 5.7398251 seconds
[779.497s][info ][safepoint    ] Entering safepoint region: GenCollectForAllocation
[779.497s][info ][gc,start     ] GC(784) Pause Young (Allocation Failure)
[779.497s][info ][gc,task      ] GC(784) Using 4 workers of 4 for evacuation
[779.499s][debug][gc,ref       ] GC(784) Skipped phase1 of Reference Processing due to unavailable references
[779.499s][debug][gc,ref       ] GC(784) Skipped phase2 of Reference Processing due to unavailable references
[779.499s][debug][gc,ref       ] GC(784) Skipped phase3 of Reference Processing due to unavailable references
[779.499s][debug][gc,ref       ] GC(784) Skipped phase4 of Reference Processing due to unavailable references
[779.500s][debug][gc,age       ] GC(784) Desired survivor size 15368192 bytes, new threshold 6 (max threshold 6)
[779.500s][info ][gc,heap      ] GC(784) ParNew: 241508K->1307K(270336K)
[779.500s][info ][gc,heap      ] GC(784) CMS: 401082K->401159K(645060K)
[779.500s][info ][gc,metaspace ] GC(784) Metaspace: 65560K->65560K(1110016K)
[779.500s][info ][gc           ] GC(784) Pause Young (Allocation Failure) 627M->393M(893M) 2.752ms
[779.500s][info ][gc,cpu       ] GC(784) User=0.01s Sys=0.00s Real=0.00s
[779.500s][info ][safepoint    ] Leaving safepoint region
[779.500s][info ][safepoint    ] Total time for which application threads were stopped: 0.0029208 seconds, Stopping threads took: 0.0000356 seconds
[783.722s][info ][safepoint    ] Application time: 4.2225907 seconds
[783.722s][info ][safepoint    ] Entering safepoint region: RevokeBias
[783.723s][info ][safepoint    ] Leaving safepoint region
[783.723s][info ][safepoint    ] Total time for which application threads were stopped: 0.0000890 seconds, Stopping threads took: 0.0000179 seconds
[785.247s][info ][safepoint    ] Application time: 1.5242964 seconds
[785.247s][info ][safepoint    ] Entering safepoint region: GenCollectForAllocation
[785.247s][info ][gc,start     ] GC(785) Pause Young (Allocation Failure)
[785.247s][info ][gc,task      ] GC(785) Using 4 workers of 4 for evacuation
[785.250s][debug][gc,ref       ] GC(785) Skipped phase1 of Reference Processing due to unavailable references
[785.250s][debug][gc,ref       ] GC(785) Skipped phase2 of Reference Processing due to unavailable references
[785.250s][debug][gc,ref       ] GC(785) Skipped phase3 of Reference Processing due to unavailable references
[785.250s][debug][gc,ref       ] GC(785) Skipped phase4 of Reference Processing due to unavailable references
[785.250s][debug][gc,age       ] GC(785) Desired survivor size 15368192 bytes, new threshold 6 (max threshold 6)
[785.250s][info ][gc,heap      ] GC(785) ParNew: 241627K->1252K(270336K)
[785.250s][info ][gc,heap      ] GC(785) CMS: 401159K->401267K(645060K)
[785.250s][info ][gc,metaspace ] GC(785) Metaspace: 65560K->65560K(1110016K)
[785.250s][info ][gc           ] GC(785) Pause Young (Allocation Failure) 627M->393M(893M) 3.303ms
[785.250s][info ][gc,cpu       ] GC(785) User=0.02s Sys=0.00s Real=0.01s
[785.250s][info ][safepoint    ] Leaving safepoint region
[785.250s][info ][safepoint    ] Total time for which application threads were stopped: 0.0034655 seconds, Stopping threads took: 0.0000163 seconds
[786.250s][info ][safepoint    ] Application time: 1.0001006 seconds
[786.251s][info ][safepoint    ] Entering safepoint region: Cleanup
[786.251s][info ][safepoint    ] Leaving safepoint region
[786.251s][info ][safepoint    ] Total time for which application threads were stopped: 0.0002411 seconds, Stopping threads took: 0.0000471 seconds
[788.064s][info ][safepoint    ] Application time: 1.8135315 seconds
[788.064s][info ][safepoint    ] Entering safepoint region: RevokeBias
[788.064s][info ][safepoint    ] Leaving safepoint region
[788.064s][info ][safepoint    ] Total time for which application threads were stopped: 0.0000899 seconds, Stopping threads took: 0.0000150 seconds
[788.065s][info ][safepoint    ] Application time: 0.0004053 seconds
[788.065s][info ][safepoint    ] Entering safepoint region: RevokeBias
[788.065s][info ][safepoint    ] Leaving safepoint region
[788.065s][info ][safepoint    ] Total time for which application threads were stopped: 0.0000838 seconds, Stopping threads took: 0.0000415 seconds
[788.142s][info ][safepoint    ] Application time: 0.0774941 seconds
[788.142s][info ][safepoint    ] Entering safepoint region: RevokeBias
[788.143s][info ][safepoint    ] Leaving safepoint region
[788.143s][info ][safepoint    ] Total time for which application threads were stopped: 0.0001022 seconds, Stopping threads took: 0.0000163 seconds
[788.867s][info ][safepoint    ] Application time: 0.7243156 seconds
[788.867s][info ][safepoint    ] Entering safepoint region: RevokeBias
[788.867s][info ][safepoint    ] Leaving safepoint region
[788.867s][info ][safepoint    ] Total time for which application threads were stopped: 0.0000811 seconds, Stopping threads took: 0.0000173 seconds
[788.869s][info ][safepoint    ] Application time: 0.0020905 seconds
[788.869s][info ][safepoint    ] Entering safepoint region: RevokeBias
[788.869s][info ][safepoint    ] Leaving safepoint region
[788.869s][info ][safepoint    ] Total time for which application threads were stopped: 0.0000486 seconds, Stopping threads took: 0.0000102 seconds
[788.869s][info ][safepoint    ] Application time: 0.0000872 seconds
[788.869s][info ][safepoint    ] Entering safepoint region: RevokeBias
[788.869s][info ][safepoint    ] Leaving safepoint region
[788.869s][info ][safepoint    ] Total time for which application threads were stopped: 0.0000937 seconds, Stopping threads took: 0.0000404 seconds
[788.870s][info ][safepoint    ] Application time: 0.0007942 seconds
[788.870s][info ][safepoint    ] Entering safepoint region: RevokeBias
[788.870s][info ][safepoint    ] Leaving safepoint region
[788.870s][info ][safepoint    ] Total time for which application threads were stopped: 0.0000394 seconds, Stopping threads took: 0.0000094 seconds
[788.870s][info ][safepoint    ] Application time: 0.0001379 seconds
[788.870s][info ][safepoint    ] Entering safepoint region: RevokeBias
[788.870s][info ][safepoint    ] Leaving safepoint region
[788.870s][info ][safepoint    ] Total time for which application threads were stopped: 0.0000402 seconds, Stopping threads took: 0.0000100 seconds
[788.870s][info ][safepoint    ] Application time: 0.0000604 seconds
[788.871s][info ][safepoint    ] Entering safepoint region: RevokeBias
[788.871s][info ][safepoint    ] Leaving safepoint region
[788.871s][info ][safepoint    ] Total time for which application threads were stopped: 0.0000269 seconds, Stopping threads took: 0.0000067 seconds
[788.871s][info ][safepoint    ] Application time: 0.0000489 seconds
[788.871s][info ][safepoint    ] Entering safepoint region: RevokeBias
[788.871s][info ][safepoint    ] Leaving safepoint region
[788.871s][info ][safepoint    ] Total time for which application threads were stopped: 0.0000385 seconds, Stopping threads took: 0.0000170 seconds
[788.871s][info ][safepoint    ] Application time: 0.0000528 seconds
[788.871s][info ][safepoint    ] Entering safepoint region: RevokeBias
[788.871s][info ][safepoint    ] Leaving safepoint region
[788.871s][info ][safepoint    ] Total time for which application threads were stopped: 0.0000253 seconds, Stopping threads took: 0.0000061 seconds
[788.871s][info ][safepoint    ] Application time: 0.0000524 seconds
[788.871s][info ][safepoint    ] Entering safepoint region: RevokeBias
[788.871s][info ][safepoint    ] Leaving safepoint region
[788.871s][info ][safepoint    ] Total time for which application threads were stopped: 0.0000246 seconds, Stopping threads took: 0.0000059 seconds
[788.871s][info ][safepoint    ] Application time: 0.0000775 seconds
[788.871s][info ][safepoint    ] Entering safepoint region: RevokeBias
[788.871s][info ][safepoint    ] Leaving safepoint region
[788.871s][info ][safepoint    ] Total time for which application threads were stopped: 0.0000246 seconds, Stopping threads took: 0.0000058 seconds
[788.871s][info ][safepoint    ] Application time: 0.0000712 seconds
[788.871s][info ][safepoint    ] Entering safepoint region: RevokeBias
[788.871s][info ][safepoint    ] Leaving safepoint region
[788.871s][info ][safepoint    ] Total time for which application threads were stopped: 0.0000243 seconds, Stopping threads took: 0.0000059 seconds
[788.871s][info ][safepoint    ] Application time: 0.0000570 seconds
[788.871s][info ][safepoint    ] Entering safepoint region: RevokeBias
[788.871s][info ][safepoint    ] Leaving safepoint region
[788.871s][info ][safepoint    ] Total time for which application threads were stopped: 0.0000246 seconds, Stopping threads took: 0.0000057 seconds
[788.871s][info ][safepoint    ] Application time: 0.0000593 seconds
[788.871s][info ][safepoint    ] Entering safepoint region: RevokeBias
[788.871s][info ][safepoint    ] Leaving safepoint region
[788.871s][info ][safepoint    ] Total time for which application threads were stopped: 0.0000248 seconds, Stopping threads took: 0.0000060 seconds
[788.871s][info ][safepoint    ] Application time: 0.0000821 seconds
[788.871s][info ][safepoint    ] Entering safepoint region: RevokeBias
[788.871s][info ][safepoint    ] Leaving safepoint region
[788.871s][info ][safepoint    ] Total time for which application threads were stopped: 0.0000252 seconds, Stopping threads took: 0.0000063 seconds
[788.871s][info ][safepoint    ] Application time: 0.0000441 seconds
[788.871s][info ][safepoint    ] Entering safepoint region: RevokeBias
[788.871s][info ][safepoint    ] Leaving safepoint region
[788.871s][info ][safepoint    ] Total time for which application threads were stopped: 0.0000244 seconds, Stopping threads took: 0.0000059 seconds
[788.871s][info ][safepoint    ] Application time: 0.0000446 seconds
[788.871s][info ][safepoint    ] Entering safepoint region: RevokeBias
[788.871s][info ][safepoint    ] Leaving safepoint region
[788.871s][info ][safepoint    ] Total time for which application threads were stopped: 0.0000249 seconds, Stopping threads took: 0.0000063 seconds
[788.872s][info ][safepoint    ] Application time: 0.0000394 seconds
[788.872s][info ][safepoint    ] Entering safepoint region: RevokeBias
[788.872s][info ][safepoint    ] Leaving safepoint region
[788.872s][info ][safepoint    ] Total time for which application threads were stopped: 0.0000250 seconds, Stopping threads took: 0.0000060 seconds
[788.872s][info ][safepoint    ] Application time: 0.0000417 seconds
[788.872s][info ][safepoint    ] Entering safepoint region: RevokeBias
[788.872s][info ][safepoint    ] Leaving safepoint region
[788.872s][info ][safepoint    ] Total time for which application threads were stopped: 0.0000242 seconds, Stopping threads took: 0.0000057 seconds
[788.872s][info ][safepoint    ] Application time: 0.0001747 seconds
[788.872s][info ][safepoint    ] Entering safepoint region: RevokeBias
[788.872s][info ][safepoint    ] Leaving safepoint region
[788.872s][info ][safepoint    ] Total time for which application threads were stopped: 0.0000261 seconds, Stopping threads took: 0.0000062 seconds
[788.872s][info ][safepoint    ] Application time: 0.0000552 seconds
[788.872s][info ][safepoint    ] Entering safepoint region: RevokeBias
[788.872s][info ][safepoint    ] Leaving safepoint region
[788.872s][info ][safepoint    ] Total time for which application threads were stopped: 0.0000249 seconds, Stopping threads took: 0.0000061 seconds
[788.872s][info ][safepoint    ] Application time: 0.0000733 seconds
[788.872s][info ][safepoint    ] Entering safepoint region: BulkRevokeBias
[788.872s][info ][safepoint    ] Leaving safepoint region
[788.872s][info ][safepoint    ] Total time for which application threads were stopped: 0.0001891 seconds, Stopping threads took: 0.0000085 seconds
[788.892s][info ][safepoint    ] Application time: 0.0194944 seconds
[788.892s][info ][safepoint    ] Entering safepoint region: RevokeBias
[788.892s][info ][safepoint    ] Leaving safepoint region
[788.892s][info ][safepoint    ] Total time for which application threads were stopped: 0.0002565 seconds, Stopping threads took: 0.0000973 seconds
[789.033s][info ][safepoint    ] Application time: 0.1406410 seconds
[789.033s][info ][safepoint    ] Entering safepoint region: RevokeBias
[789.033s][info ][safepoint    ] Leaving safepoint region
[789.033s][info ][safepoint    ] Total time for which application threads were stopped: 0.0001110 seconds, Stopping threads took: 0.0000151 seconds
[789.054s][info ][safepoint    ] Application time: 0.0209872 seconds
[789.054s][info ][safepoint    ] Entering safepoint region: RevokeBias
[789.054s][info ][safepoint    ] Leaving safepoint region
[789.054s][info ][safepoint    ] Total time for which application threads were stopped: 0.0000873 seconds, Stopping threads took: 0.0000158 seconds
[789.318s][info ][safepoint    ] Application time: 0.2641881 seconds
[789.318s][info ][safepoint    ] Entering safepoint region: GenCollectForAllocation
[789.318s][info ][safepoint    ] Leaving safepoint region
[789.318s][info ][safepoint    ] Total time for which application threads were stopped: 0.0001616 seconds, Stopping threads took: 0.0000164 seconds
[789.318s][info ][safepoint    ] Application time: 0.0000718 seconds
[789.318s][info ][safepoint    ] Entering safepoint region: GenCollectForAllocation
[789.318s][info ][gc,start     ] GC(786) Pause Young (Allocation Failure)
[789.318s][info ][gc,task      ] GC(786) Using 4 workers of 4 for evacuation
[789.323s][debug][gc,ref       ] GC(786) Skipped phase1 of Reference Processing due to unavailable references
[789.323s][debug][gc,age       ] GC(786) Desired survivor size 15368192 bytes, new threshold 6 (max threshold 6)
[789.323s][info ][gc,heap      ] GC(786) ParNew: 241572K->11890K(270336K)
[789.323s][info ][gc,heap      ] GC(786) CMS: 401267K->401351K(645060K)
[789.323s][info ][gc,metaspace ] GC(786) Metaspace: 65585K->65585K(1110016K)
[789.323s][info ][gc           ] GC(786) Pause Young (Allocation Failure) 627M->403M(893M) 4.995ms
[789.323s][info ][gc,cpu       ] GC(786) User=0.02s Sys=0.00s Real=0.00s
[789.323s][info ][safepoint    ] Leaving safepoint region
[789.323s][info ][safepoint    ] Total time for which application threads were stopped: 0.0050941 seconds, Stopping threads took: 0.0000072 seconds
[793.550s][info ][safepoint    ] Application time: 4.2262678 seconds
[793.550s][info ][safepoint    ] Entering safepoint region: GenCollectForAllocation
[793.550s][info ][gc,start     ] GC(787) Pause Young (Allocation Failure)
[793.550s][info ][gc,task      ] GC(787) Using 4 workers of 4 for evacuation
[793.557s][debug][gc,ref       ] GC(787) Skipped phase1 of Reference Processing due to unavailable references
[793.557s][debug][gc,ref       ] GC(787) Skipped phase3 of Reference Processing due to unavailable references
[793.557s][debug][gc,age       ] GC(787) Desired survivor size 15368192 bytes, new threshold 1 (max threshold 6)
[793.557s][info ][gc,heap      ] GC(787) ParNew: 252210K->25075K(270336K)
[793.557s][info ][gc,heap      ] GC(787) CMS: 401351K->401415K(645060K)
[793.557s][info ][gc,metaspace ] GC(787) Metaspace: 65585K->65585K(1110016K)
[793.557s][info ][gc           ] GC(787) Pause Young (Allocation Failure) 638M->416M(893M) 7.151ms
[793.557s][info ][gc,cpu       ] GC(787) User=0.03s Sys=0.00s Real=0.01s
[793.557s][info ][safepoint    ] Leaving safepoint region
[793.557s][info ][safepoint    ] Total time for which application threads were stopped: 0.0073938 seconds, Stopping threads took: 0.0000879 seconds
[794.032s][info ][safepoint    ] Application time: 0.4749736 seconds
[794.032s][info ][safepoint    ] Entering safepoint region: RevokeBias
[794.032s][info ][safepoint    ] Leaving safepoint region
[794.032s][info ][safepoint    ] Total time for which application threads were stopped: 0.0000802 seconds, Stopping threads took: 0.0000192 seconds
[798.400s][info ][safepoint    ] Application time: 4.3676537 seconds
[798.400s][info ][safepoint    ] Entering safepoint region: GenCollectForAllocation
[798.400s][info ][gc,start     ] GC(788) Pause Young (Allocation Failure)
[798.400s][info ][gc,task      ] GC(788) Using 4 workers of 4 for evacuation
[798.411s][debug][gc,ref       ] GC(788) Skipped phase1 of Reference Processing due to unavailable references
[798.411s][debug][gc,ref       ] GC(788) Skipped phase2 of Reference Processing due to unavailable references
[798.411s][debug][gc,ref       ] GC(788) Skipped phase3 of Reference Processing due to unavailable references
[798.411s][debug][gc,ref       ] GC(788) Skipped phase4 of Reference Processing due to unavailable references
[798.411s][debug][gc,age       ] GC(788) Desired survivor size 15368192 bytes, new threshold 6 (max threshold 6)
[798.411s][info ][gc,heap      ] GC(788) ParNew: 265395K->2732K(270336K)
[798.411s][info ][gc,heap      ] GC(788) CMS: 401415K->419958K(645060K)
[798.411s][info ][gc,metaspace ] GC(788) Metaspace: 65585K->65585K(1110016K)
[798.411s][info ][gc           ] GC(788) Pause Young (Allocation Failure) 651M->412M(893M) 11.273ms
[798.411s][info ][gc,cpu       ] GC(788) User=0.04s Sys=0.01s Real=0.01s
[798.411s][info ][safepoint    ] Leaving safepoint region
[798.411s][info ][safepoint    ] Total time for which application threads were stopped: 0.0115253 seconds, Stopping threads took: 0.0000412 seconds
[799.033s][info ][safepoint    ] Application time: 0.6214262 seconds
[799.033s][info ][safepoint    ] Entering safepoint region: RevokeBias
[799.033s][info ][safepoint    ] Leaving safepoint region
[799.033s][info ][safepoint    ] Total time for which application threads were stopped: 0.0000804 seconds, Stopping threads took: 0.0000184 seconds
[799.033s][info ][safepoint    ] Application time: 0.0002381 seconds
[799.033s][info ][safepoint    ] Entering safepoint region: RevokeBias
[799.033s][info ][safepoint    ] Leaving safepoint region
[799.033s][info ][safepoint    ] Total time for which application threads were stopped: 0.0000312 seconds, Stopping threads took: 0.0000072 seconds
[799.033s][info ][safepoint    ] Application time: 0.0001441 seconds
[799.033s][info ][safepoint    ] Entering safepoint region: RevokeBias
[799.033s][info ][safepoint    ] Leaving safepoint region
[799.033s][info ][safepoint    ] Total time for which application threads were stopped: 0.0000257 seconds, Stopping threads took: 0.0000066 seconds
[799.034s][info ][safepoint    ] Application time: 0.0000415 seconds
[799.034s][info ][safepoint    ] Entering safepoint region: RevokeBias
[799.034s][info ][safepoint    ] Leaving safepoint region
[799.034s][info ][safepoint    ] Total time for which application threads were stopped: 0.0000252 seconds, Stopping threads took: 0.0000066 seconds
[799.034s][info ][safepoint    ] Application time: 0.0000645 seconds
[799.034s][info ][safepoint    ] Entering safepoint region: RevokeBias
[799.034s][info ][safepoint    ] Leaving safepoint region
[799.034s][info ][safepoint    ] Total time for which application threads were stopped: 0.0000251 seconds, Stopping threads took: 0.0000067 seconds
[799.034s][info ][safepoint    ] Application time: 0.0001492 seconds
[799.034s][info ][safepoint    ] Entering safepoint region: RevokeBias
[799.034s][info ][safepoint    ] Leaving safepoint region
[799.034s][info ][safepoint    ] Total time for which application threads were stopped: 0.0000247 seconds, Stopping threads took: 0.0000065 seconds
[802.900s][info ][safepoint    ] Application time: 3.8664060 seconds
[802.900s][info ][safepoint    ] Entering safepoint region: GenCollectForAllocation
[802.900s][info ][gc,start     ] GC(789) Pause Young (Allocation Failure)
[802.901s][info ][gc,task      ] GC(789) Using 4 workers of 4 for evacuation
[802.903s][debug][gc,ref       ] GC(789) Skipped phase1 of Reference Processing due to unavailable references
[802.903s][debug][gc,ref       ] GC(789) Skipped phase2 of Reference Processing due to unavailable references
[802.903s][debug][gc,ref       ] GC(789) Skipped phase3 of Reference Processing due to unavailable references
[802.903s][debug][gc,ref       ] GC(789) Skipped phase4 of Reference Processing due to unavailable references
[802.903s][debug][gc,age       ] GC(789) Desired survivor size 15368192 bytes, new threshold 6 (max threshold 6)
[802.903s][info ][gc,heap      ] GC(789) ParNew: 243052K->1325K(270336K)
[802.903s][info ][gc,heap      ] GC(789) CMS: 419958K->419958K(645060K)
[802.903s][info ][gc,metaspace ] GC(789) Metaspace: 65585K->65585K(1110016K)
[802.903s][info ][gc           ] GC(789) Pause Young (Allocation Failure) 647M->411M(893M) 2.377ms
[802.903s][info ][gc,cpu       ] GC(789) User=0.00s Sys=0.00s Real=0.00s
[802.903s][info ][safepoint    ] Leaving safepoint region
[802.903s][info ][safepoint    ] Total time for which application threads were stopped: 0.0025679 seconds, Stopping threads took: 0.0000621 seconds
[807.699s][info ][safepoint    ] Application time: 4.7956264 seconds
[807.699s][info ][safepoint    ] Entering safepoint region: GenCollectForAllocation
[807.699s][info ][gc,start     ] GC(790) Pause Young (Allocation Failure)
[807.699s][info ][gc,task      ] GC(790) Using 4 workers of 4 for evacuation
[807.701s][debug][gc,ref       ] GC(790) Skipped phase1 of Reference Processing due to unavailable references
[807.701s][debug][gc,ref       ] GC(790) Skipped phase2 of Reference Processing due to unavailable references
[807.701s][debug][gc,ref       ] GC(790) Skipped phase3 of Reference Processing due to unavailable references
[807.701s][debug][gc,ref       ] GC(790) Skipped phase4 of Reference Processing due to unavailable references
[807.701s][debug][gc,age       ] GC(790) Desired survivor size 15368192 bytes, new threshold 6 (max threshold 6)
[807.701s][info ][gc,heap      ] GC(790) ParNew: 241645K->1203K(270336K)
[807.701s][info ][gc,heap      ] GC(790) CMS: 419958K->419958K(645060K)
[807.701s][info ][gc,metaspace ] GC(790) Metaspace: 65586K->65586K(1110016K)
[807.701s][info ][gc           ] GC(790) Pause Young (Allocation Failure) 646M->411M(893M) 2.542ms
[807.701s][info ][gc,cpu       ] GC(790) User=0.00s Sys=0.00s Real=0.00s
[807.701s][info ][safepoint    ] Leaving safepoint region
[807.701s][info ][safepoint    ] Total time for which application threads were stopped: 0.0027316 seconds, Stopping threads took: 0.0000523 seconds
[812.341s][info ][safepoint    ] Application time: 4.6398291 seconds
[812.341s][info ][safepoint    ] Entering safepoint region: GenCollectForAllocation
[812.341s][info ][gc,start     ] GC(791) Pause Young (Allocation Failure)
[812.341s][info ][gc,task      ] GC(791) Using 4 workers of 4 for evacuation
[812.344s][debug][gc,ref       ] GC(791) Skipped phase1 of Reference Processing due to unavailable references
[812.344s][debug][gc,ref       ] GC(791) Skipped phase2 of Reference Processing due to unavailable references
[812.344s][debug][gc,ref       ] GC(791) Skipped phase3 of Reference Processing due to unavailable references
[812.344s][debug][gc,ref       ] GC(791) Skipped phase4 of Reference Processing due to unavailable references
[812.344s][debug][gc,age       ] GC(791) Desired survivor size 15368192 bytes, new threshold 6 (max threshold 6)
[812.344s][info ][gc,heap      ] GC(791) ParNew: 241523K->1360K(270336K)
[812.344s][info ][gc,heap      ] GC(791) CMS: 419958K->419958K(645060K)
[812.344s][info ][gc,metaspace ] GC(791) Metaspace: 65586K->65586K(1110016K)
[812.344s][info ][gc           ] GC(791) Pause Young (Allocation Failure) 645M->411M(893M) 3.030ms
[812.344s][info ][gc,cpu       ] GC(791) User=0.01s Sys=0.00s Real=0.00s
[812.344s][info ][safepoint    ] Leaving safepoint region
[812.344s][info ][safepoint    ] Total time for which application threads were stopped: 0.0031803 seconds, Stopping threads took: 0.0000167 seconds
[816.904s][info ][safepoint    ] Application time: 4.5595248 seconds
[816.904s][info ][safepoint    ] Entering safepoint region: GenCollectForAllocation
[816.904s][info ][gc,start     ] GC(792) Pause Young (Allocation Failure)
[816.904s][info ][gc,task      ] GC(792) Using 4 workers of 4 for evacuation
[816.906s][debug][gc,ref       ] GC(792) Skipped phase1 of Reference Processing due to unavailable references
[816.906s][debug][gc,ref       ] GC(792) Skipped phase2 of Reference Processing due to unavailable references
[816.906s][debug][gc,ref       ] GC(792) Skipped phase3 of Reference Processing due to unavailable references
[816.906s][debug][gc,ref       ] GC(792) Skipped phase4 of Reference Processing due to unavailable references
[816.906s][debug][gc,age       ] GC(792) Desired survivor size 15368192 bytes, new threshold 6 (max threshold 6)
[816.906s][info ][gc,heap      ] GC(792) ParNew: 241680K->1629K(270336K)
[816.906s][info ][gc,heap      ] GC(792) CMS: 419958K->419958K(645060K)
[816.906s][info ][gc,metaspace ] GC(792) Metaspace: 65588K->65588K(1110016K)
[816.906s][info ][gc           ] GC(792) Pause Young (Allocation Failure) 646M->411M(893M) 2.473ms
[816.906s][info ][gc,cpu       ] GC(792) User=0.01s Sys=0.00s Real=0.00s
[816.907s][info ][safepoint    ] Leaving safepoint region
[816.907s][info ][safepoint    ] Total time for which application threads were stopped: 0.0026236 seconds, Stopping threads took: 0.0000178 seconds
[818.907s][info ][safepoint    ] Application time: 2.0001512 seconds
[818.907s][info ][safepoint    ] Entering safepoint region: Cleanup
[818.907s][info ][safepoint    ] Leaving safepoint region
[818.907s][info ][safepoint    ] Total time for which application threads were stopped: 0.0001030 seconds, Stopping threads took: 0.0000312 seconds
[821.700s][info ][safepoint    ] Application time: 2.7933253 seconds
[821.700s][info ][safepoint    ] Entering safepoint region: GenCollectForAllocation
[821.700s][info ][gc,start     ] GC(793) Pause Young (Allocation Failure)
[821.700s][info ][gc,task      ] GC(793) Using 4 workers of 4 for evacuation
[821.703s][debug][gc,ref       ] GC(793) Skipped phase1 of Reference Processing due to unavailable references
[821.703s][debug][gc,ref       ] GC(793) Skipped phase2 of Reference Processing due to unavailable references
[821.703s][debug][gc,ref       ] GC(793) Skipped phase3 of Reference Processing due to unavailable references
[821.703s][debug][gc,ref       ] GC(793) Skipped phase4 of Reference Processing due to unavailable references
[821.703s][debug][gc,age       ] GC(793) Desired survivor size 15368192 bytes, new threshold 6 (max threshold 6)
[821.703s][info ][gc,heap      ] GC(793) ParNew: 241949K->1775K(270336K)
[821.703s][info ][gc,heap      ] GC(793) CMS: 419958K->419958K(645060K)
[821.703s][info ][gc,metaspace ] GC(793) Metaspace: 65588K->65588K(1110016K)
[821.703s][info ][gc           ] GC(793) Pause Young (Allocation Failure) 646M->411M(893M) 2.522ms
[821.703s][info ][gc,cpu       ] GC(793) User=0.01s Sys=0.00s Real=0.00s
[821.703s][info ][safepoint    ] Leaving safepoint region
[821.703s][info ][safepoint    ] Total time for which application threads were stopped: 0.0026985 seconds, Stopping threads took: 0.0000418 seconds
[822.297s][info ][safepoint    ] Application time: 0.5939164 seconds
[822.300s][info ][safepoint    ] Entering safepoint region: RevokeBias
[822.300s][info ][safepoint    ] Leaving safepoint region
[822.300s][info ][safepoint    ] Total time for which application threads were stopped: 0.0032568 seconds, Stopping threads took: 0.0031861 seconds
[823.300s][info ][safepoint    ] Application time: 1.0000983 seconds
[823.300s][info ][safepoint    ] Entering safepoint region: Cleanup
[823.300s][info ][safepoint    ] Leaving safepoint region
[823.300s][info ][safepoint    ] Total time for which application threads were stopped: 0.0002036 seconds, Stopping threads took: 0.0000893 seconds
[824.301s][info ][safepoint    ] Application time: 1.0000874 seconds
[824.301s][info ][safepoint    ] Entering safepoint region: Cleanup
[824.301s][info ][safepoint    ] Leaving safepoint region
[824.301s][info ][safepoint    ] Total time for which application threads were stopped: 0.0001518 seconds, Stopping threads took: 0.0000702 seconds
[825.805s][info ][safepoint    ] Application time: 1.5044651 seconds
[825.805s][info ][safepoint    ] Entering safepoint region: GenCollectForAllocation
[825.805s][info ][gc,start     ] GC(794) Pause Young (Allocation Failure)
[825.805s][info ][gc,task      ] GC(794) Using 4 workers of 4 for evacuation
[825.809s][debug][gc,ref       ] GC(794) Skipped phase1 of Reference Processing due to unavailable references
[825.809s][debug][gc,ref       ] GC(794) Skipped phase3 of Reference Processing due to unavailable references
[825.810s][debug][gc,age       ] GC(794) Desired survivor size 15368192 bytes, new threshold 6 (max threshold 6)
[825.810s][info ][gc,heap      ] GC(794) ParNew: 242095K->3810K(270336K)
[825.810s][info ][gc,heap      ] GC(794) CMS: 419958K->420116K(645060K)
[825.810s][info ][gc,metaspace ] GC(794) Metaspace: 65595K->65595K(1110016K)
[825.810s][info ][gc           ] GC(794) Pause Young (Allocation Failure) 646M->413M(893M) 4.331ms
[825.810s][info ][gc,cpu       ] GC(794) User=0.02s Sys=0.00s Real=0.01s
[825.810s][info ][safepoint    ] Leaving safepoint region
[825.810s][info ][safepoint    ] Total time for which application threads were stopped: 0.0044915 seconds, Stopping threads took: 0.0000200 seconds
[830.947s][info ][safepoint    ] Application time: 5.1372373 seconds
[830.947s][info ][safepoint    ] Entering safepoint region: GenCollectForAllocation
[830.947s][info ][gc,start     ] GC(795) Pause Young (Allocation Failure)
[830.947s][info ][gc,task      ] GC(795) Using 4 workers of 4 for evacuation
[830.950s][debug][gc,ref       ] GC(795) Skipped phase1 of Reference Processing due to unavailable references
[830.950s][debug][gc,ref       ] GC(795) Skipped phase3 of Reference Processing due to unavailable references
[830.951s][debug][gc,age       ] GC(795) Desired survivor size 15368192 bytes, new threshold 6 (max threshold 6)
[830.951s][info ][gc,heap      ] GC(795) ParNew: 244130K->4689K(270336K)
[830.951s][info ][gc,heap      ] GC(795) CMS: 420116K->420390K(645060K)
[830.951s][info ][gc,metaspace ] GC(795) Metaspace: 65601K->65601K(1110016K)
[830.951s][info ][gc           ] GC(795) Pause Young (Allocation Failure) 648M->415M(893M) 3.560ms
[830.951s][info ][gc,cpu       ] GC(795) User=0.02s Sys=0.00s Real=0.01s
[830.951s][info ][safepoint    ] Leaving safepoint region
[830.951s][info ][safepoint    ] Total time for which application threads were stopped: 0.0037375 seconds, Stopping threads took: 0.0000382 seconds
[833.951s][info ][safepoint    ] Application time: 3.0002406 seconds
[833.951s][info ][safepoint    ] Entering safepoint region: Cleanup
[833.951s][info ][safepoint    ] Leaving safepoint region
[833.951s][info ][safepoint    ] Total time for which application threads were stopped: 0.0001195 seconds, Stopping threads took: 0.0000449 seconds
[834.951s][info ][safepoint    ] Application time: 1.0001369 seconds
[834.951s][info ][safepoint    ] Entering safepoint region: Cleanup
[834.951s][info ][safepoint    ] Leaving safepoint region
[834.951s][info ][safepoint    ] Total time for which application threads were stopped: 0.0001256 seconds, Stopping threads took: 0.0000412 seconds
[836.200s][info ][safepoint    ] Application time: 1.2481043 seconds
[836.200s][info ][safepoint    ] Entering safepoint region: GenCollectForAllocation
[836.200s][info ][gc,start     ] GC(796) Pause Young (Allocation Failure)
[836.200s][info ][gc,task      ] GC(796) Using 4 workers of 4 for evacuation
[836.203s][debug][gc,ref       ] GC(796) Skipped phase1 of Reference Processing due to unavailable references
[836.203s][debug][gc,ref       ] GC(796) Skipped phase3 of Reference Processing due to unavailable references
[836.203s][debug][gc,age       ] GC(796) Desired survivor size 15368192 bytes, new threshold 6 (max threshold 6)
[836.203s][info ][gc,heap      ] GC(796) ParNew: 245009K->4352K(270336K)
[836.203s][info ][gc,heap      ] GC(796) CMS: 420390K->420494K(645060K)
[836.203s][info ][gc,metaspace ] GC(796) Metaspace: 65601K->65601K(1110016K)
[836.203s][info ][gc           ] GC(796) Pause Young (Allocation Failure) 649M->414M(893M) 3.585ms
[836.203s][info ][gc,cpu       ] GC(796) User=0.01s Sys=0.00s Real=0.00s
[836.203s][info ][safepoint    ] Leaving safepoint region
[836.203s][info ][safepoint    ] Total time for which application threads were stopped: 0.0038039 seconds, Stopping threads took: 0.0000432 seconds
[837.203s][info ][safepoint    ] Application time: 1.0001050 seconds
[837.204s][info ][safepoint    ] Entering safepoint region: Cleanup
[837.204s][info ][safepoint    ] Leaving safepoint region
[837.204s][info ][safepoint    ] Total time for which application threads were stopped: 0.0001322 seconds, Stopping threads took: 0.0000530 seconds
[838.204s][info ][safepoint    ] Application time: 1.0000989 seconds
[838.204s][info ][safepoint    ] Entering safepoint region: Cleanup
[838.204s][info ][safepoint    ] Leaving safepoint region
[838.204s][info ][safepoint    ] Total time for which application threads were stopped: 0.0001191 seconds, Stopping threads took: 0.0000440 seconds
[841.204s][info ][safepoint    ] Application time: 3.0002337 seconds
[841.204s][info ][safepoint    ] Entering safepoint region: Cleanup
[841.204s][info ][safepoint    ] Leaving safepoint region
[841.204s][info ][safepoint    ] Total time for which application threads were stopped: 0.0001371 seconds, Stopping threads took: 0.0000624 seconds
[841.250s][info ][safepoint    ] Application time: 0.0453436 seconds
[841.250s][info ][safepoint    ] Entering safepoint region: GenCollectForAllocation
[841.250s][info ][gc,start     ] GC(797) Pause Young (Allocation Failure)
[841.250s][info ][gc,task      ] GC(797) Using 4 workers of 4 for evacuation
[841.253s][debug][gc,ref       ] GC(797) Skipped phase1 of Reference Processing due to unavailable references
[841.253s][debug][gc,ref       ] GC(797) Skipped phase3 of Reference Processing due to unavailable references
[841.254s][debug][gc,age       ] GC(797) Desired survivor size 15368192 bytes, new threshold 6 (max threshold 6)
[841.254s][info ][gc,heap      ] GC(797) ParNew: 244672K->4464K(270336K)
[841.254s][info ][gc,heap      ] GC(797) CMS: 420494K->420655K(645060K)
[841.254s][info ][gc,metaspace ] GC(797) Metaspace: 65601K->65601K(1110016K)
[841.254s][info ][gc           ] GC(797) Pause Young (Allocation Failure) 649M->415M(893M) 3.687ms
[841.254s][info ][gc,cpu       ] GC(797) User=0.02s Sys=0.00s Real=0.00s
[841.254s][info ][safepoint    ] Leaving safepoint region
[841.254s][info ][safepoint    ] Total time for which application threads were stopped: 0.0038741 seconds, Stopping threads took: 0.0000418 seconds
[846.400s][info ][safepoint    ] Application time: 5.1466975 seconds
[846.400s][info ][safepoint    ] Entering safepoint region: GenCollectForAllocation
[846.400s][info ][gc,start     ] GC(798) Pause Young (Allocation Failure)
[846.401s][info ][gc,task      ] GC(798) Using 4 workers of 4 for evacuation
[846.404s][debug][gc,ref       ] GC(798) Skipped phase1 of Reference Processing due to unavailable references
[846.404s][debug][gc,ref       ] GC(798) Skipped phase3 of Reference Processing due to unavailable references
[846.404s][debug][gc,age       ] GC(798) Desired survivor size 15368192 bytes, new threshold 6 (max threshold 6)
[846.404s][info ][gc,heap      ] GC(798) ParNew: 244784K->4687K(270336K)
[846.404s][info ][gc,heap      ] GC(798) CMS: 420655K->420725K(645060K)
[846.404s][info ][gc,metaspace ] GC(798) Metaspace: 65602K->65602K(1110016K)
[846.404s][info ][gc           ] GC(798) Pause Young (Allocation Failure) 649M->415M(893M) 3.664ms
[846.404s][info ][gc,cpu       ] GC(798) User=0.02s Sys=0.00s Real=0.00s
[846.404s][info ][safepoint    ] Leaving safepoint region
[846.404s][info ][safepoint    ] Total time for which application threads were stopped: 0.0038471 seconds, Stopping threads took: 0.0000397 seconds
[848.404s][info ][safepoint    ] Application time: 2.0002254 seconds
[848.404s][info ][safepoint    ] Entering safepoint region: Cleanup
[848.405s][info ][safepoint    ] Leaving safepoint region
[848.405s][info ][safepoint    ] Total time for which application threads were stopped: 0.0000800 seconds, Stopping threads took: 0.0000181 seconds
[849.405s][info ][safepoint    ] Application time: 1.0000816 seconds
[849.405s][info ][safepoint    ] Entering safepoint region: Cleanup
[849.405s][info ][safepoint    ] Leaving safepoint region
[849.405s][info ][safepoint    ] Total time for which application threads were stopped: 0.0001536 seconds, Stopping threads took: 0.0000706 seconds
[851.405s][info ][safepoint    ] Application time: 2.0002096 seconds
[851.405s][info ][safepoint    ] Entering safepoint region: Cleanup
[851.405s][info ][safepoint    ] Leaving safepoint region
[851.405s][info ][safepoint    ] Total time for which application threads were stopped: 0.0000849 seconds, Stopping threads took: 0.0000183 seconds
[851.650s][info ][safepoint    ] Application time: 0.2447081 seconds
[851.650s][info ][safepoint    ] Entering safepoint region: GenCollectForAllocation
[851.650s][info ][gc,start     ] GC(799) Pause Young (Allocation Failure)
[851.650s][info ][gc,task      ] GC(799) Using 4 workers of 4 for evacuation
[851.653s][debug][gc,ref       ] GC(799) Skipped phase1 of Reference Processing due to unavailable references
[851.653s][debug][gc,ref       ] GC(799) Skipped phase3 of Reference Processing due to unavailable references
[851.654s][debug][gc,age       ] GC(799) Desired survivor size 15368192 bytes, new threshold 6 (max threshold 6)
[851.654s][info ][gc,heap      ] GC(799) ParNew: 245007K->4981K(270336K)
[851.654s][info ][gc,heap      ] GC(799) CMS: 420725K->420832K(645060K)
[851.654s][info ][gc,metaspace ] GC(799) Metaspace: 65602K->65602K(1110016K)
[851.654s][info ][gc           ] GC(799) Pause Young (Allocation Failure) 650M->415M(893M) 3.567ms
[851.654s][info ][gc,cpu       ] GC(799) User=0.01s Sys=0.00s Real=0.00s
[851.654s][info ][safepoint    ] Leaving safepoint region
[851.654s][info ][safepoint    ] Total time for which application threads were stopped: 0.0038085 seconds, Stopping threads took: 0.0000866 seconds
[856.654s][info ][safepoint    ] Application time: 5.0004541 seconds
[856.654s][info ][safepoint    ] Entering safepoint region: Cleanup
[856.654s][info ][safepoint    ] Leaving safepoint region
[856.654s][info ][safepoint    ] Total time for which application threads were stopped: 0.0001289 seconds, Stopping threads took: 0.0000439 seconds
[856.850s][info ][safepoint    ] Application time: 0.1954842 seconds
[856.850s][info ][safepoint    ] Entering safepoint region: GenCollectForAllocation
[856.850s][info ][gc,start     ] GC(800) Pause Young (Allocation Failure)
[856.850s][info ][gc,task      ] GC(800) Using 4 workers of 4 for evacuation
[856.854s][debug][gc,ref       ] GC(800) Skipped phase1 of Reference Processing due to unavailable references
[856.854s][debug][gc,ref       ] GC(800) Skipped phase2 of Reference Processing due to unavailable references
[856.854s][debug][gc,ref       ] GC(800) Skipped phase3 of Reference Processing due to unavailable references
[856.854s][debug][gc,ref       ] GC(800) Skipped phase4 of Reference Processing due to unavailable references
[856.854s][debug][gc,age       ] GC(800) Desired survivor size 15368192 bytes, new threshold 6 (max threshold 6)
[856.854s][info ][gc,heap      ] GC(800) ParNew: 245301K->3089K(270336K)
[856.854s][info ][gc,heap      ] GC(800) CMS: 420832K->422852K(645060K)
[856.854s][info ][gc,metaspace ] GC(800) Metaspace: 65610K->65610K(1110016K)
[856.854s][info ][gc           ] GC(800) Pause Young (Allocation Failure) 650M->415M(893M) 4.480ms
[856.854s][info ][gc,cpu       ] GC(800) User=0.01s Sys=0.00s Real=0.00s
[856.855s][info ][safepoint    ] Leaving safepoint region
[856.855s][info ][safepoint    ] Total time for which application threads were stopped: 0.0046603 seconds, Stopping threads took: 0.0000427 seconds
[857.855s][info ][safepoint    ] Application time: 1.0001101 seconds
[857.855s][info ][safepoint    ] Entering safepoint region: Cleanup
[857.855s][info ][safepoint    ] Leaving safepoint region
[857.855s][info ][safepoint    ] Total time for which application threads were stopped: 0.0001393 seconds, Stopping threads took: 0.0000643 seconds
[858.855s][info ][safepoint    ] Application time: 1.0001346 seconds
[858.855s][info ][safepoint    ] Entering safepoint region: Cleanup
[858.855s][info ][safepoint    ] Leaving safepoint region
[858.855s][info ][safepoint    ] Total time for which application threads were stopped: 0.0001392 seconds, Stopping threads took: 0.0000497 seconds
[859.855s][info ][safepoint    ] Application time: 1.0001043 seconds
[859.855s][info ][safepoint    ] Entering safepoint region: Cleanup
[859.855s][info ][safepoint    ] Leaving safepoint region
[859.855s][info ][safepoint    ] Total time for which application threads were stopped: 0.0000857 seconds, Stopping threads took: 0.0000180 seconds
[862.050s][info ][safepoint    ] Application time: 2.1943089 seconds
[862.050s][info ][safepoint    ] Entering safepoint region: GenCollectForAllocation
[862.050s][info ][gc,start     ] GC(801) Pause Young (Allocation Failure)
[862.050s][info ][gc,task      ] GC(801) Using 4 workers of 4 for evacuation
[862.053s][debug][gc,ref       ] GC(801) Skipped phase1 of Reference Processing due to unavailable references
[862.053s][debug][gc,ref       ] GC(801) Skipped phase2 of Reference Processing due to unavailable references
[862.053s][debug][gc,ref       ] GC(801) Skipped phase3 of Reference Processing due to unavailable references
[862.053s][debug][gc,ref       ] GC(801) Skipped phase4 of Reference Processing due to unavailable references
[862.053s][debug][gc,age       ] GC(801) Desired survivor size 15368192 bytes, new threshold 6 (max threshold 6)
[862.053s][info ][gc,heap      ] GC(801) ParNew: 243409K->2355K(270336K)
[862.053s][info ][gc,heap      ] GC(801) CMS: 422852K->422883K(645060K)
[862.053s][info ][gc,metaspace ] GC(801) Metaspace: 65617K->65617K(1110016K)
[862.053s][info ][gc           ] GC(801) Pause Young (Allocation Failure) 650M->415M(893M) 2.958ms
[862.053s][info ][gc,cpu       ] GC(801) User=0.01s Sys=0.00s Real=0.00s
[862.053s][info ][safepoint    ] Leaving safepoint region
[862.053s][info ][safepoint    ] Total time for which application threads were stopped: 0.0031464 seconds, Stopping threads took: 0.0000438 seconds
[865.053s][info ][safepoint    ] Application time: 3.0003461 seconds
[865.053s][info ][safepoint    ] Entering safepoint region: Cleanup
[865.053s][info ][safepoint    ] Leaving safepoint region
[865.053s][info ][safepoint    ] Total time for which application threads were stopped: 0.0001214 seconds, Stopping threads took: 0.0000419 seconds
[866.053s][info ][safepoint    ] Application time: 1.0000848 seconds
[866.054s][info ][safepoint    ] Entering safepoint region: Cleanup
[866.054s][info ][safepoint    ] Leaving safepoint region
[866.054s][info ][safepoint    ] Total time for which application threads were stopped: 0.0001598 seconds, Stopping threads took: 0.0000789 seconds
[867.054s][info ][safepoint    ] Application time: 1.0001394 seconds
[867.054s][info ][safepoint    ] Entering safepoint region: Cleanup
[867.054s][info ][safepoint    ] Leaving safepoint region
[867.054s][info ][safepoint    ] Total time for which application threads were stopped: 0.0001211 seconds, Stopping threads took: 0.0000456 seconds
[867.350s][info ][safepoint    ] Application time: 0.2955380 seconds
[867.350s][info ][safepoint    ] Entering safepoint region: GenCollectForAllocation
[867.350s][info ][gc,start     ] GC(802) Pause Young (Allocation Failure)
[867.350s][info ][gc,task      ] GC(802) Using 4 workers of 4 for evacuation
[867.352s][debug][gc,ref       ] GC(802) Skipped phase1 of Reference Processing due to unavailable references
[867.352s][debug][gc,ref       ] GC(802) Skipped phase2 of Reference Processing due to unavailable references
[867.352s][debug][gc,ref       ] GC(802) Skipped phase3 of Reference Processing due to unavailable references
[867.352s][debug][gc,ref       ] GC(802) Skipped phase4 of Reference Processing due to unavailable references
[867.353s][debug][gc,age       ] GC(802) Desired survivor size 15368192 bytes, new threshold 6 (max threshold 6)
[867.353s][info ][gc,heap      ] GC(802) ParNew: 242675K->1769K(270336K)
[867.353s][info ][gc,heap      ] GC(802) CMS: 422883K->423067K(645060K)
[867.353s][info ][gc,metaspace ] GC(802) Metaspace: 65620K->65620K(1110016K)
[867.353s][info ][gc           ] GC(802) Pause Young (Allocation Failure) 649M->414M(893M) 2.756ms
[867.353s][info ][gc,cpu       ] GC(802) User=0.01s Sys=0.00s Real=0.00s
[867.353s][info ][safepoint    ] Leaving safepoint region
[867.353s][info ][safepoint    ] Total time for which application threads were stopped: 0.0030413 seconds, Stopping threads took: 0.0001415 seconds
[869.353s][info ][safepoint    ] Application time: 2.0001877 seconds
[869.353s][info ][safepoint    ] Entering safepoint region: Cleanup
[869.353s][info ][safepoint    ] Leaving safepoint region
[869.353s][info ][safepoint    ] Total time for which application threads were stopped: 0.0004859 seconds, Stopping threads took: 0.0004104 seconds
[871.354s][info ][safepoint    ] Application time: 2.0002407 seconds
[871.354s][info ][safepoint    ] Entering safepoint region: Cleanup
[871.354s][info ][safepoint    ] Leaving safepoint region
[871.354s][info ][safepoint    ] Total time for which application threads were stopped: 0.0001453 seconds, Stopping threads took: 0.0000622 seconds
[872.100s][info ][safepoint    ] Application time: 0.7460846 seconds
[872.100s][info ][safepoint    ] Entering safepoint region: GenCollectForAllocation
[872.100s][info ][gc,start     ] GC(803) Pause Young (Allocation Failure)
[872.100s][info ][gc,task      ] GC(803) Using 4 workers of 4 for evacuation
[872.103s][debug][gc,ref       ] GC(803) Skipped phase1 of Reference Processing due to unavailable references
[872.103s][debug][gc,ref       ] GC(803) Skipped phase2 of Reference Processing due to unavailable references
[872.103s][debug][gc,ref       ] GC(803) Skipped phase3 of Reference Processing due to unavailable references
[872.103s][debug][gc,ref       ] GC(803) Skipped phase4 of Reference Processing due to unavailable references
[872.103s][debug][gc,age       ] GC(803) Desired survivor size 15368192 bytes, new threshold 6 (max threshold 6)
[872.103s][info ][gc,heap      ] GC(803) ParNew: 242089K->1806K(270336K)
[872.103s][info ][gc,heap      ] GC(803) CMS: 423067K->423342K(645060K)
[872.103s][info ][gc,metaspace ] GC(803) Metaspace: 65624K->65624K(1110016K)
[872.103s][info ][gc           ] GC(803) Pause Young (Allocation Failure) 649M->415M(893M) 3.105ms
[872.103s][info ][gc,cpu       ] GC(803) User=0.01s Sys=0.00s Real=0.00s
[872.103s][info ][safepoint    ] Leaving safepoint region
[872.103s][info ][safepoint    ] Total time for which application threads were stopped: 0.0032838 seconds, Stopping threads took: 0.0000413 seconds
[877.200s][info ][safepoint    ] Application time: 5.0963896 seconds
[877.200s][info ][safepoint    ] Entering safepoint region: GenCollectForAllocation
[877.200s][info ][gc,start     ] GC(804) Pause Young (Allocation Failure)
[877.200s][info ][gc,task      ] GC(804) Using 4 workers of 4 for evacuation
[877.202s][debug][gc,ref       ] GC(804) Skipped phase1 of Reference Processing due to unavailable references
[877.202s][debug][gc,ref       ] GC(804) Skipped phase2 of Reference Processing due to unavailable references
[877.202s][debug][gc,ref       ] GC(804) Skipped phase3 of Reference Processing due to unavailable references
[877.202s][debug][gc,ref       ] GC(804) Skipped phase4 of Reference Processing due to unavailable references
[877.203s][debug][gc,age       ] GC(804) Desired survivor size 15368192 bytes, new threshold 6 (max threshold 6)
[877.203s][info ][gc,heap      ] GC(804) ParNew: 242126K->1883K(270336K)
[877.203s][info ][gc,heap      ] GC(804) CMS: 423342K->423473K(645060K)
[877.203s][info ][gc,metaspace ] GC(804) Metaspace: 65625K->65625K(1110016K)
[877.203s][info ][gc           ] GC(804) Pause Young (Allocation Failure) 649M->415M(893M) 2.844ms
[877.203s][info ][gc,cpu       ] GC(804) User=0.01s Sys=0.01s Real=0.00s
[877.203s][info ][safepoint    ] Leaving safepoint region
[877.203s][info ][safepoint    ] Total time for which application threads were stopped: 0.0030689 seconds, Stopping threads took: 0.0000647 seconds
[882.364s][info ][safepoint    ] Application time: 5.1616059 seconds
[882.364s][info ][safepoint    ] Entering safepoint region: RevokeBias
[882.364s][info ][safepoint    ] Leaving safepoint region
[882.364s][info ][safepoint    ] Total time for which application threads were stopped: 0.0001001 seconds, Stopping threads took: 0.0000189 seconds
[882.367s][info ][safepoint    ] Application time: 0.0021324 seconds
[882.367s][info ][safepoint    ] Entering safepoint region: RevokeBias
[882.367s][info ][safepoint    ] Leaving safepoint region
[882.367s][info ][safepoint    ] Total time for which application threads were stopped: 0.0000434 seconds, Stopping threads took: 0.0000138 seconds
[882.367s][info ][safepoint    ] Application time: 0.0001574 seconds
[882.367s][info ][safepoint    ] Entering safepoint region: BulkRevokeBias
[882.367s][info ][safepoint    ] Leaving safepoint region
[882.367s][info ][safepoint    ] Total time for which application threads were stopped: 0.0001486 seconds, Stopping threads took: 0.0000088 seconds
[882.400s][info ][safepoint    ] Application time: 0.0332242 seconds
[882.400s][info ][safepoint    ] Entering safepoint region: GenCollectForAllocation
[882.400s][info ][gc,start     ] GC(805) Pause Young (Allocation Failure)
[882.400s][info ][gc,task      ] GC(805) Using 4 workers of 4 for evacuation
[882.403s][debug][gc,ref       ] GC(805) Skipped phase1 of Reference Processing due to unavailable references
[882.403s][debug][gc,ref       ] GC(805) Skipped phase2 of Reference Processing due to unavailable references
[882.403s][debug][gc,ref       ] GC(805) Skipped phase3 of Reference Processing due to unavailable references
[882.403s][debug][gc,ref       ] GC(805) Skipped phase4 of Reference Processing due to unavailable references
[882.403s][debug][gc,age       ] GC(805) Desired survivor size 15368192 bytes, new threshold 6 (max threshold 6)
[882.403s][info ][gc,heap      ] GC(805) ParNew: 242203K->1748K(270336K)
[882.403s][info ][gc,heap      ] GC(805) CMS: 423473K->423527K(645060K)
[882.403s][info ][gc,metaspace ] GC(805) Metaspace: 65626K->65626K(1110016K)
[882.403s][info ][gc           ] GC(805) Pause Young (Allocation Failure) 650M->415M(893M) 2.773ms
[882.403s][info ][gc,cpu       ] GC(805) User=0.01s Sys=0.00s Real=0.00s
[882.403s][info ][safepoint    ] Leaving safepoint region
[882.403s][info ][safepoint    ] Total time for which application threads were stopped: 0.0030222 seconds, Stopping threads took: 0.0001156 seconds
[886.404s][info ][safepoint    ] Application time: 4.0004505 seconds
[886.404s][info ][safepoint    ] Entering safepoint region: Cleanup
[886.404s][info ][safepoint    ] Leaving safepoint region
[886.404s][info ][safepoint    ] Total time for which application threads were stopped: 0.0001145 seconds, Stopping threads took: 0.0000443 seconds
[887.202s][info ][safepoint    ] Application time: 0.7979853 seconds
[887.202s][info ][safepoint    ] Entering safepoint region: GenCollectForAllocation
[887.202s][info ][gc,start     ] GC(806) Pause Young (Allocation Failure)
[887.202s][info ][gc,task      ] GC(806) Using 4 workers of 4 for evacuation
[887.205s][debug][gc,ref       ] GC(806) Skipped phase1 of Reference Processing due to unavailable references
[887.205s][debug][gc,ref       ] GC(806) Skipped phase2 of Reference Processing due to unavailable references
[887.205s][debug][gc,ref       ] GC(806) Skipped phase3 of Reference Processing due to unavailable references
[887.205s][debug][gc,ref       ] GC(806) Skipped phase4 of Reference Processing due to unavailable references
[887.205s][debug][gc,age       ] GC(806) Desired survivor size 15368192 bytes, new threshold 6 (max threshold 6)
[887.205s][info ][gc,heap      ] GC(806) ParNew: 242068K->1416K(270336K)
[887.205s][info ][gc,heap      ] GC(806) CMS: 423527K->423797K(645060K)
[887.205s][info ][gc,metaspace ] GC(806) Metaspace: 65636K->65636K(1110016K)
[887.205s][info ][gc           ] GC(806) Pause Young (Allocation Failure) 649M->415M(893M) 3.125ms
[887.205s][info ][gc,cpu       ] GC(806) User=0.01s Sys=0.00s Real=0.00s
[887.205s][info ][safepoint    ] Leaving safepoint region
[887.205s][info ][safepoint    ] Total time for which application threads were stopped: 0.0032968 seconds, Stopping threads took: 0.0000378 seconds
[892.200s][info ][safepoint    ] Application time: 4.9946230 seconds
[892.200s][info ][safepoint    ] Entering safepoint region: GenCollectForAllocation
[892.200s][info ][gc,start     ] GC(807) Pause Young (Allocation Failure)
[892.200s][info ][gc,task      ] GC(807) Using 4 workers of 4 for evacuation
[892.205s][debug][gc,ref       ] GC(807) Skipped phase1 of Reference Processing due to unavailable references
[892.205s][debug][gc,ref       ] GC(807) Skipped phase2 of Reference Processing due to unavailable references
[892.205s][debug][gc,ref       ] GC(807) Skipped phase3 of Reference Processing due to unavailable references
[892.205s][debug][gc,ref       ] GC(807) Skipped phase4 of Reference Processing due to unavailable references
[892.205s][debug][gc,age       ] GC(807) Desired survivor size 15368192 bytes, new threshold 6 (max threshold 6)
[892.205s][info ][gc,heap      ] GC(807) ParNew: 241736K->1480K(270336K)
[892.205s][info ][gc,heap      ] GC(807) CMS: 423797K->423900K(645060K)
[892.205s][info ][gc,metaspace ] GC(807) Metaspace: 65636K->65636K(1110016K)
[892.205s][info ][gc           ] GC(807) Pause Young (Allocation Failure) 649M->415M(893M) 4.911ms
[892.205s][info ][gc,cpu       ] GC(807) User=0.01s Sys=0.00s Real=0.00s
[892.205s][info ][safepoint    ] Leaving safepoint region
[892.205s][info ][safepoint    ] Total time for which application threads were stopped: 0.0051099 seconds, Stopping threads took: 0.0000657 seconds
[897.205s][info ][safepoint    ] Application time: 5.0004469 seconds
[897.205s][info ][safepoint    ] Entering safepoint region: Cleanup
[897.205s][info ][safepoint    ] Leaving safepoint region
[897.205s][info ][safepoint    ] Total time for which application threads were stopped: 0.0000950 seconds, Stopping threads took: 0.0000157 seconds
[897.603s][info ][safepoint    ] Application time: 0.3979286 seconds
[897.603s][info ][safepoint    ] Entering safepoint region: GenCollectForAllocation
[897.604s][info ][gc,start     ] GC(808) Pause Young (Allocation Failure)
[897.604s][info ][gc,task      ] GC(808) Using 4 workers of 4 for evacuation
[897.606s][debug][gc,ref       ] GC(808) Skipped phase1 of Reference Processing due to unavailable references
[897.606s][debug][gc,ref       ] GC(808) Skipped phase3 of Reference Processing due to unavailable references
[897.606s][debug][gc,age       ] GC(808) Desired survivor size 15368192 bytes, new threshold 6 (max threshold 6)
[897.606s][info ][gc,heap      ] GC(808) ParNew: 241800K->1688K(270336K)
[897.606s][info ][gc,heap      ] GC(808) CMS: 423900K->423940K(645060K)
[897.606s][info ][gc,metaspace ] GC(808) Metaspace: 65653K->65653K(1110016K)
[897.606s][info ][gc           ] GC(808) Pause Young (Allocation Failure) 650M->415M(893M) 2.639ms
[897.606s][info ][gc,cpu       ] GC(808) User=0.01s Sys=0.00s Real=0.00s
[897.606s][info ][safepoint    ] Leaving safepoint region
[897.606s][info ][safepoint    ] Total time for which application threads were stopped: 0.0027944 seconds, Stopping threads took: 0.0000173 seconds
[901.607s][info ][safepoint    ] Application time: 4.0003648 seconds
[901.607s][info ][safepoint    ] Entering safepoint region: Cleanup
[901.607s][info ][safepoint    ] Leaving safepoint region
[901.607s][info ][safepoint    ] Total time for which application threads were stopped: 0.0000942 seconds, Stopping threads took: 0.0000171 seconds
[902.607s][info ][safepoint    ] Application time: 1.0000885 seconds
[902.607s][info ][safepoint    ] Entering safepoint region: Cleanup
[902.607s][info ][safepoint    ] Leaving safepoint region
[902.607s][info ][safepoint    ] Total time for which application threads were stopped: 0.0000982 seconds, Stopping threads took: 0.0000369 seconds
[902.747s][info ][safepoint    ] Application time: 0.1402622 seconds
[902.747s][info ][safepoint    ] Entering safepoint region: GenCollectForAllocation
[902.747s][info ][gc,start     ] GC(809) Pause Young (Allocation Failure)
[902.747s][info ][gc,task      ] GC(809) Using 4 workers of 4 for evacuation
[902.750s][debug][gc,ref       ] GC(809) Skipped phase1 of Reference Processing due to unavailable references
[902.750s][debug][gc,ref       ] GC(809) Skipped phase3 of Reference Processing due to unavailable references
[902.750s][debug][gc,age       ] GC(809) Desired survivor size 15368192 bytes, new threshold 6 (max threshold 6)
[902.750s][info ][gc,heap      ] GC(809) ParNew: 242008K->1246K(270336K)
[902.750s][info ][gc,heap      ] GC(809) CMS: 423940K->424122K(645060K)
[902.750s][info ][gc,metaspace ] GC(809) Metaspace: 65672K->65672K(1110016K)
[902.750s][info ][gc           ] GC(809) Pause Young (Allocation Failure) 650M->415M(893M) 2.904ms
[902.750s][info ][gc,cpu       ] GC(809) User=0.01s Sys=0.00s Real=0.01s
[902.750s][info ][safepoint    ] Leaving safepoint region
[902.750s][info ][safepoint    ] Total time for which application threads were stopped: 0.0030671 seconds, Stopping threads took: 0.0000172 seconds
[903.750s][info ][safepoint    ] Application time: 1.0001044 seconds
[903.751s][info ][safepoint    ] Entering safepoint region: Cleanup
[903.751s][info ][safepoint    ] Leaving safepoint region
[903.751s][info ][safepoint    ] Total time for which application threads were stopped: 0.0001213 seconds, Stopping threads took: 0.0000443 seconds
[907.605s][info ][safepoint    ] Application time: 3.8539630 seconds
[907.605s][info ][safepoint    ] Entering safepoint region: GenCollectForAllocation
[907.605s][info ][gc,start     ] GC(810) Pause Young (Allocation Failure)
[907.605s][info ][gc,task      ] GC(810) Using 4 workers of 4 for evacuation
[907.608s][debug][gc,ref       ] GC(810) Skipped phase1 of Reference Processing due to unavailable references
[907.608s][debug][gc,ref       ] GC(810) Skipped phase3 of Reference Processing due to unavailable references
[907.608s][debug][gc,ref       ] GC(810) Skipped phase4 of Reference Processing due to unavailable references
[907.608s][debug][gc,age       ] GC(810) Desired survivor size 15368192 bytes, new threshold 6 (max threshold 6)
[907.608s][info ][gc,heap      ] GC(810) ParNew: 241566K->1469K(270336K)
[907.608s][info ][gc,heap      ] GC(810) CMS: 424122K->424232K(645060K)
[907.608s][info ][gc,metaspace ] GC(810) Metaspace: 65675K->65675K(1110016K)
[907.608s][info ][gc           ] GC(810) Pause Young (Allocation Failure) 650M->415M(893M) 3.261ms
[907.608s][info ][gc,cpu       ] GC(810) User=0.01s Sys=0.00s Real=0.01s
[907.608s][info ][safepoint    ] Leaving safepoint region
[907.608s][info ][safepoint    ] Total time for which application threads were stopped: 0.0035851 seconds, Stopping threads took: 0.0000581 seconds
[911.609s][info ][safepoint    ] Application time: 4.0003920 seconds
[911.609s][info ][safepoint    ] Entering safepoint region: Cleanup
[911.609s][info ][safepoint    ] Leaving safepoint region
[911.609s][info ][safepoint    ] Total time for which application threads were stopped: 0.0000938 seconds, Stopping threads took: 0.0000330 seconds
[912.853s][info ][safepoint    ] Application time: 1.2441052 seconds
[912.853s][info ][safepoint    ] Entering safepoint region: GenCollectForAllocation
[912.853s][info ][gc,start     ] GC(811) Pause Young (Allocation Failure)
[912.853s][info ][gc,task      ] GC(811) Using 4 workers of 4 for evacuation
[912.856s][debug][gc,ref       ] GC(811) Skipped phase1 of Reference Processing due to unavailable references
[912.856s][debug][gc,ref       ] GC(811) Skipped phase3 of Reference Processing due to unavailable references
[912.856s][debug][gc,ref       ] GC(811) Skipped phase4 of Reference Processing due to unavailable references
[912.856s][debug][gc,age       ] GC(811) Desired survivor size 15368192 bytes, new threshold 6 (max threshold 6)
[912.856s][info ][gc,heap      ] GC(811) ParNew: 241789K->1649K(270336K)
[912.856s][info ][gc,heap      ] GC(811) CMS: 424232K->424236K(645060K)
[912.856s][info ][gc,metaspace ] GC(811) Metaspace: 65677K->65677K(1110016K)
[912.856s][info ][gc           ] GC(811) Pause Young (Allocation Failure) 650M->415M(893M) 2.909ms
[912.856s][info ][gc,cpu       ] GC(811) User=0.00s Sys=0.00s Real=0.01s
[912.856s][info ][safepoint    ] Leaving safepoint region
[912.856s][info ][safepoint    ] Total time for which application threads were stopped: 0.0030506 seconds, Stopping threads took: 0.0000171 seconds
[916.856s][info ][safepoint    ] Application time: 4.0004006 seconds
[916.856s][info ][safepoint    ] Entering safepoint region: Cleanup
[916.857s][info ][safepoint    ] Leaving safepoint region
[916.857s][info ][safepoint    ] Total time for which application threads were stopped: 0.0001153 seconds, Stopping threads took: 0.0000164 seconds
[917.899s][info ][safepoint    ] Application time: 1.0423196 seconds
[917.899s][info ][safepoint    ] Entering safepoint region: GenCollectForAllocation
[917.899s][info ][gc,start     ] GC(812) Pause Young (Allocation Failure)
[917.899s][info ][gc,task      ] GC(812) Using 4 workers of 4 for evacuation
[917.901s][debug][gc,ref       ] GC(812) Skipped phase1 of Reference Processing due to unavailable references
[917.902s][debug][gc,ref       ] GC(812) Skipped phase3 of Reference Processing due to unavailable references
[917.902s][debug][gc,ref       ] GC(812) Skipped phase4 of Reference Processing due to unavailable references
[917.902s][debug][gc,age       ] GC(812) Desired survivor size 15368192 bytes, new threshold 6 (max threshold 6)
[917.902s][info ][gc,heap      ] GC(812) ParNew: 241969K->2139K(270336K)
[917.902s][info ][gc,heap      ] GC(812) CMS: 424236K->424411K(645060K)
[917.902s][info ][gc,metaspace ] GC(812) Metaspace: 65677K->65677K(1110016K)
[917.902s][info ][gc           ] GC(812) Pause Young (Allocation Failure) 650M->416M(893M) 2.761ms
[917.902s][info ][gc,cpu       ] GC(812) User=0.01s Sys=0.00s Real=0.00s
[917.902s][info ][safepoint    ] Leaving safepoint region
[917.902s][info ][safepoint    ] Total time for which application threads were stopped: 0.0029055 seconds, Stopping threads took: 0.0000175 seconds
[921.477s][info ][safepoint    ] Application time: 3.5752061 seconds
[921.477s][info ][safepoint    ] Entering safepoint region: GenCollectForAllocation
[921.477s][info ][gc,start     ] GC(813) Pause Young (Allocation Failure)
[921.477s][info ][gc,task      ] GC(813) Using 4 workers of 4 for evacuation
[921.483s][debug][gc,ref       ] GC(813) Skipped phase1 of Reference Processing due to unavailable references
[921.483s][debug][gc,ref       ] GC(813) Skipped phase3 of Reference Processing due to unavailable references
[921.483s][debug][gc,age       ] GC(813) Desired survivor size 15368192 bytes, new threshold 6 (max threshold 6)
[921.483s][info ][gc,heap      ] GC(813) ParNew: 242459K->10377K(270336K)
[921.483s][info ][gc,heap      ] GC(813) CMS: 424411K->424453K(645060K)
[921.483s][info ][gc,metaspace ] GC(813) Metaspace: 65678K->65678K(1110016K)
[921.483s][info ][gc           ] GC(813) Pause Young (Allocation Failure) 651M->424M(893M) 6.229ms
[921.483s][info ][gc,cpu       ] GC(813) User=0.03s Sys=0.00s Real=0.00s
[921.483s][info ][safepoint    ] Leaving safepoint region
[921.484s][info ][safepoint    ] Total time for which application threads were stopped: 0.0064316 seconds, Stopping threads took: 0.0000206 seconds
[922.484s][info ][safepoint    ] Application time: 1.0001659 seconds
[922.484s][info ][safepoint    ] Entering safepoint region: Cleanup
[922.484s][info ][safepoint    ] Leaving safepoint region
[922.484s][info ][safepoint    ] Total time for which application threads were stopped: 0.0000845 seconds, Stopping threads took: 0.0000171 seconds
[926.111s][info ][safepoint    ] Application time: 3.6268299 seconds
[926.111s][info ][safepoint    ] Entering safepoint region: GenCollectForAllocation
[926.111s][info ][gc,start     ] GC(814) Pause Young (Allocation Failure)
[926.111s][info ][gc,task      ] GC(814) Using 4 workers of 4 for evacuation
[926.114s][debug][gc,ref       ] GC(814) Skipped phase1 of Reference Processing due to unavailable references
[926.114s][debug][gc,ref       ] GC(814) Skipped phase3 of Reference Processing due to unavailable references
[926.114s][debug][gc,age       ] GC(814) Desired survivor size 15368192 bytes, new threshold 6 (max threshold 6)
[926.114s][info ][gc,heap      ] GC(814) ParNew: 250697K->7397K(270336K)
[926.114s][info ][gc,heap      ] GC(814) CMS: 424453K->424459K(645060K)
[926.114s][info ][gc,metaspace ] GC(814) Metaspace: 65678K->65678K(1110016K)
[926.114s][info ][gc           ] GC(814) Pause Young (Allocation Failure) 659M->421M(893M) 2.965ms
[926.114s][info ][gc,cpu       ] GC(814) User=0.01s Sys=0.00s Real=0.00s
[926.114s][info ][safepoint    ] Leaving safepoint region
[926.114s][info ][safepoint    ] Total time for which application threads were stopped: 0.0031487 seconds, Stopping threads took: 0.0000439 seconds
[928.114s][info ][safepoint    ] Application time: 2.0001824 seconds
[928.114s][info ][safepoint    ] Entering safepoint region: Cleanup
[928.114s][info ][safepoint    ] Leaving safepoint region
[928.114s][info ][safepoint    ] Total time for which application threads were stopped: 0.0000895 seconds, Stopping threads took: 0.0000212 seconds
[931.150s][info ][safepoint    ] Application time: 3.0356349 seconds
[931.150s][info ][safepoint    ] Entering safepoint region: GenCollectForAllocation
[931.150s][info ][gc,start     ] GC(815) Pause Young (Allocation Failure)
[931.150s][info ][gc,task      ] GC(815) Using 4 workers of 4 for evacuation
[931.153s][debug][gc,ref       ] GC(815) Skipped phase1 of Reference Processing due to unavailable references
[931.153s][debug][gc,ref       ] GC(815) Skipped phase3 of Reference Processing due to unavailable references
[931.153s][debug][gc,age       ] GC(815) Desired survivor size 15368192 bytes, new threshold 6 (max threshold 6)
[931.153s][info ][gc,heap      ] GC(815) ParNew: 247717K->2111K(270336K)
[931.153s][info ][gc,heap      ] GC(815) CMS: 424459K->424584K(645060K)
[931.153s][info ][gc,metaspace ] GC(815) Metaspace: 65700K->65700K(1110016K)
[931.153s][info ][gc           ] GC(815) Pause Young (Allocation Failure) 656M->416M(893M) 3.233ms
[931.153s][info ][gc,cpu       ] GC(815) User=0.01s Sys=0.00s Real=0.00s
[931.153s][info ][safepoint    ] Leaving safepoint region
[931.153s][info ][safepoint    ] Total time for which application threads were stopped: 0.0034202 seconds, Stopping threads took: 0.0000422 seconds
[934.154s][info ][safepoint    ] Application time: 3.0003294 seconds
[934.154s][info ][safepoint    ] Entering safepoint region: Cleanup
[934.154s][info ][safepoint    ] Leaving safepoint region
[934.154s][info ][safepoint    ] Total time for which application threads were stopped: 0.0001421 seconds, Stopping threads took: 0.0000610 seconds
[936.350s][info ][safepoint    ] Application time: 2.1964032 seconds
[936.350s][info ][safepoint    ] Entering safepoint region: GenCollectForAllocation
[936.350s][info ][gc,start     ] GC(816) Pause Young (Allocation Failure)
[936.350s][info ][gc,task      ] GC(816) Using 4 workers of 4 for evacuation
[936.353s][debug][gc,ref       ] GC(816) Skipped phase1 of Reference Processing due to unavailable references
[936.353s][debug][gc,ref       ] GC(816) Skipped phase3 of Reference Processing due to unavailable references
[936.353s][debug][gc,age       ] GC(816) Desired survivor size 15368192 bytes, new threshold 6 (max threshold 6)
[936.353s][info ][gc,heap      ] GC(816) ParNew: 242431K->1870K(270336K)
[936.353s][info ][gc,heap      ] GC(816) CMS: 424584K->424775K(645060K)
[936.353s][info ][gc,metaspace ] GC(816) Metaspace: 65701K->65701K(1110016K)
[936.353s][info ][gc           ] GC(816) Pause Young (Allocation Failure) 651M->416M(893M) 2.778ms
[936.353s][info ][gc,cpu       ] GC(816) User=0.01s Sys=0.00s Real=0.00s
[936.353s][info ][safepoint    ] Leaving safepoint region
[936.353s][info ][safepoint    ] Total time for which application threads were stopped: 0.0029371 seconds, Stopping threads took: 0.0000182 seconds
[939.353s][info ][safepoint    ] Application time: 3.0002834 seconds
[939.353s][info ][safepoint    ] Entering safepoint region: Cleanup
[939.354s][info ][safepoint    ] Leaving safepoint region
[939.354s][info ][safepoint    ] Total time for which application threads were stopped: 0.0001251 seconds, Stopping threads took: 0.0000426 seconds
[940.354s][info ][safepoint    ] Application time: 1.0001279 seconds
[940.354s][info ][safepoint    ] Entering safepoint region: Cleanup
[940.354s][info ][safepoint    ] Leaving safepoint region
[940.354s][info ][safepoint    ] Total time for which application threads were stopped: 0.0001189 seconds, Stopping threads took: 0.0000428 seconds
[941.350s][info ][safepoint    ] Application time: 0.9960958 seconds
[941.350s][info ][safepoint    ] Entering safepoint region: GenCollectForAllocation
[941.350s][info ][gc,start     ] GC(817) Pause Young (Allocation Failure)
[941.350s][info ][gc,task      ] GC(817) Using 4 workers of 4 for evacuation
[941.353s][debug][gc,ref       ] GC(817) Skipped phase1 of Reference Processing due to unavailable references
[941.353s][debug][gc,ref       ] GC(817) Skipped phase3 of Reference Processing due to unavailable references
[941.353s][debug][gc,age       ] GC(817) Desired survivor size 15368192 bytes, new threshold 6 (max threshold 6)
[941.353s][info ][gc,heap      ] GC(817) ParNew: 242190K->1305K(270336K)
[941.353s][info ][gc,heap      ] GC(817) CMS: 424775K->425015K(645060K)
[941.353s][info ][gc,metaspace ] GC(817) Metaspace: 65715K->65715K(1110016K)
[941.353s][info ][gc           ] GC(817) Pause Young (Allocation Failure) 651M->416M(893M) 2.839ms
[941.353s][info ][gc,cpu       ] GC(817) User=0.01s Sys=0.00s Real=0.00s
[941.353s][info ][safepoint    ] Leaving safepoint region
[941.353s][info ][safepoint    ] Total time for which application threads were stopped: 0.0030290 seconds, Stopping threads took: 0.0000449 seconds
[946.264s][info ][safepoint    ] Application time: 4.9112930 seconds
[946.264s][info ][safepoint    ] Entering safepoint region: GenCollectForAllocation
[946.264s][info ][gc,start     ] GC(818) Pause Young (Allocation Failure)
[946.265s][info ][gc,task      ] GC(818) Using 4 workers of 4 for evacuation
[946.267s][debug][gc,ref       ] GC(818) Skipped phase1 of Reference Processing due to unavailable references
[946.267s][debug][gc,ref       ] GC(818) Skipped phase3 of Reference Processing due to unavailable references
[946.267s][debug][gc,age       ] GC(818) Desired survivor size 15368192 bytes, new threshold 6 (max threshold 6)
[946.267s][info ][gc,heap      ] GC(818) ParNew: 241620K->1646K(270336K)
[946.267s][info ][gc,heap      ] GC(818) CMS: 425015K->425290K(645060K)
[946.267s][info ][gc,metaspace ] GC(818) Metaspace: 65718K->65718K(1110016K)
[946.268s][info ][gc           ] GC(818) Pause Young (Allocation Failure) 651M->416M(893M) 3.018ms
[946.268s][info ][gc,cpu       ] GC(818) User=0.01s Sys=0.00s Real=0.00s
[946.268s][info ][safepoint    ] Leaving safepoint region
[946.268s][info ][safepoint    ] Total time for which application threads were stopped: 0.0032089 seconds, Stopping threads took: 0.0000610 seconds
[948.268s][info ][safepoint    ] Application time: 2.0002225 seconds
[948.268s][info ][safepoint    ] Entering safepoint region: Cleanup
[948.268s][info ][safepoint    ] Leaving safepoint region
[948.268s][info ][safepoint    ] Total time for which application threads were stopped: 0.0001005 seconds, Stopping threads took: 0.0000351 seconds
[950.268s][info ][safepoint    ] Application time: 2.0002085 seconds
[950.268s][info ][safepoint    ] Entering safepoint region: Cleanup
[950.268s][info ][safepoint    ] Leaving safepoint region
[950.268s][info ][safepoint    ] Total time for which application threads were stopped: 0.0000799 seconds, Stopping threads took: 0.0000182 seconds
[951.400s][info ][safepoint    ] Application time: 1.1314151 seconds
[951.400s][info ][safepoint    ] Entering safepoint region: GenCollectForAllocation
[951.400s][info ][gc,start     ] GC(819) Pause Young (Allocation Failure)
[951.400s][info ][gc,task      ] GC(819) Using 4 workers of 4 for evacuation
[951.403s][debug][gc,ref       ] GC(819) Skipped phase1 of Reference Processing due to unavailable references
[951.403s][debug][gc,ref       ] GC(819) Skipped phase3 of Reference Processing due to unavailable references
[951.403s][debug][gc,age       ] GC(819) Desired survivor size 15368192 bytes, new threshold 6 (max threshold 6)
[951.403s][info ][gc,heap      ] GC(819) ParNew: 241966K->1109K(270336K)
[951.403s][info ][gc,heap      ] GC(819) CMS: 425290K->425394K(645060K)
[951.403s][info ][gc,metaspace ] GC(819) Metaspace: 65718K->65718K(1110016K)
[951.403s][info ][gc           ] GC(819) Pause Young (Allocation Failure) 651M->416M(893M) 3.130ms
[951.403s][info ][gc,cpu       ] GC(819) User=0.01s Sys=0.01s Real=0.00s
[951.403s][info ][safepoint    ] Leaving safepoint region
[951.403s][info ][safepoint    ] Total time for which application threads were stopped: 0.0033727 seconds, Stopping threads took: 0.0000954 seconds
[956.650s][info ][safepoint    ] Application time: 5.2468227 seconds
[956.650s][info ][safepoint    ] Entering safepoint region: GenCollectForAllocation
[956.650s][info ][gc,start     ] GC(820) Pause Young (Allocation Failure)
[956.650s][info ][gc,task      ] GC(820) Using 4 workers of 4 for evacuation
[956.653s][debug][gc,ref       ] GC(820) Skipped phase1 of Reference Processing due to unavailable references
[956.653s][debug][gc,ref       ] GC(820) Skipped phase3 of Reference Processing due to unavailable references
[956.653s][debug][gc,ref       ] GC(820) Skipped phase4 of Reference Processing due to unavailable references
[956.653s][debug][gc,age       ] GC(820) Desired survivor size 15368192 bytes, new threshold 6 (max threshold 6)
[956.653s][info ][gc,heap      ] GC(820) ParNew: 241429K->1121K(270336K)
[956.653s][info ][gc,heap      ] GC(820) CMS: 425394K->425461K(645060K)
[956.653s][info ][gc,metaspace ] GC(820) Metaspace: 65718K->65718K(1110016K)
[956.653s][info ][gc           ] GC(820) Pause Young (Allocation Failure) 651M->416M(893M) 2.796ms
[956.653s][info ][gc,cpu       ] GC(820) User=0.01s Sys=0.00s Real=0.00s
[956.653s][info ][safepoint    ] Leaving safepoint region
[956.653s][info ][safepoint    ] Total time for which application threads were stopped: 0.0029883 seconds, Stopping threads took: 0.0000452 seconds
[962.197s][info ][safepoint    ] Application time: 5.5437315 seconds
[962.197s][info ][safepoint    ] Entering safepoint region: GenCollectForAllocation
[962.197s][info ][gc,start     ] GC(821) Pause Young (Allocation Failure)
[962.197s][info ][gc,task      ] GC(821) Using 4 workers of 4 for evacuation
[962.199s][debug][gc,ref       ] GC(821) Skipped phase1 of Reference Processing due to unavailable references
[962.199s][debug][gc,ref       ] GC(821) Skipped phase2 of Reference Processing due to unavailable references
[962.199s][debug][gc,ref       ] GC(821) Skipped phase3 of Reference Processing due to unavailable references
[962.199s][debug][gc,ref       ] GC(821) Skipped phase4 of Reference Processing due to unavailable references
[962.200s][debug][gc,age       ] GC(821) Desired survivor size 15368192 bytes, new threshold 6 (max threshold 6)
[962.200s][info ][gc,heap      ] GC(821) ParNew: 241441K->815K(270336K)
[962.200s][info ][gc,heap      ] GC(821) CMS: 425461K->425617K(645060K)
[962.200s][info ][gc,metaspace ] GC(821) Metaspace: 65718K->65718K(1110016K)
[962.200s][info ][gc           ] GC(821) Pause Young (Allocation Failure) 651M->416M(893M) 3.007ms
[962.200s][info ][gc,cpu       ] GC(821) User=0.01s Sys=0.00s Real=0.00s
[962.200s][info ][safepoint    ] Leaving safepoint region
[962.200s][info ][safepoint    ] Total time for which application threads were stopped: 0.0031653 seconds, Stopping threads took: 0.0000202 seconds
[967.450s][info ][safepoint    ] Application time: 5.2496344 seconds
[967.450s][info ][safepoint    ] Entering safepoint region: GenCollectForAllocation
[967.450s][info ][gc,start     ] GC(822) Pause Young (Allocation Failure)
[967.450s][info ][gc,task      ] GC(822) Using 4 workers of 4 for evacuation
[967.452s][debug][gc,ref       ] GC(822) Skipped phase1 of Reference Processing due to unavailable references
[967.452s][debug][gc,ref       ] GC(822) Skipped phase2 of Reference Processing due to unavailable references
[967.452s][debug][gc,ref       ] GC(822) Skipped phase3 of Reference Processing due to unavailable references
[967.452s][debug][gc,ref       ] GC(822) Skipped phase4 of Reference Processing due to unavailable references
[967.452s][debug][gc,age       ] GC(822) Desired survivor size 15368192 bytes, new threshold 6 (max threshold 6)
[967.452s][info ][gc,heap      ] GC(822) ParNew: 241135K->1053K(270336K)
[967.452s][info ][gc,heap      ] GC(822) CMS: 425617K->425677K(645060K)
[967.452s][info ][gc,metaspace ] GC(822) Metaspace: 65718K->65718K(1110016K)
[967.452s][info ][gc           ] GC(822) Pause Young (Allocation Failure) 651M->416M(893M) 2.717ms
[967.452s][info ][gc,cpu       ] GC(822) User=0.01s Sys=0.00s Real=0.00s
[967.452s][info ][safepoint    ] Leaving safepoint region
[967.452s][info ][safepoint    ] Total time for which application threads were stopped: 0.0029284 seconds, Stopping threads took: 0.0000656 seconds
[972.855s][info ][safepoint    ] Application time: 5.4022905 seconds
[972.855s][info ][safepoint    ] Entering safepoint region: GenCollectForAllocation
[972.855s][info ][gc,start     ] GC(823) Pause Young (Allocation Failure)
[972.855s][info ][gc,task      ] GC(823) Using 4 workers of 4 for evacuation
[972.857s][debug][gc,ref       ] GC(823) Skipped phase1 of Reference Processing due to unavailable references
[972.857s][debug][gc,ref       ] GC(823) Skipped phase2 of Reference Processing due to unavailable references
[972.857s][debug][gc,ref       ] GC(823) Skipped phase3 of Reference Processing due to unavailable references
[972.857s][debug][gc,ref       ] GC(823) Skipped phase4 of Reference Processing due to unavailable references
[972.858s][debug][gc,age       ] GC(823) Desired survivor size 15368192 bytes, new threshold 6 (max threshold 6)
[972.858s][info ][gc,heap      ] GC(823) ParNew: 241373K->843K(270336K)
[972.858s][info ][gc,heap      ] GC(823) CMS: 425677K->425845K(645060K)
[972.858s][info ][gc,metaspace ] GC(823) Metaspace: 65719K->65719K(1110016K)
[972.858s][info ][gc           ] GC(823) Pause Young (Allocation Failure) 651M->416M(893M) 2.628ms
[972.858s][info ][gc,cpu       ] GC(823) User=0.01s Sys=0.00s Real=0.01s
[972.858s][info ][safepoint    ] Leaving safepoint region
[972.858s][info ][safepoint    ] Total time for which application threads were stopped: 0.0028035 seconds, Stopping threads took: 0.0000177 seconds
[976.858s][info ][safepoint    ] Application time: 4.0004651 seconds
[976.858s][info ][safepoint    ] Entering safepoint region: Cleanup
[976.858s][info ][safepoint    ] Leaving safepoint region
[976.858s][info ][safepoint    ] Total time for which application threads were stopped: 0.0000920 seconds, Stopping threads took: 0.0000205 seconds
[978.298s][info ][safepoint    ] Application time: 1.4401909 seconds
[978.298s][info ][safepoint    ] Entering safepoint region: GenCollectForAllocation
[978.299s][info ][gc,start     ] GC(824) Pause Young (Allocation Failure)
[978.299s][info ][gc,task      ] GC(824) Using 4 workers of 4 for evacuation
[978.301s][debug][gc,ref       ] GC(824) Skipped phase1 of Reference Processing due to unavailable references
[978.301s][debug][gc,ref       ] GC(824) Skipped phase2 of Reference Processing due to unavailable references
[978.301s][debug][gc,ref       ] GC(824) Skipped phase3 of Reference Processing due to unavailable references
[978.301s][debug][gc,ref       ] GC(824) Skipped phase4 of Reference Processing due to unavailable references
[978.301s][debug][gc,age       ] GC(824) Desired survivor size 15368192 bytes, new threshold 6 (max threshold 6)
[978.301s][info ][gc,heap      ] GC(824) ParNew: 241163K->1181K(270336K)
[978.301s][info ][gc,heap      ] GC(824) CMS: 425845K->425981K(645060K)
[978.301s][info ][gc,metaspace ] GC(824) Metaspace: 65725K->65725K(1110016K)
[978.301s][info ][gc           ] GC(824) Pause Young (Allocation Failure) 651M->417M(893M) 2.526ms
[978.301s][info ][gc,cpu       ] GC(824) User=0.01s Sys=0.00s Real=0.00s
[978.301s][info ][safepoint    ] Leaving safepoint region
[978.301s][info ][safepoint    ] Total time for which application threads were stopped: 0.0026891 seconds, Stopping threads took: 0.0000202 seconds
[981.560s][info ][safepoint    ] Application time: 3.2587602 seconds
[981.560s][info ][safepoint    ] Entering safepoint region: RevokeBias
[981.560s][info ][safepoint    ] Leaving safepoint region
[981.560s][info ][safepoint    ] Total time for which application threads were stopped: 0.0000985 seconds, Stopping threads took: 0.0000179 seconds
[981.980s][info ][safepoint    ] Application time: 0.4200403 seconds
[981.980s][info ][safepoint    ] Entering safepoint region: RevokeBias
[981.980s][info ][safepoint    ] Leaving safepoint region
[981.980s][info ][safepoint    ] Total time for which application threads were stopped: 0.0000976 seconds, Stopping threads took: 0.0000188 seconds
[981.983s][info ][safepoint    ] Application time: 0.0026020 seconds
[981.983s][info ][safepoint    ] Entering safepoint region: RevokeBias
[981.983s][info ][safepoint    ] Leaving safepoint region
[981.983s][info ][safepoint    ] Total time for which application threads were stopped: 0.0001006 seconds, Stopping threads took: 0.0000584 seconds
[981.983s][info ][safepoint    ] Application time: 0.0001004 seconds
[981.983s][info ][safepoint    ] Entering safepoint region: RevokeBias
[981.983s][info ][safepoint    ] Leaving safepoint region
[981.983s][info ][safepoint    ] Total time for which application threads were stopped: 0.0000320 seconds, Stopping threads took: 0.0000086 seconds
[983.704s][info ][safepoint    ] Application time: 1.7206093 seconds
[983.704s][info ][safepoint    ] Entering safepoint region: GenCollectForAllocation
[983.704s][info ][gc,start     ] GC(825) Pause Young (Allocation Failure)
[983.704s][info ][gc,task      ] GC(825) Using 4 workers of 4 for evacuation
[983.706s][debug][gc,ref       ] GC(825) Skipped phase1 of Reference Processing due to unavailable references
[983.706s][debug][gc,ref       ] GC(825) Skipped phase2 of Reference Processing due to unavailable references
[983.706s][debug][gc,ref       ] GC(825) Skipped phase3 of Reference Processing due to unavailable references
[983.706s][debug][gc,ref       ] GC(825) Skipped phase4 of Reference Processing due to unavailable references
[983.706s][debug][gc,age       ] GC(825) Desired survivor size 15368192 bytes, new threshold 6 (max threshold 6)
[983.706s][info ][gc,heap      ] GC(825) ParNew: 241501K->885K(270336K)
[983.706s][info ][gc,heap      ] GC(825) CMS: 425981K->425997K(645060K)
[983.706s][info ][gc,metaspace ] GC(825) Metaspace: 65726K->65726K(1110016K)
[983.706s][info ][gc           ] GC(825) Pause Young (Allocation Failure) 651M->416M(893M) 2.446ms
[983.706s][info ][gc,cpu       ] GC(825) User=0.01s Sys=0.00s Real=0.00s
[983.706s][info ][safepoint    ] Leaving safepoint region
[983.706s][info ][safepoint    ] Total time for which application threads were stopped: 0.0026188 seconds, Stopping threads took: 0.0000171 seconds
[989.100s][info ][safepoint    ] Application time: 5.3932633 seconds
[989.100s][info ][safepoint    ] Entering safepoint region: GenCollectForAllocation
[989.100s][info ][gc,start     ] GC(826) Pause Young (Allocation Failure)
[989.100s][info ][gc,task      ] GC(826) Using 4 workers of 4 for evacuation
[989.102s][debug][gc,ref       ] GC(826) Skipped phase1 of Reference Processing due to unavailable references
[989.102s][debug][gc,ref       ] GC(826) Skipped phase2 of Reference Processing due to unavailable references
[989.102s][debug][gc,ref       ] GC(826) Skipped phase3 of Reference Processing due to unavailable references
[989.102s][debug][gc,ref       ] GC(826) Skipped phase4 of Reference Processing due to unavailable references
[989.102s][debug][gc,age       ] GC(826) Desired survivor size 15368192 bytes, new threshold 6 (max threshold 6)
[989.102s][info ][gc,heap      ] GC(826) ParNew: 241205K->1018K(270336K)
[989.102s][info ][gc,heap      ] GC(826) CMS: 425997K->426120K(645060K)
[989.102s][info ][gc,metaspace ] GC(826) Metaspace: 65731K->65731K(1110016K)
[989.102s][info ][gc           ] GC(826) Pause Young (Allocation Failure) 651M->417M(893M) 2.504ms
[989.102s][info ][gc,cpu       ] GC(826) User=0.01s Sys=0.00s Real=0.00s
[989.102s][info ][safepoint    ] Leaving safepoint region
[989.102s][info ][safepoint    ] Total time for which application threads were stopped: 0.0027173 seconds, Stopping threads took: 0.0000782 seconds
[990.102s][info ][safepoint    ] Application time: 1.0001017 seconds
[990.103s][info ][safepoint    ] Entering safepoint region: Cleanup
[990.103s][info ][safepoint    ] Leaving safepoint region
[990.103s][info ][safepoint    ] Total time for which application threads were stopped: 0.0001168 seconds, Stopping threads took: 0.0000463 seconds
[994.150s][info ][safepoint    ] Application time: 4.0474124 seconds
[994.150s][info ][safepoint    ] Entering safepoint region: GenCollectForAllocation
[994.150s][info ][gc,start     ] GC(827) Pause Young (Allocation Failure)
[994.150s][info ][gc,task      ] GC(827) Using 4 workers of 4 for evacuation
[994.153s][debug][gc,ref       ] GC(827) Skipped phase1 of Reference Processing due to unavailable references
[994.153s][debug][gc,ref       ] GC(827) Skipped phase2 of Reference Processing due to unavailable references
[994.153s][debug][gc,ref       ] GC(827) Skipped phase3 of Reference Processing due to unavailable references
[994.153s][debug][gc,ref       ] GC(827) Skipped phase4 of Reference Processing due to unavailable references
[994.153s][debug][gc,age       ] GC(827) Desired survivor size 15368192 bytes, new threshold 6 (max threshold 6)
[994.153s][info ][gc,heap      ] GC(827) ParNew: 241338K->1436K(270336K)
[994.153s][info ][gc,heap      ] GC(827) CMS: 426120K->426121K(645060K)
[994.153s][info ][gc,metaspace ] GC(827) Metaspace: 65731K->65731K(1110016K)
[994.153s][info ][gc           ] GC(827) Pause Young (Allocation Failure) 651M->417M(893M) 2.821ms
[994.153s][info ][gc,cpu       ] GC(827) User=0.01s Sys=0.00s Real=0.00s
[994.153s][info ][safepoint    ] Leaving safepoint region
[994.153s][info ][safepoint    ] Total time for which application threads were stopped: 0.0030153 seconds, Stopping threads took: 0.0000505 seconds
[999.249s][info ][safepoint    ] Application time: 5.0954025 seconds
[999.249s][info ][safepoint    ] Entering safepoint region: GenCollectForAllocation
[999.249s][info ][gc,start     ] GC(828) Pause Young (Allocation Failure)
[999.249s][info ][gc,task      ] GC(828) Using 4 workers of 4 for evacuation
[999.251s][debug][gc,ref       ] GC(828) Skipped phase1 of Reference Processing due to unavailable references
[999.251s][debug][gc,ref       ] GC(828) Skipped phase2 of Reference Processing due to unavailable references
[999.251s][debug][gc,ref       ] GC(828) Skipped phase3 of Reference Processing due to unavailable references
[999.251s][debug][gc,ref       ] GC(828) Skipped phase4 of Reference Processing due to unavailable references
[999.251s][debug][gc,age       ] GC(828) Desired survivor size 15368192 bytes, new threshold 6 (max threshold 6)
[999.251s][info ][gc,heap      ] GC(828) ParNew: 241756K->1394K(270336K)
[999.251s][info ][gc,heap      ] GC(828) CMS: 426121K->426209K(645060K)
[999.251s][info ][gc,metaspace ] GC(828) Metaspace: 65731K->65731K(1110016K)
[999.251s][info ][gc           ] GC(828) Pause Young (Allocation Failure) 652M->417M(893M) 2.726ms
[999.251s][info ][gc,cpu       ] GC(828) User=0.01s Sys=0.00s Real=0.00s
[999.251s][info ][safepoint    ] Leaving safepoint region
[999.251s][info ][safepoint    ] Total time for which application threads were stopped: 0.0028750 seconds, Stopping threads took: 0.0000177 seconds
[1000.252s][info ][safepoint    ] Application time: 1.0001391 seconds
[1000.252s][info ][safepoint    ] Entering safepoint region: Cleanup
[1000.252s][info ][safepoint    ] Leaving safepoint region
[1000.252s][info ][safepoint    ] Total time for which application threads were stopped: 0.0001352 seconds, Stopping threads took: 0.0000450 seconds
[1001.252s][info ][safepoint    ] Application time: 1.0001440 seconds
[1001.252s][info ][safepoint    ] Entering safepoint region: Cleanup
[1001.252s][info ][safepoint    ] Leaving safepoint region
[1001.252s][info ][safepoint    ] Total time for which application threads were stopped: 0.0001001 seconds, Stopping threads took: 0.0000359 seconds
[1002.252s][info ][safepoint    ] Application time: 1.0001030 seconds
[1002.252s][info ][safepoint    ] Entering safepoint region: Cleanup
[1002.252s][info ][safepoint    ] Leaving safepoint region
[1002.252s][info ][safepoint    ] Total time for which application threads were stopped: 0.0001390 seconds, Stopping threads took: 0.0000677 seconds
[1003.252s][info ][safepoint    ] Application time: 1.0001416 seconds
[1003.253s][info ][safepoint    ] Entering safepoint region: Cleanup
[1003.253s][info ][safepoint    ] Leaving safepoint region
[1003.253s][info ][safepoint    ] Total time for which application threads were stopped: 0.0001119 seconds, Stopping threads took: 0.0000447 seconds
[1004.101s][info ][safepoint    ] Application time: 0.8480423 seconds
[1004.101s][info ][safepoint    ] Entering safepoint region: GenCollectForAllocation
[1004.101s][info ][gc,start     ] GC(829) Pause Young (Allocation Failure)
[1004.101s][info ][gc,task      ] GC(829) Using 4 workers of 4 for evacuation
[1004.103s][debug][gc,ref       ] GC(829) Skipped phase1 of Reference Processing due to unavailable references
[1004.103s][debug][gc,ref       ] GC(829) Skipped phase2 of Reference Processing due to unavailable references
[1004.103s][debug][gc,ref       ] GC(829) Skipped phase3 of Reference Processing due to unavailable references
[1004.103s][debug][gc,ref       ] GC(829) Skipped phase4 of Reference Processing due to unavailable references
[1004.103s][debug][gc,age       ] GC(829) Desired survivor size 15368192 bytes, new threshold 6 (max threshold 6)
[1004.103s][info ][gc,heap      ] GC(829) ParNew: 241714K->1646K(270336K)
[1004.103s][info ][gc,heap      ] GC(829) CMS: 426209K->426319K(645060K)
[1004.103s][info ][gc,metaspace ] GC(829) Metaspace: 65731K->65731K(1110016K)
[1004.103s][info ][gc           ] GC(829) Pause Young (Allocation Failure) 652M->417M(893M) 2.660ms
[1004.103s][info ][gc,cpu       ] GC(829) User=0.01s Sys=0.00s Real=0.00s
[1004.103s][info ][safepoint    ] Leaving safepoint region
[1004.103s][info ][safepoint    ] Total time for which application threads were stopped: 0.0028116 seconds, Stopping threads took: 0.0000178 seconds
[1005.104s][info ][safepoint    ] Application time: 1.0000945 seconds
[1005.104s][info ][safepoint    ] Entering safepoint region: Cleanup
[1005.104s][info ][safepoint    ] Leaving safepoint region
[1005.104s][info ][safepoint    ] Total time for which application threads were stopped: 0.0001201 seconds, Stopping threads took: 0.0000441 seconds
[1006.104s][info ][safepoint    ] Application time: 1.0001360 seconds
[1006.104s][info ][safepoint    ] Entering safepoint region: Cleanup
[1006.104s][info ][safepoint    ] Leaving safepoint region
[1006.104s][info ][safepoint    ] Total time for which application threads were stopped: 0.0001403 seconds, Stopping threads took: 0.0000712 seconds
[1007.104s][info ][safepoint    ] Application time: 1.0001337 seconds
[1007.104s][info ][safepoint    ] Entering safepoint region: Cleanup
[1007.104s][info ][safepoint    ] Leaving safepoint region
[1007.104s][info ][safepoint    ] Total time for which application threads were stopped: 0.0001380 seconds, Stopping threads took: 0.0000620 seconds
[1008.104s][info ][safepoint    ] Application time: 1.0000851 seconds
[1008.105s][info ][safepoint    ] Entering safepoint region: Cleanup
[1008.105s][info ][safepoint    ] Leaving safepoint region
[1008.105s][info ][safepoint    ] Total time for which application threads were stopped: 0.0001147 seconds, Stopping threads took: 0.0000468 seconds
[1009.105s][info ][safepoint    ] Application time: 1.0000926 seconds
[1009.105s][info ][safepoint    ] Entering safepoint region: Cleanup
[1009.105s][info ][safepoint    ] Leaving safepoint region
[1009.105s][info ][safepoint    ] Total time for which application threads were stopped: 0.0001153 seconds, Stopping threads took: 0.0000477 seconds
[1009.201s][info ][safepoint    ] Application time: 0.0958173 seconds
[1009.201s][info ][safepoint    ] Entering safepoint region: GenCollectForAllocation
[1009.201s][info ][gc,start     ] GC(830) Pause Young (Allocation Failure)
[1009.201s][info ][gc,task      ] GC(830) Using 4 workers of 4 for evacuation
[1009.204s][debug][gc,ref       ] GC(830) Skipped phase1 of Reference Processing due to unavailable references
[1009.204s][debug][gc,ref       ] GC(830) Skipped phase2 of Reference Processing due to unavailable references
[1009.204s][debug][gc,ref       ] GC(830) Skipped phase3 of Reference Processing due to unavailable references
[1009.204s][debug][gc,ref       ] GC(830) Skipped phase4 of Reference Processing due to unavailable references
[1009.204s][debug][gc,age       ] GC(830) Desired survivor size 15368192 bytes, new threshold 6 (max threshold 6)
[1009.204s][info ][gc,heap      ] GC(830) ParNew: 241966K->1863K(270336K)
[1009.204s][info ][gc,heap      ] GC(830) CMS: 426319K->426430K(645060K)
[1009.204s][info ][gc,metaspace ] GC(830) Metaspace: 65739K->65739K(1110016K)
[1009.204s][info ][gc           ] GC(830) Pause Young (Allocation Failure) 652M->418M(893M) 3.271ms
[1009.204s][info ][gc,cpu       ] GC(830) User=0.02s Sys=0.00s Real=0.00s
[1009.204s][info ][safepoint    ] Leaving safepoint region
[1009.204s][info ][safepoint    ] Total time for which application threads were stopped: 0.0034555 seconds, Stopping threads took: 0.0000447 seconds
[1010.204s][info ][safepoint    ] Application time: 1.0000997 seconds
[1010.204s][info ][safepoint    ] Entering safepoint region: Cleanup
[1010.204s][info ][safepoint    ] Leaving safepoint region
[1010.204s][info ][safepoint    ] Total time for which application threads were stopped: 0.0000837 seconds, Stopping threads took: 0.0000161 seconds
[1011.205s][info ][safepoint    ] Application time: 1.0000822 seconds
[1011.205s][info ][safepoint    ] Entering safepoint region: Cleanup
[1011.205s][info ][safepoint    ] Leaving safepoint region
[1011.205s][info ][safepoint    ] Total time for which application threads were stopped: 0.0001521 seconds, Stopping threads took: 0.0000892 seconds
[1012.205s][info ][safepoint    ] Application time: 1.0000928 seconds
[1012.205s][info ][safepoint    ] Entering safepoint region: Cleanup
[1012.205s][info ][safepoint    ] Leaving safepoint region
[1012.205s][info ][safepoint    ] Total time for which application threads were stopped: 0.0001029 seconds, Stopping threads took: 0.0000320 seconds
[1013.205s][info ][safepoint    ] Application time: 1.0001418 seconds
[1013.205s][info ][safepoint    ] Entering safepoint region: Cleanup
[1013.205s][info ][safepoint    ] Leaving safepoint region
[1013.205s][info ][safepoint    ] Total time for which application threads were stopped: 0.0000845 seconds, Stopping threads took: 0.0000172 seconds
[1014.148s][info ][safepoint    ] Application time: 0.9427033 seconds
[1014.148s][info ][safepoint    ] Entering safepoint region: GenCollectForAllocation
[1014.148s][info ][gc,start     ] GC(831) Pause Young (Allocation Failure)
[1014.148s][info ][gc,task      ] GC(831) Using 4 workers of 4 for evacuation
[1014.151s][debug][gc,ref       ] GC(831) Skipped phase1 of Reference Processing due to unavailable references
[1014.151s][debug][gc,ref       ] GC(831) Skipped phase3 of Reference Processing due to unavailable references
[1014.151s][debug][gc,age       ] GC(831) Desired survivor size 15368192 bytes, new threshold 6 (max threshold 6)
[1014.151s][info ][gc,heap      ] GC(831) ParNew: 242183K->1405K(270336K)
[1014.151s][info ][gc,heap      ] GC(831) CMS: 426430K->426527K(645060K)
[1014.151s][info ][gc,metaspace ] GC(831) Metaspace: 65756K->65756K(1110016K)
[1014.151s][info ][gc           ] GC(831) Pause Young (Allocation Failure) 652M->417M(893M) 2.886ms
[1014.151s][info ][gc,cpu       ] GC(831) User=0.01s Sys=0.00s Real=0.00s
[1014.151s][info ][safepoint    ] Leaving safepoint region
[1014.151s][info ][safepoint    ] Total time for which application threads were stopped: 0.0030615 seconds, Stopping threads took: 0.0000173 seconds
[1015.151s][info ][safepoint    ] Application time: 1.0001110 seconds
[1015.151s][info ][safepoint    ] Entering safepoint region: Cleanup
[1015.151s][info ][safepoint    ] Leaving safepoint region
[1015.151s][info ][safepoint    ] Total time for which application threads were stopped: 0.0001047 seconds, Stopping threads took: 0.0000425 seconds
[1016.151s][info ][safepoint    ] Application time: 1.0000926 seconds
[1016.151s][info ][safepoint    ] Entering safepoint region: Cleanup
[1016.152s][info ][safepoint    ] Leaving safepoint region
[1016.152s][info ][safepoint    ] Total time for which application threads were stopped: 0.0001355 seconds, Stopping threads took: 0.0000706 seconds
[1017.152s][info ][safepoint    ] Application time: 1.0000885 seconds
[1017.152s][info ][safepoint    ] Entering safepoint region: Cleanup
[1017.152s][info ][safepoint    ] Leaving safepoint region
[1017.152s][info ][safepoint    ] Total time for which application threads were stopped: 0.0001031 seconds, Stopping threads took: 0.0000432 seconds
[1018.152s][info ][safepoint    ] Application time: 1.0000921 seconds
[1018.152s][info ][safepoint    ] Entering safepoint region: Cleanup
[1018.152s][info ][safepoint    ] Leaving safepoint region
[1018.152s][info ][safepoint    ] Total time for which application threads were stopped: 0.0001305 seconds, Stopping threads took: 0.0000616 seconds
[1019.152s][info ][safepoint    ] Application time: 1.0001284 seconds
[1019.152s][info ][safepoint    ] Entering safepoint region: Cleanup
[1019.152s][info ][safepoint    ] Leaving safepoint region
[1019.152s][info ][safepoint    ] Total time for which application threads were stopped: 0.0001243 seconds, Stopping threads took: 0.0000568 seconds
[1019.177s][info ][safepoint    ] Application time: 0.0248941 seconds
[1019.177s][info ][safepoint    ] Entering safepoint region: GenCollectForAllocation
[1019.177s][info ][gc,start     ] GC(832) Pause Young (Allocation Failure)
[1019.178s][info ][gc,task      ] GC(832) Using 4 workers of 4 for evacuation
[1019.181s][debug][gc,ref       ] GC(832) Skipped phase1 of Reference Processing due to unavailable references
[1019.181s][debug][gc,ref       ] GC(832) Skipped phase3 of Reference Processing due to unavailable references
[1019.181s][debug][gc,age       ] GC(832) Desired survivor size 15368192 bytes, new threshold 6 (max threshold 6)
[1019.182s][info ][gc,heap      ] GC(832) ParNew: 241725K->4583K(270336K)
[1019.182s][info ][gc,heap      ] GC(832) CMS: 426527K->426639K(645060K)
[1019.182s][info ][gc,metaspace ] GC(832) Metaspace: 65757K->65757K(1110016K)
[1019.182s][info ][gc           ] GC(832) Pause Young (Allocation Failure) 652M->421M(893M) 4.060ms
[1019.182s][info ][gc,cpu       ] GC(832) User=0.02s Sys=0.00s Real=0.00s
[1019.182s][info ][safepoint    ] Leaving safepoint region
[1019.182s][info ][safepoint    ] Total time for which application threads were stopped: 0.0042851 seconds, Stopping threads took: 0.0000824 seconds
[1019.859s][info ][safepoint    ] Application time: 0.6774393 seconds
[1019.859s][info ][safepoint    ] Entering safepoint region: GenCollectForAllocation
[1019.859s][info ][gc,start     ] GC(833) Pause Young (Allocation Failure)
[1019.859s][info ][gc,task      ] GC(833) Using 4 workers of 4 for evacuation
[1019.873s][debug][gc,ref       ] GC(833) Skipped phase1 of Reference Processing due to unavailable references
[1019.873s][debug][gc,ref       ] GC(833) Skipped phase3 of Reference Processing due to unavailable references
[1019.874s][debug][gc,age       ] GC(833) Desired survivor size 15368192 bytes, new threshold 1 (max threshold 6)
[1019.874s][info ][gc,heap      ] GC(833) ParNew: 244903K->27334K(270336K)
[1019.874s][info ][gc,heap      ] GC(833) CMS: 426639K->426843K(645060K)
[1019.874s][info ][gc,metaspace ] GC(833) Metaspace: 65775K->65775K(1110016K)
[1019.874s][info ][gc           ] GC(833) Pause Young (Allocation Failure) 655M->443M(893M) 14.428ms
[1019.874s][info ][gc,cpu       ] GC(833) User=0.06s Sys=0.00s Real=0.01s
[1019.874s][info ][safepoint    ] Leaving safepoint region
[1019.874s][info ][safepoint    ] Total time for which application threads were stopped: 0.0147216 seconds, Stopping threads took: 0.0000678 seconds
[1020.620s][info ][safepoint    ] Application time: 0.7466102 seconds
[1020.620s][info ][safepoint    ] Entering safepoint region: GenCollectForAllocation
[1020.621s][info ][gc,start     ] GC(834) Pause Young (Allocation Failure)
[1020.621s][info ][gc,task      ] GC(834) Using 4 workers of 4 for evacuation
[1020.646s][debug][gc,ref       ] GC(834) Skipped phase1 of Reference Processing due to unavailable references
[1020.646s][debug][gc,ref       ] GC(834) Skipped phase3 of Reference Processing due to unavailable references
[1020.646s][debug][gc,age       ] GC(834) Desired survivor size 15368192 bytes, new threshold 1 (max threshold 6)
[1020.646s][info ][gc,heap      ] GC(834) ParNew: 267630K->30016K(270336K)
[1020.646s][info ][gc,heap      ] GC(834) CMS: 426843K->447387K(645060K)
[1020.646s][info ][gc,metaspace ] GC(834) Metaspace: 65792K->65792K(1110016K)
[1020.646s][info ][gc           ] GC(834) Pause Young (Allocation Failure) 678M->466M(893M) 25.195ms
[1020.646s][info ][gc,cpu       ] GC(834) User=0.12s Sys=0.00s Real=0.02s
[1020.646s][info ][safepoint    ] Leaving safepoint region
[1020.646s][info ][safepoint    ] Total time for which application threads were stopped: 0.0254314 seconds, Stopping threads took: 0.0000416 seconds
[1021.550s][info ][safepoint    ] Application time: 0.9038038 seconds
[1021.550s][info ][safepoint    ] Entering safepoint region: GenCollectForAllocation
[1021.550s][info ][gc,start     ] GC(835) Pause Young (Allocation Failure)
[1021.550s][info ][gc,task      ] GC(835) Using 4 workers of 4 for evacuation
[1021.565s][debug][gc,ref       ] GC(835) Skipped phase1 of Reference Processing due to unavailable references
[1021.565s][debug][gc,ref       ] GC(835) Skipped phase2 of Reference Processing due to unavailable references
[1021.565s][debug][gc,ref       ] GC(835) Skipped phase3 of Reference Processing due to unavailable references
[1021.565s][debug][gc,ref       ] GC(835) Skipped phase4 of Reference Processing due to unavailable references
[1021.566s][debug][gc,age       ] GC(835) Desired survivor size 15368192 bytes, new threshold 6 (max threshold 6)
[1021.566s][info ][gc,heap      ] GC(835) ParNew: 270336K->11715K(270336K)
[1021.566s][info ][gc,heap      ] GC(835) CMS: 447387K->463639K(645060K)
[1021.566s][info ][gc,metaspace ] GC(835) Metaspace: 65795K->65795K(1110016K)
[1021.566s][info ][gc           ] GC(835) Pause Young (Allocation Failure) 700M->464M(893M) 15.900ms
[1021.566s][info ][gc,cpu       ] GC(835) User=0.06s Sys=0.00s Real=0.01s
[1021.566s][info ][safepoint    ] Leaving safepoint region
[1021.566s][info ][safepoint    ] Total time for which application threads were stopped: 0.0160748 seconds, Stopping threads took: 0.0000192 seconds
[1022.504s][info ][safepoint    ] Application time: 0.9377930 seconds
[1022.504s][info ][safepoint    ] Entering safepoint region: GenCollectForAllocation
[1022.504s][info ][gc,start     ] GC(836) Pause Young (Allocation Failure)
[1022.504s][info ][gc,task      ] GC(836) Using 4 workers of 4 for evacuation
[1022.508s][debug][gc,ref       ] GC(836) Skipped phase1 of Reference Processing due to unavailable references
[1022.508s][debug][gc,ref       ] GC(836) Skipped phase3 of Reference Processing due to unavailable references
[1022.509s][debug][gc,age       ] GC(836) Desired survivor size 15368192 bytes, new threshold 6 (max threshold 6)
[1022.509s][info ][gc,heap      ] GC(836) ParNew: 252035K->4459K(270336K)
[1022.509s][info ][gc,heap      ] GC(836) CMS: 463639K->463639K(645060K)
[1022.509s][info ][gc,metaspace ] GC(836) Metaspace: 65835K->65835K(1110016K)
[1022.509s][info ][gc           ] GC(836) Pause Young (Allocation Failure) 698M->457M(893M) 4.974ms
[1022.509s][info ][gc,cpu       ] GC(836) User=0.02s Sys=0.00s Real=0.01s
[1022.509s][info ][safepoint    ] Leaving safepoint region
[1022.509s][info ][safepoint    ] Total time for which application threads were stopped: 0.0051917 seconds, Stopping threads took: 0.0000387 seconds
[1023.439s][info ][safepoint    ] Application time: 0.9306618 seconds
[1023.440s][info ][safepoint    ] Entering safepoint region: GenCollectForAllocation
[1023.440s][info ][gc,start     ] GC(837) Pause Young (Allocation Failure)
[1023.440s][info ][gc,task      ] GC(837) Using 4 workers of 4 for evacuation
[1023.446s][debug][gc,ref       ] GC(837) Skipped phase1 of Reference Processing due to unavailable references
[1023.446s][debug][gc,ref       ] GC(837) Skipped phase3 of Reference Processing due to unavailable references
[1023.446s][debug][gc,ref       ] GC(837) Skipped phase4 of Reference Processing due to unavailable references
[1023.446s][debug][gc,age       ] GC(837) Desired survivor size 15368192 bytes, new threshold 6 (max threshold 6)
[1023.446s][info ][gc,heap      ] GC(837) ParNew: 244779K->7898K(270336K)
[1023.446s][info ][gc,heap      ] GC(837) CMS: 463639K->463639K(645060K)
[1023.446s][info ][gc,metaspace ] GC(837) Metaspace: 65835K->65835K(1110016K)
[1023.446s][info ][gc           ] GC(837) Pause Young (Allocation Failure) 691M->460M(893M) 6.198ms
[1023.446s][info ][gc,cpu       ] GC(837) User=0.02s Sys=0.00s Real=0.00s
[1023.446s][info ][safepoint    ] Leaving safepoint region
[1023.446s][info ][safepoint    ] Total time for which application threads were stopped: 0.0064369 seconds, Stopping threads took: 0.0000606 seconds
[1024.409s][info ][safepoint    ] Application time: 0.9630247 seconds
[1024.409s][info ][safepoint    ] Entering safepoint region: GenCollectForAllocation
[1024.409s][info ][gc,start     ] GC(838) Pause Young (Allocation Failure)
[1024.409s][info ][gc,task      ] GC(838) Using 4 workers of 4 for evacuation
[1024.415s][debug][gc,ref       ] GC(838) Skipped phase1 of Reference Processing due to unavailable references
[1024.415s][debug][gc,ref       ] GC(838) Skipped phase3 of Reference Processing due to unavailable references
[1024.415s][debug][gc,ref       ] GC(838) Skipped phase4 of Reference Processing due to unavailable references
[1024.415s][debug][gc,age       ] GC(838) Desired survivor size 15368192 bytes, new threshold 6 (max threshold 6)
[1024.415s][info ][gc,heap      ] GC(838) ParNew: 248218K->9033K(270336K)
[1024.415s][info ][gc,heap      ] GC(838) CMS: 463639K->463639K(645060K)
[1024.415s][info ][gc,metaspace ] GC(838) Metaspace: 65837K->65837K(1110016K)
[1024.415s][info ][gc           ] GC(838) Pause Young (Allocation Failure) 695M->461M(893M) 6.228ms
[1024.415s][info ][gc,cpu       ] GC(838) User=0.02s Sys=0.00s Real=0.00s
[1024.415s][info ][safepoint    ] Leaving safepoint region
[1024.415s][info ][safepoint    ] Total time for which application threads were stopped: 0.0064202 seconds, Stopping threads took: 0.0000195 seconds
[1025.362s][info ][safepoint    ] Application time: 0.9466035 seconds
[1025.362s][info ][safepoint    ] Entering safepoint region: GenCollectForAllocation
[1025.362s][info ][gc,start     ] GC(839) Pause Young (Allocation Failure)
[1025.362s][info ][gc,task      ] GC(839) Using 4 workers of 4 for evacuation
[1025.369s][debug][gc,ref       ] GC(839) Skipped phase1 of Reference Processing due to unavailable references
[1025.369s][debug][gc,ref       ] GC(839) Skipped phase3 of Reference Processing due to unavailable references
[1025.369s][debug][gc,ref       ] GC(839) Skipped phase4 of Reference Processing due to unavailable references
[1025.369s][debug][gc,age       ] GC(839) Desired survivor size 15368192 bytes, new threshold 6 (max threshold 6)
[1025.369s][info ][gc,heap      ] GC(839) ParNew: 249353K->10625K(270336K)
[1025.369s][info ][gc,heap      ] GC(839) CMS: 463639K->463639K(645060K)
[1025.369s][info ][gc,metaspace ] GC(839) Metaspace: 65837K->65837K(1110016K)
[1025.369s][info ][gc           ] GC(839) Pause Young (Allocation Failure) 696M->463M(893M) 6.706ms
[1025.369s][info ][gc,cpu       ] GC(839) User=0.03s Sys=0.00s Real=0.01s
[1025.369s][info ][safepoint    ] Leaving safepoint region
[1025.369s][info ][safepoint    ] Total time for which application threads were stopped: 0.0068914 seconds, Stopping threads took: 0.0000194 seconds
[1026.284s][info ][safepoint    ] Application time: 0.9155044 seconds
[1026.285s][info ][safepoint    ] Entering safepoint region: GenCollectForAllocation
[1026.285s][info ][gc,start     ] GC(840) Pause Young (Allocation Failure)
[1026.285s][info ][gc,task      ] GC(840) Using 4 workers of 4 for evacuation
[1026.299s][debug][gc,ref       ] GC(840) Skipped phase1 of Reference Processing due to unavailable references
[1026.299s][debug][gc,ref       ] GC(840) Skipped phase3 of Reference Processing due to unavailable references
[1026.299s][debug][gc,ref       ] GC(840) Skipped phase4 of Reference Processing due to unavailable references
[1026.299s][debug][gc,age       ] GC(840) Desired survivor size 15368192 bytes, new threshold 6 (max threshold 6)
[1026.299s][info ][gc,heap      ] GC(840) ParNew: 250945K->13398K(270336K)
[1026.299s][info ][gc,heap      ] GC(840) CMS: 463639K->463639K(645060K)
[1026.299s][info ][gc,metaspace ] GC(840) Metaspace: 65839K->65839K(1110016K)
[1026.299s][info ][gc           ] GC(840) Pause Young (Allocation Failure) 697M->465M(893M) 14.447ms
[1026.299s][info ][gc,cpu       ] GC(840) User=0.04s Sys=0.00s Real=0.02s
[1026.299s][info ][safepoint    ] Leaving safepoint region
[1026.299s][info ][safepoint    ] Total time for which application threads were stopped: 0.0146394 seconds, Stopping threads took: 0.0000420 seconds
[1027.220s][info ][safepoint    ] Application time: 0.9206943 seconds
[1027.220s][info ][safepoint    ] Entering safepoint region: GenCollectForAllocation
[1027.220s][info ][gc,start     ] GC(841) Pause Young (Allocation Failure)
[1027.220s][info ][gc,task      ] GC(841) Using 4 workers of 4 for evacuation
[1027.228s][debug][gc,ref       ] GC(841) Skipped phase1 of Reference Processing due to unavailable references
[1027.228s][debug][gc,ref       ] GC(841) Skipped phase3 of Reference Processing due to unavailable references
[1027.228s][debug][gc,ref       ] GC(841) Skipped phase4 of Reference Processing due to unavailable references
[1027.228s][debug][gc,age       ] GC(841) Desired survivor size 15368192 bytes, new threshold 6 (max threshold 6)
[1027.228s][info ][gc,heap      ] GC(841) ParNew: 253718K->10320K(270336K)
[1027.228s][info ][gc,heap      ] GC(841) CMS: 463639K->465220K(645060K)
[1027.228s][info ][gc,metaspace ] GC(841) Metaspace: 65839K->65839K(1110016K)
[1027.228s][info ][gc           ] GC(841) Pause Young (Allocation Failure) 700M->464M(893M) 7.948ms
[1027.228s][info ][gc,cpu       ] GC(841) User=0.03s Sys=0.00s Real=0.01s
[1027.228s][info ][safepoint    ] Leaving safepoint region
[1027.228s][info ][safepoint    ] Total time for which application threads were stopped: 0.0081446 seconds, Stopping threads took: 0.0000438 seconds
[1028.095s][info ][safepoint    ] Application time: 0.8669807 seconds
[1028.095s][info ][safepoint    ] Entering safepoint region: GenCollectForAllocation
[1028.096s][info ][gc,start     ] GC(842) Pause Young (Allocation Failure)
[1028.096s][info ][gc,task      ] GC(842) Using 4 workers of 4 for evacuation
[1028.105s][debug][gc,ref       ] GC(842) Skipped phase1 of Reference Processing due to unavailable references
[1028.105s][debug][gc,ref       ] GC(842) Skipped phase3 of Reference Processing due to unavailable references
[1028.105s][debug][gc,ref       ] GC(842) Skipped phase4 of Reference Processing due to unavailable references
[1028.105s][debug][gc,age       ] GC(842) Desired survivor size 15368192 bytes, new threshold 6 (max threshold 6)
[1028.105s][info ][gc,heap      ] GC(842) ParNew: 250640K->14504K(270336K)
[1028.105s][info ][gc,heap      ] GC(842) CMS: 465220K->465850K(645060K)
[1028.105s][info ][gc,metaspace ] GC(842) Metaspace: 65841K->65841K(1110016K)
[1028.105s][info ][gc           ] GC(842) Pause Young (Allocation Failure) 699M->469M(893M) 9.411ms
[1028.105s][info ][gc,cpu       ] GC(842) User=0.03s Sys=0.00s Real=0.01s
[1028.105s][info ][safepoint    ] Leaving safepoint region
[1028.105s][info ][safepoint    ] Total time for which application threads were stopped: 0.0097759 seconds, Stopping threads took: 0.0000626 seconds
[1029.050s][info ][safepoint    ] Application time: 0.9448673 seconds
[1029.050s][info ][safepoint    ] Entering safepoint region: GenCollectForAllocation
[1029.050s][info ][gc,start     ] GC(843) Pause Young (Allocation Failure)
[1029.050s][info ][gc,task      ] GC(843) Using 4 workers of 4 for evacuation
[1029.058s][debug][gc,ref       ] GC(843) Skipped phase1 of Reference Processing due to unavailable references
[1029.058s][debug][gc,ref       ] GC(843) Skipped phase3 of Reference Processing due to unavailable references
[1029.058s][debug][gc,ref       ] GC(843) Skipped phase4 of Reference Processing due to unavailable references
[1029.059s][debug][gc,age       ] GC(843) Desired survivor size 15368192 bytes, new threshold 6 (max threshold 6)
[1029.059s][info ][gc,heap      ] GC(843) ParNew: 254824K->16170K(270336K)
[1029.059s][info ][gc,heap      ] GC(843) CMS: 465850K->467110K(645060K)
[1029.059s][info ][gc,metaspace ] GC(843) Metaspace: 65841K->65841K(1110016K)
[1029.059s][info ][gc           ] GC(843) Pause Young (Allocation Failure) 703M->471M(893M) 8.659ms
[1029.059s][info ][gc,cpu       ] GC(843) User=0.03s Sys=0.00s Real=0.01s
[1029.059s][info ][safepoint    ] Leaving safepoint region
[1029.059s][info ][safepoint    ] Total time for which application threads were stopped: 0.0088315 seconds, Stopping threads took: 0.0000173 seconds
[1029.975s][info ][safepoint    ] Application time: 0.9163307 seconds
[1029.975s][info ][safepoint    ] Entering safepoint region: GenCollectForAllocation
[1029.975s][info ][gc,start     ] GC(844) Pause Young (Allocation Failure)
[1029.975s][info ][gc,task      ] GC(844) Using 4 workers of 4 for evacuation
[1029.983s][debug][gc,ref       ] GC(844) Skipped phase1 of Reference Processing due to unavailable references
[1029.983s][debug][gc,ref       ] GC(844) Skipped phase3 of Reference Processing due to unavailable references
[1029.983s][debug][gc,ref       ] GC(844) Skipped phase4 of Reference Processing due to unavailable references
[1029.984s][debug][gc,age       ] GC(844) Desired survivor size 15368192 bytes, new threshold 6 (max threshold 6)
[1029.984s][info ][gc,heap      ] GC(844) ParNew: 256490K->18768K(270336K)
[1029.984s][info ][gc,heap      ] GC(844) CMS: 467110K->467970K(645060K)
[1029.984s][info ][gc,metaspace ] GC(844) Metaspace: 65842K->65842K(1110016K)
[1029.984s][info ][gc           ] GC(844) Pause Young (Allocation Failure) 706M->475M(893M) 8.653ms
[1029.984s][info ][gc,cpu       ] GC(844) User=0.03s Sys=0.00s Real=0.01s
[1029.984s][info ][safepoint    ] Leaving safepoint region
[1029.984s][info ][safepoint    ] Total time for which application threads were stopped: 0.0088500 seconds, Stopping threads took: 0.0000439 seconds
[1030.918s][info ][safepoint    ] Application time: 0.9339346 seconds
[1030.918s][info ][safepoint    ] Entering safepoint region: GenCollectForAllocation
[1030.918s][info ][gc,start     ] GC(845) Pause Young (Allocation Failure)
[1030.918s][info ][gc,task      ] GC(845) Using 4 workers of 4 for evacuation
[1030.926s][debug][gc,ref       ] GC(845) Skipped phase1 of Reference Processing due to unavailable references
[1030.927s][debug][gc,ref       ] GC(845) Skipped phase3 of Reference Processing due to unavailable references
[1030.927s][debug][gc,ref       ] GC(845) Skipped phase4 of Reference Processing due to unavailable references
[1030.927s][debug][gc,age       ] GC(845) Desired survivor size 15368192 bytes, new threshold 6 (max threshold 6)
[1030.927s][info ][gc,heap      ] GC(845) ParNew: 259088K->17445K(270336K)
[1030.927s][info ][gc,heap      ] GC(845) CMS: 467970K->468250K(645060K)
[1030.927s][info ][gc,metaspace ] GC(845) Metaspace: 65842K->65842K(1110016K)
[1030.927s][info ][gc           ] GC(845) Pause Young (Allocation Failure) 710M->474M(893M) 8.762ms
[1030.927s][info ][gc,cpu       ] GC(845) User=0.04s Sys=0.00s Real=0.00s
[1030.927s][info ][safepoint    ] Leaving safepoint region
[1030.927s][info ][safepoint    ] Total time for which application threads were stopped: 0.0089234 seconds, Stopping threads took: 0.0000190 seconds
[1031.832s][info ][safepoint    ] Application time: 0.9049924 seconds
[1031.832s][info ][safepoint    ] Entering safepoint region: GenCollectForAllocation
[1031.832s][info ][gc,start     ] GC(846) Pause Young (Allocation Failure)
[1031.832s][info ][gc,task      ] GC(846) Using 4 workers of 4 for evacuation
[1031.841s][debug][gc,ref       ] GC(846) Skipped phase1 of Reference Processing due to unavailable references
[1031.841s][debug][gc,ref       ] GC(846) Skipped phase3 of Reference Processing due to unavailable references
[1031.841s][debug][gc,ref       ] GC(846) Skipped phase4 of Reference Processing due to unavailable references
[1031.841s][debug][gc,age       ] GC(846) Desired survivor size 15368192 bytes, new threshold 6 (max threshold 6)
[1031.841s][info ][gc,heap      ] GC(846) ParNew: 257765K->20650K(270336K)
[1031.841s][info ][gc,heap      ] GC(846) CMS: 468250K->468863K(645060K)
[1031.841s][info ][gc,metaspace ] GC(846) Metaspace: 65844K->65844K(1110016K)
[1031.841s][info ][gc           ] GC(846) Pause Young (Allocation Failure) 709M->478M(893M) 9.108ms
[1031.841s][info ][gc,cpu       ] GC(846) User=0.03s Sys=0.00s Real=0.01s
[1031.841s][info ][safepoint    ] Leaving safepoint region
[1031.841s][info ][safepoint    ] Total time for which application threads were stopped: 0.0092737 seconds, Stopping threads took: 0.0000185 seconds
[1032.774s][info ][safepoint    ] Application time: 0.9332467 seconds
[1032.774s][info ][safepoint    ] Entering safepoint region: GenCollectForAllocation
[1032.775s][info ][gc,start     ] GC(847) Pause Young (Allocation Failure)
[1032.775s][info ][gc,task      ] GC(847) Using 4 workers of 4 for evacuation
[1032.783s][debug][gc,ref       ] GC(847) Skipped phase1 of Reference Processing due to unavailable references
[1032.783s][debug][gc,ref       ] GC(847) Skipped phase3 of Reference Processing due to unavailable references
[1032.783s][debug][gc,ref       ] GC(847) Skipped phase4 of Reference Processing due to unavailable references
[1032.783s][debug][gc,age       ] GC(847) Desired survivor size 15368192 bytes, new threshold 6 (max threshold 6)
[1032.783s][info ][gc,heap      ] GC(847) ParNew: 260970K->15764K(270336K)
[1032.783s][info ][gc,heap      ] GC(847) CMS: 468863K->469759K(645060K)
[1032.783s][info ][gc,metaspace ] GC(847) Metaspace: 65847K->65847K(1110016K)
[1032.783s][info ][gc           ] GC(847) Pause Young (Allocation Failure) 712M->474M(893M) 8.309ms
[1032.783s][info ][gc,cpu       ] GC(847) User=0.03s Sys=0.00s Real=0.01s
[1032.783s][info ][safepoint    ] Leaving safepoint region
[1032.783s][info ][safepoint    ] Total time for which application threads were stopped: 0.0084903 seconds, Stopping threads took: 0.0000210 seconds
[1033.689s][info ][safepoint    ] Application time: 0.9065638 seconds
[1033.690s][info ][safepoint    ] Entering safepoint region: GenCollectForAllocation
[1033.690s][info ][gc,start     ] GC(848) Pause Young (Allocation Failure)
[1033.690s][info ][gc,task      ] GC(848) Using 4 workers of 4 for evacuation
[1033.700s][debug][gc,ref       ] GC(848) Skipped phase1 of Reference Processing due to unavailable references
[1033.700s][debug][gc,ref       ] GC(848) Skipped phase3 of Reference Processing due to unavailable references
[1033.700s][debug][gc,ref       ] GC(848) Skipped phase4 of Reference Processing due to unavailable references
[1033.700s][debug][gc,age       ] GC(848) Desired survivor size 15368192 bytes, new threshold 6 (max threshold 6)
[1033.700s][info ][gc,heap      ] GC(848) ParNew: 256084K->12028K(270336K)
[1033.700s][info ][gc,heap      ] GC(848) CMS: 469759K->475094K(645060K)
[1033.700s][info ][gc,metaspace ] GC(848) Metaspace: 65847K->65847K(1110016K)
[1033.700s][info ][gc           ] GC(848) Pause Young (Allocation Failure) 708M->475M(893M) 10.575ms
[1033.700s][info ][gc,cpu       ] GC(848) User=0.04s Sys=0.01s Real=0.01s
[1033.700s][info ][safepoint    ] Leaving safepoint region
[1033.700s][info ][safepoint    ] Total time for which application threads were stopped: 0.0108084 seconds, Stopping threads took: 0.0000935 seconds
[1034.624s][info ][safepoint    ] Application time: 0.9239168 seconds
[1034.624s][info ][safepoint    ] Entering safepoint region: GenCollectForAllocation
[1034.624s][info ][gc,start     ] GC(849) Pause Young (Allocation Failure)
[1034.624s][info ][gc,task      ] GC(849) Using 4 workers of 4 for evacuation
[1034.630s][debug][gc,ref       ] GC(849) Skipped phase1 of Reference Processing due to unavailable references
[1034.630s][debug][gc,ref       ] GC(849) Skipped phase3 of Reference Processing due to unavailable references
[1034.630s][debug][gc,ref       ] GC(849) Skipped phase4 of Reference Processing due to unavailable references
[1034.630s][debug][gc,age       ] GC(849) Desired survivor size 15368192 bytes, new threshold 6 (max threshold 6)
[1034.630s][info ][gc,heap      ] GC(849) ParNew: 252348K->8220K(270336K)
[1034.630s][info ][gc,heap      ] GC(849) CMS: 475094K->475338K(645060K)
[1034.630s][info ][gc,metaspace ] GC(849) Metaspace: 65847K->65847K(1110016K)
[1034.630s][info ][gc           ] GC(849) Pause Young (Allocation Failure) 710M->472M(893M) 6.098ms
[1034.630s][info ][gc,cpu       ] GC(849) User=0.02s Sys=0.00s Real=0.01s
[1034.630s][info ][safepoint    ] Leaving safepoint region
[1034.630s][info ][safepoint    ] Total time for which application threads were stopped: 0.0062596 seconds, Stopping threads took: 0.0000175 seconds
[1035.508s][info ][safepoint    ] Application time: 0.8774478 seconds
[1035.508s][info ][safepoint    ] Entering safepoint region: GenCollectForAllocation
[1035.508s][info ][gc,start     ] GC(850) Pause Young (Allocation Failure)
[1035.508s][info ][gc,task      ] GC(850) Using 4 workers of 4 for evacuation
[1035.515s][debug][gc,ref       ] GC(850) Skipped phase1 of Reference Processing due to unavailable references
[1035.515s][debug][gc,ref       ] GC(850) Skipped phase3 of Reference Processing due to unavailable references
[1035.515s][debug][gc,ref       ] GC(850) Skipped phase4 of Reference Processing due to unavailable references
[1035.516s][debug][gc,age       ] GC(850) Desired survivor size 15368192 bytes, new threshold 6 (max threshold 6)
[1035.516s][info ][gc,heap      ] GC(850) ParNew: 248540K->12215K(270336K)
[1035.516s][info ][gc,heap      ] GC(850) CMS: 475338K->477364K(645060K)
[1035.516s][info ][gc,metaspace ] GC(850) Metaspace: 65847K->65847K(1110016K)
[1035.516s][info ][gc           ] GC(850) Pause Young (Allocation Failure) 706M->478M(893M) 7.566ms
[1035.516s][info ][gc,cpu       ] GC(850) User=0.03s Sys=0.00s Real=0.01s
[1035.516s][info ][safepoint    ] Leaving safepoint region
[1035.516s][info ][safepoint    ] Total time for which application threads were stopped: 0.0077507 seconds, Stopping threads took: 0.0000163 seconds
[1036.456s][info ][safepoint    ] Application time: 0.9404603 seconds
[1036.456s][info ][safepoint    ] Entering safepoint region: GenCollectForAllocation
[1036.456s][info ][gc,start     ] GC(851) Pause Young (Allocation Failure)
[1036.456s][info ][gc,task      ] GC(851) Using 4 workers of 4 for evacuation
[1036.463s][debug][gc,ref       ] GC(851) Skipped phase1 of Reference Processing due to unavailable references
[1036.463s][debug][gc,ref       ] GC(851) Skipped phase3 of Reference Processing due to unavailable references
[1036.463s][debug][gc,ref       ] GC(851) Skipped phase4 of Reference Processing due to unavailable references
[1036.463s][debug][gc,age       ] GC(851) Desired survivor size 15368192 bytes, new threshold 6 (max threshold 6)
[1036.463s][info ][gc,heap      ] GC(851) ParNew: 252535K->12316K(270336K)
[1036.463s][info ][gc,heap      ] GC(851) CMS: 477364K->477501K(645060K)
[1036.463s][info ][gc,metaspace ] GC(851) Metaspace: 65847K->65847K(1110016K)
[1036.463s][info ][gc           ] GC(851) Pause Young (Allocation Failure) 712M->478M(893M) 6.629ms
[1036.463s][info ][gc,cpu       ] GC(851) User=0.02s Sys=0.00s Real=0.00s
[1036.463s][info ][safepoint    ] Leaving safepoint region
[1036.463s][info ][safepoint    ] Total time for which application threads were stopped: 0.0067951 seconds, Stopping threads took: 0.0000173 seconds
[1037.390s][info ][safepoint    ] Application time: 0.9273695 seconds
[1037.390s][info ][safepoint    ] Entering safepoint region: GenCollectForAllocation
[1037.391s][info ][gc,start     ] GC(852) Pause Young (Allocation Failure)
[1037.391s][info ][gc,task      ] GC(852) Using 4 workers of 4 for evacuation
[1037.398s][debug][gc,ref       ] GC(852) Skipped phase1 of Reference Processing due to unavailable references
[1037.398s][debug][gc,ref       ] GC(852) Skipped phase2 of Reference Processing due to unavailable references
[1037.398s][debug][gc,ref       ] GC(852) Skipped phase3 of Reference Processing due to unavailable references
[1037.398s][debug][gc,ref       ] GC(852) Skipped phase4 of Reference Processing due to unavailable references
[1037.398s][debug][gc,age       ] GC(852) Desired survivor size 15368192 bytes, new threshold 6 (max threshold 6)
[1037.398s][info ][gc,heap      ] GC(852) ParNew: 252636K->10977K(270336K)
[1037.398s][info ][gc,heap      ] GC(852) CMS: 477501K->478456K(645060K)
[1037.398s][info ][gc,metaspace ] GC(852) Metaspace: 65847K->65847K(1110016K)
[1037.398s][info ][gc           ] GC(852) Pause Young (Allocation Failure) 713M->477M(893M) 7.513ms
[1037.398s][info ][gc,cpu       ] GC(852) User=0.03s Sys=0.00s Real=0.01s
[1037.398s][info ][safepoint    ] Leaving safepoint region
[1037.398s][info ][safepoint    ] Total time for which application threads were stopped: 0.0076947 seconds, Stopping threads took: 0.0000186 seconds
[1038.321s][info ][safepoint    ] Application time: 0.9224118 seconds
[1038.321s][info ][safepoint    ] Entering safepoint region: GenCollectForAllocation
[1038.321s][info ][gc,start     ] GC(853) Pause Young (Allocation Failure)
[1038.321s][info ][gc,task      ] GC(853) Using 4 workers of 4 for evacuation
[1038.327s][debug][gc,ref       ] GC(853) Skipped phase1 of Reference Processing due to unavailable references
[1038.327s][debug][gc,ref       ] GC(853) Skipped phase3 of Reference Processing due to unavailable references
[1038.327s][debug][gc,ref       ] GC(853) Skipped phase4 of Reference Processing due to unavailable references
[1038.327s][debug][gc,age       ] GC(853) Desired survivor size 15368192 bytes, new threshold 6 (max threshold 6)
[1038.327s][info ][gc,heap      ] GC(853) ParNew: 251297K->8621K(270336K)
[1038.327s][info ][gc,heap      ] GC(853) CMS: 478456K->478816K(645060K)
[1038.327s][info ][gc,metaspace ] GC(853) Metaspace: 65848K->65848K(1110016K)
[1038.327s][info ][gc           ] GC(853) Pause Young (Allocation Failure) 712M->476M(893M) 6.174ms
[1038.327s][info ][gc,cpu       ] GC(853) User=0.02s Sys=0.00s Real=0.00s
[1038.327s][info ][safepoint    ] Leaving safepoint region
[1038.327s][info ][safepoint    ] Total time for which application threads were stopped: 0.0063417 seconds, Stopping threads took: 0.0000203 seconds
[1039.243s][info ][safepoint    ] Application time: 0.9159603 seconds
[1039.243s][info ][safepoint    ] Entering safepoint region: GenCollectForAllocation
[1039.243s][info ][gc,start     ] GC(854) Pause Young (Allocation Failure)
[1039.243s][info ][gc,task      ] GC(854) Using 4 workers of 4 for evacuation
[1039.249s][debug][gc,ref       ] GC(854) Skipped phase1 of Reference Processing due to unavailable references
[1039.249s][debug][gc,ref       ] GC(854) Skipped phase3 of Reference Processing due to unavailable references
[1039.249s][debug][gc,ref       ] GC(854) Skipped phase4 of Reference Processing due to unavailable references
[1039.249s][debug][gc,age       ] GC(854) Desired survivor size 15368192 bytes, new threshold 6 (max threshold 6)
[1039.250s][info ][gc,heap      ] GC(854) ParNew: 248941K->8229K(270336K)
[1039.250s][info ][gc,heap      ] GC(854) CMS: 478816K->479166K(645060K)
[1039.250s][info ][gc,metaspace ] GC(854) Metaspace: 65848K->65848K(1110016K)
[1039.250s][info ][gc           ] GC(854) Pause Young (Allocation Failure) 710M->475M(893M) 6.491ms
[1039.250s][info ][gc,cpu       ] GC(854) User=0.02s Sys=0.00s Real=0.01s
[1039.250s][info ][safepoint    ] Leaving safepoint region
[1039.250s][info ][safepoint    ] Total time for which application threads were stopped: 0.0066531 seconds, Stopping threads took: 0.0000182 seconds
[1040.147s][info ][safepoint    ] Application time: 0.8971448 seconds
[1040.147s][info ][safepoint    ] Entering safepoint region: GenCollectForAllocation
[1040.147s][info ][gc,start     ] GC(855) Pause Young (Allocation Failure)
[1040.147s][info ][gc,task      ] GC(855) Using 4 workers of 4 for evacuation
[1040.153s][debug][gc,ref       ] GC(855) Skipped phase1 of Reference Processing due to unavailable references
[1040.153s][debug][gc,ref       ] GC(855) Skipped phase3 of Reference Processing due to unavailable references
[1040.153s][debug][gc,ref       ] GC(855) Skipped phase4 of Reference Processing due to unavailable references
[1040.153s][debug][gc,age       ] GC(855) Desired survivor size 15368192 bytes, new threshold 6 (max threshold 6)
[1040.153s][info ][gc,heap      ] GC(855) ParNew: 248549K->7818K(270336K)
[1040.153s][info ][gc,heap      ] GC(855) CMS: 479166K->479359K(645060K)
[1040.153s][info ][gc,metaspace ] GC(855) Metaspace: 65848K->65848K(1110016K)
[1040.153s][info ][gc           ] GC(855) Pause Young (Allocation Failure) 710M->475M(893M) 6.096ms
[1040.153s][info ][gc,cpu       ] GC(855) User=0.02s Sys=0.00s Real=0.01s
[1040.153s][info ][safepoint    ] Leaving safepoint region
[1040.153s][info ][safepoint    ] Total time for which application threads were stopped: 0.0062639 seconds, Stopping threads took: 0.0000191 seconds
[1041.078s][info ][safepoint    ] Application time: 0.9248816 seconds
[1041.078s][info ][safepoint    ] Entering safepoint region: GenCollectForAllocation
[1041.078s][info ][gc,start     ] GC(856) Pause Young (Allocation Failure)
[1041.078s][info ][gc,task      ] GC(856) Using 4 workers of 4 for evacuation
[1041.097s][debug][gc,ref       ] GC(856) Skipped phase1 of Reference Processing due to unavailable references
[1041.097s][debug][gc,ref       ] GC(856) Skipped phase3 of Reference Processing due to unavailable references
[1041.097s][debug][gc,ref       ] GC(856) Skipped phase4 of Reference Processing due to unavailable references
[1041.097s][debug][gc,age       ] GC(856) Desired survivor size 15368192 bytes, new threshold 6 (max threshold 6)
[1041.097s][info ][gc,heap      ] GC(856) ParNew: 248138K->6132K(270336K)
[1041.097s][info ][gc,heap      ] GC(856) CMS: 479359K->483841K(645060K)
[1041.097s][info ][gc,metaspace ] GC(856) Metaspace: 65848K->65848K(1110016K)
[1041.097s][info ][gc           ] GC(856) Pause Young (Allocation Failure) 710M->478M(893M) 18.872ms
[1041.097s][info ][gc,cpu       ] GC(856) User=0.07s Sys=0.00s Real=0.02s
[1041.097s][info ][safepoint    ] Leaving safepoint region
[1041.097s][info ][safepoint    ] Total time for which application threads were stopped: 0.0190684 seconds, Stopping threads took: 0.0000482 seconds
[1042.004s][info ][safepoint    ] Application time: 0.9071459 seconds
[1042.004s][info ][safepoint    ] Entering safepoint region: GenCollectForAllocation
[1042.004s][info ][gc,start     ] GC(857) Pause Young (Allocation Failure)
[1042.004s][info ][gc,task      ] GC(857) Using 4 workers of 4 for evacuation
[1042.008s][debug][gc,ref       ] GC(857) Skipped phase1 of Reference Processing due to unavailable references
[1042.008s][debug][gc,ref       ] GC(857) Skipped phase3 of Reference Processing due to unavailable references
[1042.008s][debug][gc,ref       ] GC(857) Skipped phase4 of Reference Processing due to unavailable references
[1042.009s][debug][gc,age       ] GC(857) Desired survivor size 15368192 bytes, new threshold 6 (max threshold 6)
[1042.009s][info ][gc,heap      ] GC(857) ParNew: 246452K->1949K(270336K)
[1042.009s][info ][gc,heap      ] GC(857) CMS: 483841K->484111K(645060K)
[1042.009s][info ][gc,metaspace ] GC(857) Metaspace: 65848K->65848K(1110016K)
[1042.009s][info ][gc           ] GC(857) Pause Young (Allocation Failure) 713M->474M(893M) 4.473ms
[1042.009s][info ][gc,cpu       ] GC(857) User=0.01s Sys=0.00s Real=0.01s
[1042.009s][info ][safepoint    ] Leaving safepoint region
[1042.009s][info ][safepoint    ] Total time for which application threads were stopped: 0.0046296 seconds, Stopping threads took: 0.0000181 seconds
[1042.967s][info ][safepoint    ] Application time: 0.9581426 seconds
[1042.967s][info ][safepoint    ] Entering safepoint region: GenCollectForAllocation
[1042.967s][info ][gc,start     ] GC(858) Pause Young (Allocation Failure)
[1042.967s][info ][gc,task      ] GC(858) Using 4 workers of 4 for evacuation
[1042.971s][debug][gc,ref       ] GC(858) Skipped phase1 of Reference Processing due to unavailable references
[1042.971s][debug][gc,ref       ] GC(858) Skipped phase3 of Reference Processing due to unavailable references
[1042.971s][debug][gc,ref       ] GC(858) Skipped phase4 of Reference Processing due to unavailable references
[1042.971s][debug][gc,age       ] GC(858) Desired survivor size 15368192 bytes, new threshold 6 (max threshold 6)
[1042.971s][info ][gc,heap      ] GC(858) ParNew: 242269K->1541K(270336K)
[1042.971s][info ][gc,heap      ] GC(858) CMS: 484111K->484841K(645060K)
[1042.971s][info ][gc,metaspace ] GC(858) Metaspace: 65849K->65849K(1110016K)
[1042.971s][info ][gc           ] GC(858) Pause Young (Allocation Failure) 709M->474M(893M) 4.133ms
[1042.971s][info ][gc,cpu       ] GC(858) User=0.01s Sys=0.00s Real=0.01s
[1042.971s][info ][safepoint    ] Leaving safepoint region
[1042.971s][info ][safepoint    ] Total time for which application threads were stopped: 0.0042857 seconds, Stopping threads took: 0.0000177 seconds
[1043.894s][info ][safepoint    ] Application time: 0.9221957 seconds
[1043.894s][info ][safepoint    ] Entering safepoint region: GenCollectForAllocation
[1043.894s][info ][gc,start     ] GC(859) Pause Young (Allocation Failure)
[1043.894s][info ][gc,task      ] GC(859) Using 4 workers of 4 for evacuation
[1043.899s][debug][gc,ref       ] GC(859) Skipped phase1 of Reference Processing due to unavailable references
[1043.899s][debug][gc,ref       ] GC(859) Skipped phase3 of Reference Processing due to unavailable references
[1043.899s][debug][gc,ref       ] GC(859) Skipped phase4 of Reference Processing due to unavailable references
[1043.899s][debug][gc,age       ] GC(859) Desired survivor size 15368192 bytes, new threshold 6 (max threshold 6)
[1043.899s][info ][gc,heap      ] GC(859) ParNew: 241861K->3742K(270336K)
[1043.899s][info ][gc,heap      ] GC(859) CMS: 484841K->484918K(645060K)
[1043.899s][info ][gc,metaspace ] GC(859) Metaspace: 65849K->65849K(1110016K)
[1043.899s][info ][gc           ] GC(859) Pause Young (Allocation Failure) 709M->477M(893M) 5.735ms
[1043.899s][info ][gc,cpu       ] GC(859) User=0.03s Sys=0.00s Real=0.01s
[1043.899s][info ][safepoint    ] Leaving safepoint region
[1043.899s][info ][safepoint    ] Total time for which application threads were stopped: 0.0059152 seconds, Stopping threads took: 0.0000172 seconds
[1044.814s][info ][safepoint    ] Application time: 0.9143819 seconds
[1044.814s][info ][safepoint    ] Entering safepoint region: GenCollectForAllocation
[1044.814s][info ][gc,start     ] GC(860) Pause Young (Allocation Failure)
[1044.814s][info ][gc,task      ] GC(860) Using 4 workers of 4 for evacuation
[1044.821s][debug][gc,ref       ] GC(860) Skipped phase1 of Reference Processing due to unavailable references
[1044.822s][debug][gc,ref       ] GC(860) Skipped phase3 of Reference Processing due to unavailable references
[1044.822s][debug][gc,ref       ] GC(860) Skipped phase4 of Reference Processing due to unavailable references
[1044.822s][debug][gc,age       ] GC(860) Desired survivor size 15368192 bytes, new threshold 6 (max threshold 6)
[1044.822s][info ][gc,heap      ] GC(860) ParNew: 244062K->5185K(270336K)
[1044.822s][info ][gc,heap      ] GC(860) CMS: 484918K->484940K(645060K)
[1044.822s][info ][gc,metaspace ] GC(860) Metaspace: 65849K->65849K(1110016K)
[1044.822s][info ][gc           ] GC(860) Pause Young (Allocation Failure) 711M->478M(893M) 7.732ms
[1044.822s][info ][gc,cpu       ] GC(860) User=0.03s Sys=0.00s Real=0.01s
[1044.822s][info ][safepoint    ] Leaving safepoint region
[1044.822s][info ][safepoint    ] Total time for which application threads were stopped: 0.0079141 seconds, Stopping threads took: 0.0000177 seconds
[1045.705s][info ][safepoint    ] Application time: 0.8828667 seconds
[1045.705s][info ][safepoint    ] Entering safepoint region: GenCollectForAllocation
[1045.705s][info ][gc,start     ] GC(861) Pause Young (Allocation Failure)
[1045.705s][info ][gc,task      ] GC(861) Using 4 workers of 4 for evacuation
[1045.711s][debug][gc,ref       ] GC(861) Skipped phase1 of Reference Processing due to unavailable references
[1045.711s][debug][gc,ref       ] GC(861) Skipped phase3 of Reference Processing due to unavailable references
[1045.711s][debug][gc,ref       ] GC(861) Skipped phase4 of Reference Processing due to unavailable references
[1045.711s][debug][gc,age       ] GC(861) Desired survivor size 15368192 bytes, new threshold 6 (max threshold 6)
[1045.711s][info ][gc,heap      ] GC(861) ParNew: 245505K->8673K(270336K)
[1045.711s][info ][gc,heap      ] GC(861) CMS: 484940K->485058K(645060K)
[1045.711s][info ][gc,metaspace ] GC(861) Metaspace: 65849K->65849K(1110016K)
[1045.711s][info ][gc           ] GC(861) Pause Young (Allocation Failure) 713M->482M(893M) 6.665ms
[1045.712s][info ][gc,cpu       ] GC(861) User=0.02s Sys=0.00s Real=0.01s
[1045.712s][info ][safepoint    ] Leaving safepoint region
[1045.712s][info ][safepoint    ] Total time for which application threads were stopped: 0.0068457 seconds, Stopping threads took: 0.0000171 seconds
[1046.659s][info ][safepoint    ] Application time: 0.9477750 seconds
[1046.659s][info ][safepoint    ] Entering safepoint region: GenCollectForAllocation
[1046.659s][info ][gc,start     ] GC(862) Pause Young (Allocation Failure)
[1046.660s][info ][gc,task      ] GC(862) Using 4 workers of 4 for evacuation
[1046.667s][debug][gc,ref       ] GC(862) Skipped phase1 of Reference Processing due to unavailable references
[1046.667s][debug][gc,ref       ] GC(862) Skipped phase3 of Reference Processing due to unavailable references
[1046.667s][debug][gc,ref       ] GC(862) Skipped phase4 of Reference Processing due to unavailable references
[1046.667s][debug][gc,age       ] GC(862) Desired survivor size 15368192 bytes, new threshold 6 (max threshold 6)
[1046.667s][info ][gc,heap      ] GC(862) ParNew: 248993K->11457K(270336K)
[1046.667s][info ][gc,heap      ] GC(862) CMS: 485058K->485096K(645060K)
[1046.667s][info ][gc,metaspace ] GC(862) Metaspace: 65849K->65849K(1110016K)
[1046.667s][info ][gc           ] GC(862) Pause Young (Allocation Failure) 716M->484M(893M) 7.638ms
[1046.667s][info ][gc,cpu       ] GC(862) User=0.03s Sys=0.00s Real=0.00s
[1046.667s][info ][safepoint    ] Leaving safepoint region
[1046.667s][info ][safepoint    ] Total time for which application threads were stopped: 0.0078288 seconds, Stopping threads took: 0.0000187 seconds
[1047.553s][info ][safepoint    ] Application time: 0.8857484 seconds
[1047.553s][info ][safepoint    ] Entering safepoint region: GenCollectForAllocation
[1047.553s][info ][gc,start     ] GC(863) Pause Young (Allocation Failure)
[1047.553s][info ][gc,task      ] GC(863) Using 4 workers of 4 for evacuation
[1047.559s][debug][gc,ref       ] GC(863) Skipped phase1 of Reference Processing due to unavailable references
[1047.560s][debug][gc,ref       ] GC(863) Skipped phase3 of Reference Processing due to unavailable references
[1047.560s][debug][gc,ref       ] GC(863) Skipped phase4 of Reference Processing due to unavailable references
[1047.560s][debug][gc,age       ] GC(863) Desired survivor size 15368192 bytes, new threshold 6 (max threshold 6)
[1047.560s][info ][gc,heap      ] GC(863) ParNew: 251777K->9826K(270336K)
[1047.560s][info ][gc,heap      ] GC(863) CMS: 485096K->485129K(645060K)
[1047.560s][info ][gc,metaspace ] GC(863) Metaspace: 65854K->65854K(1110016K)
[1047.560s][info ][gc           ] GC(863) Pause Young (Allocation Failure) 719M->483M(893M) 6.761ms
[1047.560s][info ][gc,cpu       ] GC(863) User=0.03s Sys=0.00s Real=0.01s
[1047.560s][info ][safepoint    ] Leaving safepoint region
[1047.560s][info ][safepoint    ] Total time for which application threads were stopped: 0.0069463 seconds, Stopping threads took: 0.0000416 seconds
[1048.523s][info ][safepoint    ] Application time: 0.9626323 seconds
[1048.523s][info ][safepoint    ] Entering safepoint region: GenCollectForAllocation
[1048.523s][info ][gc,start     ] GC(864) Pause Young (Allocation Failure)
[1048.523s][info ][gc,task      ] GC(864) Using 4 workers of 4 for evacuation
[1048.529s][debug][gc,ref       ] GC(864) Skipped phase1 of Reference Processing due to unavailable references
[1048.529s][debug][gc,ref       ] GC(864) Skipped phase3 of Reference Processing due to unavailable references
[1048.529s][debug][gc,ref       ] GC(864) Skipped phase4 of Reference Processing due to unavailable references
[1048.529s][debug][gc,age       ] GC(864) Desired survivor size 15368192 bytes, new threshold 6 (max threshold 6)
[1048.529s][info ][gc,heap      ] GC(864) ParNew: 250146K->10462K(270336K)
[1048.529s][info ][gc,heap      ] GC(864) CMS: 485129K->485310K(645060K)
[1048.529s][info ][gc,metaspace ] GC(864) Metaspace: 65855K->65855K(1110016K)
[1048.529s][info ][gc           ] GC(864) Pause Young (Allocation Failure) 718M->484M(893M) 6.519ms
[1048.529s][info ][gc,cpu       ] GC(864) User=0.03s Sys=0.00s Real=0.01s
[1048.529s][info ][safepoint    ] Leaving safepoint region
[1048.529s][info ][safepoint    ] Total time for which application threads were stopped: 0.0066913 seconds, Stopping threads took: 0.0000188 seconds
[1049.477s][info ][safepoint    ] Application time: 0.9477007 seconds
[1049.477s][info ][safepoint    ] Entering safepoint region: GenCollectForAllocation
[1049.477s][info ][gc,start     ] GC(865) Pause Young (Allocation Failure)
[1049.477s][info ][gc,task      ] GC(865) Using 4 workers of 4 for evacuation
[1049.484s][debug][gc,ref       ] GC(865) Skipped phase1 of Reference Processing due to unavailable references
[1049.484s][debug][gc,ref       ] GC(865) Skipped phase3 of Reference Processing due to unavailable references
[1049.484s][debug][gc,ref       ] GC(865) Skipped phase4 of Reference Processing due to unavailable references
[1049.484s][debug][gc,age       ] GC(865) Desired survivor size 15368192 bytes, new threshold 6 (max threshold 6)
[1049.484s][info ][gc,heap      ] GC(865) ParNew: 250782K->11573K(270336K)
[1049.484s][info ][gc,heap      ] GC(865) CMS: 485310K->486320K(645060K)
[1049.484s][info ][gc,metaspace ] GC(865) Metaspace: 65855K->65855K(1110016K)
[1049.484s][info ][gc           ] GC(865) Pause Young (Allocation Failure) 718M->486M(893M) 7.215ms
[1049.484s][info ][gc,cpu       ] GC(865) User=0.03s Sys=0.00s Real=0.00s
[1049.484s][info ][safepoint    ] Leaving safepoint region
[1049.484s][info ][safepoint    ] Total time for which application threads were stopped: 0.0073723 seconds, Stopping threads took: 0.0000168 seconds
[1050.421s][info ][safepoint    ] Application time: 0.9369890 seconds
[1050.421s][info ][safepoint    ] Entering safepoint region: GenCollectForAllocation
[1050.422s][info ][gc,start     ] GC(866) Pause Young (Allocation Failure)
[1050.422s][info ][gc,task      ] GC(866) Using 4 workers of 4 for evacuation
[1050.428s][debug][gc,ref       ] GC(866) Skipped phase1 of Reference Processing due to unavailable references
[1050.428s][debug][gc,ref       ] GC(866) Skipped phase2 of Reference Processing due to unavailable references
[1050.428s][debug][gc,ref       ] GC(866) Skipped phase3 of Reference Processing due to unavailable references
[1050.428s][debug][gc,ref       ] GC(866) Skipped phase4 of Reference Processing due to unavailable references
[1050.428s][debug][gc,age       ] GC(866) Desired survivor size 15368192 bytes, new threshold 6 (max threshold 6)
[1050.428s][info ][gc,heap      ] GC(866) ParNew: 251893K->8091K(270336K)
[1050.428s][info ][gc,heap      ] GC(866) CMS: 486320K->486832K(645060K)
[1050.428s][info ][gc,metaspace ] GC(866) Metaspace: 65855K->65855K(1110016K)
[1050.428s][info ][gc           ] GC(866) Pause Young (Allocation Failure) 720M->483M(893M) 6.657ms
[1050.428s][info ][gc,cpu       ] GC(866) User=0.03s Sys=0.00s Real=0.01s
[1050.428s][info ][safepoint    ] Leaving safepoint region
[1050.428s][info ][safepoint    ] Total time for which application threads were stopped: 0.0068114 seconds, Stopping threads took: 0.0000180 seconds
[1051.382s][info ][safepoint    ] Application time: 0.9538044 seconds
[1051.382s][info ][safepoint    ] Entering safepoint region: GenCollectForAllocation
[1051.382s][info ][gc,start     ] GC(867) Pause Young (Allocation Failure)
[1051.382s][info ][gc,task      ] GC(867) Using 4 workers of 4 for evacuation
[1051.388s][debug][gc,ref       ] GC(867) Skipped phase1 of Reference Processing due to unavailable references
[1051.388s][debug][gc,ref       ] GC(867) Skipped phase2 of Reference Processing due to unavailable references
[1051.388s][debug][gc,ref       ] GC(867) Skipped phase3 of Reference Processing due to unavailable references
[1051.388s][debug][gc,ref       ] GC(867) Skipped phase4 of Reference Processing due to unavailable references
[1051.388s][debug][gc,age       ] GC(867) Desired survivor size 15368192 bytes, new threshold 6 (max threshold 6)
[1051.389s][info ][gc,heap      ] GC(867) ParNew: 248411K->9188K(270336K)
[1051.389s][info ][gc,heap      ] GC(867) CMS: 486832K->488146K(645060K)
[1051.389s][info ][gc,metaspace ] GC(867) Metaspace: 65855K->65855K(1110016K)
[1051.389s][info ][gc           ] GC(867) Pause Young (Allocation Failure) 718M->485M(893M) 6.315ms
[1051.389s][info ][gc,cpu       ] GC(867) User=0.02s Sys=0.00s Real=0.01s
[1051.389s][info ][safepoint    ] Leaving safepoint region
[1051.389s][info ][safepoint    ] Total time for which application threads were stopped: 0.0065088 seconds, Stopping threads took: 0.0000450 seconds
[1052.348s][info ][safepoint    ] Application time: 0.9592307 seconds
[1052.348s][info ][safepoint    ] Entering safepoint region: GenCollectForAllocation
[1052.348s][info ][gc,start     ] GC(868) Pause Young (Allocation Failure)
[1052.348s][info ][gc,task      ] GC(868) Using 4 workers of 4 for evacuation
[1052.356s][debug][gc,ref       ] GC(868) Skipped phase1 of Reference Processing due to unavailable references
[1052.356s][debug][gc,ref       ] GC(868) Skipped phase2 of Reference Processing due to unavailable references
[1052.356s][debug][gc,ref       ] GC(868) Skipped phase3 of Reference Processing due to unavailable references
[1052.356s][debug][gc,ref       ] GC(868) Skipped phase4 of Reference Processing due to unavailable references
[1052.356s][debug][gc,age       ] GC(868) Desired survivor size 15368192 bytes, new threshold 6 (max threshold 6)
[1052.356s][info ][gc,heap      ] GC(868) ParNew: 249508K->9365K(270336K)
[1052.356s][info ][gc,heap      ] GC(868) CMS: 488146K->488235K(645060K)
[1052.356s][info ][gc,metaspace ] GC(868) Metaspace: 65855K->65855K(1110016K)
[1052.356s][info ][gc           ] GC(868) Pause Young (Allocation Failure) 720M->485M(893M) 7.752ms
[1052.356s][info ][gc,cpu       ] GC(868) User=0.02s Sys=0.00s Real=0.01s
[1052.356s][info ][safepoint    ] Leaving safepoint region
[1052.356s][info ][safepoint    ] Total time for which application threads were stopped: 0.0079428 seconds, Stopping threads took: 0.0000439 seconds
[1053.423s][info ][safepoint    ] Application time: 1.0666683 seconds
[1053.423s][info ][safepoint    ] Entering safepoint region: GenCollectForAllocation
[1053.423s][info ][gc,start     ] GC(869) Pause Young (Allocation Failure)
[1053.423s][info ][gc,task      ] GC(869) Using 4 workers of 4 for evacuation
[1053.430s][debug][gc,ref       ] GC(869) Skipped phase1 of Reference Processing due to unavailable references
[1053.430s][debug][gc,ref       ] GC(869) Skipped phase2 of Reference Processing due to unavailable references
[1053.430s][debug][gc,ref       ] GC(869) Skipped phase3 of Reference Processing due to unavailable references
[1053.430s][debug][gc,ref       ] GC(869) Skipped phase4 of Reference Processing due to unavailable references
[1053.430s][debug][gc,age       ] GC(869) Desired survivor size 15368192 bytes, new threshold 6 (max threshold 6)
[1053.430s][info ][gc,heap      ] GC(869) ParNew: 249685K->6488K(270336K)
[1053.430s][info ][gc,heap      ] GC(869) CMS: 488235K->490906K(645060K)
[1053.430s][info ][gc,metaspace ] GC(869) Metaspace: 65856K->65856K(1110016K)
[1053.430s][info ][gc           ] GC(869) Pause Young (Allocation Failure) 720M->485M(893M) 7.126ms
[1053.430s][info ][gc,cpu       ] GC(869) User=0.03s Sys=0.00s Real=0.01s
[1053.430s][info ][safepoint    ] Leaving safepoint region
[1053.430s][info ][safepoint    ] Total time for which application threads were stopped: 0.0072937 seconds, Stopping threads took: 0.0000197 seconds
[1054.430s][info ][safepoint    ] Application time: 1.0002810 seconds
[1054.430s][info ][safepoint    ] Entering safepoint region: Cleanup
[1054.430s][info ][safepoint    ] Leaving safepoint region
[1054.430s][info ][safepoint    ] Total time for which application threads were stopped: 0.0003178 seconds, Stopping threads took: 0.0002309 seconds
[1054.446s][info ][safepoint    ] Application time: 0.0152087 seconds
[1054.446s][info ][safepoint    ] Entering safepoint region: GenCollectForAllocation
[1054.446s][info ][gc,start     ] GC(870) Pause Young (Allocation Failure)
[1054.446s][info ][gc,task      ] GC(870) Using 4 workers of 4 for evacuation
[1054.453s][debug][gc,ref       ] GC(870) Skipped phase1 of Reference Processing due to unavailable references
[1054.453s][debug][gc,ref       ] GC(870) Skipped phase2 of Reference Processing due to unavailable references
[1054.453s][debug][gc,ref       ] GC(870) Skipped phase3 of Reference Processing due to unavailable references
[1054.453s][debug][gc,ref       ] GC(870) Skipped phase4 of Reference Processing due to unavailable references
[1054.453s][debug][gc,age       ] GC(870) Desired survivor size 15368192 bytes, new threshold 6 (max threshold 6)
[1054.453s][info ][gc,heap      ] GC(870) ParNew: 246808K->9373K(270336K)
[1054.453s][info ][gc,heap      ] GC(870) CMS: 490906K->491082K(645060K)
[1054.453s][info ][gc,metaspace ] GC(870) Metaspace: 65856K->65856K(1110016K)
[1054.454s][info ][gc           ] GC(870) Pause Young (Allocation Failure) 720M->488M(893M) 7.683ms
[1054.454s][info ][gc,cpu       ] GC(870) User=0.03s Sys=0.01s Real=0.01s
[1054.454s][info ][safepoint    ] Leaving safepoint region
[1054.454s][info ][safepoint    ] Total time for which application threads were stopped: 0.0078475 seconds, Stopping threads took: 0.0000191 seconds
[1055.454s][info ][safepoint    ] Application time: 1.0001450 seconds
[1055.454s][info ][safepoint    ] Entering safepoint region: Cleanup
[1055.454s][info ][safepoint    ] Leaving safepoint region
[1055.454s][info ][safepoint    ] Total time for which application threads were stopped: 0.0001313 seconds, Stopping threads took: 0.0000542 seconds
[1055.501s][info ][safepoint    ] Application time: 0.0475837 seconds
[1055.502s][info ][safepoint    ] Entering safepoint region: GenCollectForAllocation
[1055.502s][info ][gc,start     ] GC(871) Pause Young (Allocation Failure)
[1055.502s][info ][gc,task      ] GC(871) Using 4 workers of 4 for evacuation
[1055.508s][debug][gc,ref       ] GC(871) Skipped phase1 of Reference Processing due to unavailable references
[1055.508s][debug][gc,ref       ] GC(871) Skipped phase2 of Reference Processing due to unavailable references
[1055.508s][debug][gc,ref       ] GC(871) Skipped phase3 of Reference Processing due to unavailable references
[1055.508s][debug][gc,ref       ] GC(871) Skipped phase4 of Reference Processing due to unavailable references
[1055.508s][debug][gc,age       ] GC(871) Desired survivor size 15368192 bytes, new threshold 6 (max threshold 6)
[1055.508s][info ][gc,heap      ] GC(871) ParNew: 249693K->7449K(270336K)
[1055.508s][info ][gc,heap      ] GC(871) CMS: 491082K->491731K(645060K)
[1055.508s][info ][gc,metaspace ] GC(871) Metaspace: 65857K->65857K(1110016K)
[1055.508s][info ][gc           ] GC(871) Pause Young (Allocation Failure) 723M->487M(893M) 6.631ms
[1055.508s][info ][gc,cpu       ] GC(871) User=0.03s Sys=0.00s Real=0.01s
[1055.508s][info ][safepoint    ] Leaving safepoint region
[1055.508s][info ][safepoint    ] Total time for which application threads were stopped: 0.0067955 seconds, Stopping threads took: 0.0000266 seconds
[1056.508s][info ][safepoint    ] Application time: 1.0001082 seconds
[1056.509s][info ][safepoint    ] Entering safepoint region: Cleanup
[1056.509s][info ][safepoint    ] Leaving safepoint region
[1056.509s][info ][safepoint    ] Total time for which application threads were stopped: 0.0001411 seconds, Stopping threads took: 0.0000608 seconds
[1056.558s][info ][safepoint    ] Application time: 0.0491624 seconds
[1056.558s][info ][safepoint    ] Entering safepoint region: GenCollectForAllocation
[1056.558s][info ][gc,start     ] GC(872) Pause Young (Allocation Failure)
[1056.558s][info ][gc,task      ] GC(872) Using 4 workers of 4 for evacuation
[1056.564s][debug][gc,ref       ] GC(872) Skipped phase1 of Reference Processing due to unavailable references
[1056.564s][debug][gc,ref       ] GC(872) Skipped phase2 of Reference Processing due to unavailable references
[1056.564s][debug][gc,ref       ] GC(872) Skipped phase3 of Reference Processing due to unavailable references
[1056.564s][debug][gc,ref       ] GC(872) Skipped phase4 of Reference Processing due to unavailable references
[1056.565s][debug][gc,age       ] GC(872) Desired survivor size 15368192 bytes, new threshold 6 (max threshold 6)
[1056.565s][info ][gc,heap      ] GC(872) ParNew: 247769K->8889K(270336K)
[1056.565s][info ][gc,heap      ] GC(872) CMS: 491731K->492327K(645060K)
[1056.565s][info ][gc,metaspace ] GC(872) Metaspace: 65857K->65857K(1110016K)
[1056.565s][info ][gc           ] GC(872) Pause Young (Allocation Failure) 722M->489M(893M) 6.814ms
[1056.565s][info ][gc,cpu       ] GC(872) User=0.03s Sys=0.00s Real=0.00s
[1056.565s][info ][safepoint    ] Leaving safepoint region
[1056.565s][info ][safepoint    ] Total time for which application threads were stopped: 0.0069946 seconds, Stopping threads took: 0.0000372 seconds
[1057.565s][info ][safepoint    ] Application time: 1.0000999 seconds
[1057.565s][info ][safepoint    ] Entering safepoint region: Cleanup
[1057.565s][info ][safepoint    ] Leaving safepoint region
[1057.565s][info ][safepoint    ] Total time for which application threads were stopped: 0.0001436 seconds, Stopping threads took: 0.0000675 seconds
[1057.614s][info ][safepoint    ] Application time: 0.0493129 seconds
[1057.614s][info ][safepoint    ] Entering safepoint region: GenCollectForAllocation
[1057.615s][info ][gc,start     ] GC(873) Pause Young (Allocation Failure)
[1057.615s][info ][gc,task      ] GC(873) Using 4 workers of 4 for evacuation
[1057.621s][debug][gc,ref       ] GC(873) Skipped phase1 of Reference Processing due to unavailable references
[1057.621s][debug][gc,ref       ] GC(873) Skipped phase2 of Reference Processing due to unavailable references
[1057.621s][debug][gc,ref       ] GC(873) Skipped phase3 of Reference Processing due to unavailable references
[1057.621s][debug][gc,ref       ] GC(873) Skipped phase4 of Reference Processing due to unavailable references
[1057.621s][debug][gc,age       ] GC(873) Desired survivor size 15368192 bytes, new threshold 6 (max threshold 6)
[1057.621s][info ][gc,heap      ] GC(873) ParNew: 249209K->7011K(270336K)
[1057.621s][info ][gc,heap      ] GC(873) CMS: 492327K->492400K(645060K)
[1057.621s][info ][gc,metaspace ] GC(873) Metaspace: 65859K->65859K(1110016K)
[1057.621s][info ][gc           ] GC(873) Pause Young (Allocation Failure) 724M->487M(893M) 6.727ms
[1057.621s][info ][gc,cpu       ] GC(873) User=0.03s Sys=0.00s Real=0.01s
[1057.621s][info ][safepoint    ] Leaving safepoint region
[1057.621s][info ][safepoint    ] Total time for which application threads were stopped: 0.0068958 seconds, Stopping threads took: 0.0000175 seconds
[1058.621s][info ][safepoint    ] Application time: 1.0001393 seconds
[1058.622s][info ][safepoint    ] Entering safepoint region: Cleanup
[1058.622s][info ][safepoint    ] Leaving safepoint region
[1058.622s][info ][safepoint    ] Total time for which application threads were stopped: 0.0001249 seconds, Stopping threads took: 0.0000453 seconds
[1058.713s][info ][safepoint    ] Application time: 0.0916000 seconds
[1058.713s][info ][safepoint    ] Entering safepoint region: GenCollectForAllocation
[1058.713s][info ][gc,start     ] GC(874) Pause Young (Allocation Failure)
[1058.713s][info ][gc,task      ] GC(874) Using 4 workers of 4 for evacuation
[1058.720s][debug][gc,ref       ] GC(874) Skipped phase1 of Reference Processing due to unavailable references
[1058.720s][debug][gc,ref       ] GC(874) Skipped phase2 of Reference Processing due to unavailable references
[1058.720s][debug][gc,ref       ] GC(874) Skipped phase3 of Reference Processing due to unavailable references
[1058.720s][debug][gc,ref       ] GC(874) Skipped phase4 of Reference Processing due to unavailable references
[1058.721s][debug][gc,age       ] GC(874) Desired survivor size 15368192 bytes, new threshold 6 (max threshold 6)
[1058.721s][info ][gc,heap      ] GC(874) ParNew: 247331K->7133K(270336K)
[1058.721s][info ][gc,heap      ] GC(874) CMS: 492400K->493819K(645060K)
[1058.721s][info ][gc,metaspace ] GC(874) Metaspace: 65861K->65861K(1110016K)
[1058.721s][info ][gc           ] GC(874) Pause Young (Allocation Failure) 722M->489M(893M) 7.251ms
[1058.721s][info ][gc,cpu       ] GC(874) User=0.03s Sys=0.00s Real=0.01s
[1058.721s][info ][safepoint    ] Leaving safepoint region
[1058.721s][info ][safepoint    ] Total time for which application threads were stopped: 0.0074228 seconds, Stopping threads took: 0.0000179 seconds
[1059.799s][info ][safepoint    ] Application time: 1.0778081 seconds
[1059.799s][info ][safepoint    ] Entering safepoint region: GenCollectForAllocation
[1059.799s][info ][gc,start     ] GC(875) Pause Young (Allocation Failure)
[1059.799s][info ][gc,task      ] GC(875) Using 4 workers of 4 for evacuation
[1059.805s][debug][gc,ref       ] GC(875) Skipped phase1 of Reference Processing due to unavailable references
[1059.805s][debug][gc,ref       ] GC(875) Skipped phase2 of Reference Processing due to unavailable references
[1059.805s][debug][gc,ref       ] GC(875) Skipped phase3 of Reference Processing due to unavailable references
[1059.805s][debug][gc,ref       ] GC(875) Skipped phase4 of Reference Processing due to unavailable references
[1059.805s][debug][gc,age       ] GC(875) Desired survivor size 15368192 bytes, new threshold 6 (max threshold 6)
[1059.805s][info ][gc,heap      ] GC(875) ParNew: 247453K->5955K(270336K)
[1059.805s][info ][gc,heap      ] GC(875) CMS: 493819K->493945K(645060K)
[1059.805s][info ][gc,metaspace ] GC(875) Metaspace: 65861K->65861K(1110016K)
[1059.805s][info ][gc           ] GC(875) Pause Young (Allocation Failure) 723M->488M(893M) 6.116ms
[1059.805s][info ][gc,cpu       ] GC(875) User=0.03s Sys=0.00s Real=0.00s
[1059.805s][info ][safepoint    ] Leaving safepoint region
[1059.805s][info ][safepoint    ] Total time for which application threads were stopped: 0.0063027 seconds, Stopping threads took: 0.0000439 seconds
[1060.837s][info ][safepoint    ] Application time: 1.0318095 seconds
[1060.837s][info ][safepoint    ] Entering safepoint region: GenCollectForAllocation
[1060.837s][info ][gc,start     ] GC(876) Pause Young (Allocation Failure)
[1060.837s][info ][gc,task      ] GC(876) Using 4 workers of 4 for evacuation
[1060.843s][debug][gc,ref       ] GC(876) Skipped phase1 of Reference Processing due to unavailable references
[1060.843s][debug][gc,ref       ] GC(876) Skipped phase2 of Reference Processing due to unavailable references
[1060.843s][debug][gc,ref       ] GC(876) Skipped phase3 of Reference Processing due to unavailable references
[1060.843s][debug][gc,ref       ] GC(876) Skipped phase4 of Reference Processing due to unavailable references
[1060.843s][debug][gc,age       ] GC(876) Desired survivor size 15368192 bytes, new threshold 6 (max threshold 6)
[1060.843s][info ][gc,heap      ] GC(876) ParNew: 246275K->4509K(270336K)
[1060.843s][info ][gc,heap      ] GC(876) CMS: 493945K->496603K(645060K)
[1060.843s][info ][gc,metaspace ] GC(876) Metaspace: 65861K->65861K(1110016K)
[1060.843s][info ][gc           ] GC(876) Pause Young (Allocation Failure) 722M->489M(893M) 6.600ms
[1060.843s][info ][gc,cpu       ] GC(876) User=0.03s Sys=0.00s Real=0.00s
[1060.843s][info ][safepoint    ] Leaving safepoint region
[1060.843s][info ][safepoint    ] Total time for which application threads were stopped: 0.0067571 seconds, Stopping threads took: 0.0000171 seconds
[1061.812s][info ][safepoint    ] Application time: 0.9686100 seconds
[1061.812s][info ][safepoint    ] Entering safepoint region: GenCollectForAllocation
[1061.812s][info ][gc,start     ] GC(877) Pause Young (Allocation Failure)
[1061.812s][info ][gc,task      ] GC(877) Using 4 workers of 4 for evacuation
[1061.816s][debug][gc,ref       ] GC(877) Skipped phase1 of Reference Processing due to unavailable references
[1061.816s][debug][gc,ref       ] GC(877) Skipped phase2 of Reference Processing due to unavailable references
[1061.816s][debug][gc,ref       ] GC(877) Skipped phase3 of Reference Processing due to unavailable references
[1061.816s][debug][gc,ref       ] GC(877) Skipped phase4 of Reference Processing due to unavailable references
[1061.816s][debug][gc,age       ] GC(877) Desired survivor size 15368192 bytes, new threshold 6 (max threshold 6)
[1061.817s][info ][gc,heap      ] GC(877) ParNew: 244829K->2560K(270336K)
[1061.817s][info ][gc,heap      ] GC(877) CMS: 496603K->496726K(645060K)
[1061.817s][info ][gc,metaspace ] GC(877) Metaspace: 65861K->65861K(1110016K)
[1061.817s][info ][gc           ] GC(877) Pause Young (Allocation Failure) 724M->487M(893M) 4.291ms
[1061.817s][info ][gc,cpu       ] GC(877) User=0.01s Sys=0.00s Real=0.01s
[1061.817s][info ][safepoint    ] Leaving safepoint region
[1061.817s][info ][safepoint    ] Total time for which application threads were stopped: 0.0044491 seconds, Stopping threads took: 0.0000192 seconds
[1062.799s][info ][safepoint    ] Application time: 0.9825314 seconds
[1062.799s][info ][safepoint    ] Entering safepoint region: GenCollectForAllocation
[1062.799s][info ][gc,start     ] GC(878) Pause Young (Allocation Failure)
[1062.799s][info ][gc,task      ] GC(878) Using 4 workers of 4 for evacuation
[1062.803s][debug][gc,ref       ] GC(878) Skipped phase1 of Reference Processing due to unavailable references
[1062.803s][debug][gc,ref       ] GC(878) Skipped phase2 of Reference Processing due to unavailable references
[1062.803s][debug][gc,ref       ] GC(878) Skipped phase3 of Reference Processing due to unavailable references
[1062.803s][debug][gc,ref       ] GC(878) Skipped phase4 of Reference Processing due to unavailable references
[1062.804s][debug][gc,age       ] GC(878) Desired survivor size 15368192 bytes, new threshold 6 (max threshold 6)
[1062.804s][info ][gc,heap      ] GC(878) ParNew: 242880K->3055K(270336K)
[1062.804s][info ][gc,heap      ] GC(878) CMS: 496726K->496902K(645060K)
[1062.804s][info ][gc,metaspace ] GC(878) Metaspace: 65866K->65866K(1110016K)
[1062.804s][info ][gc           ] GC(878) Pause Young (Allocation Failure) 722M->488M(893M) 4.571ms
[1062.804s][info ][gc,cpu       ] GC(878) User=0.02s Sys=0.00s Real=0.00s
[1062.804s][info ][safepoint    ] Leaving safepoint region
[1062.804s][info ][safepoint    ] Total time for which application threads were stopped: 0.0047471 seconds, Stopping threads took: 0.0000206 seconds
[1063.742s][info ][safepoint    ] Application time: 0.9377512 seconds
[1063.742s][info ][safepoint    ] Entering safepoint region: GenCollectForAllocation
[1063.742s][info ][gc,start     ] GC(879) Pause Young (Allocation Failure)
[1063.742s][info ][gc,task      ] GC(879) Using 4 workers of 4 for evacuation
[1063.746s][debug][gc,ref       ] GC(879) Skipped phase1 of Reference Processing due to unavailable references
[1063.746s][debug][gc,ref       ] GC(879) Skipped phase2 of Reference Processing due to unavailable references
[1063.746s][debug][gc,ref       ] GC(879) Skipped phase3 of Reference Processing due to unavailable references
[1063.746s][debug][gc,ref       ] GC(879) Skipped phase4 of Reference Processing due to unavailable references
[1063.746s][debug][gc,age       ] GC(879) Desired survivor size 15368192 bytes, new threshold 6 (max threshold 6)
[1063.746s][info ][gc,heap      ] GC(879) ParNew: 243375K->2024K(270336K)
[1063.747s][info ][gc,heap      ] GC(879) CMS: 496902K->497319K(645060K)
[1063.747s][info ][gc,metaspace ] GC(879) Metaspace: 65866K->65866K(1110016K)
[1063.747s][info ][gc           ] GC(879) Pause Young (Allocation Failure) 722M->487M(893M) 4.637ms
[1063.747s][info ][gc,cpu       ] GC(879) User=0.01s Sys=0.00s Real=0.00s
[1063.747s][info ][safepoint    ] Leaving safepoint region
[1063.747s][info ][safepoint    ] Total time for which application threads were stopped: 0.0048560 seconds, Stopping threads took: 0.0000470 seconds
[1064.686s][info ][safepoint    ] Application time: 0.9397035 seconds
[1064.686s][info ][safepoint    ] Entering safepoint region: GenCollectForAllocation
[1064.686s][info ][gc,start     ] GC(880) Pause Young (Allocation Failure)
[1064.686s][info ][gc,task      ] GC(880) Using 4 workers of 4 for evacuation
[1064.690s][debug][gc,ref       ] GC(880) Skipped phase1 of Reference Processing due to unavailable references
[1064.690s][debug][gc,ref       ] GC(880) Skipped phase2 of Reference Processing due to unavailable references
[1064.690s][debug][gc,ref       ] GC(880) Skipped phase3 of Reference Processing due to unavailable references
[1064.690s][debug][gc,ref       ] GC(880) Skipped phase4 of Reference Processing due to unavailable references
[1064.691s][debug][gc,age       ] GC(880) Desired survivor size 15368192 bytes, new threshold 6 (max threshold 6)
[1064.691s][info ][gc,heap      ] GC(880) ParNew: 242344K->2458K(270336K)
[1064.691s][info ][gc,heap      ] GC(880) CMS: 497319K->497398K(645060K)
[1064.691s][info ][gc,metaspace ] GC(880) Metaspace: 65866K->65866K(1110016K)
[1064.691s][info ][gc           ] GC(880) Pause Young (Allocation Failure) 722M->488M(893M) 4.316ms
[1064.691s][info ][gc,cpu       ] GC(880) User=0.01s Sys=0.00s Real=0.01s
[1064.691s][info ][safepoint    ] Leaving safepoint region
[1064.691s][info ][safepoint    ] Total time for which application threads were stopped: 0.0045056 seconds, Stopping threads took: 0.0000426 seconds
[1065.662s][info ][safepoint    ] Application time: 0.9711174 seconds
[1065.662s][info ][safepoint    ] Entering safepoint region: GenCollectForAllocation
[1065.662s][info ][gc,start     ] GC(881) Pause Young (Allocation Failure)
[1065.662s][info ][gc,task      ] GC(881) Using 4 workers of 4 for evacuation
[1065.666s][debug][gc,ref       ] GC(881) Skipped phase1 of Reference Processing due to unavailable references
[1065.666s][debug][gc,ref       ] GC(881) Skipped phase2 of Reference Processing due to unavailable references
[1065.666s][debug][gc,ref       ] GC(881) Skipped phase3 of Reference Processing due to unavailable references
[1065.666s][debug][gc,ref       ] GC(881) Skipped phase4 of Reference Processing due to unavailable references
[1065.666s][debug][gc,age       ] GC(881) Desired survivor size 15368192 bytes, new threshold 6 (max threshold 6)
[1065.666s][info ][gc,heap      ] GC(881) ParNew: 242778K->2591K(270336K)
[1065.666s][info ][gc,heap      ] GC(881) CMS: 497398K->497504K(645060K)
[1065.666s][info ][gc,metaspace ] GC(881) Metaspace: 65867K->65867K(1110016K)
[1065.666s][info ][gc           ] GC(881) Pause Young (Allocation Failure) 722M->488M(893M) 4.032ms
[1065.666s][info ][gc,cpu       ] GC(881) User=0.01s Sys=0.00s Real=0.00s
[1065.666s][info ][safepoint    ] Leaving safepoint region
[1065.666s][info ][safepoint    ] Total time for which application threads were stopped: 0.0042034 seconds, Stopping threads took: 0.0000176 seconds
[1066.643s][info ][safepoint    ] Application time: 0.9766993 seconds
[1066.643s][info ][safepoint    ] Entering safepoint region: GenCollectForAllocation
[1066.643s][info ][gc,start     ] GC(882) Pause Young (Allocation Failure)
[1066.643s][info ][gc,task      ] GC(882) Using 4 workers of 4 for evacuation
[1066.647s][debug][gc,ref       ] GC(882) Skipped phase1 of Reference Processing due to unavailable references
[1066.647s][debug][gc,ref       ] GC(882) Skipped phase2 of Reference Processing due to unavailable references
[1066.647s][debug][gc,ref       ] GC(882) Skipped phase3 of Reference Processing due to unavailable references
[1066.647s][debug][gc,ref       ] GC(882) Skipped phase4 of Reference Processing due to unavailable references
[1066.647s][debug][gc,age       ] GC(882) Desired survivor size 15368192 bytes, new threshold 6 (max threshold 6)
[1066.647s][info ][gc,heap      ] GC(882) ParNew: 242911K->2770K(270336K)
[1066.647s][info ][gc,heap      ] GC(882) CMS: 497504K->497731K(645060K)
[1066.647s][info ][gc,metaspace ] GC(882) Metaspace: 65867K->65867K(1110016K)
[1066.647s][info ][gc           ] GC(882) Pause Young (Allocation Failure) 723M->488M(893M) 4.396ms
[1066.647s][info ][gc,cpu       ] GC(882) User=0.02s Sys=0.00s Real=0.00s
[1066.647s][info ][safepoint    ] Leaving safepoint region
[1066.647s][info ][safepoint    ] Total time for which application threads were stopped: 0.0045523 seconds, Stopping threads took: 0.0000180 seconds
[1067.629s][info ][safepoint    ] Application time: 0.9815664 seconds
[1067.629s][info ][safepoint    ] Entering safepoint region: GenCollectForAllocation
[1067.629s][info ][gc,start     ] GC(883) Pause Young (Allocation Failure)
[1067.629s][info ][gc,task      ] GC(883) Using 4 workers of 4 for evacuation
[1067.633s][debug][gc,ref       ] GC(883) Skipped phase1 of Reference Processing due to unavailable references
[1067.633s][debug][gc,ref       ] GC(883) Skipped phase2 of Reference Processing due to unavailable references
[1067.633s][debug][gc,ref       ] GC(883) Skipped phase3 of Reference Processing due to unavailable references
[1067.633s][debug][gc,ref       ] GC(883) Skipped phase4 of Reference Processing due to unavailable references
[1067.633s][debug][gc,age       ] GC(883) Desired survivor size 15368192 bytes, new threshold 6 (max threshold 6)
[1067.633s][info ][gc,heap      ] GC(883) ParNew: 243090K->2488K(270336K)
[1067.633s][info ][gc,heap      ] GC(883) CMS: 497731K->497854K(645060K)
[1067.633s][info ][gc,metaspace ] GC(883) Metaspace: 65867K->65867K(1110016K)
[1067.633s][info ][gc           ] GC(883) Pause Young (Allocation Failure) 723M->488M(893M) 4.262ms
[1067.633s][info ][gc,cpu       ] GC(883) User=0.02s Sys=0.00s Real=0.00s
[1067.634s][info ][safepoint    ] Leaving safepoint region
[1067.634s][info ][safepoint    ] Total time for which application threads were stopped: 0.0044237 seconds, Stopping threads took: 0.0000183 seconds
[1068.570s][info ][safepoint    ] Application time: 0.9367598 seconds
[1068.570s][info ][safepoint    ] Entering safepoint region: GenCollectForAllocation
[1068.570s][info ][gc,start     ] GC(884) Pause Young (Allocation Failure)
[1068.570s][info ][gc,task      ] GC(884) Using 4 workers of 4 for evacuation
[1068.575s][debug][gc,ref       ] GC(884) Skipped phase1 of Reference Processing due to unavailable references
[1068.575s][debug][gc,ref       ] GC(884) Skipped phase2 of Reference Processing due to unavailable references
[1068.575s][debug][gc,ref       ] GC(884) Skipped phase3 of Reference Processing due to unavailable references
[1068.575s][debug][gc,ref       ] GC(884) Skipped phase4 of Reference Processing due to unavailable references
[1068.575s][debug][gc,age       ] GC(884) Desired survivor size 15368192 bytes, new threshold 6 (max threshold 6)
[1068.575s][info ][gc,heap      ] GC(884) ParNew: 242808K->4096K(270336K)
[1068.575s][info ][gc,heap      ] GC(884) CMS: 497854K->497875K(645060K)
[1068.575s][info ][gc,metaspace ] GC(884) Metaspace: 65868K->65868K(1110016K)
[1068.575s][info ][gc           ] GC(884) Pause Young (Allocation Failure) 723M->490M(893M) 4.958ms
[1068.575s][info ][gc,cpu       ] GC(884) User=0.02s Sys=0.00s Real=0.00s
[1068.575s][info ][safepoint    ] Leaving safepoint region
[1068.575s][info ][safepoint    ] Total time for which application threads were stopped: 0.0051210 seconds, Stopping threads took: 0.0000183 seconds
[1069.554s][info ][safepoint    ] Application time: 0.9789192 seconds
[1069.554s][info ][safepoint    ] Entering safepoint region: GenCollectForAllocation
[1069.555s][info ][gc,start     ] GC(885) Pause Young (Allocation Failure)
[1069.555s][info ][gc,task      ] GC(885) Using 4 workers of 4 for evacuation
[1069.560s][debug][gc,ref       ] GC(885) Skipped phase1 of Reference Processing due to unavailable references
[1069.560s][debug][gc,ref       ] GC(885) Skipped phase2 of Reference Processing due to unavailable references
[1069.560s][debug][gc,ref       ] GC(885) Skipped phase3 of Reference Processing due to unavailable references
[1069.560s][debug][gc,ref       ] GC(885) Skipped phase4 of Reference Processing due to unavailable references
[1069.560s][debug][gc,age       ] GC(885) Desired survivor size 15368192 bytes, new threshold 6 (max threshold 6)
[1069.560s][info ][gc,heap      ] GC(885) ParNew: 244416K->4768K(270336K)
[1069.560s][info ][gc,heap      ] GC(885) CMS: 497875K->498115K(645060K)
[1069.560s][info ][gc,metaspace ] GC(885) Metaspace: 65868K->65868K(1110016K)
[1069.560s][info ][gc           ] GC(885) Pause Young (Allocation Failure) 724M->491M(893M) 5.473ms
[1069.560s][info ][gc,cpu       ] GC(885) User=0.02s Sys=0.00s Real=0.01s
[1069.560s][info ][safepoint    ] Leaving safepoint region
[1069.560s][info ][safepoint    ] Total time for which application threads were stopped: 0.0056718 seconds, Stopping threads took: 0.0000454 seconds
[1070.486s][info ][safepoint    ] Application time: 0.9258145 seconds
[1070.486s][info ][safepoint    ] Entering safepoint region: GenCollectForAllocation
[1070.486s][info ][gc,start     ] GC(886) Pause Young (Allocation Failure)
[1070.486s][info ][gc,task      ] GC(886) Using 4 workers of 4 for evacuation
[1070.491s][debug][gc,ref       ] GC(886) Skipped phase1 of Reference Processing due to unavailable references
[1070.491s][debug][gc,ref       ] GC(886) Skipped phase2 of Reference Processing due to unavailable references
[1070.491s][debug][gc,ref       ] GC(886) Skipped phase3 of Reference Processing due to unavailable references
[1070.491s][debug][gc,ref       ] GC(886) Skipped phase4 of Reference Processing due to unavailable references
[1070.491s][debug][gc,age       ] GC(886) Desired survivor size 15368192 bytes, new threshold 6 (max threshold 6)
[1070.491s][info ][gc,heap      ] GC(886) ParNew: 245088K->5093K(270336K)
[1070.491s][info ][gc,heap      ] GC(886) CMS: 498115K->498235K(645060K)
[1070.491s][info ][gc,metaspace ] GC(886) Metaspace: 65869K->65869K(1110016K)
[1070.491s][info ][gc           ] GC(886) Pause Young (Allocation Failure) 725M->491M(893M) 5.192ms
[1070.491s][info ][gc,cpu       ] GC(886) User=0.02s Sys=0.00s Real=0.01s
[1070.491s][info ][safepoint    ] Leaving safepoint region
[1070.491s][info ][safepoint    ] Total time for which application threads were stopped: 0.0053755 seconds, Stopping threads took: 0.0000349 seconds
[1071.374s][info ][safepoint    ] Application time: 0.8824646 seconds
[1071.374s][info ][safepoint    ] Entering safepoint region: GenCollectForAllocation
[1071.374s][info ][gc,start     ] GC(887) Pause Young (Allocation Failure)
[1071.374s][info ][gc,task      ] GC(887) Using 4 workers of 4 for evacuation
[1071.380s][debug][gc,ref       ] GC(887) Skipped phase1 of Reference Processing due to unavailable references
[1071.380s][debug][gc,ref       ] GC(887) Skipped phase2 of Reference Processing due to unavailable references
[1071.380s][debug][gc,ref       ] GC(887) Skipped phase3 of Reference Processing due to unavailable references
[1071.380s][debug][gc,ref       ] GC(887) Skipped phase4 of Reference Processing due to unavailable references
[1071.380s][debug][gc,age       ] GC(887) Desired survivor size 15368192 bytes, new threshold 6 (max threshold 6)
[1071.380s][info ][gc,heap      ] GC(887) ParNew: 245413K->7432K(270336K)
[1071.380s][info ][gc,heap      ] GC(887) CMS: 498235K->498350K(645060K)
[1071.380s][info ][gc,metaspace ] GC(887) Metaspace: 65869K->65869K(1110016K)
[1071.380s][info ][gc           ] GC(887) Pause Young (Allocation Failure) 726M->493M(893M) 6.003ms
[1071.380s][info ][gc,cpu       ] GC(887) User=0.02s Sys=0.00s Real=0.01s
[1071.380s][info ][safepoint    ] Leaving safepoint region
[1071.380s][info ][safepoint    ] Total time for which application threads were stopped: 0.0061784 seconds, Stopping threads took: 0.0000194 seconds
[1072.361s][info ][safepoint    ] Application time: 0.9813239 seconds
[1072.361s][info ][safepoint    ] Entering safepoint region: GenCollectForAllocation
[1072.361s][info ][gc,start     ] GC(888) Pause Young (Allocation Failure)
[1072.361s][info ][gc,task      ] GC(888) Using 4 workers of 4 for evacuation
[1072.367s][debug][gc,ref       ] GC(888) Skipped phase1 of Reference Processing due to unavailable references
[1072.367s][debug][gc,ref       ] GC(888) Skipped phase2 of Reference Processing due to unavailable references
[1072.367s][debug][gc,ref       ] GC(888) Skipped phase3 of Reference Processing due to unavailable references
[1072.367s][debug][gc,ref       ] GC(888) Skipped phase4 of Reference Processing due to unavailable references
[1072.367s][debug][gc,age       ] GC(888) Desired survivor size 15368192 bytes, new threshold 6 (max threshold 6)
[1072.367s][info ][gc,heap      ] GC(888) ParNew: 247752K->7937K(270336K)
[1072.367s][info ][gc,heap      ] GC(888) CMS: 498350K->498440K(645060K)
[1072.367s][info ][gc,metaspace ] GC(888) Metaspace: 65869K->65869K(1110016K)
[1072.367s][info ][gc           ] GC(888) Pause Young (Allocation Failure) 728M->494M(893M) 5.523ms
[1072.367s][info ][gc,cpu       ] GC(888) User=0.02s Sys=0.00s Real=0.00s
[1072.367s][info ][safepoint    ] Leaving safepoint region
[1072.367s][info ][safepoint    ] Total time for which application threads were stopped: 0.0056846 seconds, Stopping threads took: 0.0000190 seconds
[1073.317s][info ][safepoint    ] Application time: 0.9495221 seconds
[1073.317s][info ][safepoint    ] Entering safepoint region: GenCollectForAllocation
[1073.317s][info ][gc,start     ] GC(889) Pause Young (Allocation Failure)
[1073.317s][info ][gc,task      ] GC(889) Using 4 workers of 4 for evacuation
[1073.323s][debug][gc,ref       ] GC(889) Skipped phase1 of Reference Processing due to unavailable references
[1073.323s][debug][gc,ref       ] GC(889) Skipped phase2 of Reference Processing due to unavailable references
[1073.323s][debug][gc,ref       ] GC(889) Skipped phase3 of Reference Processing due to unavailable references
[1073.323s][debug][gc,ref       ] GC(889) Skipped phase4 of Reference Processing due to unavailable references
[1073.323s][debug][gc,age       ] GC(889) Desired survivor size 15368192 bytes, new threshold 6 (max threshold 6)
[1073.323s][info ][gc,heap      ] GC(889) ParNew: 248257K->9127K(270336K)
[1073.323s][info ][gc,heap      ] GC(889) CMS: 498440K->498510K(645060K)
[1073.323s][info ][gc,metaspace ] GC(889) Metaspace: 65869K->65869K(1110016K)
[1073.323s][info ][gc           ] GC(889) Pause Young (Allocation Failure) 729M->495M(893M) 6.690ms
[1073.323s][info ][gc,cpu       ] GC(889) User=0.02s Sys=0.00s Real=0.00s
[1073.323s][info ][safepoint    ] Leaving safepoint region
[1073.324s][info ][safepoint    ] Total time for which application threads were stopped: 0.0069126 seconds, Stopping threads took: 0.0000871 seconds
[1074.253s][info ][safepoint    ] Application time: 0.9299471 seconds
[1074.254s][info ][safepoint    ] Entering safepoint region: GenCollectForAllocation
[1074.254s][info ][gc,start     ] GC(890) Pause Young (Allocation Failure)
[1074.254s][info ][gc,task      ] GC(890) Using 4 workers of 4 for evacuation
[1074.261s][debug][gc,ref       ] GC(890) Skipped phase1 of Reference Processing due to unavailable references
[1074.261s][debug][gc,ref       ] GC(890) Skipped phase2 of Reference Processing due to unavailable references
[1074.261s][debug][gc,ref       ] GC(890) Skipped phase3 of Reference Processing due to unavailable references
[1074.261s][debug][gc,ref       ] GC(890) Skipped phase4 of Reference Processing due to unavailable references
[1074.261s][debug][gc,age       ] GC(890) Desired survivor size 15368192 bytes, new threshold 6 (max threshold 6)
[1074.261s][info ][gc,heap      ] GC(890) ParNew: 249447K->7306K(270336K)
[1074.261s][info ][gc,heap      ] GC(890) CMS: 498510K->499502K(645060K)
[1074.261s][info ][gc,metaspace ] GC(890) Metaspace: 65869K->65869K(1110016K)
[1074.261s][info ][gc           ] GC(890) Pause Young (Allocation Failure) 730M->494M(893M) 7.534ms
[1074.261s][info ][gc,cpu       ] GC(890) User=0.03s Sys=0.00s Real=0.01s
[1074.261s][info ][safepoint    ] Leaving safepoint region
[1074.261s][info ][safepoint    ] Total time for which application threads were stopped: 0.0078222 seconds, Stopping threads took: 0.0001392 seconds
[1075.260s][info ][safepoint    ] Application time: 0.9985072 seconds
[1075.260s][info ][safepoint    ] Entering safepoint region: GenCollectForAllocation
[1075.260s][info ][gc,start     ] GC(891) Pause Young (Allocation Failure)
[1075.260s][info ][gc,task      ] GC(891) Using 4 workers of 4 for evacuation
[1075.265s][debug][gc,ref       ] GC(891) Skipped phase1 of Reference Processing due to unavailable references
[1075.265s][debug][gc,ref       ] GC(891) Skipped phase2 of Reference Processing due to unavailable references
[1075.265s][debug][gc,ref       ] GC(891) Skipped phase3 of Reference Processing due to unavailable references
[1075.265s][debug][gc,ref       ] GC(891) Skipped phase4 of Reference Processing due to unavailable references
[1075.265s][debug][gc,age       ] GC(891) Desired survivor size 15368192 bytes, new threshold 6 (max threshold 6)
[1075.265s][info ][gc,heap      ] GC(891) ParNew: 247626K->6412K(270336K)
[1075.265s][info ][gc,heap      ] GC(891) CMS: 499502K->499719K(645060K)
[1075.265s][info ][gc,metaspace ] GC(891) Metaspace: 65870K->65870K(1110016K)
[1075.265s][info ][gc           ] GC(891) Pause Young (Allocation Failure) 729M->494M(893M) 5.441ms
[1075.265s][info ][gc,cpu       ] GC(891) User=0.02s Sys=0.00s Real=0.00s
[1075.265s][info ][safepoint    ] Leaving safepoint region
[1075.265s][info ][safepoint    ] Total time for which application threads were stopped: 0.0055938 seconds, Stopping threads took: 0.0000173 seconds
[1076.235s][info ][safepoint    ] Application time: 0.9695670 seconds
[1076.235s][info ][safepoint    ] Entering safepoint region: GenCollectForAllocation
[1076.235s][info ][gc,start     ] GC(892) Pause Young (Allocation Failure)
[1076.235s][info ][gc,task      ] GC(892) Using 4 workers of 4 for evacuation
[1076.241s][debug][gc,ref       ] GC(892) Skipped phase1 of Reference Processing due to unavailable references
[1076.241s][debug][gc,ref       ] GC(892) Skipped phase2 of Reference Processing due to unavailable references
[1076.241s][debug][gc,ref       ] GC(892) Skipped phase3 of Reference Processing due to unavailable references
[1076.241s][debug][gc,ref       ] GC(892) Skipped phase4 of Reference Processing due to unavailable references
[1076.241s][debug][gc,age       ] GC(892) Desired survivor size 15368192 bytes, new threshold 6 (max threshold 6)
[1076.241s][info ][gc,heap      ] GC(892) ParNew: 246732K->6105K(270336K)
[1076.241s][info ][gc,heap      ] GC(892) CMS: 499719K->499868K(645060K)
[1076.241s][info ][gc,metaspace ] GC(892) Metaspace: 65872K->65872K(1110016K)
[1076.241s][info ][gc           ] GC(892) Pause Young (Allocation Failure) 728M->494M(893M) 5.691ms
[1076.241s][info ][gc,cpu       ] GC(892) User=0.03s Sys=0.00s Real=0.01s
[1076.241s][info ][safepoint    ] Leaving safepoint region
[1076.241s][info ][safepoint    ] Total time for which application threads were stopped: 0.0058707 seconds, Stopping threads took: 0.0000184 seconds
[1077.179s][info ][safepoint    ] Application time: 0.9380646 seconds
[1077.179s][info ][safepoint    ] Entering safepoint region: GenCollectForAllocation
[1077.179s][info ][gc,start     ] GC(893) Pause Young (Allocation Failure)
[1077.179s][info ][gc,task      ] GC(893) Using 4 workers of 4 for evacuation
[1077.184s][debug][gc,ref       ] GC(893) Skipped phase1 of Reference Processing due to unavailable references
[1077.185s][debug][gc,ref       ] GC(893) Skipped phase2 of Reference Processing due to unavailable references
[1077.185s][debug][gc,ref       ] GC(893) Skipped phase3 of Reference Processing due to unavailable references
[1077.185s][debug][gc,ref       ] GC(893) Skipped phase4 of Reference Processing due to unavailable references
[1077.185s][debug][gc,age       ] GC(893) Desired survivor size 15368192 bytes, new threshold 6 (max threshold 6)
[1077.185s][info ][gc,heap      ] GC(893) ParNew: 246425K->6036K(270336K)
[1077.185s][info ][gc,heap      ] GC(893) CMS: 499868K->500912K(645060K)
[1077.185s][info ][gc,metaspace ] GC(893) Metaspace: 65874K->65874K(1110016K)
[1077.185s][info ][gc           ] GC(893) Pause Young (Allocation Failure) 728M->495M(893M) 5.704ms
[1077.185s][info ][gc,cpu       ] GC(893) User=0.02s Sys=0.00s Real=0.00s
[1077.185s][info ][safepoint    ] Leaving safepoint region
[1077.185s][info ][safepoint    ] Total time for which application threads were stopped: 0.0058990 seconds, Stopping threads took: 0.0000430 seconds
[1078.185s][info ][safepoint    ] Application time: 1.0000878 seconds
[1078.185s][info ][safepoint    ] Entering safepoint region: Cleanup
[1078.185s][info ][safepoint    ] Leaving safepoint region
[1078.185s][info ][safepoint    ] Total time for which application threads were stopped: 0.0001495 seconds, Stopping threads took: 0.0000699 seconds
[1078.187s][info ][safepoint    ] Application time: 0.0018171 seconds
[1078.187s][info ][safepoint    ] Entering safepoint region: GenCollectForAllocation
[1078.187s][info ][gc,start     ] GC(894) Pause Young (Allocation Failure)
[1078.187s][info ][gc,task      ] GC(894) Using 4 workers of 4 for evacuation
[1078.192s][debug][gc,ref       ] GC(894) Skipped phase1 of Reference Processing due to unavailable references
[1078.192s][debug][gc,ref       ] GC(894) Skipped phase2 of Reference Processing due to unavailable references
[1078.192s][debug][gc,ref       ] GC(894) Skipped phase3 of Reference Processing due to unavailable references
[1078.192s][debug][gc,ref       ] GC(894) Skipped phase4 of Reference Processing due to unavailable references
[1078.193s][debug][gc,age       ] GC(894) Desired survivor size 15368192 bytes, new threshold 6 (max threshold 6)
[1078.193s][info ][gc,heap      ] GC(894) ParNew: 246356K->5556K(270336K)
[1078.193s][info ][gc,heap      ] GC(894) CMS: 500912K->501056K(645060K)
[1078.193s][info ][gc,metaspace ] GC(894) Metaspace: 65874K->65874K(1110016K)
[1078.193s][info ][gc           ] GC(894) Pause Young (Allocation Failure) 729M->494M(893M) 5.515ms
[1078.193s][info ][gc,cpu       ] GC(894) User=0.02s Sys=0.00s Real=0.01s
[1078.193s][info ][safepoint    ] Leaving safepoint region
[1078.193s][info ][safepoint    ] Total time for which application threads were stopped: 0.0056584 seconds, Stopping threads took: 0.0000263 seconds
[1079.193s][info ][safepoint    ] Application time: 1.0000968 seconds
[1079.193s][info ][safepoint    ] Entering safepoint region: Cleanup
[1079.193s][info ][safepoint    ] Leaving safepoint region
[1079.193s][info ][safepoint    ] Total time for which application threads were stopped: 0.0001032 seconds, Stopping threads took: 0.0000186 seconds
[1079.222s][info ][safepoint    ] Application time: 0.0290013 seconds
[1079.222s][info ][safepoint    ] Entering safepoint region: GenCollectForAllocation
[1079.222s][info ][gc,start     ] GC(895) Pause Young (Allocation Failure)
[1079.222s][info ][gc,task      ] GC(895) Using 4 workers of 4 for evacuation
[1079.228s][debug][gc,ref       ] GC(895) Skipped phase1 of Reference Processing due to unavailable references
[1079.228s][debug][gc,ref       ] GC(895) Skipped phase2 of Reference Processing due to unavailable references
[1079.228s][debug][gc,ref       ] GC(895) Skipped phase3 of Reference Processing due to unavailable references
[1079.228s][debug][gc,ref       ] GC(895) Skipped phase4 of Reference Processing due to unavailable references
[1079.228s][debug][gc,age       ] GC(895) Desired survivor size 15368192 bytes, new threshold 6 (max threshold 6)
[1079.228s][info ][gc,heap      ] GC(895) ParNew: 245876K->4374K(270336K)
[1079.228s][info ][gc,heap      ] GC(895) CMS: 501056K->502609K(645060K)
[1079.228s][info ][gc,metaspace ] GC(895) Metaspace: 65874K->65874K(1110016K)
[1079.228s][info ][gc           ] GC(895) Pause Young (Allocation Failure) 729M->495M(893M) 5.735ms
[1079.228s][info ][gc,cpu       ] GC(895) User=0.03s Sys=0.00s Real=0.01s
[1079.228s][info ][safepoint    ] Leaving safepoint region
[1079.228s][info ][safepoint    ] Total time for which application threads were stopped: 0.0058994 seconds, Stopping threads took: 0.0000185 seconds
[1080.228s][info ][safepoint    ] Application time: 1.0000909 seconds
[1080.228s][info ][safepoint    ] Entering safepoint region: Cleanup
[1080.228s][info ][safepoint    ] Leaving safepoint region
[1080.228s][info ][safepoint    ] Total time for which application threads were stopped: 0.0001211 seconds, Stopping threads took: 0.0000445 seconds
[1080.232s][info ][safepoint    ] Application time: 0.0036045 seconds
[1080.232s][info ][safepoint    ] Entering safepoint region: GenCollectForAllocation
[1080.232s][info ][gc,start     ] GC(896) Pause Young (Allocation Failure)
[1080.232s][info ][gc,task      ] GC(896) Using 4 workers of 4 for evacuation
[1080.236s][debug][gc,ref       ] GC(896) Skipped phase1 of Reference Processing due to unavailable references
[1080.236s][debug][gc,ref       ] GC(896) Skipped phase2 of Reference Processing due to unavailable references
[1080.236s][debug][gc,ref       ] GC(896) Skipped phase3 of Reference Processing due to unavailable references
[1080.236s][debug][gc,ref       ] GC(896) Skipped phase4 of Reference Processing due to unavailable references
[1080.237s][debug][gc,age       ] GC(896) Desired survivor size 15368192 bytes, new threshold 6 (max threshold 6)
[1080.237s][info ][gc,heap      ] GC(896) ParNew: 244694K->3237K(270336K)
[1080.237s][info ][gc,heap      ] GC(896) CMS: 502609K->503592K(645060K)
[1080.237s][info ][gc,metaspace ] GC(896) Metaspace: 65874K->65874K(1110016K)
[1080.237s][info ][gc           ] GC(896) Pause Young (Allocation Failure) 729M->494M(893M) 4.804ms
[1080.237s][info ][gc,cpu       ] GC(896) User=0.02s Sys=0.00s Real=0.01s
[1080.237s][info ][safepoint    ] Leaving safepoint region
[1080.237s][info ][safepoint    ] Total time for which application threads were stopped: 0.0049266 seconds, Stopping threads took: 0.0000106 seconds
[1081.012s][info ][safepoint    ] Application time: 0.7750549 seconds
[1081.012s][info ][safepoint    ] Entering safepoint region: GenCollectForAllocation
[1081.012s][info ][gc,start     ] GC(897) Pause Young (Allocation Failure)
[1081.012s][info ][gc,task      ] GC(897) Using 4 workers of 4 for evacuation
[1081.018s][debug][gc,ref       ] GC(897) Skipped phase1 of Reference Processing due to unavailable references
[1081.018s][debug][gc,ref       ] GC(897) Skipped phase3 of Reference Processing due to unavailable references
[1081.019s][debug][gc,age       ] GC(897) Desired survivor size 15368192 bytes, new threshold 6 (max threshold 6)
[1081.019s][info ][gc,heap      ] GC(897) ParNew: 243557K->6949K(270336K)
[1081.019s][info ][gc,heap      ] GC(897) CMS: 503592K->503708K(645060K)
[1081.019s][info ][gc,metaspace ] GC(897) Metaspace: 65891K->65891K(1110016K)
[1081.019s][info ][gc           ] GC(897) Pause Young (Allocation Failure) 729M->498M(893M) 6.689ms
[1081.019s][info ][gc,cpu       ] GC(897) User=0.02s Sys=0.00s Real=0.01s
[1081.019s][info ][safepoint    ] Leaving safepoint region
[1081.019s][info ][safepoint    ] Total time for which application threads were stopped: 0.0069123 seconds, Stopping threads took: 0.0000428 seconds
[1082.019s][info ][safepoint    ] Application time: 1.0001414 seconds
[1082.019s][info ][safepoint    ] Entering safepoint region: Cleanup
[1082.019s][info ][safepoint    ] Leaving safepoint region
[1082.019s][info ][safepoint    ] Total time for which application threads were stopped: 0.0000875 seconds, Stopping threads took: 0.0000186 seconds
[1082.257s][info ][safepoint    ] Application time: 0.2384529 seconds
[1082.258s][info ][safepoint    ] Entering safepoint region: GenCollectForAllocation
[1082.258s][info ][gc,start     ] GC(898) Pause Young (Allocation Failure)
[1082.258s][info ][gc,task      ] GC(898) Using 4 workers of 4 for evacuation
[1082.268s][debug][gc,ref       ] GC(898) Skipped phase1 of Reference Processing due to unavailable references
[1082.268s][debug][gc,ref       ] GC(898) Skipped phase3 of Reference Processing due to unavailable references
[1082.269s][debug][gc,age       ] GC(898) Desired survivor size 15368192 bytes, new threshold 6 (max threshold 6)
[1082.269s][info ][gc,heap      ] GC(898) ParNew: 247269K->17424K(270336K)
[1082.269s][info ][gc,heap      ] GC(898) CMS: 503708K->503853K(645060K)
[1082.269s][info ][gc,metaspace ] GC(898) Metaspace: 65901K->65901K(1110016K)
[1082.269s][info ][gc           ] GC(898) Pause Young (Allocation Failure) 733M->509M(893M) 10.959ms
[1082.269s][info ][gc,cpu       ] GC(898) User=0.04s Sys=0.00s Real=0.01s
[1082.269s][info ][safepoint    ] Leaving safepoint region
[1082.269s][info ][safepoint    ] Total time for which application threads were stopped: 0.0111467 seconds, Stopping threads took: 0.0000430 seconds
[1083.269s][info ][safepoint    ] Application time: 1.0001140 seconds
[1083.269s][info ][safepoint    ] Entering safepoint region: Cleanup
[1083.269s][info ][safepoint    ] Leaving safepoint region
[1083.269s][info ][safepoint    ] Total time for which application threads were stopped: 0.0000889 seconds, Stopping threads took: 0.0000183 seconds
[1085.503s][info ][safepoint    ] Application time: 2.2336447 seconds
[1085.503s][info ][safepoint    ] Entering safepoint region: GenCollectForAllocation
[1085.503s][info ][gc,start     ] GC(899) Pause Young (Allocation Failure)
[1085.503s][info ][gc,task      ] GC(899) Using 4 workers of 4 for evacuation
[1085.508s][debug][gc,ref       ] GC(899) Skipped phase1 of Reference Processing due to unavailable references
[1085.508s][debug][gc,ref       ] GC(899) Skipped phase3 of Reference Processing due to unavailable references
[1085.508s][debug][gc,age       ] GC(899) Desired survivor size 15368192 bytes, new threshold 6 (max threshold 6)
[1085.508s][info ][gc,heap      ] GC(899) ParNew: 257744K->11387K(270336K)
[1085.508s][info ][gc,heap      ] GC(899) CMS: 503853K->504665K(645060K)
[1085.508s][info ][gc,metaspace ] GC(899) Metaspace: 65901K->65901K(1110016K)
[1085.508s][info ][gc           ] GC(899) Pause Young (Allocation Failure) 743M->503M(893M) 5.277ms
[1085.508s][info ][gc,cpu       ] GC(899) User=0.02s Sys=0.00s Real=0.01s
[1085.508s][info ][safepoint    ] Leaving safepoint region
[1085.508s][info ][safepoint    ] Total time for which application threads were stopped: 0.0054522 seconds, Stopping threads took: 0.0000169 seconds
[1086.508s][info ][safepoint    ] Application time: 1.0001085 seconds
[1086.508s][info ][safepoint    ] Entering safepoint region: Cleanup
[1086.508s][info ][safepoint    ] Leaving safepoint region
[1086.508s][info ][safepoint    ] Total time for which application threads were stopped: 0.0001386 seconds, Stopping threads took: 0.0000597 seconds
[1088.601s][info ][safepoint    ] Application time: 2.0930223 seconds
[1088.601s][info ][safepoint    ] Entering safepoint region: GenCollectForAllocation
[1088.601s][info ][gc,start     ] GC(900) Pause Young (Allocation Failure)
[1088.602s][info ][gc,task      ] GC(900) Using 4 workers of 4 for evacuation
[1088.606s][debug][gc,ref       ] GC(900) Skipped phase1 of Reference Processing due to unavailable references
[1088.606s][debug][gc,ref       ] GC(900) Skipped phase3 of Reference Processing due to unavailable references
[1088.606s][debug][gc,age       ] GC(900) Desired survivor size 15368192 bytes, new threshold 6 (max threshold 6)
[1088.606s][info ][gc,heap      ] GC(900) ParNew: 251707K->4541K(270336K)
[1088.606s][info ][gc,heap      ] GC(900) CMS: 504665K->504864K(645060K)
[1088.606s][info ][gc,metaspace ] GC(900) Metaspace: 65903K->65903K(1110016K)
[1088.606s][info ][gc           ] GC(900) Pause Young (Allocation Failure) 738M->497M(893M) 4.807ms
[1088.606s][info ][gc,cpu       ] GC(900) User=0.02s Sys=0.00s Real=0.00s
[1088.606s][info ][safepoint    ] Leaving safepoint region
[1088.606s][info ][safepoint    ] Total time for which application threads were stopped: 0.0049842 seconds, Stopping threads took: 0.0000199 seconds
[1089.606s][info ][safepoint    ] Application time: 1.0001037 seconds
[1089.607s][info ][safepoint    ] Entering safepoint region: Cleanup
[1089.607s][info ][safepoint    ] Leaving safepoint region
[1089.607s][info ][safepoint    ] Total time for which application threads were stopped: 0.0001296 seconds, Stopping threads took: 0.0000480 seconds
[1090.607s][info ][safepoint    ] Application time: 1.0000891 seconds
[1090.607s][info ][safepoint    ] Entering safepoint region: Cleanup
[1090.607s][info ][safepoint    ] Leaving safepoint region
[1090.607s][info ][safepoint    ] Total time for which application threads were stopped: 0.0001531 seconds, Stopping threads took: 0.0000733 seconds
[1091.952s][info ][safepoint    ] Application time: 1.3454951 seconds
[1091.952s][info ][safepoint    ] Entering safepoint region: GenCollectForAllocation
[1091.953s][info ][gc,start     ] GC(901) Pause Young (Allocation Failure)
[1091.953s][info ][gc,task      ] GC(901) Using 4 workers of 4 for evacuation
[1091.957s][debug][gc,ref       ] GC(901) Skipped phase1 of Reference Processing due to unavailable references
[1091.957s][debug][gc,ref       ] GC(901) Skipped phase3 of Reference Processing due to unavailable references
[1091.957s][debug][gc,age       ] GC(901) Desired survivor size 15368192 bytes, new threshold 6 (max threshold 6)
[1091.958s][info ][gc,heap      ] GC(901) ParNew: 244861K->3916K(270336K)
[1091.958s][info ][gc,heap      ] GC(901) CMS: 504864K->504894K(645060K)
[1091.958s][info ][gc,metaspace ] GC(901) Metaspace: 65903K->65903K(1110016K)
[1091.958s][info ][gc           ] GC(901) Pause Young (Allocation Failure) 732M->496M(893M) 4.980ms
[1091.958s][info ][gc,cpu       ] GC(901) User=0.02s Sys=0.00s Real=0.01s
[1091.958s][info ][safepoint    ] Leaving safepoint region
[1091.958s][info ][safepoint    ] Total time for which application threads were stopped: 0.0051343 seconds, Stopping threads took: 0.0000168 seconds
[1094.558s][info ][safepoint    ] Application time: 2.6003471 seconds
[1094.558s][info ][safepoint    ] Entering safepoint region: Deoptimize
[1094.560s][info ][safepoint    ] Leaving safepoint region
[1094.560s][info ][safepoint    ] Total time for which application threads were stopped: 0.0019334 seconds, Stopping threads took: 0.0000175 seconds
[1095.208s][info ][safepoint    ] Application time: 0.6484995 seconds
[1095.208s][info ][safepoint    ] Entering safepoint region: GenCollectForAllocation
[1095.209s][info ][gc,start     ] GC(902) Pause Young (Allocation Failure)
[1095.209s][info ][gc,task      ] GC(902) Using 4 workers of 4 for evacuation
[1095.213s][debug][gc,ref       ] GC(902) Skipped phase1 of Reference Processing due to unavailable references
[1095.213s][debug][gc,ref       ] GC(902) Skipped phase3 of Reference Processing due to unavailable references
[1095.213s][debug][gc,age       ] GC(902) Desired survivor size 15368192 bytes, new threshold 6 (max threshold 6)
[1095.213s][info ][gc,heap      ] GC(902) ParNew: 244236K->3044K(270336K)
[1095.213s][info ][gc,heap      ] GC(902) CMS: 504894K->504923K(645060K)
[1095.213s][info ][gc,metaspace ] GC(902) Metaspace: 65910K->65910K(1110016K)
[1095.213s][info ][gc           ] GC(902) Pause Young (Allocation Failure) 731M->496M(893M) 4.507ms
[1095.213s][info ][gc,cpu       ] GC(902) User=0.02s Sys=0.00s Real=0.00s
[1095.213s][info ][safepoint    ] Leaving safepoint region
[1095.213s][info ][safepoint    ] Total time for which application threads were stopped: 0.0046930 seconds, Stopping threads took: 0.0000177 seconds
[1096.213s][info ][safepoint    ] Application time: 1.0001182 seconds
[1096.213s][info ][safepoint    ] Entering safepoint region: Cleanup
[1096.213s][info ][safepoint    ] Leaving safepoint region
[1096.213s][info ][safepoint    ] Total time for which application threads were stopped: 0.0000891 seconds, Stopping threads took: 0.0000178 seconds
[1098.214s][info ][safepoint    ] Application time: 2.0001891 seconds
[1098.214s][info ][safepoint    ] Entering safepoint region: Cleanup
[1098.214s][info ][safepoint    ] Leaving safepoint region
[1098.214s][info ][safepoint    ] Total time for which application threads were stopped: 0.0000918 seconds, Stopping threads took: 0.0000196 seconds
[1100.051s][info ][safepoint    ] Application time: 1.8371879 seconds
[1100.051s][info ][safepoint    ] Entering safepoint region: GenCollectForAllocation
[1100.051s][info ][gc,start     ] GC(903) Pause Young (Allocation Failure)
[1100.051s][info ][gc,task      ] GC(903) Using 4 workers of 4 for evacuation
[1100.056s][debug][gc,ref       ] GC(903) Skipped phase1 of Reference Processing due to unavailable references
[1100.056s][debug][gc,ref       ] GC(903) Skipped phase3 of Reference Processing due to unavailable references
[1100.056s][debug][gc,age       ] GC(903) Desired survivor size 15368192 bytes, new threshold 6 (max threshold 6)
[1100.056s][info ][gc,heap      ] GC(903) ParNew: 243364K->2406K(270336K)
[1100.056s][info ][gc,heap      ] GC(903) CMS: 504923K->506555K(645060K)
[1100.056s][info ][gc,metaspace ] GC(903) Metaspace: 65913K->65913K(1110016K)
[1100.056s][info ][gc           ] GC(903) Pause Young (Allocation Failure) 730M->497M(893M) 5.323ms
[1100.056s][info ][gc,cpu       ] GC(903) User=0.02s Sys=0.00s Real=0.01s
[1100.056s][info ][safepoint    ] Leaving safepoint region
[1100.056s][info ][safepoint    ] Total time for which application threads were stopped: 0.0054912 seconds, Stopping threads took: 0.0000184 seconds
[1103.057s][info ][safepoint    ] Application time: 3.0002639 seconds
[1103.057s][info ][safepoint    ] Entering safepoint region: Cleanup
[1103.057s][info ][safepoint    ] Leaving safepoint region
[1103.057s][info ][safepoint    ] Total time for which application threads were stopped: 0.0000855 seconds, Stopping threads took: 0.0000190 seconds
[1105.348s][info ][safepoint    ] Application time: 2.2915431 seconds
[1105.348s][info ][safepoint    ] Entering safepoint region: GenCollectForAllocation
[1105.349s][info ][gc,start     ] GC(904) Pause Young (Allocation Failure)
[1105.349s][info ][gc,task      ] GC(904) Using 4 workers of 4 for evacuation
[1105.352s][debug][gc,ref       ] GC(904) Skipped phase1 of Reference Processing due to unavailable references
[1105.352s][debug][gc,ref       ] GC(904) Skipped phase2 of Reference Processing due to unavailable references
[1105.352s][debug][gc,ref       ] GC(904) Skipped phase3 of Reference Processing due to unavailable references
[1105.352s][debug][gc,ref       ] GC(904) Skipped phase4 of Reference Processing due to unavailable references
[1105.352s][debug][gc,age       ] GC(904) Desired survivor size 15368192 bytes, new threshold 6 (max threshold 6)
[1105.352s][info ][gc,heap      ] GC(904) ParNew: 242726K->982K(270336K)
[1105.352s][info ][gc,heap      ] GC(904) CMS: 506555K->507103K(645060K)
[1105.352s][info ][gc,metaspace ] GC(904) Metaspace: 65917K->65917K(1110016K)
[1105.352s][info ][gc           ] GC(904) Pause Young (Allocation Failure) 731M->496M(893M) 3.574ms
[1105.352s][info ][gc,cpu       ] GC(904) User=0.01s Sys=0.00s Real=0.00s
[1105.352s][info ][safepoint    ] Leaving safepoint region
[1105.352s][info ][safepoint    ] Total time for which application threads were stopped: 0.0037458 seconds, Stopping threads took: 0.0000176 seconds
[1107.352s][info ][safepoint    ] Application time: 2.0001708 seconds
[1107.352s][info ][safepoint    ] Entering safepoint region: Cleanup
[1107.352s][info ][safepoint    ] Leaving safepoint region
[1107.353s][info ][safepoint    ] Total time for which application threads were stopped: 0.0001480 seconds, Stopping threads took: 0.0000752 seconds
[1110.647s][info ][safepoint    ] Application time: 3.2946725 seconds
[1110.647s][info ][safepoint    ] Entering safepoint region: GenCollectForAllocation
[1110.647s][info ][gc,start     ] GC(905) Pause Young (Allocation Failure)
[1110.647s][info ][gc,task      ] GC(905) Using 4 workers of 4 for evacuation
[1110.650s][debug][gc,ref       ] GC(905) Skipped phase1 of Reference Processing due to unavailable references
[1110.650s][debug][gc,ref       ] GC(905) Skipped phase2 of Reference Processing due to unavailable references
[1110.650s][debug][gc,ref       ] GC(905) Skipped phase3 of Reference Processing due to unavailable references
[1110.650s][debug][gc,ref       ] GC(905) Skipped phase4 of Reference Processing due to unavailable references
[1110.650s][debug][gc,age       ] GC(905) Desired survivor size 15368192 bytes, new threshold 6 (max threshold 6)
[1110.650s][info ][gc,heap      ] GC(905) ParNew: 241302K->928K(270336K)
[1110.650s][info ][gc,heap      ] GC(905) CMS: 507103K->507132K(645060K)
[1110.650s][info ][gc,metaspace ] GC(905) Metaspace: 65921K->65921K(1110016K)
[1110.650s][info ][gc           ] GC(905) Pause Young (Allocation Failure) 730M->496M(893M) 2.745ms
[1110.650s][info ][gc,cpu       ] GC(905) User=0.01s Sys=0.00s Real=0.01s
[1110.650s][info ][safepoint    ] Leaving safepoint region
[1110.650s][info ][safepoint    ] Total time for which application threads were stopped: 0.0028949 seconds, Stopping threads took: 0.0000172 seconds
[1116.097s][info ][safepoint    ] Application time: 5.4472737 seconds
[1116.097s][info ][safepoint    ] Entering safepoint region: GenCollectForAllocation
[1116.098s][info ][gc,start     ] GC(906) Pause Young (Allocation Failure)
[1116.098s][info ][gc,task      ] GC(906) Using 4 workers of 4 for evacuation
[1116.100s][debug][gc,ref       ] GC(906) Skipped phase1 of Reference Processing due to unavailable references
[1116.100s][debug][gc,ref       ] GC(906) Skipped phase2 of Reference Processing due to unavailable references
[1116.100s][debug][gc,ref       ] GC(906) Skipped phase3 of Reference Processing due to unavailable references
[1116.100s][debug][gc,ref       ] GC(906) Skipped phase4 of Reference Processing due to unavailable references
[1116.100s][debug][gc,age       ] GC(906) Desired survivor size 15368192 bytes, new threshold 6 (max threshold 6)
[1116.101s][info ][gc,heap      ] GC(906) ParNew: 241248K->887K(270336K)
[1116.101s][info ][gc,heap      ] GC(906) CMS: 507132K->507240K(645060K)
[1116.101s][info ][gc,metaspace ] GC(906) Metaspace: 65921K->65921K(1110016K)
[1116.101s][info ][gc           ] GC(906) Pause Young (Allocation Failure) 730M->496M(893M) 3.007ms
[1116.101s][info ][gc,cpu       ] GC(906) User=0.01s Sys=0.00s Real=0.00s
[1116.101s][info ][safepoint    ] Leaving safepoint region
[1116.101s][info ][safepoint    ] Total time for which application threads were stopped: 0.0031601 seconds, Stopping threads took: 0.0000180 seconds
[1119.101s][info ][safepoint    ] Application time: 3.0003761 seconds
[1119.101s][info ][safepoint    ] Entering safepoint region: Cleanup
[1119.101s][info ][safepoint    ] Leaving safepoint region
[1119.101s][info ][safepoint    ] Total time for which application threads were stopped: 0.0001516 seconds, Stopping threads took: 0.0000591 seconds
[1121.101s][info ][safepoint    ] Application time: 2.0002205 seconds
[1121.101s][info ][safepoint    ] Entering safepoint region: Cleanup
[1121.102s][info ][safepoint    ] Leaving safepoint region
[1121.102s][info ][safepoint    ] Total time for which application threads were stopped: 0.0001183 seconds, Stopping threads took: 0.0000428 seconds
[1121.452s][info ][safepoint    ] Application time: 0.3507869 seconds
[1121.452s][info ][safepoint    ] Entering safepoint region: GenCollectForAllocation
[1121.452s][info ][gc,start     ] GC(907) Pause Young (Allocation Failure)
[1121.453s][info ][gc,task      ] GC(907) Using 4 workers of 4 for evacuation
[1121.455s][debug][gc,ref       ] GC(907) Skipped phase1 of Reference Processing due to unavailable references
[1121.455s][debug][gc,ref       ] GC(907) Skipped phase2 of Reference Processing due to unavailable references
[1121.455s][debug][gc,ref       ] GC(907) Skipped phase3 of Reference Processing due to unavailable references
[1121.455s][debug][gc,ref       ] GC(907) Skipped phase4 of Reference Processing due to unavailable references
[1121.455s][debug][gc,age       ] GC(907) Desired survivor size 15368192 bytes, new threshold 6 (max threshold 6)
[1121.455s][info ][gc,heap      ] GC(907) ParNew: 241207K->1145K(270336K)
[1121.455s][info ][gc,heap      ] GC(907) CMS: 507240K->507265K(645060K)
[1121.455s][info ][gc,metaspace ] GC(907) Metaspace: 65922K->65922K(1110016K)
[1121.455s][info ][gc           ] GC(907) Pause Young (Allocation Failure) 730M->496M(893M) 2.770ms
[1121.455s][info ][gc,cpu       ] GC(907) User=0.01s Sys=0.00s Real=0.00s
[1121.455s][info ][safepoint    ] Leaving safepoint region
[1121.455s][info ][safepoint    ] Total time for which application threads were stopped: 0.0029231 seconds, Stopping threads took: 0.0000178 seconds
[1125.456s][info ][safepoint    ] Application time: 4.0004230 seconds
[1125.456s][info ][safepoint    ] Entering safepoint region: Cleanup
[1125.456s][info ][safepoint    ] Leaving safepoint region
[1125.456s][info ][safepoint    ] Total time for which application threads were stopped: 0.0000785 seconds, Stopping threads took: 0.0000167 seconds
[1126.806s][info ][safepoint    ] Application time: 1.3499520 seconds
[1126.811s][info ][safepoint    ] Entering safepoint region: GenCollectForAllocation
[1126.811s][info ][gc,start     ] GC(908) Pause Young (Allocation Failure)
[1126.811s][info ][gc,task      ] GC(908) Using 4 workers of 4 for evacuation
[1126.814s][debug][gc,ref       ] GC(908) Skipped phase1 of Reference Processing due to unavailable references
[1126.814s][debug][gc,ref       ] GC(908) Skipped phase2 of Reference Processing due to unavailable references
[1126.814s][debug][gc,ref       ] GC(908) Skipped phase3 of Reference Processing due to unavailable references
[1126.814s][debug][gc,age       ] GC(908) Desired survivor size 15368192 bytes, new threshold 6 (max threshold 6)
[1126.814s][info ][gc,heap      ] GC(908) ParNew: 241465K->1203K(270336K)
[1126.814s][info ][gc,heap      ] GC(908) CMS: 507265K->507289K(645060K)
[1126.814s][info ][gc,metaspace ] GC(908) Metaspace: 65927K->65927K(1110016K)
[1126.814s][info ][gc           ] GC(908) Pause Young (Allocation Failure) 731M->496M(893M) 2.770ms
[1126.814s][info ][gc,cpu       ] GC(908) User=0.01s Sys=0.00s Real=0.00s
[1126.814s][info ][safepoint    ] Leaving safepoint region
[1126.814s][info ][safepoint    ] Total time for which application threads were stopped: 0.0084510 seconds, Stopping threads took: 0.0055503 seconds
[1131.815s][info ][safepoint    ] Application time: 5.0004769 seconds
[1131.815s][info ][safepoint    ] Entering safepoint region: Cleanup
[1131.815s][info ][safepoint    ] Leaving safepoint region
[1131.815s][info ][safepoint    ] Total time for which application threads were stopped: 0.0000861 seconds, Stopping threads took: 0.0000191 seconds
[1132.147s][info ][safepoint    ] Application time: 0.3323600 seconds
[1132.147s][info ][safepoint    ] Entering safepoint region: GenCollectForAllocation
[1132.147s][info ][gc,start     ] GC(909) Pause Young (Allocation Failure)
[1132.147s][info ][gc,task      ] GC(909) Using 4 workers of 4 for evacuation
[1132.150s][debug][gc,ref       ] GC(909) Skipped phase1 of Reference Processing due to unavailable references
[1132.150s][debug][gc,ref       ] GC(909) Skipped phase2 of Reference Processing due to unavailable references
[1132.150s][debug][gc,ref       ] GC(909) Skipped phase3 of Reference Processing due to unavailable references
[1132.150s][debug][gc,ref       ] GC(909) Skipped phase4 of Reference Processing due to unavailable references
[1132.150s][debug][gc,age       ] GC(909) Desired survivor size 15368192 bytes, new threshold 6 (max threshold 6)
[1132.150s][info ][gc,heap      ] GC(909) ParNew: 241523K->1434K(270336K)
[1132.150s][info ][gc,heap      ] GC(909) CMS: 507289K->507360K(645060K)
[1132.150s][info ][gc,metaspace ] GC(909) Metaspace: 65930K->65930K(1110016K)
[1132.150s][info ][gc           ] GC(909) Pause Young (Allocation Failure) 731M->496M(893M) 2.848ms
[1132.150s][info ][gc,cpu       ] GC(909) User=0.01s Sys=0.00s Real=0.01s
[1132.150s][info ][safepoint    ] Leaving safepoint region
[1132.150s][info ][safepoint    ] Total time for which application threads were stopped: 0.0030234 seconds, Stopping threads took: 0.0000198 seconds
[1135.151s][info ][safepoint    ] Application time: 3.0003366 seconds
[1135.151s][info ][safepoint    ] Entering safepoint region: Cleanup
[1135.151s][info ][safepoint    ] Leaving safepoint region
[1135.151s][info ][safepoint    ] Total time for which application threads were stopped: 0.0001190 seconds, Stopping threads took: 0.0000426 seconds
[1136.151s][info ][safepoint    ] Application time: 1.0001320 seconds
[1136.151s][info ][safepoint    ] Entering safepoint region: Cleanup
[1136.151s][info ][safepoint    ] Leaving safepoint region
[1136.151s][info ][safepoint    ] Total time for which application threads were stopped: 0.0001476 seconds, Stopping threads took: 0.0000720 seconds
[1137.151s][info ][safepoint    ] Application time: 1.0000911 seconds
[1137.151s][info ][safepoint    ] Entering safepoint region: Cleanup
[1137.151s][info ][safepoint    ] Leaving safepoint region
[1137.151s][info ][safepoint    ] Total time for which application threads were stopped: 0.0001150 seconds, Stopping threads took: 0.0000450 seconds
[1137.202s][info ][safepoint    ] Application time: 0.0506906 seconds
[1137.202s][info ][safepoint    ] Entering safepoint region: GenCollectForAllocation
[1137.202s][info ][gc,start     ] GC(910) Pause Young (Allocation Failure)
[1137.202s][info ][gc,task      ] GC(910) Using 4 workers of 4 for evacuation
[1137.205s][debug][gc,ref       ] GC(910) Skipped phase1 of Reference Processing due to unavailable references
[1137.205s][debug][gc,ref       ] GC(910) Skipped phase2 of Reference Processing due to unavailable references
[1137.205s][debug][gc,ref       ] GC(910) Skipped phase3 of Reference Processing due to unavailable references
[1137.205s][debug][gc,ref       ] GC(910) Skipped phase4 of Reference Processing due to unavailable references
[1137.205s][debug][gc,age       ] GC(910) Desired survivor size 15368192 bytes, new threshold 6 (max threshold 6)
[1137.205s][info ][gc,heap      ] GC(910) ParNew: 241754K->1568K(270336K)
[1137.205s][info ][gc,heap      ] GC(910) CMS: 507360K->507369K(645060K)
[1137.205s][info ][gc,metaspace ] GC(910) Metaspace: 65940K->65940K(1110016K)
[1137.205s][info ][gc           ] GC(910) Pause Young (Allocation Failure) 731M->497M(893M) 2.716ms
[1137.205s][info ][gc,cpu       ] GC(910) User=0.01s Sys=0.00s Real=0.00s
[1137.205s][info ][safepoint    ] Leaving safepoint region
[1137.205s][info ][safepoint    ] Total time for which application threads were stopped: 0.0029049 seconds, Stopping threads took: 0.0000405 seconds
[1138.205s][info ][safepoint    ] Application time: 1.0000932 seconds
[1138.205s][info ][safepoint    ] Entering safepoint region: Cleanup
[1138.205s][info ][safepoint    ] Leaving safepoint region
[1138.205s][info ][safepoint    ] Total time for which application threads were stopped: 0.0000943 seconds, Stopping threads took: 0.0000185 seconds
[1139.205s][info ][safepoint    ] Application time: 1.0000922 seconds
[1139.205s][info ][safepoint    ] Entering safepoint region: Cleanup
[1139.205s][info ][safepoint    ] Leaving safepoint region
[1139.205s][info ][safepoint    ] Total time for which application threads were stopped: 0.0000804 seconds, Stopping threads took: 0.0000189 seconds
[1140.206s][info ][safepoint    ] Application time: 1.0001026 seconds
[1140.206s][info ][safepoint    ] Entering safepoint region: Cleanup
[1140.206s][info ][safepoint    ] Leaving safepoint region
[1140.206s][info ][safepoint    ] Total time for which application threads were stopped: 0.0000937 seconds, Stopping threads took: 0.0000204 seconds
[1141.206s][info ][safepoint    ] Application time: 1.0001349 seconds
[1141.206s][info ][safepoint    ] Entering safepoint region: Cleanup
[1141.206s][info ][safepoint    ] Leaving safepoint region
[1141.206s][info ][safepoint    ] Total time for which application threads were stopped: 0.0000799 seconds, Stopping threads took: 0.0000181 seconds
[1141.292s][info ][safepoint    ] Application time: 0.0862901 seconds
[1141.292s][info ][safepoint    ] Entering safepoint region: RevokeBias
[1141.292s][info ][safepoint    ] Leaving safepoint region
[1141.292s][info ][safepoint    ] Total time for which application threads were stopped: 0.0001023 seconds, Stopping threads took: 0.0000192 seconds
[1141.850s][info ][safepoint    ] Application time: 0.5572768 seconds
[1141.850s][info ][safepoint    ] Entering safepoint region: GenCollectForAllocation
[1141.850s][info ][gc,start     ] GC(911) Pause Young (Allocation Failure)
[1141.850s][info ][gc,task      ] GC(911) Using 4 workers of 4 for evacuation
[1141.853s][debug][gc,ref       ] GC(911) Skipped phase1 of Reference Processing due to unavailable references
[1141.853s][debug][gc,ref       ] GC(911) Skipped phase2 of Reference Processing due to unavailable references
[1141.853s][debug][gc,ref       ] GC(911) Skipped phase3 of Reference Processing due to unavailable references
[1141.853s][debug][gc,ref       ] GC(911) Skipped phase4 of Reference Processing due to unavailable references
[1141.853s][debug][gc,age       ] GC(911) Desired survivor size 15368192 bytes, new threshold 6 (max threshold 6)
[1141.853s][info ][gc,heap      ] GC(911) ParNew: 241888K->1500K(270336K)
[1141.853s][info ][gc,heap      ] GC(911) CMS: 507369K->507565K(645060K)
[1141.853s][info ][gc,metaspace ] GC(911) Metaspace: 65942K->65942K(1110016K)
[1141.853s][info ][gc           ] GC(911) Pause Young (Allocation Failure) 731M->497M(893M) 3.426ms
[1141.853s][info ][gc,cpu       ] GC(911) User=0.01s Sys=0.00s Real=0.00s
[1141.853s][info ][safepoint    ] Leaving safepoint region
[1141.853s][info ][safepoint    ] Total time for which application threads were stopped: 0.0036701 seconds, Stopping threads took: 0.0000862 seconds
[1142.593s][info ][safepoint    ] Application time: 0.7399701 seconds
[1142.593s][info ][safepoint    ] Entering safepoint region: RevokeBias
[1142.594s][info ][safepoint    ] Leaving safepoint region
[1142.594s][info ][safepoint    ] Total time for which application threads were stopped: 0.0003051 seconds, Stopping threads took: 0.0000297 seconds
[1144.594s][info ][safepoint    ] Application time: 2.0001743 seconds
[1144.594s][info ][safepoint    ] Entering safepoint region: Cleanup
[1144.594s][info ][safepoint    ] Leaving safepoint region
[1144.594s][info ][safepoint    ] Total time for which application threads were stopped: 0.0000884 seconds, Stopping threads took: 0.0000187 seconds
[1146.550s][info ][safepoint    ] Application time: 1.9557619 seconds
[1146.550s][info ][safepoint    ] Entering safepoint region: GenCollectForAllocation
[1146.550s][info ][gc,start     ] GC(912) Pause Young (Allocation Failure)
[1146.550s][info ][gc,task      ] GC(912) Using 4 workers of 4 for evacuation
[1146.552s][debug][gc,ref       ] GC(912) Skipped phase1 of Reference Processing due to unavailable references
[1146.552s][debug][gc,ref       ] GC(912) Skipped phase2 of Reference Processing due to unavailable references
[1146.552s][debug][gc,ref       ] GC(912) Skipped phase3 of Reference Processing due to unavailable references
[1146.553s][debug][gc,age       ] GC(912) Desired survivor size 15368192 bytes, new threshold 6 (max threshold 6)
[1146.553s][info ][gc,heap      ] GC(912) ParNew: 241820K->1836K(270336K)
[1146.553s][info ][gc,heap      ] GC(912) CMS: 507565K->507631K(645060K)
[1146.553s][info ][gc,metaspace ] GC(912) Metaspace: 65950K->65950K(1110016K)
[1146.553s][info ][gc           ] GC(912) Pause Young (Allocation Failure) 731M->497M(893M) 2.829ms
[1146.553s][info ][gc,cpu       ] GC(912) User=0.01s Sys=0.00s Real=0.00s
[1146.553s][info ][safepoint    ] Leaving safepoint region
[1146.553s][info ][safepoint    ] Total time for which application threads were stopped: 0.0030002 seconds, Stopping threads took: 0.0000231 seconds
[1147.553s][info ][safepoint    ] Application time: 1.0001456 seconds
[1147.553s][info ][safepoint    ] Entering safepoint region: Cleanup
[1147.553s][info ][safepoint    ] Leaving safepoint region
[1147.553s][info ][safepoint    ] Total time for which application threads were stopped: 0.0001150 seconds, Stopping threads took: 0.0000457 seconds
[1149.553s][info ][safepoint    ] Application time: 2.0001325 seconds
[1149.553s][info ][safepoint    ] Entering safepoint region: Cleanup
[1149.553s][info ][safepoint    ] Leaving safepoint region
[1149.553s][info ][safepoint    ] Total time for which application threads were stopped: 0.0001321 seconds, Stopping threads took: 0.0000665 seconds
[1151.202s][info ][safepoint    ] Application time: 1.6488337 seconds
[1151.202s][info ][safepoint    ] Entering safepoint region: GenCollectForAllocation
[1151.202s][info ][gc,start     ] GC(913) Pause Young (Allocation Failure)
[1151.203s][info ][gc,task      ] GC(913) Using 4 workers of 4 for evacuation
[1151.205s][debug][gc,ref       ] GC(913) Skipped phase1 of Reference Processing due to unavailable references
[1151.205s][debug][gc,ref       ] GC(913) Skipped phase2 of Reference Processing due to unavailable references
[1151.205s][debug][gc,ref       ] GC(913) Skipped phase3 of Reference Processing due to unavailable references
[1151.205s][debug][gc,ref       ] GC(913) Skipped phase4 of Reference Processing due to unavailable references
[1151.205s][debug][gc,age       ] GC(913) Desired survivor size 15368192 bytes, new threshold 6 (max threshold 6)
[1151.206s][info ][gc,heap      ] GC(913) ParNew: 242156K->2320K(270336K)
[1151.206s][info ][gc,heap      ] GC(913) CMS: 507631K->507678K(645060K)
[1151.206s][info ][gc,metaspace ] GC(913) Metaspace: 65951K->65951K(1110016K)
[1151.206s][info ][gc           ] GC(913) Pause Young (Allocation Failure) 732M->498M(893M) 3.097ms
[1151.206s][info ][gc,cpu       ] GC(913) User=0.01s Sys=0.00s Real=0.00s
[1151.206s][info ][safepoint    ] Leaving safepoint region
[1151.206s][info ][safepoint    ] Total time for which application threads were stopped: 0.0032574 seconds, Stopping threads took: 0.0000156 seconds
[1154.206s][info ][safepoint    ] Application time: 3.0002912 seconds
[1154.206s][info ][safepoint    ] Entering safepoint region: Cleanup
[1154.206s][info ][safepoint    ] Leaving safepoint region
[1154.206s][info ][safepoint    ] Total time for which application threads were stopped: 0.0000913 seconds, Stopping threads took: 0.0000158 seconds
[1155.206s][info ][safepoint    ] Application time: 1.0001352 seconds
[1155.206s][info ][safepoint    ] Entering safepoint region: Cleanup
[1155.206s][info ][safepoint    ] Leaving safepoint region
[1155.206s][info ][safepoint    ] Total time for which application threads were stopped: 0.0000876 seconds, Stopping threads took: 0.0000176 seconds
[1155.647s][info ][safepoint    ] Application time: 0.4405782 seconds
[1155.647s][info ][safepoint    ] Entering safepoint region: GenCollectForAllocation
[1155.647s][info ][gc,start     ] GC(914) Pause Young (Allocation Failure)
[1155.647s][info ][gc,task      ] GC(914) Using 4 workers of 4 for evacuation
[1155.651s][debug][gc,ref       ] GC(914) Skipped phase1 of Reference Processing due to unavailable references
[1155.651s][debug][gc,ref       ] GC(914) Skipped phase3 of Reference Processing due to unavailable references
[1155.651s][debug][gc,age       ] GC(914) Desired survivor size 15368192 bytes, new threshold 6 (max threshold 6)
[1155.651s][info ][gc,heap      ] GC(914) ParNew: 242640K->4072K(270336K)
[1155.651s][info ][gc,heap      ] GC(914) CMS: 507678K->507823K(645060K)
[1155.651s][info ][gc,metaspace ] GC(914) Metaspace: 65955K->65955K(1110016K)
[1155.651s][info ][gc           ] GC(914) Pause Young (Allocation Failure) 732M->499M(893M) 4.126ms
[1155.651s][info ][gc,cpu       ] GC(914) User=0.02s Sys=0.00s Real=0.01s
[1155.651s][info ][safepoint    ] Leaving safepoint region
[1155.651s][info ][safepoint    ] Total time for which application threads were stopped: 0.0042840 seconds, Stopping threads took: 0.0000190 seconds
[1156.651s][info ][safepoint    ] Application time: 1.0001371 seconds
[1156.651s][info ][safepoint    ] Entering safepoint region: Cleanup
[1156.651s][info ][safepoint    ] Leaving safepoint region
[1156.651s][info ][safepoint    ] Total time for which application threads were stopped: 0.0001469 seconds, Stopping threads took: 0.0000735 seconds
[1158.652s][info ][safepoint    ] Application time: 2.0002074 seconds
[1158.652s][info ][safepoint    ] Entering safepoint region: Cleanup
[1158.652s][info ][safepoint    ] Leaving safepoint region
[1158.652s][info ][safepoint    ] Total time for which application threads were stopped: 0.0001144 seconds, Stopping threads took: 0.0000418 seconds
[1159.652s][info ][safepoint    ] Application time: 1.0001344 seconds
[1159.652s][info ][safepoint    ] Entering safepoint region: Cleanup
[1159.652s][info ][safepoint    ] Leaving safepoint region
[1159.652s][info ][safepoint    ] Total time for which application threads were stopped: 0.0001221 seconds, Stopping threads took: 0.0000433 seconds
[1160.797s][info ][safepoint    ] Application time: 1.1451555 seconds
[1160.797s][info ][safepoint    ] Entering safepoint region: GenCollectForAllocation
[1160.797s][info ][gc,start     ] GC(915) Pause Young (Allocation Failure)
[1160.797s][info ][gc,task      ] GC(915) Using 4 workers of 4 for evacuation
[1160.801s][debug][gc,ref       ] GC(915) Skipped phase1 of Reference Processing due to unavailable references
[1160.801s][debug][gc,ref       ] GC(915) Skipped phase3 of Reference Processing due to unavailable references
[1160.801s][debug][gc,age       ] GC(915) Desired survivor size 15368192 bytes, new threshold 6 (max threshold 6)
[1160.801s][info ][gc,heap      ] GC(915) ParNew: 244392K->5604K(270336K)
[1160.801s][info ][gc,heap      ] GC(915) CMS: 507823K->507952K(645060K)
[1160.801s][info ][gc,metaspace ] GC(915) Metaspace: 65955K->65955K(1110016K)
[1160.801s][info ][gc           ] GC(915) Pause Young (Allocation Failure) 734M->501M(893M) 3.908ms
[1160.801s][info ][gc,cpu       ] GC(915) User=0.01s Sys=0.00s Real=0.00s
[1160.801s][info ][safepoint    ] Leaving safepoint region
[1160.801s][info ][safepoint    ] Total time for which application threads were stopped: 0.0040640 seconds, Stopping threads took: 0.0000189 seconds
[1161.801s][info ][safepoint    ] Application time: 1.0000710 seconds
[1161.802s][info ][safepoint    ] Entering safepoint region: Cleanup
[1161.802s][info ][safepoint    ] Leaving safepoint region
[1161.802s][info ][safepoint    ] Total time for which application threads were stopped: 0.0001739 seconds, Stopping threads took: 0.0000868 seconds
[1162.802s][info ][safepoint    ] Application time: 1.0001341 seconds
[1162.802s][info ][safepoint    ] Entering safepoint region: Cleanup
[1162.802s][info ][safepoint    ] Leaving safepoint region
[1162.802s][info ][safepoint    ] Total time for which application threads were stopped: 0.0001165 seconds, Stopping threads took: 0.0000437 seconds
[1163.802s][info ][safepoint    ] Application time: 1.0001317 seconds
[1163.802s][info ][safepoint    ] Entering safepoint region: Cleanup
[1163.802s][info ][safepoint    ] Leaving safepoint region
[1163.802s][info ][safepoint    ] Total time for which application threads were stopped: 0.0001156 seconds, Stopping threads took: 0.0000396 seconds
[1164.607s][info ][safepoint    ] Application time: 0.8045709 seconds
[1164.607s][info ][safepoint    ] Entering safepoint region: GenCollectForAllocation
[1164.607s][info ][gc,start     ] GC(916) Pause Young (Allocation Failure)
[1164.607s][info ][gc,task      ] GC(916) Using 4 workers of 4 for evacuation
[1164.616s][debug][gc,ref       ] GC(916) Skipped phase1 of Reference Processing due to unavailable references
[1164.616s][debug][gc,ref       ] GC(916) Skipped phase3 of Reference Processing due to unavailable references
[1164.616s][debug][gc,age       ] GC(916) Desired survivor size 15368192 bytes, new threshold 6 (max threshold 6)
[1164.616s][info ][gc,heap      ] GC(916) ParNew: 245924K->17316K(270336K)
[1164.616s][info ][gc,heap      ] GC(916) CMS: 507952K->508127K(645060K)
[1164.616s][info ][gc,metaspace ] GC(916) Metaspace: 65958K->65958K(1110016K)
[1164.616s][info ][gc           ] GC(916) Pause Young (Allocation Failure) 736M->513M(893M) 8.915ms
[1164.616s][info ][gc,cpu       ] GC(916) User=0.04s Sys=0.00s Real=0.02s
[1164.616s][info ][safepoint    ] Leaving safepoint region
[1164.616s][info ][safepoint    ] Total time for which application threads were stopped: 0.0091265 seconds, Stopping threads took: 0.0000433 seconds
[1164.837s][info ][safepoint    ] Application time: 0.2213818 seconds
[1164.837s][info ][safepoint    ] Entering safepoint region: RevokeBias
[1164.838s][info ][safepoint    ] Leaving safepoint region
[1164.838s][info ][safepoint    ] Total time for which application threads were stopped: 0.0001806 seconds, Stopping threads took: 0.0000814 seconds
[1164.838s][info ][safepoint    ] Application time: 0.0001127 seconds
[1164.838s][info ][safepoint    ] Entering safepoint region: RevokeBias
[1164.838s][info ][safepoint    ] Leaving safepoint region
[1164.838s][info ][safepoint    ] Total time for which application threads were stopped: 0.0000311 seconds, Stopping threads took: 0.0000074 seconds
[1164.839s][info ][safepoint    ] Application time: 0.0008756 seconds
[1164.839s][info ][safepoint    ] Entering safepoint region: BulkRevokeBias
[1164.839s][info ][safepoint    ] Leaving safepoint region
[1164.839s][info ][safepoint    ] Total time for which application threads were stopped: 0.0002444 seconds, Stopping threads took: 0.0000113 seconds
[1164.860s][info ][safepoint    ] Application time: 0.0213117 seconds
[1164.860s][info ][safepoint    ] Entering safepoint region: RevokeBias
[1164.860s][info ][safepoint    ] Leaving safepoint region
[1164.860s][info ][safepoint    ] Total time for which application threads were stopped: 0.0000982 seconds, Stopping threads took: 0.0000155 seconds
[1165.066s][info ][safepoint    ] Application time: 0.2058383 seconds
[1165.066s][info ][safepoint    ] Entering safepoint region: GenCollectForAllocation
[1165.066s][info ][gc,start     ] GC(917) Pause Young (Allocation Failure)
[1165.066s][info ][gc,task      ] GC(917) Using 4 workers of 4 for evacuation
[1165.080s][debug][gc,ref       ] GC(917) Skipped phase1 of Reference Processing due to unavailable references
[1165.080s][debug][gc,ref       ] GC(917) Skipped phase3 of Reference Processing due to unavailable references
[1165.080s][debug][gc,age       ] GC(917) Desired survivor size 15368192 bytes, new threshold 1 (max threshold 6)
[1165.080s][info ][gc,heap      ] GC(917) ParNew: 257584K->30016K(270336K)
[1165.080s][info ][gc,heap      ] GC(917) CMS: 508127K->509059K(645060K)
[1165.080s][info ][gc,metaspace ] GC(917) Metaspace: 65982K->65982K(1110016K)
[1165.080s][info ][gc           ] GC(917) Pause Young (Allocation Failure) 747M->526M(893M) 13.935ms
[1165.080s][info ][gc,cpu       ] GC(917) User=0.06s Sys=0.00s Real=0.02s
[1165.080s][info ][safepoint    ] Leaving safepoint region
[1165.080s][info ][safepoint    ] Total time for which application threads were stopped: 0.0142148 seconds, Stopping threads took: 0.0000960 seconds
[1165.555s][info ][safepoint    ] Application time: 0.4745835 seconds
[1165.555s][info ][safepoint    ] Entering safepoint region: GenCollectForAllocation
[1165.555s][info ][gc,start     ] GC(918) Pause Young (Allocation Failure)
[1165.555s][info ][gc,task      ] GC(918) Using 4 workers of 4 for evacuation
[1165.577s][debug][gc,ref       ] GC(918) Skipped phase1 of Reference Processing due to unavailable references
[1165.577s][debug][gc,ref       ] GC(918) Skipped phase2 of Reference Processing due to unavailable references
[1165.577s][debug][gc,ref       ] GC(918) Skipped phase3 of Reference Processing due to unavailable references
[1165.577s][debug][gc,age       ] GC(918) Desired survivor size 15368192 bytes, new threshold 1 (max threshold 6)
[1165.577s][info ][gc,heap      ] GC(918) ParNew: 270336K->23854K(270336K)
[1165.577s][info ][gc,heap      ] GC(918) CMS: 509059K->526675K(645060K)
[1165.577s][info ][gc,metaspace ] GC(918) Metaspace: 65990K->65990K(1110016K)
[1165.577s][info ][gc           ] GC(918) Pause Young (Allocation Failure) 761M->537M(893M) 22.009ms
[1165.577s][info ][gc,cpu       ] GC(918) User=0.08s Sys=0.01s Real=0.03s
[1165.577s][info ][safepoint    ] Leaving safepoint region
[1165.577s][info ][safepoint    ] Total time for which application threads were stopped: 0.0222218 seconds, Stopping threads took: 0.0000175 seconds
[1166.577s][info ][safepoint    ] Application time: 1.0001415 seconds
[1166.578s][info ][safepoint    ] Entering safepoint region: Cleanup
[1166.578s][info ][safepoint    ] Leaving safepoint region
[1166.578s][info ][safepoint    ] Total time for which application threads were stopped: 0.0002178 seconds, Stopping threads took: 0.0000204 seconds
[1166.864s][info ][safepoint    ] Application time: 0.2860458 seconds
[1166.864s][info ][safepoint    ] Entering safepoint region: GenCollectForAllocation
[1166.864s][info ][gc,start     ] GC(919) Pause Young (Allocation Failure)
[1166.864s][info ][gc,task      ] GC(919) Using 4 workers of 4 for evacuation
[1166.879s][debug][gc,ref       ] GC(919) Skipped phase1 of Reference Processing due to unavailable references
[1166.879s][debug][gc,ref       ] GC(919) Skipped phase2 of Reference Processing due to unavailable references
[1166.879s][debug][gc,ref       ] GC(919) Skipped phase3 of Reference Processing due to unavailable references
[1166.879s][debug][gc,ref       ] GC(919) Skipped phase4 of Reference Processing due to unavailable references
[1166.879s][debug][gc,age       ] GC(919) Desired survivor size 15368192 bytes, new threshold 6 (max threshold 6)
[1166.879s][info ][gc,heap      ] GC(919) ParNew: 264174K->17735K(270336K)
[1166.879s][info ][gc,heap      ] GC(919) CMS: 526675K->536667K(645060K)
[1166.879s][info ][gc,metaspace ] GC(919) Metaspace: 65999K->65999K(1110016K)
[1166.879s][info ][gc           ] GC(919) Pause Young (Allocation Failure) 772M->541M(893M) 14.970ms
[1166.879s][info ][gc,cpu       ] GC(919) User=0.06s Sys=0.00s Real=0.02s
[1166.879s][info ][safepoint    ] Leaving safepoint region
[1166.879s][info ][safepoint    ] Total time for which application threads were stopped: 0.0151369 seconds, Stopping threads took: 0.0000181 seconds
[1167.879s][info ][safepoint    ] Application time: 1.0001415 seconds
[1167.879s][info ][safepoint    ] Entering safepoint region: Cleanup
[1167.879s][info ][safepoint    ] Leaving safepoint region
[1167.879s][info ][safepoint    ] Total time for which application threads were stopped: 0.0000848 seconds, Stopping threads took: 0.0000204 seconds
[1168.577s][info ][safepoint    ] Application time: 0.6977778 seconds
[1168.577s][info ][safepoint    ] Entering safepoint region: GenCollectForAllocation
[1168.577s][info ][gc,start     ] GC(920) Pause Young (Allocation Failure)
[1168.577s][info ][gc,task      ] GC(920) Using 4 workers of 4 for evacuation
[1168.585s][debug][gc,ref       ] GC(920) Skipped phase1 of Reference Processing due to unavailable references
[1168.585s][debug][gc,ref       ] GC(920) Skipped phase3 of Reference Processing due to unavailable references
[1168.586s][debug][gc,age       ] GC(920) Desired survivor size 15368192 bytes, new threshold 6 (max threshold 6)
[1168.586s][info ][gc,heap      ] GC(920) ParNew: 258055K->16750K(270336K)
[1168.586s][info ][gc,heap      ] GC(920) CMS: 536667K->536667K(645060K)
[1168.586s][info ][gc,metaspace ] GC(920) Metaspace: 66001K->66001K(1110016K)
[1168.586s][info ][gc           ] GC(920) Pause Young (Allocation Failure) 776M->540M(893M) 8.566ms
[1168.586s][info ][gc,cpu       ] GC(920) User=0.04s Sys=0.00s Real=0.00s
[1168.586s][info ][safepoint    ] Leaving safepoint region
[1168.586s][info ][safepoint    ] Total time for which application threads were stopped: 0.0087753 seconds, Stopping threads took: 0.0000171 seconds
[1169.586s][info ][safepoint    ] Application time: 1.0001013 seconds
[1169.586s][info ][safepoint    ] Entering safepoint region: Cleanup
[1169.586s][info ][safepoint    ] Leaving safepoint region
[1169.586s][info ][safepoint    ] Total time for which application threads were stopped: 0.0001215 seconds, Stopping threads took: 0.0000427 seconds
[1169.808s][info ][safepoint    ] Application time: 0.2219853 seconds
[1169.808s][info ][safepoint    ] Entering safepoint region: GenCollectForAllocation
[1169.808s][info ][gc,start     ] GC(921) Pause Young (Allocation Failure)
[1169.808s][info ][gc,task      ] GC(921) Using 4 workers of 4 for evacuation
[1169.817s][debug][gc,ref       ] GC(921) Skipped phase1 of Reference Processing due to unavailable references
[1169.817s][debug][gc,ref       ] GC(921) Skipped phase3 of Reference Processing due to unavailable references
[1169.817s][debug][gc,age       ] GC(921) Desired survivor size 15368192 bytes, new threshold 3 (max threshold 6)
[1169.817s][info ][gc,heap      ] GC(921) ParNew: 257070K->19768K(270336K)
[1169.817s][info ][gc,heap      ] GC(921) CMS: 536667K->536667K(645060K)
[1169.817s][info ][gc,metaspace ] GC(921) Metaspace: 66094K->66094K(1110016K)
[1169.817s][info ][gc           ] GC(921) Pause Young (Allocation Failure) 775M->543M(893M) 9.127ms
[1169.817s][info ][gc,cpu       ] GC(921) User=0.04s Sys=0.00s Real=0.01s
[1169.818s][info ][safepoint    ] Leaving safepoint region
[1169.818s][info ][safepoint    ] Total time for which application threads were stopped: 0.0093182 seconds, Stopping threads took: 0.0000195 seconds
[1170.818s][info ][safepoint    ] Application time: 1.0001390 seconds
[1170.818s][info ][safepoint    ] Entering safepoint region: Cleanup
[1170.818s][info ][safepoint    ] Leaving safepoint region
[1170.818s][info ][safepoint    ] Total time for which application threads were stopped: 0.0000994 seconds, Stopping threads took: 0.0000182 seconds
[1171.290s][info ][safepoint    ] Application time: 0.4717226 seconds
[1171.290s][info ][safepoint    ] Entering safepoint region: GenCollectForAllocation
[1171.290s][info ][gc,start     ] GC(922) Pause Young (Allocation Failure)
[1171.290s][info ][gc,task      ] GC(922) Using 4 workers of 4 for evacuation
[1171.304s][debug][gc,ref       ] GC(922) Skipped phase1 of Reference Processing due to unavailable references
[1171.304s][debug][gc,ref       ] GC(922) Skipped phase3 of Reference Processing due to unavailable references
[1171.305s][debug][gc,age       ] GC(922) Desired survivor size 15368192 bytes, new threshold 6 (max threshold 6)
[1171.305s][info ][gc,heap      ] GC(922) ParNew: 260088K->17622K(270336K)
[1171.305s][info ][gc,heap      ] GC(922) CMS: 536667K->544574K(645060K)
[1171.305s][info ][gc,metaspace ] GC(922) Metaspace: 66104K->66104K(1110016K)
[1171.305s][info ][gc           ] GC(922) Pause Young (Allocation Failure) 778M->549M(893M) 14.973ms
[1171.305s][info ][gc,cpu       ] GC(922) User=0.06s Sys=0.00s Real=0.01s
[1171.305s][info ][safepoint    ] Leaving safepoint region
[1171.305s][info ][safepoint    ] Total time for which application threads were stopped: 0.0151628 seconds, Stopping threads took: 0.0000171 seconds
[1172.305s][info ][safepoint    ] Application time: 1.0001140 seconds
[1172.305s][info ][safepoint    ] Entering safepoint region: Cleanup
[1172.305s][info ][safepoint    ] Leaving safepoint region
[1172.305s][info ][safepoint    ] Total time for which application threads were stopped: 0.0001302 seconds, Stopping threads took: 0.0000467 seconds
[1172.655s][info ][safepoint    ] Application time: 0.3498357 seconds
[1172.655s][info ][safepoint    ] Entering safepoint region: GenCollectForAllocation
[1172.655s][info ][gc,start     ] GC(923) Pause Young (Allocation Failure)
[1172.655s][info ][gc,task      ] GC(923) Using 4 workers of 4 for evacuation
[1172.664s][debug][gc,ref       ] GC(923) Skipped phase1 of Reference Processing due to unavailable references
[1172.664s][debug][gc,ref       ] GC(923) Skipped phase3 of Reference Processing due to unavailable references
[1172.664s][debug][gc,age       ] GC(923) Desired survivor size 15368192 bytes, new threshold 6 (max threshold 6)
[1172.664s][info ][gc,heap      ] GC(923) ParNew: 257942K->19562K(270336K)
[1172.664s][info ][gc,heap      ] GC(923) CMS: 544574K->544574K(645060K)
[1172.664s][info ][gc,metaspace ] GC(923) Metaspace: 66108K->66108K(1110016K)
[1172.664s][info ][gc           ] GC(923) Pause Young (Allocation Failure) 783M->550M(893M) 9.295ms
[1172.664s][info ][gc,cpu       ] GC(923) User=0.04s Sys=0.00s Real=0.01s
[1172.664s][info ][safepoint    ] Leaving safepoint region
[1172.664s][info ][safepoint    ] Total time for which application threads were stopped: 0.0094636 seconds, Stopping threads took: 0.0000175 seconds
[1173.578s][info ][safepoint    ] Application time: 0.9133420 seconds
[1173.578s][info ][safepoint    ] Entering safepoint region: GenCollectForAllocation
[1173.578s][info ][gc,start     ] GC(924) Pause Young (Allocation Failure)
[1173.578s][info ][gc,task      ] GC(924) Using 4 workers of 4 for evacuation
[1173.588s][debug][gc,ref       ] GC(924) Skipped phase1 of Reference Processing due to unavailable references
[1173.588s][debug][gc,ref       ] GC(924) Skipped phase3 of Reference Processing due to unavailable references
[1173.589s][debug][gc,age       ] GC(924) Desired survivor size 15368192 bytes, new threshold 4 (max threshold 6)
[1173.589s][info ][gc,heap      ] GC(924) ParNew: 259882K->25502K(270336K)
[1173.589s][info ][gc,heap      ] GC(924) CMS: 544574K->544574K(645060K)
[1173.589s][info ][gc,metaspace ] GC(924) Metaspace: 66112K->66112K(1110016K)
[1173.589s][info ][gc           ] GC(924) Pause Young (Allocation Failure) 785M->556M(893M) 10.766ms
[1173.589s][info ][gc,cpu       ] GC(924) User=0.04s Sys=0.00s Real=0.01s
[1173.589s][info ][safepoint    ] Leaving safepoint region
[1173.589s][info ][safepoint    ] Total time for which application threads were stopped: 0.0109409 seconds, Stopping threads took: 0.0000192 seconds
[1174.589s][info ][safepoint    ] Application time: 1.0001139 seconds
[1174.589s][info ][safepoint    ] Entering safepoint region: Cleanup
[1174.589s][info ][safepoint    ] Leaving safepoint region
[1174.589s][info ][safepoint    ] Total time for which application threads were stopped: 0.0000991 seconds, Stopping threads took: 0.0000186 seconds
[1174.722s][info ][safepoint    ] Application time: 0.1328923 seconds
[1174.722s][info ][safepoint    ] Entering safepoint region: GenCollectForAllocation
[1174.722s][info ][gc,start     ] GC(925) Pause Young (Allocation Failure)
[1174.722s][info ][gc,task      ] GC(925) Using 4 workers of 4 for evacuation
[1174.736s][debug][gc,ref       ] GC(925) Skipped phase1 of Reference Processing due to unavailable references
[1174.736s][debug][gc,ref       ] GC(925) Skipped phase3 of Reference Processing due to unavailable references
[1174.736s][debug][gc,age       ] GC(925) Desired survivor size 15368192 bytes, new threshold 3 (max threshold 6)
[1174.736s][info ][gc,heap      ] GC(925) ParNew: 265822K->30016K(270336K)
[1174.736s][info ][gc,heap      ] GC(925) CMS: 544574K->549376K(645060K)
[1174.736s][info ][gc,metaspace ] GC(925) Metaspace: 66113K->66113K(1110016K)
[1174.736s][info ][gc           ] GC(925) Pause Young (Allocation Failure) 791M->565M(893M) 14.182ms
[1174.736s][info ][gc,cpu       ] GC(925) User=0.06s Sys=0.00s Real=0.02s
[1174.736s][info ][safepoint    ] Leaving safepoint region
[1174.736s][info ][safepoint    ] Total time for which application threads were stopped: 0.0143579 seconds, Stopping threads took: 0.0000194 seconds
[1175.679s][info ][safepoint    ] Application time: 0.9423747 seconds
[1175.679s][info ][safepoint    ] Entering safepoint region: GenCollectForAllocation
[1175.679s][info ][gc,start     ] GC(926) Pause Young (Allocation Failure)
[1175.679s][info ][gc,task      ] GC(926) Using 4 workers of 4 for evacuation
[1175.690s][debug][gc,ref       ] GC(926) Skipped phase1 of Reference Processing due to unavailable references
[1175.690s][debug][gc,ref       ] GC(926) Skipped phase2 of Reference Processing due to unavailable references
[1175.690s][debug][gc,ref       ] GC(926) Skipped phase3 of Reference Processing due to unavailable references
[1175.690s][debug][gc,ref       ] GC(926) Skipped phase4 of Reference Processing due to unavailable references
[1175.691s][debug][gc,age       ] GC(926) Desired survivor size 15368192 bytes, new threshold 6 (max threshold 6)
[1175.691s][info ][gc,heap      ] GC(926) ParNew: 270336K->18562K(270336K)
[1175.691s][info ][gc,heap      ] GC(926) CMS: 549376K->554257K(645060K)
[1175.691s][info ][gc,metaspace ] GC(926) Metaspace: 66121K->66121K(1110016K)
[1175.691s][info ][gc           ] GC(926) Pause Young (Allocation Failure) 800M->559M(893M) 11.810ms
[1175.691s][info ][gc,cpu       ] GC(926) User=0.05s Sys=0.00s Real=0.01s
[1175.691s][info ][safepoint    ] Leaving safepoint region
[1175.691s][info ][safepoint    ] Total time for which application threads were stopped: 0.0120437 seconds, Stopping threads took: 0.0000549 seconds
[1176.610s][info ][safepoint    ] Application time: 0.9190662 seconds
[1176.610s][info ][safepoint    ] Entering safepoint region: GenCollectForAllocation
[1176.610s][info ][gc,start     ] GC(927) Pause Young (Allocation Failure)
[1176.610s][info ][gc,task      ] GC(927) Using 4 workers of 4 for evacuation
[1176.622s][debug][gc,ref       ] GC(927) Skipped phase1 of Reference Processing due to unavailable references
[1176.622s][debug][gc,ref       ] GC(927) Skipped phase2 of Reference Processing due to unavailable references
[1176.622s][debug][gc,ref       ] GC(927) Skipped phase3 of Reference Processing due to unavailable references
[1176.622s][debug][gc,ref       ] GC(927) Skipped phase4 of Reference Processing due to unavailable references
[1176.622s][debug][gc,age       ] GC(927) Desired survivor size 15368192 bytes, new threshold 3 (max threshold 6)
[1176.622s][info ][gc,heap      ] GC(927) ParNew: 258882K->30003K(270336K)
[1176.622s][info ][gc,heap      ] GC(927) CMS: 554257K->554257K(645060K)
[1176.622s][info ][gc,metaspace ] GC(927) Metaspace: 66124K->66124K(1110016K)
[1176.622s][info ][gc           ] GC(927) Pause Young (Allocation Failure) 794M->570M(893M) 12.232ms
[1176.622s][info ][gc,cpu       ] GC(927) User=0.04s Sys=0.00s Real=0.01s
[1176.622s][info ][safepoint    ] Leaving safepoint region
[1176.622s][info ][safepoint    ] Total time for which application threads were stopped: 0.0124279 seconds, Stopping threads took: 0.0000395 seconds
[1177.524s][info ][safepoint    ] Application time: 0.9018688 seconds
[1177.524s][info ][safepoint    ] Entering safepoint region: GenCollectForAllocation
[1177.524s][info ][gc,start     ] GC(928) Pause Young (Allocation Failure)
[1177.524s][info ][gc,task      ] GC(928) Using 4 workers of 4 for evacuation
[1177.538s][debug][gc,ref       ] GC(928) Skipped phase1 of Reference Processing due to unavailable references
[1177.538s][debug][gc,ref       ] GC(928) Skipped phase2 of Reference Processing due to unavailable references
[1177.538s][debug][gc,ref       ] GC(928) Skipped phase3 of Reference Processing due to unavailable references
[1177.538s][debug][gc,ref       ] GC(928) Skipped phase4 of Reference Processing due to unavailable references
[1177.538s][debug][gc,age       ] GC(928) Desired survivor size 15368192 bytes, new threshold 6 (max threshold 6)
[1177.538s][info ][gc,heap      ] GC(928) ParNew: 270323K->18833K(270336K)
[1177.538s][info ][gc,heap      ] GC(928) CMS: 554257K->560719K(645060K)
[1177.538s][info ][gc,metaspace ] GC(928) Metaspace: 66126K->66126K(1110016K)
[1177.538s][info ][gc           ] GC(928) Pause Young (Allocation Failure) 805M->565M(893M) 13.809ms
[1177.538s][info ][gc,cpu       ] GC(928) User=0.05s Sys=0.00s Real=0.02s
[1177.538s][info ][safepoint    ] Leaving safepoint region
[1177.538s][info ][safepoint    ] Total time for which application threads were stopped: 0.0140260 seconds, Stopping threads took: 0.0000183 seconds
[1178.379s][info ][safepoint    ] Application time: 0.8405972 seconds
[1178.379s][info ][safepoint    ] Entering safepoint region: GenCollectForAllocation
[1178.379s][info ][gc,start     ] GC(929) Pause Young (Allocation Failure)
[1178.379s][info ][gc,task      ] GC(929) Using 4 workers of 4 for evacuation
[1178.391s][debug][gc,ref       ] GC(929) Skipped phase1 of Reference Processing due to unavailable references
[1178.391s][debug][gc,ref       ] GC(929) Skipped phase2 of Reference Processing due to unavailable references
[1178.391s][debug][gc,ref       ] GC(929) Skipped phase3 of Reference Processing due to unavailable references
[1178.391s][debug][gc,ref       ] GC(929) Skipped phase4 of Reference Processing due to unavailable references
[1178.391s][debug][gc,age       ] GC(929) Desired survivor size 15368192 bytes, new threshold 3 (max threshold 6)
[1178.391s][info ][gc,heap      ] GC(929) ParNew: 259153K->27570K(270336K)
[1178.391s][info ][gc,heap      ] GC(929) CMS: 560719K->560719K(645060K)
[1178.391s][info ][gc,metaspace ] GC(929) Metaspace: 66128K->66128K(1110016K)
[1178.391s][info ][gc           ] GC(929) Pause Young (Allocation Failure) 800M->574M(893M) 11.843ms
[1178.391s][info ][gc,cpu       ] GC(929) User=0.04s Sys=0.00s Real=0.01s
[1178.391s][info ][safepoint    ] Leaving safepoint region
[1178.391s][info ][safepoint    ] Total time for which application threads were stopped: 0.0120436 seconds, Stopping threads took: 0.0000328 seconds
[1179.190s][info ][safepoint    ] Application time: 0.7990342 seconds
[1179.190s][info ][safepoint    ] Entering safepoint region: GenCollectForAllocation
[1179.190s][info ][gc,start     ] GC(930) Pause Young (Allocation Failure)
[1179.190s][info ][gc,task      ] GC(930) Using 4 workers of 4 for evacuation
[1179.204s][debug][gc,ref       ] GC(930) Skipped phase1 of Reference Processing due to unavailable references
[1179.204s][debug][gc,ref       ] GC(930) Skipped phase2 of Reference Processing due to unavailable references
[1179.204s][debug][gc,ref       ] GC(930) Skipped phase3 of Reference Processing due to unavailable references
[1179.204s][debug][gc,ref       ] GC(930) Skipped phase4 of Reference Processing due to unavailable references
[1179.204s][debug][gc,age       ] GC(930) Desired survivor size 15368192 bytes, new threshold 3 (max threshold 6)
[1179.204s][info ][gc,heap      ] GC(930) ParNew: 267712K->18386K(270336K)
[1179.204s][info ][gc,heap      ] GC(930) CMS: 560719K->566816K(645060K)
[1179.204s][info ][gc,metaspace ] GC(930) Metaspace: 66129K->66129K(1110016K)
[1179.204s][info ][gc           ] GC(930) Pause Young (Allocation Failure) 809M->571M(893M) 13.742ms
[1179.204s][info ][gc,cpu       ] GC(930) User=0.05s Sys=0.00s Real=0.01s
[1179.204s][info ][safepoint    ] Leaving safepoint region
[1179.204s][info ][safepoint    ] Total time for which application threads were stopped: 0.0139894 seconds, Stopping threads took: 0.0000498 seconds
[1180.097s][info ][safepoint    ] Application time: 0.8933945 seconds
[1180.097s][info ][safepoint    ] Entering safepoint region: GenCollectForAllocation
[1180.098s][info ][gc,start     ] GC(931) Pause Young (Allocation Failure)
[1180.098s][info ][gc,task      ] GC(931) Using 4 workers of 4 for evacuation
[1180.109s][debug][gc,ref       ] GC(931) Skipped phase1 of Reference Processing due to unavailable references
[1180.109s][debug][gc,ref       ] GC(931) Skipped phase2 of Reference Processing due to unavailable references
[1180.109s][debug][gc,ref       ] GC(931) Skipped phase3 of Reference Processing due to unavailable references
[1180.109s][debug][gc,ref       ] GC(931) Skipped phase4 of Reference Processing due to unavailable references
[1180.109s][debug][gc,age       ] GC(931) Desired survivor size 15368192 bytes, new threshold 6 (max threshold 6)
[1180.109s][info ][gc,heap      ] GC(931) ParNew: 258706K->16358K(270336K)
[1180.109s][info ][gc,heap      ] GC(931) CMS: 566816K->569897K(645060K)
[1180.109s][info ][gc,metaspace ] GC(931) Metaspace: 66129K->66129K(1110016K)
[1180.110s][info ][gc           ] GC(931) Pause Young (Allocation Failure) 806M->572M(893M) 11.974ms
[1180.110s][info ][gc,cpu       ] GC(931) User=0.04s Sys=0.01s Real=0.01s
[1180.110s][info ][safepoint    ] Leaving safepoint region
[1180.110s][info ][safepoint    ] Total time for which application threads were stopped: 0.0122059 seconds, Stopping threads took: 0.0000587 seconds
[1181.039s][info ][safepoint    ] Application time: 0.9292335 seconds
[1181.039s][info ][safepoint    ] Entering safepoint region: GenCollectForAllocation
[1181.039s][info ][gc,start     ] GC(932) Pause Young (Allocation Failure)
[1181.039s][info ][gc,task      ] GC(932) Using 4 workers of 4 for evacuation
[1181.047s][debug][gc,ref       ] GC(932) Skipped phase1 of Reference Processing due to unavailable references
[1181.047s][debug][gc,ref       ] GC(932) Skipped phase2 of Reference Processing due to unavailable references
[1181.047s][debug][gc,ref       ] GC(932) Skipped phase3 of Reference Processing due to unavailable references
[1181.047s][debug][gc,ref       ] GC(932) Skipped phase4 of Reference Processing due to unavailable references
[1181.048s][debug][gc,age       ] GC(932) Desired survivor size 15368192 bytes, new threshold 6 (max threshold 6)
[1181.048s][info ][gc,heap      ] GC(932) ParNew: 256678K->22581K(270336K)
[1181.048s][info ][gc,heap      ] GC(932) CMS: 569897K->569897K(645060K)
[1181.048s][info ][gc,metaspace ] GC(932) Metaspace: 66133K->66133K(1110016K)
[1181.048s][info ][gc           ] GC(932) Pause Young (Allocation Failure) 807M->578M(893M) 8.754ms
[1181.048s][info ][gc,cpu       ] GC(932) User=0.03s Sys=0.00s Real=0.01s
[1181.048s][info ][safepoint    ] Leaving safepoint region
[1181.048s][info ][safepoint    ] Total time for which application threads were stopped: 0.0089526 seconds, Stopping threads took: 0.0000217 seconds
[1181.906s][info ][safepoint    ] Application time: 0.8585938 seconds
[1181.906s][info ][safepoint    ] Entering safepoint region: GenCollectForAllocation
[1181.907s][info ][gc,start     ] GC(933) Pause Young (Allocation Failure)
[1181.907s][info ][gc,task      ] GC(933) Using 4 workers of 4 for evacuation
[1181.917s][debug][gc,ref       ] GC(933) Skipped phase1 of Reference Processing due to unavailable references
[1181.917s][debug][gc,ref       ] GC(933) Skipped phase2 of Reference Processing due to unavailable references
[1181.917s][debug][gc,ref       ] GC(933) Skipped phase3 of Reference Processing due to unavailable references
[1181.917s][debug][gc,ref       ] GC(933) Skipped phase4 of Reference Processing due to unavailable references
[1181.917s][debug][gc,age       ] GC(933) Desired survivor size 15368192 bytes, new threshold 5 (max threshold 6)
[1181.917s][info ][gc,heap      ] GC(933) ParNew: 262901K->16342K(270336K)
[1181.917s][info ][gc,heap      ] GC(933) CMS: 569897K->569897K(645060K)
[1181.917s][info ][gc,metaspace ] GC(933) Metaspace: 66135K->66135K(1110016K)
[1181.917s][info ][gc           ] GC(933) Pause Young (Allocation Failure) 813M->572M(893M) 10.561ms
[1181.917s][info ][gc,cpu       ] GC(933) User=0.04s Sys=0.00s Real=0.02s
[1181.917s][info ][safepoint    ] Leaving safepoint region
[1181.917s][info ][safepoint    ] Total time for which application threads were stopped: 0.0107499 seconds, Stopping threads took: 0.0000179 seconds
[1182.834s][info ][safepoint    ] Application time: 0.9165523 seconds
[1182.834s][info ][safepoint    ] Entering safepoint region: GenCollectForAllocation
[1182.834s][info ][gc,start     ] GC(934) Pause Young (Allocation Failure)
[1182.834s][info ][gc,task      ] GC(934) Using 4 workers of 4 for evacuation
[1182.846s][debug][gc,ref       ] GC(934) Skipped phase1 of Reference Processing due to unavailable references
[1182.846s][debug][gc,ref       ] GC(934) Skipped phase3 of Reference Processing due to unavailable references
[1182.846s][debug][gc,age       ] GC(934) Desired survivor size 15368192 bytes, new threshold 6 (max threshold 6)
[1182.846s][info ][gc,heap      ] GC(934) ParNew: 256662K->20146K(270336K)
[1182.846s][info ][gc,heap      ] GC(934) CMS: 569897K->574807K(645060K)
[1182.846s][info ][gc,metaspace ] GC(934) Metaspace: 66135K->66135K(1110016K)
[1182.846s][info ][gc           ] GC(934) Pause Young (Allocation Failure) 807M->581M(893M) 12.164ms
[1182.846s][info ][gc,cpu       ] GC(934) User=0.05s Sys=0.00s Real=0.01s
[1182.846s][info ][safepoint    ] Leaving safepoint region
[1182.846s][info ][safepoint    ] Total time for which application threads were stopped: 0.0123770 seconds, Stopping threads took: 0.0000188 seconds
[1183.797s][info ][safepoint    ] Application time: 0.9507560 seconds
[1183.797s][info ][safepoint    ] Entering safepoint region: GenCollectForAllocation
[1183.797s][info ][gc,start     ] GC(935) Pause Young (Allocation Failure)
[1183.797s][info ][gc,task      ] GC(935) Using 4 workers of 4 for evacuation
[1183.805s][debug][gc,ref       ] GC(935) Skipped phase1 of Reference Processing due to unavailable references
[1183.805s][debug][gc,ref       ] GC(935) Skipped phase3 of Reference Processing due to unavailable references
[1183.806s][debug][gc,age       ] GC(935) Desired survivor size 15368192 bytes, new threshold 6 (max threshold 6)
[1183.806s][info ][gc,heap      ] GC(935) ParNew: 260466K->15352K(270336K)
[1183.806s][info ][gc,heap      ] GC(935) CMS: 574807K->574807K(645060K)
[1183.806s][info ][gc,metaspace ] GC(935) Metaspace: 66135K->66135K(1110016K)
[1183.806s][info ][gc           ] GC(935) Pause Young (Allocation Failure) 815M->576M(893M) 8.513ms
[1183.806s][info ][gc,cpu       ] GC(935) User=0.04s Sys=0.00s Real=0.00s
[1183.806s][info ][safepoint    ] Leaving safepoint region
[1183.806s][info ][safepoint    ] Total time for which application threads were stopped: 0.0086992 seconds, Stopping threads took: 0.0000183 seconds
[1184.676s][info ][safepoint    ] Application time: 0.8703788 seconds
[1184.676s][info ][safepoint    ] Entering safepoint region: GenCollectForAllocation
[1184.676s][info ][gc,start     ] GC(936) Pause Young (Allocation Failure)
[1184.676s][info ][gc,task      ] GC(936) Using 4 workers of 4 for evacuation
[1184.686s][debug][gc,ref       ] GC(936) Skipped phase1 of Reference Processing due to unavailable references
[1184.686s][debug][gc,ref       ] GC(936) Skipped phase3 of Reference Processing due to unavailable references
[1184.686s][debug][gc,age       ] GC(936) Desired survivor size 15368192 bytes, new threshold 6 (max threshold 6)
[1184.686s][info ][gc,heap      ] GC(936) ParNew: 255672K->18370K(270336K)
[1184.686s][info ][gc,heap      ] GC(936) CMS: 574807K->576745K(645060K)
[1184.686s][info ][gc,metaspace ] GC(936) Metaspace: 66136K->66136K(1110016K)
[1184.686s][info ][gc           ] GC(936) Pause Young (Allocation Failure) 811M->581M(893M) 10.237ms
[1184.686s][info ][gc,cpu       ] GC(936) User=0.03s Sys=0.00s Real=0.00s
[1184.686s][info ][safepoint    ] Leaving safepoint region
[1184.687s][info ][safepoint    ] Total time for which application threads were stopped: 0.0104283 seconds, Stopping threads took: 0.0000178 seconds
[1185.567s][info ][safepoint    ] Application time: 0.8809162 seconds
[1185.567s][info ][safepoint    ] Entering safepoint region: GenCollectForAllocation
[1185.568s][info ][gc,start     ] GC(937) Pause Young (Allocation Failure)
[1185.568s][info ][gc,task      ] GC(937) Using 4 workers of 4 for evacuation
[1185.577s][debug][gc,ref       ] GC(937) Skipped phase1 of Reference Processing due to unavailable references
[1185.577s][debug][gc,ref       ] GC(937) Skipped phase3 of Reference Processing due to unavailable references
[1185.577s][debug][gc,age       ] GC(937) Desired survivor size 15368192 bytes, new threshold 6 (max threshold 6)
[1185.577s][info ][gc,heap      ] GC(937) ParNew: 258690K->18119K(270336K)
[1185.577s][info ][gc,heap      ] GC(937) CMS: 576745K->577800K(645060K)
[1185.577s][info ][gc,metaspace ] GC(937) Metaspace: 66137K->66137K(1110016K)
[1185.577s][info ][gc           ] GC(937) Pause Young (Allocation Failure) 815M->581M(893M) 9.387ms
[1185.577s][info ][gc,cpu       ] GC(937) User=0.04s Sys=0.01s Real=0.02s
[1185.577s][info ][safepoint    ] Leaving safepoint region
[1185.577s][info ][safepoint    ] Total time for which application threads were stopped: 0.0096100 seconds, Stopping threads took: 0.0000415 seconds
[1186.466s][info ][safepoint    ] Application time: 0.8892861 seconds
[1186.466s][info ][safepoint    ] Entering safepoint region: GenCollectForAllocation
[1186.467s][info ][gc,start     ] GC(938) Pause Young (Allocation Failure)
[1186.467s][info ][gc,task      ] GC(938) Using 4 workers of 4 for evacuation
[1186.480s][debug][gc,ref       ] GC(938) Skipped phase1 of Reference Processing due to unavailable references
[1186.481s][debug][gc,ref       ] GC(938) Skipped phase3 of Reference Processing due to unavailable references
[1186.481s][debug][gc,age       ] GC(938) Desired survivor size 15368192 bytes, new threshold 6 (max threshold 6)
[1186.481s][info ][gc,heap      ] GC(938) ParNew: 258439K->14640K(270336K)
[1186.481s][info ][gc,heap      ] GC(938) CMS: 577800K->579720K(645060K)
[1186.481s][info ][gc,metaspace ] GC(938) Metaspace: 66137K->66137K(1110016K)
[1186.481s][info ][gc           ] GC(938) Pause Young (Allocation Failure) 816M->580M(893M) 14.210ms
[1186.481s][info ][gc,cpu       ] GC(938) User=0.04s Sys=0.00s Real=0.02s
[1186.481s][info ][safepoint    ] Leaving safepoint region
[1186.481s][info ][safepoint    ] Total time for which application threads were stopped: 0.0144099 seconds, Stopping threads took: 0.0000193 seconds
[1187.390s][info ][safepoint    ] Application time: 0.9088827 seconds
[1187.390s][info ][safepoint    ] Entering safepoint region: GenCollectForAllocation
[1187.390s][info ][gc,start     ] GC(939) Pause Young (Allocation Failure)
[1187.390s][info ][gc,task      ] GC(939) Using 4 workers of 4 for evacuation
[1187.399s][debug][gc,ref       ] GC(939) Skipped phase1 of Reference Processing due to unavailable references
[1187.399s][debug][gc,ref       ] GC(939) Skipped phase3 of Reference Processing due to unavailable references
[1187.399s][debug][gc,age       ] GC(939) Desired survivor size 15368192 bytes, new threshold 6 (max threshold 6)
[1187.399s][info ][gc,heap      ] GC(939) ParNew: 254960K->9857K(270336K)
[1187.399s][info ][gc,heap      ] GC(939) CMS: 579720K->581950K(645060K)
[1187.399s][info ][gc,metaspace ] GC(939) Metaspace: 66138K->66138K(1110016K)
[1187.399s][info ][gc           ] GC(939) Pause Young (Allocation Failure) 815M->577M(893M) 9.385ms
[1187.399s][info ][gc,cpu       ] GC(939) User=0.04s Sys=0.00s Real=0.01s
[1187.399s][info ][safepoint    ] Leaving safepoint region
[1187.399s][info ][safepoint    ] Total time for which application threads were stopped: 0.0096106 seconds, Stopping threads took: 0.0000436 seconds
[1188.244s][info ][safepoint    ] Application time: 0.8446518 seconds
[1188.244s][info ][safepoint    ] Entering safepoint region: GenCollectForAllocation
[1188.244s][info ][gc,start     ] GC(940) Pause Young (Allocation Failure)
[1188.244s][info ][gc,task      ] GC(940) Using 4 workers of 4 for evacuation
[1188.251s][debug][gc,ref       ] GC(940) Skipped phase1 of Reference Processing due to unavailable references
[1188.251s][debug][gc,ref       ] GC(940) Skipped phase2 of Reference Processing due to unavailable references
[1188.251s][debug][gc,ref       ] GC(940) Skipped phase3 of Reference Processing due to unavailable references
[1188.252s][debug][gc,age       ] GC(940) Desired survivor size 15368192 bytes, new threshold 6 (max threshold 6)
[1188.252s][info ][gc,heap      ] GC(940) ParNew: 250177K->12687K(270336K)
[1188.252s][info ][gc,heap      ] GC(940) CMS: 581950K->582446K(645060K)
[1188.252s][info ][gc,metaspace ] GC(940) Metaspace: 66139K->66139K(1110016K)
[1188.252s][info ][gc           ] GC(940) Pause Young (Allocation Failure) 812M->581M(893M) 7.385ms
[1188.252s][info ][gc,cpu       ] GC(940) User=0.03s Sys=0.00s Real=0.01s
[1188.252s][info ][safepoint    ] Leaving safepoint region
[1188.252s][info ][safepoint    ] Total time for which application threads were stopped: 0.0076522 seconds, Stopping threads took: 0.0000515 seconds
[1189.081s][info ][safepoint    ] Application time: 0.8296277 seconds
[1189.081s][info ][safepoint    ] Entering safepoint region: GenCollectForAllocation
[1189.082s][info ][gc,start     ] GC(941) Pause Young (Allocation Failure)
[1189.082s][info ][gc,task      ] GC(941) Using 4 workers of 4 for evacuation
[1189.089s][debug][gc,ref       ] GC(941) Skipped phase1 of Reference Processing due to unavailable references
[1189.089s][debug][gc,ref       ] GC(941) Skipped phase2 of Reference Processing due to unavailable references
[1189.089s][debug][gc,ref       ] GC(941) Skipped phase3 of Reference Processing due to unavailable references
[1189.089s][debug][gc,age       ] GC(941) Desired survivor size 15368192 bytes, new threshold 6 (max threshold 6)
[1189.089s][info ][gc,heap      ] GC(941) ParNew: 253007K->14971K(270336K)
[1189.089s][info ][gc,heap      ] GC(941) CMS: 582446K->582798K(645060K)
[1189.089s][info ][gc,metaspace ] GC(941) Metaspace: 66139K->66139K(1110016K)
[1189.089s][info ][gc           ] GC(941) Pause Young (Allocation Failure) 815M->583M(893M) 7.742ms
[1189.089s][info ][gc,cpu       ] GC(941) User=0.03s Sys=0.00s Real=0.01s
[1189.089s][info ][safepoint    ] Leaving safepoint region
[1189.089s][info ][safepoint    ] Total time for which application threads were stopped: 0.0080787 seconds, Stopping threads took: 0.0001050 seconds
[1189.885s][info ][safepoint    ] Application time: 0.7956183 seconds
[1189.885s][info ][safepoint    ] Entering safepoint region: GenCollectForAllocation
[1189.885s][info ][gc,start     ] GC(942) Pause Young (Allocation Failure)
[1189.885s][info ][gc,task      ] GC(942) Using 4 workers of 4 for evacuation
[1189.895s][debug][gc,ref       ] GC(942) Skipped phase1 of Reference Processing due to unavailable references
[1189.895s][debug][gc,ref       ] GC(942) Skipped phase2 of Reference Processing due to unavailable references
[1189.895s][debug][gc,ref       ] GC(942) Skipped phase3 of Reference Processing due to unavailable references
[1189.895s][debug][gc,ref       ] GC(942) Skipped phase4 of Reference Processing due to unavailable references
[1189.895s][debug][gc,age       ] GC(942) Desired survivor size 15368192 bytes, new threshold 6 (max threshold 6)
[1189.895s][info ][gc,heap      ] GC(942) ParNew: 255291K->13472K(270336K)
[1189.895s][info ][gc,heap      ] GC(942) CMS: 582798K->585195K(645060K)
[1189.895s][info ][gc,metaspace ] GC(942) Metaspace: 66139K->66139K(1110016K)
[1189.895s][info ][gc           ] GC(942) Pause Young (Allocation Failure) 818M->584M(893M) 9.684ms
[1189.895s][info ][gc,cpu       ] GC(942) User=0.04s Sys=0.00s Real=0.01s
[1189.895s][info ][safepoint    ] Leaving safepoint region
[1189.895s][info ][safepoint    ] Total time for which application threads were stopped: 0.0100560 seconds, Stopping threads took: 0.0002190 seconds
[1190.625s][info ][safepoint    ] Application time: 0.7296943 seconds
[1190.625s][info ][safepoint    ] Entering safepoint region: GenCollectForAllocation
[1190.625s][info ][gc,start     ] GC(943) Pause Young (Allocation Failure)
[1190.625s][info ][gc,task      ] GC(943) Using 4 workers of 4 for evacuation
[1190.634s][debug][gc,ref       ] GC(943) Skipped phase1 of Reference Processing due to unavailable references
[1190.634s][debug][gc,ref       ] GC(943) Skipped phase2 of Reference Processing due to unavailable references
[1190.634s][debug][gc,ref       ] GC(943) Skipped phase3 of Reference Processing due to unavailable references
[1190.634s][debug][gc,ref       ] GC(943) Skipped phase4 of Reference Processing due to unavailable references
[1190.634s][debug][gc,age       ] GC(943) Desired survivor size 15368192 bytes, new threshold 6 (max threshold 6)
[1190.634s][info ][gc,heap      ] GC(943) ParNew: 253792K->18195K(270336K)
[1190.634s][info ][gc,heap      ] GC(943) CMS: 585195K->585414K(645060K)
[1190.634s][info ][gc,metaspace ] GC(943) Metaspace: 66140K->66140K(1110016K)
[1190.634s][info ][gc           ] GC(943) Pause Young (Allocation Failure) 819M->589M(893M) 9.357ms
[1190.634s][info ][gc,cpu       ] GC(943) User=0.04s Sys=0.00s Real=0.01s
[1190.634s][info ][safepoint    ] Leaving safepoint region
[1190.634s][info ][safepoint    ] Total time for which application threads were stopped: 0.0095476 seconds, Stopping threads took: 0.0000194 seconds
[1191.635s][info ][safepoint    ] Application time: 1.0001093 seconds
[1191.635s][info ][safepoint    ] Entering safepoint region: Cleanup
[1191.635s][info ][safepoint    ] Leaving safepoint region
[1191.635s][info ][safepoint    ] Total time for which application threads were stopped: 0.0001853 seconds, Stopping threads took: 0.0001139 seconds
[1191.775s][info ][safepoint    ] Application time: 0.1400200 seconds
[1191.775s][info ][safepoint    ] Entering safepoint region: GenCollectForAllocation
[1191.775s][info ][gc,start     ] GC(944) Pause Young (Allocation Failure)
[1191.775s][info ][gc,task      ] GC(944) Using 4 workers of 4 for evacuation
[1191.784s][debug][gc,ref       ] GC(944) Skipped phase1 of Reference Processing due to unavailable references
[1191.784s][debug][gc,ref       ] GC(944) Skipped phase2 of Reference Processing due to unavailable references
[1191.784s][debug][gc,ref       ] GC(944) Skipped phase3 of Reference Processing due to unavailable references
[1191.784s][debug][gc,ref       ] GC(944) Skipped phase4 of Reference Processing due to unavailable references
[1191.785s][debug][gc,age       ] GC(944) Desired survivor size 15368192 bytes, new threshold 6 (max threshold 6)
[1191.785s][info ][gc,heap      ] GC(944) ParNew: 258515K->26375K(270336K)
[1191.785s][info ][gc,heap      ] GC(944) CMS: 585414K->585781K(645060K)
[1191.785s][info ][gc,metaspace ] GC(944) Metaspace: 66144K->66144K(1110016K)
[1191.785s][info ][gc           ] GC(944) Pause Young (Allocation Failure) 824M->597M(893M) 9.487ms
[1191.785s][info ][gc,cpu       ] GC(944) User=0.03s Sys=0.00s Real=0.01s
[1191.785s][info ][safepoint    ] Leaving safepoint region
[1191.785s][info ][safepoint    ] Total time for which application threads were stopped: 0.0098541 seconds, Stopping threads took: 0.0000203 seconds
[1192.784s][info ][safepoint    ] Application time: 0.9989890 seconds
[1192.784s][info ][safepoint    ] Entering safepoint region: GenCollectForAllocation
[1192.784s][info ][gc,start     ] GC(945) Pause Young (Allocation Failure)
[1192.784s][info ][gc,task      ] GC(945) Using 4 workers of 4 for evacuation
[1192.794s][debug][gc,ref       ] GC(945) Skipped phase1 of Reference Processing due to unavailable references
[1192.795s][debug][gc,ref       ] GC(945) Skipped phase2 of Reference Processing due to unavailable references
[1192.795s][debug][gc,ref       ] GC(945) Skipped phase3 of Reference Processing due to unavailable references
[1192.795s][debug][gc,ref       ] GC(945) Skipped phase4 of Reference Processing due to unavailable references
[1192.795s][debug][gc,age       ] GC(945) Desired survivor size 15368192 bytes, new threshold 5 (max threshold 6)
[1192.795s][info ][gc,heap      ] GC(945) ParNew: 266518K->17821K(270336K)
[1192.795s][info ][gc,heap      ] GC(945) CMS: 585781K->586408K(645060K)
[1192.795s][info ][gc,metaspace ] GC(945) Metaspace: 66144K->66144K(1110016K)
[1192.795s][info ][gc           ] GC(945) Pause Young (Allocation Failure) 832M->590M(893M) 10.992ms
[1192.795s][info ][gc,cpu       ] GC(945) User=0.04s Sys=0.00s Real=0.01s
[1192.795s][info ][safepoint    ] Leaving safepoint region
[1192.795s][info ][safepoint    ] Total time for which application threads were stopped: 0.0113287 seconds, Stopping threads took: 0.0000835 seconds
[1193.795s][info ][safepoint    ] Application time: 1.0001165 seconds
[1193.795s][info ][safepoint    ] Entering safepoint region: Cleanup
[1193.795s][info ][safepoint    ] Leaving safepoint region
[1193.795s][info ][safepoint    ] Total time for which application threads were stopped: 0.0000856 seconds, Stopping threads took: 0.0000205 seconds
[1193.915s][info ][safepoint    ] Application time: 0.1193074 seconds
[1193.915s][info ][safepoint    ] Entering safepoint region: GenCollectForAllocation
[1193.915s][info ][gc,start     ] GC(946) Pause Young (Allocation Failure)
[1193.915s][info ][gc,task      ] GC(946) Using 4 workers of 4 for evacuation
[1193.925s][debug][gc,ref       ] GC(946) Skipped phase1 of Reference Processing due to unavailable references
[1193.925s][debug][gc,ref       ] GC(946) Skipped phase3 of Reference Processing due to unavailable references
[1193.925s][debug][gc,age       ] GC(946) Desired survivor size 15368192 bytes, new threshold 5 (max threshold 6)
[1193.925s][info ][gc,heap      ] GC(946) ParNew: 258141K->21982K(270336K)
[1193.925s][info ][gc,heap      ] GC(946) CMS: 586408K->588209K(645060K)
[1193.925s][info ][gc,metaspace ] GC(946) Metaspace: 66144K->66144K(1110016K)
[1193.925s][info ][gc           ] GC(946) Pause Young (Allocation Failure) 824M->595M(893M) 10.679ms
[1193.925s][info ][gc,cpu       ] GC(946) User=0.04s Sys=0.00s Real=0.01s
[1193.925s][info ][safepoint    ] Leaving safepoint region
[1193.925s][info ][safepoint    ] Total time for which application threads were stopped: 0.0108463 seconds, Stopping threads took: 0.0000192 seconds
[1194.926s][info ][safepoint    ] Application time: 1.0001343 seconds
[1194.926s][info ][safepoint    ] Entering safepoint region: Cleanup
[1194.926s][info ][safepoint    ] Leaving safepoint region
[1194.926s][info ][safepoint    ] Total time for which application threads were stopped: 0.0001466 seconds, Stopping threads took: 0.0000673 seconds
[1195.122s][info ][safepoint    ] Application time: 0.1965590 seconds
[1195.122s][info ][safepoint    ] Entering safepoint region: GenCollectForAllocation
[1195.123s][info ][gc,start     ] GC(947) Pause Young (Allocation Failure)
[1195.123s][info ][gc,task      ] GC(947) Using 4 workers of 4 for evacuation
[1195.133s][debug][gc,ref       ] GC(947) Skipped phase1 of Reference Processing due to unavailable references
[1195.133s][debug][gc,ref       ] GC(947) Skipped phase3 of Reference Processing due to unavailable references
[1195.133s][debug][gc,age       ] GC(947) Desired survivor size 15368192 bytes, new threshold 6 (max threshold 6)
[1195.133s][info ][gc,heap      ] GC(947) ParNew: 262302K->15469K(270336K)
[1195.133s][info ][gc,heap      ] GC(947) CMS: 588209K->590445K(645060K)
[1195.133s][info ][gc,metaspace ] GC(947) Metaspace: 66145K->66145K(1110016K)
[1195.133s][info ][gc           ] GC(947) Pause Young (Allocation Failure) 830M->591M(893M) 10.517ms
[1195.133s][info ][gc,cpu       ] GC(947) User=0.04s Sys=0.00s Real=0.01s
[1195.133s][info ][safepoint    ] Leaving safepoint region
[1195.133s][info ][safepoint    ] Total time for which application threads were stopped: 0.0106868 seconds, Stopping threads took: 0.0000190 seconds
[1196.133s][info ][safepoint    ] Application time: 1.0001035 seconds
[1196.133s][info ][safepoint    ] Entering safepoint region: Cleanup
[1196.133s][info ][safepoint    ] Leaving safepoint region
[1196.133s][info ][safepoint    ] Total time for which application threads were stopped: 0.0000793 seconds, Stopping threads took: 0.0000170 seconds
[1196.338s][info ][safepoint    ] Application time: 0.2045737 seconds
[1196.338s][info ][safepoint    ] Entering safepoint region: GenCollectForAllocation
[1196.338s][info ][gc,start     ] GC(948) Pause Young (Allocation Failure)
[1196.338s][info ][gc,task      ] GC(948) Using 4 workers of 4 for evacuation
[1196.348s][debug][gc,ref       ] GC(948) Skipped phase1 of Reference Processing due to unavailable references
[1196.348s][debug][gc,ref       ] GC(948) Skipped phase3 of Reference Processing due to unavailable references
[1196.348s][debug][gc,age       ] GC(948) Desired survivor size 15368192 bytes, new threshold 6 (max threshold 6)
[1196.348s][info ][gc,heap      ] GC(948) ParNew: 255789K->25977K(270336K)
[1196.348s][info ][gc,heap      ] GC(948) CMS: 590445K->590445K(645060K)
[1196.348s][info ][gc,metaspace ] GC(948) Metaspace: 66145K->66145K(1110016K)
[1196.348s][info ][gc           ] GC(948) Pause Young (Allocation Failure) 826M->601M(893M) 10.130ms
[1196.348s][info ][gc,cpu       ] GC(948) User=0.03s Sys=0.01s Real=0.01s
[1196.348s][info ][safepoint    ] Leaving safepoint region
[1196.348s][info ][safepoint    ] Total time for which application threads were stopped: 0.0103572 seconds, Stopping threads took: 0.0000184 seconds
[1197.348s][info ][safepoint    ] Application time: 1.0001339 seconds
[1197.349s][info ][safepoint    ] Entering safepoint region: Cleanup
[1197.349s][info ][safepoint    ] Leaving safepoint region
[1197.349s][info ][safepoint    ] Total time for which application threads were stopped: 0.0001460 seconds, Stopping threads took: 0.0000678 seconds
[1197.657s][info ][safepoint    ] Application time: 0.3085223 seconds
[1197.657s][info ][safepoint    ] Entering safepoint region: GenCollectForAllocation
[1197.657s][info ][gc,start     ] GC(949) Pause Young (Allocation Failure)
[1197.657s][info ][gc,task      ] GC(949) Using 4 workers of 4 for evacuation
[1197.671s][debug][gc,ref       ] GC(949) Skipped phase1 of Reference Processing due to unavailable references
[1197.671s][debug][gc,ref       ] GC(949) Skipped phase3 of Reference Processing due to unavailable references
[1197.671s][debug][gc,age       ] GC(949) Desired survivor size 15368192 bytes, new threshold 6 (max threshold 6)
[1197.671s][info ][gc,heap      ] GC(949) ParNew: 266297K->16716K(270336K)
[1197.671s][info ][gc,heap      ] GC(949) CMS: 590445K->597250K(645060K)
[1197.671s][info ][gc,metaspace ] GC(949) Metaspace: 66145K->66145K(1110016K)
[1197.671s][info ][gc           ] GC(949) Pause Young (Allocation Failure) 836M->599M(893M) 14.117ms
[1197.671s][info ][gc,cpu       ] GC(949) User=0.04s Sys=0.00s Real=0.01s
[1197.671s][info ][safepoint    ] Leaving safepoint region
[1197.671s][info ][safepoint    ] Total time for which application threads were stopped: 0.0142877 seconds, Stopping threads took: 0.0000199 seconds
[1197.673s][info ][safepoint    ] Application time: 0.0019339 seconds
[1197.674s][info ][safepoint    ] Entering safepoint region: CMS_Initial_Mark
[1197.674s][info ][gc,start     ] GC(950) Pause Initial Mark
[1197.676s][info ][gc           ] GC(950) Pause Initial Mark 603M->603M(893M) 2.859ms
[1197.676s][info ][gc,cpu       ] GC(950) User=0.01s Sys=0.00s Real=0.01s
[1197.677s][info ][safepoint    ] Leaving safepoint region
[1197.677s][info ][safepoint    ] Total time for which application threads were stopped: 0.0030756 seconds, Stopping threads took: 0.0000990 seconds
[1197.677s][info ][gc           ] GC(950) Concurrent Mark
[1198.150s][info ][gc           ] GC(950) Concurrent Mark 473.372ms
[1198.150s][info ][gc,cpu       ] GC(950) User=0.78s Sys=0.01s Real=0.47s
[1198.150s][info ][gc           ] GC(950) Concurrent Preclean
[1198.150s][debug][gc,ref       ] GC(950) Preclean SoftReferences 0.002ms
[1198.150s][debug][gc,ref       ] GC(950) Preclean WeakReferences 0.087ms
[1198.150s][debug][gc,ref       ] GC(950) Preclean FinalReferences 0.001ms
[1198.150s][debug][gc,ref       ] GC(950) Preclean PhantomReferences 0.005ms
[1198.155s][info ][gc           ] GC(950) Concurrent Preclean 4.719ms
[1198.155s][info ][gc,cpu       ] GC(950) User=0.01s Sys=0.00s Real=0.00s
[1198.155s][info ][gc           ] GC(950) Concurrent Abortable Preclean
[1198.677s][info ][safepoint    ] Application time: 1.0001078 seconds
[1198.677s][info ][safepoint    ] Entering safepoint region: Cleanup
[1198.677s][info ][safepoint    ] Leaving safepoint region
[1198.677s][info ][safepoint    ] Total time for which application threads were stopped: 0.0000888 seconds, Stopping threads took: 0.0000202 seconds
[1199.169s][info ][safepoint    ] Application time: 0.4925693 seconds
[1199.169s][info ][safepoint    ] Entering safepoint region: GenCollectForAllocation
[1199.169s][info ][gc,start     ] GC(951) Pause Young (Allocation Failure)
[1199.169s][info ][gc,task      ] GC(951) Using 4 workers of 4 for evacuation
[1199.177s][debug][gc,ref       ] GC(951) Skipped phase1 of Reference Processing due to unavailable references
[1199.177s][debug][gc,ref       ] GC(951) Skipped phase3 of Reference Processing due to unavailable references
[1199.177s][debug][gc,age       ] GC(951) Desired survivor size 15368192 bytes, new threshold 6 (max threshold 6)
[1199.177s][info ][gc,heap      ] GC(951) ParNew: 257036K->15759K(270336K)
[1199.177s][info ][gc,heap      ] GC(951) CMS: 597250K->597804K(645060K)
[1199.177s][info ][gc,metaspace ] GC(951) Metaspace: 66145K->66145K(1110016K)
[1199.177s][info ][gc           ] GC(951) Pause Young (Allocation Failure) 834M->599M(893M) 7.713ms
[1199.177s][info ][gc,cpu       ] GC(951) User=0.03s Sys=0.00s Real=0.01s
[1199.177s][info ][safepoint    ] Leaving safepoint region
[1199.177s][info ][safepoint    ] Total time for which application threads were stopped: 0.0078858 seconds, Stopping threads took: 0.0000180 seconds
[1199.998s][info ][gc           ] GC(950) Concurrent Abortable Preclean 1842.980ms
[1199.998s][info ][gc,cpu       ] GC(950) User=3.01s Sys=0.09s Real=1.85s
[1199.998s][info ][safepoint    ] Application time: 0.8205796 seconds
[1199.998s][info ][safepoint    ] Entering safepoint region: CMS_Final_Remark
[1199.998s][info ][gc,start     ] GC(950) Pause Remark
[1200.023s][debug][gc,phases    ] GC(950) Rescan (parallel) 24.983ms
[1200.023s][debug][gc,ref       ] GC(950) Skipped phase1 of Reference Processing due to unavailable references
[1200.023s][debug][gc,phases    ] GC(950) Reference Processing 0.070ms
[1200.023s][debug][gc,phases    ] GC(950) Weak Processing 0.199ms
[1200.024s][debug][gc,phases    ] GC(950) ClassLoaderData 0.286ms
[1200.024s][debug][gc,phases    ] GC(950) ProtectionDomainCacheTable 0.004ms
[1200.024s][debug][gc,phases    ] GC(950) ResolvedMethodTable 0.233ms
[1200.032s][debug][gc,phases    ] GC(950) Class Unloading 8.909ms
[1200.037s][debug][gc,phases    ] GC(950) Scrub Symbol Table 4.641ms
[1200.037s][debug][gc,phases    ] GC(950) Scrub String Table 0.467ms
[1200.037s][info ][gc           ] GC(950) Pause Remark 724M->724M(893M) 39.500ms
[1200.037s][info ][gc,cpu       ] GC(950) User=0.11s Sys=0.00s Real=0.04s
[1200.037s][info ][safepoint    ] Leaving safepoint region
[1200.037s][info ][safepoint    ] Total time for which application threads were stopped: 0.0396571 seconds, Stopping threads took: 0.0000408 seconds
[1200.038s][info ][gc           ] GC(950) Concurrent Sweep
[1200.038s][info ][safepoint    ] Application time: 0.0003396 seconds
[1200.038s][info ][safepoint    ] Entering safepoint region: RevokeBias
[1200.038s][info ][safepoint    ] Leaving safepoint region
[1200.038s][info ][safepoint    ] Total time for which application threads were stopped: 0.0001347 seconds, Stopping threads took: 0.0000365 seconds
[1200.038s][info ][safepoint    ] Application time: 0.0000848 seconds
[1200.038s][info ][safepoint    ] Entering safepoint region: RevokeBias
[1200.038s][info ][safepoint    ] Leaving safepoint region
[1200.038s][info ][safepoint    ] Total time for which application threads were stopped: 0.0000688 seconds, Stopping threads took: 0.0000361 seconds
[1200.295s][info ][gc           ] GC(950) Concurrent Sweep 257.076ms
[1200.295s][info ][gc,cpu       ] GC(950) User=0.49s Sys=0.02s Real=0.25s
[1200.295s][info ][gc           ] GC(950) Concurrent Reset
[1200.312s][info ][gc           ] GC(950) Concurrent Reset 16.598ms
[1200.312s][info ][gc,cpu       ] GC(950) User=0.06s Sys=0.00s Real=0.02s
[1200.312s][info ][gc,heap      ] GC(950) Old: 597250K->432955K(721596K)
[1200.669s][info ][safepoint    ] Application time: 0.6308552 seconds
[1200.669s][info ][safepoint    ] Entering safepoint region: GenCollectForAllocation
[1200.669s][info ][gc,start     ] GC(952) Pause Young (Allocation Failure)
[1200.669s][info ][gc,task      ] GC(952) Using 4 workers of 4 for evacuation
[1200.676s][debug][gc,ref       ] GC(952) Skipped phase1 of Reference Processing due to unavailable references
[1200.676s][debug][gc,ref       ] GC(952) Skipped phase3 of Reference Processing due to unavailable references
[1200.677s][debug][gc,age       ] GC(952) Desired survivor size 15368192 bytes, new threshold 6 (max threshold 6)
[1200.677s][info ][gc,heap      ] GC(952) ParNew: 256079K->11393K(270336K)
[1200.677s][info ][gc,heap      ] GC(952) CMS: 432955K->434551K(721596K)
[1200.677s][info ][gc,metaspace ] GC(952) Metaspace: 66146K->66146K(1110016K)
[1200.677s][info ][gc           ] GC(952) Pause Young (Allocation Failure) 672M->435M(968M) 7.393ms
[1200.677s][info ][gc,cpu       ] GC(952) User=0.03s Sys=0.00s Real=0.01s
[1200.677s][info ][safepoint    ] Leaving safepoint region
[1200.677s][info ][safepoint    ] Total time for which application threads were stopped: 0.0075744 seconds, Stopping threads took: 0.0000200 seconds
[1201.677s][info ][safepoint    ] Application time: 1.0000968 seconds
[1201.677s][info ][safepoint    ] Entering safepoint region: Cleanup
[1201.677s][info ][safepoint    ] Leaving safepoint region
[1201.677s][info ][safepoint    ] Total time for which application threads were stopped: 0.0000770 seconds, Stopping threads took: 0.0000192 seconds
[1202.127s][info ][safepoint    ] Application time: 0.4502085 seconds
[1202.127s][info ][safepoint    ] Entering safepoint region: GenCollectForAllocation
[1202.127s][info ][gc,start     ] GC(953) Pause Young (Allocation Failure)
[1202.127s][info ][gc,task      ] GC(953) Using 4 workers of 4 for evacuation
[1202.135s][debug][gc,ref       ] GC(953) Skipped phase1 of Reference Processing due to unavailable references
[1202.135s][debug][gc,ref       ] GC(953) Skipped phase2 of Reference Processing due to unavailable references
[1202.135s][debug][gc,ref       ] GC(953) Skipped phase3 of Reference Processing due to unavailable references
[1202.135s][debug][gc,ref       ] GC(953) Skipped phase4 of Reference Processing due to unavailable references
[1202.136s][debug][gc,age       ] GC(953) Desired survivor size 15368192 bytes, new threshold 6 (max threshold 6)
[1202.136s][info ][gc,heap      ] GC(953) ParNew: 251713K->14983K(270336K)
[1202.136s][info ][gc,heap      ] GC(953) CMS: 434551K->435880K(721596K)
[1202.136s][info ][gc,metaspace ] GC(953) Metaspace: 66147K->66147K(1110016K)
[1202.136s][info ][gc           ] GC(953) Pause Young (Allocation Failure) 670M->440M(968M) 8.423ms
[1202.136s][info ][gc,cpu       ] GC(953) User=0.03s Sys=0.00s Real=0.01s
[1202.136s][info ][safepoint    ] Leaving safepoint region
[1202.136s][info ][safepoint    ] Total time for which application threads were stopped: 0.0086087 seconds, Stopping threads took: 0.0000208 seconds
[1203.136s][info ][safepoint    ] Application time: 1.0001376 seconds
[1203.136s][info ][safepoint    ] Entering safepoint region: Cleanup
[1203.136s][info ][safepoint    ] Leaving safepoint region
[1203.136s][info ][safepoint    ] Total time for which application threads were stopped: 0.0000799 seconds, Stopping threads took: 0.0000199 seconds
[1203.517s][info ][safepoint    ] Application time: 0.3810822 seconds
[1203.517s][info ][safepoint    ] Entering safepoint region: GenCollectForAllocation
[1203.517s][info ][gc,start     ] GC(954) Pause Young (Allocation Failure)
[1203.517s][info ][gc,task      ] GC(954) Using 4 workers of 4 for evacuation
[1203.523s][debug][gc,ref       ] GC(954) Skipped phase1 of Reference Processing due to unavailable references
[1203.523s][debug][gc,ref       ] GC(954) Skipped phase2 of Reference Processing due to unavailable references
[1203.523s][debug][gc,ref       ] GC(954) Skipped phase3 of Reference Processing due to unavailable references
[1203.523s][debug][gc,ref       ] GC(954) Skipped phase4 of Reference Processing due to unavailable references
[1203.524s][debug][gc,age       ] GC(954) Desired survivor size 15368192 bytes, new threshold 6 (max threshold 6)
[1203.524s][info ][gc,heap      ] GC(954) ParNew: 255303K->11221K(270336K)
[1203.524s][info ][gc,heap      ] GC(954) CMS: 435880K->436967K(721596K)
[1203.524s][info ][gc,metaspace ] GC(954) Metaspace: 66147K->66147K(1110016K)
[1203.524s][info ][gc           ] GC(954) Pause Young (Allocation Failure) 674M->437M(968M) 6.528ms
[1203.524s][info ][gc,cpu       ] GC(954) User=0.03s Sys=0.00s Real=0.00s
[1203.524s][info ][safepoint    ] Leaving safepoint region
[1203.524s][info ][safepoint    ] Total time for which application threads were stopped: 0.0067052 seconds, Stopping threads took: 0.0000189 seconds
[1204.524s][info ][safepoint    ] Application time: 1.0000807 seconds
[1204.524s][info ][safepoint    ] Entering safepoint region: Cleanup
[1204.524s][info ][safepoint    ] Leaving safepoint region
[1204.524s][info ][safepoint    ] Total time for which application threads were stopped: 0.0001963 seconds, Stopping threads took: 0.0000446 seconds
[1204.537s][info ][safepoint    ] Application time: 0.0124941 seconds
[1204.537s][info ][safepoint    ] Entering safepoint region: GenCollectForAllocation
[1204.537s][info ][gc,start     ] GC(955) Pause Young (Allocation Failure)
[1204.537s][info ][gc,task      ] GC(955) Using 4 workers of 4 for evacuation
[1204.545s][debug][gc,ref       ] GC(955) Skipped phase1 of Reference Processing due to unavailable references
[1204.545s][debug][gc,ref       ] GC(955) Skipped phase2 of Reference Processing due to unavailable references
[1204.545s][debug][gc,ref       ] GC(955) Skipped phase3 of Reference Processing due to unavailable references
[1204.545s][debug][gc,ref       ] GC(955) Skipped phase4 of Reference Processing due to unavailable references
[1204.546s][debug][gc,age       ] GC(955) Desired survivor size 15368192 bytes, new threshold 6 (max threshold 6)
[1204.546s][info ][gc,heap      ] GC(955) ParNew: 251541K->13758K(270336K)
[1204.546s][info ][gc,heap      ] GC(955) CMS: 436967K->438740K(721596K)
[1204.546s][info ][gc,metaspace ] GC(955) Metaspace: 66148K->66148K(1110016K)
[1204.546s][info ][gc           ] GC(955) Pause Young (Allocation Failure) 672M->441M(968M) 8.814ms
[1204.546s][info ][gc,cpu       ] GC(955) User=0.04s Sys=0.00s Real=0.00s
[1204.546s][info ][safepoint    ] Leaving safepoint region
[1204.546s][info ][safepoint    ] Total time for which application threads were stopped: 0.0090915 seconds, Stopping threads took: 0.0001210 seconds
[1205.546s][info ][safepoint    ] Application time: 1.0001135 seconds
[1205.546s][info ][safepoint    ] Entering safepoint region: Cleanup
[1205.546s][info ][safepoint    ] Leaving safepoint region
[1205.546s][info ][safepoint    ] Total time for which application threads were stopped: 0.0001652 seconds, Stopping threads took: 0.0000418 seconds
[1205.797s][info ][safepoint    ] Application time: 0.2508860 seconds
[1205.797s][info ][safepoint    ] Entering safepoint region: GenCollectForAllocation
[1205.797s][info ][gc,start     ] GC(956) Pause Young (Allocation Failure)
[1205.797s][info ][gc,task      ] GC(956) Using 4 workers of 4 for evacuation
[1205.805s][debug][gc,ref       ] GC(956) Skipped phase1 of Reference Processing due to unavailable references
[1205.805s][debug][gc,ref       ] GC(956) Skipped phase2 of Reference Processing due to unavailable references
[1205.805s][debug][gc,ref       ] GC(956) Skipped phase3 of Reference Processing due to unavailable references
[1205.805s][debug][gc,ref       ] GC(956) Skipped phase4 of Reference Processing due to unavailable references
[1205.806s][debug][gc,age       ] GC(956) Desired survivor size 15368192 bytes, new threshold 6 (max threshold 6)
[1205.806s][info ][gc,heap      ] GC(956) ParNew: 254078K->9807K(270336K)
[1205.806s][info ][gc,heap      ] GC(956) CMS: 438740K->441564K(721596K)
[1205.806s][info ][gc,metaspace ] GC(956) Metaspace: 66148K->66148K(1110016K)
[1205.806s][info ][gc           ] GC(956) Pause Young (Allocation Failure) 676M->440M(968M) 8.540ms
[1205.806s][info ][gc,cpu       ] GC(956) User=0.04s Sys=0.00s Real=0.00s
[1205.806s][info ][safepoint    ] Leaving safepoint region
[1205.806s][info ][safepoint    ] Total time for which application threads were stopped: 0.0087806 seconds, Stopping threads took: 0.0000903 seconds
[1206.806s][info ][safepoint    ] Application time: 1.0001147 seconds
[1206.806s][info ][safepoint    ] Entering safepoint region: Cleanup
[1206.806s][info ][safepoint    ] Leaving safepoint region
[1206.806s][info ][safepoint    ] Total time for which application threads were stopped: 0.0001374 seconds, Stopping threads took: 0.0000548 seconds
[1206.963s][info ][safepoint    ] Application time: 0.1568430 seconds
[1206.963s][info ][safepoint    ] Entering safepoint region: GenCollectForAllocation
[1206.963s][info ][gc,start     ] GC(957) Pause Young (Allocation Failure)
[1206.963s][info ][gc,task      ] GC(957) Using 4 workers of 4 for evacuation
[1206.968s][debug][gc,ref       ] GC(957) Skipped phase1 of Reference Processing due to unavailable references
[1206.968s][debug][gc,ref       ] GC(957) Skipped phase2 of Reference Processing due to unavailable references
[1206.968s][debug][gc,ref       ] GC(957) Skipped phase3 of Reference Processing due to unavailable references
[1206.968s][debug][gc,ref       ] GC(957) Skipped phase4 of Reference Processing due to unavailable references
[1206.968s][debug][gc,age       ] GC(957) Desired survivor size 15368192 bytes, new threshold 6 (max threshold 6)
[1206.968s][info ][gc,heap      ] GC(957) ParNew: 250127K->6167K(270336K)
[1206.968s][info ][gc,heap      ] GC(957) CMS: 441564K->441817K(721596K)
[1206.968s][info ][gc,metaspace ] GC(957) Metaspace: 66149K->66149K(1110016K)
[1206.968s][info ][gc           ] GC(957) Pause Young (Allocation Failure) 675M->437M(968M) 5.248ms
[1206.968s][info ][gc,cpu       ] GC(957) User=0.02s Sys=0.00s Real=0.01s
[1206.968s][info ][safepoint    ] Leaving safepoint region
[1206.968s][info ][safepoint    ] Total time for which application threads were stopped: 0.0054364 seconds, Stopping threads took: 0.0000198 seconds
[1207.969s][info ][safepoint    ] Application time: 1.0001001 seconds
[1207.969s][info ][safepoint    ] Entering safepoint region: Cleanup
[1207.969s][info ][safepoint    ] Leaving safepoint region
[1207.969s][info ][safepoint    ] Total time for which application threads were stopped: 0.0001175 seconds, Stopping threads took: 0.0000483 seconds
[1208.071s][info ][safepoint    ] Application time: 0.1025924 seconds
[1208.071s][info ][safepoint    ] Entering safepoint region: GenCollectForAllocation
[1208.071s][info ][gc,start     ] GC(958) Pause Young (Allocation Failure)
[1208.071s][info ][gc,task      ] GC(958) Using 4 workers of 4 for evacuation
[1208.076s][debug][gc,ref       ] GC(958) Skipped phase1 of Reference Processing due to unavailable references
[1208.076s][debug][gc,ref       ] GC(958) Skipped phase2 of Reference Processing due to unavailable references
[1208.076s][debug][gc,ref       ] GC(958) Skipped phase3 of Reference Processing due to unavailable references
[1208.076s][debug][gc,ref       ] GC(958) Skipped phase4 of Reference Processing due to unavailable references
[1208.077s][debug][gc,age       ] GC(958) Desired survivor size 15368192 bytes, new threshold 6 (max threshold 6)
[1208.077s][info ][gc,heap      ] GC(958) ParNew: 246487K->4604K(270336K)
[1208.077s][info ][gc,heap      ] GC(958) CMS: 441817K->441986K(721596K)
[1208.077s][info ][gc,metaspace ] GC(958) Metaspace: 66149K->66149K(1110016K)
[1208.078s][info ][gc           ] GC(958) Pause Young (Allocation Failure) 672M->436M(968M) 6.079ms
[1208.078s][info ][gc,cpu       ] GC(958) User=0.02s Sys=0.00s Real=0.01s
[1208.078s][info ][safepoint    ] Leaving safepoint region
[1208.078s][info ][safepoint    ] Total time for which application threads were stopped: 0.0068796 seconds, Stopping threads took: 0.0000205 seconds
[1209.079s][info ][safepoint    ] Application time: 1.0002514 seconds
[1209.079s][info ][safepoint    ] Entering safepoint region: Cleanup
[1209.079s][info ][safepoint    ] Leaving safepoint region
[1209.079s][info ][safepoint    ] Total time for which application threads were stopped: 0.0001402 seconds, Stopping threads took: 0.0000566 seconds
[1209.148s][info ][safepoint    ] Application time: 0.0694397 seconds
[1209.148s][info ][safepoint    ] Entering safepoint region: GenCollectForAllocation
[1209.149s][info ][gc,start     ] GC(959) Pause Young (Allocation Failure)
[1209.149s][info ][gc,task      ] GC(959) Using 4 workers of 4 for evacuation
[1209.153s][debug][gc,ref       ] GC(959) Skipped phase1 of Reference Processing due to unavailable references
[1209.153s][debug][gc,ref       ] GC(959) Skipped phase2 of Reference Processing due to unavailable references
[1209.153s][debug][gc,ref       ] GC(959) Skipped phase3 of Reference Processing due to unavailable references
[1209.153s][debug][gc,ref       ] GC(959) Skipped phase4 of Reference Processing due to unavailable references
[1209.153s][debug][gc,age       ] GC(959) Desired survivor size 15368192 bytes, new threshold 6 (max threshold 6)
[1209.153s][info ][gc,heap      ] GC(959) ParNew: 244924K->5990K(270336K)
[1209.153s][info ][gc,heap      ] GC(959) CMS: 441986K->442080K(721596K)
[1209.153s][info ][gc,metaspace ] GC(959) Metaspace: 66149K->66149K(1110016K)
[1209.153s][info ][gc           ] GC(959) Pause Young (Allocation Failure) 670M->437M(968M) 4.923ms
[1209.153s][info ][gc,cpu       ] GC(959) User=0.01s Sys=0.00s Real=0.00s
[1209.153s][info ][safepoint    ] Leaving safepoint region
[1209.154s][info ][safepoint    ] Total time for which application threads were stopped: 0.0052565 seconds, Stopping threads took: 0.0001897 seconds
[1210.154s][info ][safepoint    ] Application time: 1.0001382 seconds
[1210.154s][info ][safepoint    ] Entering safepoint region: Cleanup
[1210.154s][info ][safepoint    ] Leaving safepoint region
[1210.154s][info ][safepoint    ] Total time for which application threads were stopped: 0.0001184 seconds, Stopping threads took: 0.0000439 seconds
[1210.300s][info ][safepoint    ] Application time: 0.1462164 seconds
[1210.300s][info ][safepoint    ] Entering safepoint region: GenCollectForAllocation
[1210.300s][info ][gc,start     ] GC(960) Pause Young (Allocation Failure)
[1210.300s][info ][gc,task      ] GC(960) Using 4 workers of 4 for evacuation
[1210.305s][debug][gc,ref       ] GC(960) Skipped phase1 of Reference Processing due to unavailable references
[1210.305s][debug][gc,ref       ] GC(960) Skipped phase2 of Reference Processing due to unavailable references
[1210.305s][debug][gc,ref       ] GC(960) Skipped phase3 of Reference Processing due to unavailable references
[1210.305s][debug][gc,ref       ] GC(960) Skipped phase4 of Reference Processing due to unavailable references
[1210.305s][debug][gc,age       ] GC(960) Desired survivor size 15368192 bytes, new threshold 6 (max threshold 6)
[1210.305s][info ][gc,heap      ] GC(960) ParNew: 246310K->4807K(270336K)
[1210.305s][info ][gc,heap      ] GC(960) CMS: 442080K->442246K(721596K)
[1210.306s][info ][gc,metaspace ] GC(960) Metaspace: 66149K->66149K(1110016K)
[1210.306s][info ][gc           ] GC(960) Pause Young (Allocation Failure) 672M->436M(968M) 5.345ms
[1210.306s][info ][gc,cpu       ] GC(960) User=0.02s Sys=0.00s Real=0.00s
[1210.306s][info ][safepoint    ] Leaving safepoint region
[1210.306s][info ][safepoint    ] Total time for which application threads were stopped: 0.0055150 seconds, Stopping threads took: 0.0000179 seconds
[1211.306s][info ][safepoint    ] Application time: 1.0001388 seconds
[1211.306s][info ][safepoint    ] Entering safepoint region: Cleanup
[1211.306s][info ][safepoint    ] Leaving safepoint region
[1211.306s][info ][safepoint    ] Total time for which application threads were stopped: 0.0001236 seconds, Stopping threads took: 0.0000429 seconds
[1211.421s][info ][safepoint    ] Application time: 0.1155398 seconds
[1211.422s][info ][safepoint    ] Entering safepoint region: GenCollectForAllocation
[1211.422s][info ][gc,start     ] GC(961) Pause Young (Allocation Failure)
[1211.422s][info ][gc,task      ] GC(961) Using 4 workers of 4 for evacuation
[1211.427s][debug][gc,ref       ] GC(961) Skipped phase1 of Reference Processing due to unavailable references
[1211.428s][debug][gc,ref       ] GC(961) Skipped phase2 of Reference Processing due to unavailable references
[1211.428s][debug][gc,ref       ] GC(961) Skipped phase3 of Reference Processing due to unavailable references
[1211.428s][debug][gc,ref       ] GC(961) Skipped phase4 of Reference Processing due to unavailable references
[1211.428s][debug][gc,age       ] GC(961) Desired survivor size 15368192 bytes, new threshold 6 (max threshold 6)
[1211.428s][info ][gc,heap      ] GC(961) ParNew: 245127K->3512K(270336K)
[1211.428s][info ][gc,heap      ] GC(961) CMS: 442246K->444476K(721596K)
[1211.428s][info ][gc,metaspace ] GC(961) Metaspace: 66149K->66149K(1110016K)
[1211.428s][info ][gc           ] GC(961) Pause Young (Allocation Failure) 671M->437M(968M) 6.180ms
[1211.428s][info ][gc,cpu       ] GC(961) User=0.03s Sys=0.00s Real=0.01s
[1211.428s][info ][safepoint    ] Leaving safepoint region
[1211.428s][info ][safepoint    ] Total time for which application threads were stopped: 0.0063592 seconds, Stopping threads took: 0.0000200 seconds
[1212.428s][info ][safepoint    ] Application time: 1.0001069 seconds
[1212.428s][info ][safepoint    ] Entering safepoint region: Cleanup
[1212.428s][info ][safepoint    ] Leaving safepoint region
[1212.428s][info ][safepoint    ] Total time for which application threads were stopped: 0.0001217 seconds, Stopping threads took: 0.0000458 seconds
[1212.591s][info ][safepoint    ] Application time: 0.1631100 seconds
[1212.591s][info ][safepoint    ] Entering safepoint region: GenCollectForAllocation
[1212.591s][info ][gc,start     ] GC(962) Pause Young (Allocation Failure)
[1212.591s][info ][gc,task      ] GC(962) Using 4 workers of 4 for evacuation
[1212.596s][debug][gc,ref       ] GC(962) Skipped phase1 of Reference Processing due to unavailable references
[1212.596s][debug][gc,ref       ] GC(962) Skipped phase2 of Reference Processing due to unavailable references
[1212.596s][debug][gc,ref       ] GC(962) Skipped phase3 of Reference Processing due to unavailable references
[1212.596s][debug][gc,ref       ] GC(962) Skipped phase4 of Reference Processing due to unavailable references
[1212.596s][debug][gc,age       ] GC(962) Desired survivor size 15368192 bytes, new threshold 6 (max threshold 6)
[1212.596s][info ][gc,heap      ] GC(962) ParNew: 243832K->2301K(270336K)
[1212.596s][info ][gc,heap      ] GC(962) CMS: 444476K->444571K(721596K)
[1212.596s][info ][gc,metaspace ] GC(962) Metaspace: 66149K->66149K(1110016K)
[1212.596s][info ][gc           ] GC(962) Pause Young (Allocation Failure) 672M->436M(968M) 4.518ms
[1212.596s][info ][gc,cpu       ] GC(962) User=0.01s Sys=0.00s Real=0.01s
[1212.596s][info ][safepoint    ] Leaving safepoint region
[1212.596s][info ][safepoint    ] Total time for which application threads were stopped: 0.0047079 seconds, Stopping threads took: 0.0000444 seconds
[1213.596s][info ][safepoint    ] Application time: 1.0001398 seconds
[1213.596s][info ][safepoint    ] Entering safepoint region: Cleanup
[1213.596s][info ][safepoint    ] Leaving safepoint region
[1213.596s][info ][safepoint    ] Total time for which application threads were stopped: 0.0001077 seconds, Stopping threads took: 0.0000414 seconds
[1213.731s][info ][safepoint    ] Application time: 0.1346111 seconds
[1213.731s][info ][safepoint    ] Entering safepoint region: GenCollectForAllocation
[1213.731s][info ][gc,start     ] GC(963) Pause Young (Allocation Failure)
[1213.731s][info ][gc,task      ] GC(963) Using 4 workers of 4 for evacuation
[1213.736s][debug][gc,ref       ] GC(963) Skipped phase1 of Reference Processing due to unavailable references
[1213.736s][debug][gc,ref       ] GC(963) Skipped phase2 of Reference Processing due to unavailable references
[1213.736s][debug][gc,ref       ] GC(963) Skipped phase3 of Reference Processing due to unavailable references
[1213.736s][debug][gc,ref       ] GC(963) Skipped phase4 of Reference Processing due to unavailable references
[1213.736s][debug][gc,age       ] GC(963) Desired survivor size 15368192 bytes, new threshold 6 (max threshold 6)
[1213.736s][info ][gc,heap      ] GC(963) ParNew: 242621K->2147K(270336K)
[1213.736s][info ][gc,heap      ] GC(963) CMS: 444571K->444878K(721596K)
[1213.736s][info ][gc,metaspace ] GC(963) Metaspace: 66153K->66153K(1110016K)
[1213.736s][info ][gc           ] GC(963) Pause Young (Allocation Failure) 671M->436M(968M) 4.796ms
[1213.736s][info ][gc,cpu       ] GC(963) User=0.02s Sys=0.00s Real=0.01s
[1213.736s][info ][safepoint    ] Leaving safepoint region
[1213.736s][info ][safepoint    ] Total time for which application threads were stopped: 0.0049717 seconds, Stopping threads took: 0.0000191 seconds
[1214.736s][info ][safepoint    ] Application time: 1.0000936 seconds
[1214.736s][info ][safepoint    ] Entering safepoint region: Cleanup
[1214.736s][info ][safepoint    ] Leaving safepoint region
[1214.736s][info ][safepoint    ] Total time for which application threads were stopped: 0.0000746 seconds, Stopping threads took: 0.0000189 seconds
[1214.875s][info ][safepoint    ] Application time: 0.1385919 seconds
[1214.875s][info ][safepoint    ] Entering safepoint region: GenCollectForAllocation
[1214.875s][info ][gc,start     ] GC(964) Pause Young (Allocation Failure)
[1214.875s][info ][gc,task      ] GC(964) Using 4 workers of 4 for evacuation
[1214.879s][debug][gc,ref       ] GC(964) Skipped phase1 of Reference Processing due to unavailable references
[1214.879s][debug][gc,ref       ] GC(964) Skipped phase2 of Reference Processing due to unavailable references
[1214.879s][debug][gc,ref       ] GC(964) Skipped phase3 of Reference Processing due to unavailable references
[1214.879s][debug][gc,ref       ] GC(964) Skipped phase4 of Reference Processing due to unavailable references
[1214.879s][debug][gc,age       ] GC(964) Desired survivor size 15368192 bytes, new threshold 6 (max threshold 6)
[1214.879s][info ][gc,heap      ] GC(964) ParNew: 242467K->2048K(270336K)
[1214.879s][info ][gc,heap      ] GC(964) CMS: 444878K->445039K(721596K)
[1214.879s][info ][gc,metaspace ] GC(964) Metaspace: 66153K->66153K(1110016K)
[1214.879s][info ][gc           ] GC(964) Pause Young (Allocation Failure) 671M->436M(968M) 4.372ms
[1214.879s][info ][gc,cpu       ] GC(964) User=0.03s Sys=0.00s Real=0.01s
[1214.879s][info ][safepoint    ] Leaving safepoint region
[1214.879s][info ][safepoint    ] Total time for which application threads were stopped: 0.0045262 seconds, Stopping threads took: 0.0000179 seconds
[1215.879s][info ][safepoint    ] Application time: 1.0001010 seconds
[1215.879s][info ][safepoint    ] Entering safepoint region: Cleanup
[1215.880s][info ][safepoint    ] Leaving safepoint region
[1215.880s][info ][safepoint    ] Total time for which application threads were stopped: 0.0001112 seconds, Stopping threads took: 0.0000455 seconds
[1216.030s][info ][safepoint    ] Application time: 0.1507465 seconds
[1216.030s][info ][safepoint    ] Entering safepoint region: GenCollectForAllocation
[1216.030s][info ][gc,start     ] GC(965) Pause Young (Allocation Failure)
[1216.030s][info ][gc,task      ] GC(965) Using 4 workers of 4 for evacuation
[1216.034s][debug][gc,ref       ] GC(965) Skipped phase1 of Reference Processing due to unavailable references
[1216.034s][debug][gc,ref       ] GC(965) Skipped phase2 of Reference Processing due to unavailable references
[1216.034s][debug][gc,ref       ] GC(965) Skipped phase3 of Reference Processing due to unavailable references
[1216.034s][debug][gc,ref       ] GC(965) Skipped phase4 of Reference Processing due to unavailable references
[1216.035s][debug][gc,age       ] GC(965) Desired survivor size 15368192 bytes, new threshold 6 (max threshold 6)
[1216.035s][info ][gc,heap      ] GC(965) ParNew: 242368K->1887K(270336K)
[1216.035s][info ][gc,heap      ] GC(965) CMS: 445039K->445343K(721596K)
[1216.035s][info ][gc,metaspace ] GC(965) Metaspace: 66156K->66156K(1110016K)
[1216.035s][info ][gc           ] GC(965) Pause Young (Allocation Failure) 671M->436M(968M) 4.118ms
[1216.035s][info ][gc,cpu       ] GC(965) User=0.01s Sys=0.00s Real=0.00s
[1216.035s][info ][safepoint    ] Leaving safepoint region
[1216.035s][info ][safepoint    ] Total time for which application threads were stopped: 0.0042961 seconds, Stopping threads took: 0.0000192 seconds
[1217.035s][info ][safepoint    ] Application time: 1.0000954 seconds
[1217.035s][info ][safepoint    ] Entering safepoint region: Cleanup
[1217.035s][info ][safepoint    ] Leaving safepoint region
[1217.035s][info ][safepoint    ] Total time for which application threads were stopped: 0.0000838 seconds, Stopping threads took: 0.0000174 seconds
[1217.217s][info ][safepoint    ] Application time: 0.1824873 seconds
[1217.217s][info ][safepoint    ] Entering safepoint region: GenCollectForAllocation
[1217.217s][info ][gc,start     ] GC(966) Pause Young (Allocation Failure)
[1217.218s][info ][gc,task      ] GC(966) Using 4 workers of 4 for evacuation
[1217.221s][debug][gc,ref       ] GC(966) Skipped phase1 of Reference Processing due to unavailable references
[1217.221s][debug][gc,ref       ] GC(966) Skipped phase2 of Reference Processing due to unavailable references
[1217.221s][debug][gc,ref       ] GC(966) Skipped phase3 of Reference Processing due to unavailable references
[1217.221s][debug][gc,ref       ] GC(966) Skipped phase4 of Reference Processing due to unavailable references
[1217.221s][debug][gc,age       ] GC(966) Desired survivor size 15368192 bytes, new threshold 6 (max threshold 6)
[1217.221s][info ][gc,heap      ] GC(966) ParNew: 242207K->1607K(270336K)
[1217.221s][info ][gc,heap      ] GC(966) CMS: 445343K->445520K(721596K)
[1217.221s][info ][gc,metaspace ] GC(966) Metaspace: 66160K->66160K(1110016K)
[1217.221s][info ][gc           ] GC(966) Pause Young (Allocation Failure) 671M->436M(968M) 3.924ms
[1217.221s][info ][gc,cpu       ] GC(966) User=0.01s Sys=0.00s Real=0.00s
[1217.221s][info ][safepoint    ] Leaving safepoint region
[1217.221s][info ][safepoint    ] Total time for which application threads were stopped: 0.0040771 seconds, Stopping threads took: 0.0000186 seconds
[1218.222s][info ][safepoint    ] Application time: 1.0001390 seconds
[1218.222s][info ][safepoint    ] Entering safepoint region: Cleanup
[1218.222s][info ][safepoint    ] Leaving safepoint region
[1218.222s][info ][safepoint    ] Total time for which application threads were stopped: 0.0001131 seconds, Stopping threads took: 0.0000445 seconds
[1218.409s][info ][safepoint    ] Application time: 0.1872823 seconds
[1218.409s][info ][safepoint    ] Entering safepoint region: GenCollectForAllocation
[1218.409s][info ][gc,start     ] GC(967) Pause Young (Allocation Failure)
[1218.409s][info ][gc,task      ] GC(967) Using 4 workers of 4 for evacuation
[1218.413s][debug][gc,ref       ] GC(967) Skipped phase1 of Reference Processing due to unavailable references
[1218.413s][debug][gc,ref       ] GC(967) Skipped phase2 of Reference Processing due to unavailable references
[1218.413s][debug][gc,ref       ] GC(967) Skipped phase3 of Reference Processing due to unavailable references
[1218.413s][debug][gc,ref       ] GC(967) Skipped phase4 of Reference Processing due to unavailable references
[1218.413s][debug][gc,age       ] GC(967) Desired survivor size 15368192 bytes, new threshold 6 (max threshold 6)
[1218.413s][info ][gc,heap      ] GC(967) ParNew: 241927K->1380K(270336K)
[1218.413s][info ][gc,heap      ] GC(967) CMS: 445520K->445800K(721596K)
[1218.413s][info ][gc,metaspace ] GC(967) Metaspace: 66160K->66160K(1110016K)
[1218.413s][info ][gc           ] GC(967) Pause Young (Allocation Failure) 671M->436M(968M) 4.135ms
[1218.413s][info ][gc,cpu       ] GC(967) User=0.02s Sys=0.00s Real=0.00s
[1218.413s][info ][safepoint    ] Leaving safepoint region
[1218.413s][info ][safepoint    ] Total time for which application threads were stopped: 0.0042856 seconds, Stopping threads took: 0.0000179 seconds
[1219.413s][info ][safepoint    ] Application time: 1.0001216 seconds
[1219.414s][info ][safepoint    ] Entering safepoint region: Cleanup
[1219.414s][info ][safepoint    ] Leaving safepoint region
[1219.414s][info ][safepoint    ] Total time for which application threads were stopped: 0.0001461 seconds, Stopping threads took: 0.0000646 seconds
[1219.601s][info ][safepoint    ] Application time: 0.1868582 seconds
[1219.601s][info ][safepoint    ] Entering safepoint region: GenCollectForAllocation
[1219.601s][info ][gc,start     ] GC(968) Pause Young (Allocation Failure)
[1219.601s][info ][gc,task      ] GC(968) Using 4 workers of 4 for evacuation
[1219.604s][debug][gc,ref       ] GC(968) Skipped phase1 of Reference Processing due to unavailable references
[1219.604s][debug][gc,ref       ] GC(968) Skipped phase2 of Reference Processing due to unavailable references
[1219.604s][debug][gc,ref       ] GC(968) Skipped phase3 of Reference Processing due to unavailable references
[1219.604s][debug][gc,ref       ] GC(968) Skipped phase4 of Reference Processing due to unavailable references
[1219.604s][debug][gc,age       ] GC(968) Desired survivor size 15368192 bytes, new threshold 6 (max threshold 6)
[1219.604s][info ][gc,heap      ] GC(968) ParNew: 241700K->1508K(270336K)
[1219.604s][info ][gc,heap      ] GC(968) CMS: 445800K->445840K(721596K)
[1219.604s][info ][gc,metaspace ] GC(968) Metaspace: 66161K->66161K(1110016K)
[1219.604s][info ][gc           ] GC(968) Pause Young (Allocation Failure) 671M->436M(968M) 3.521ms
[1219.604s][info ][gc,cpu       ] GC(968) User=0.01s Sys=0.00s Real=0.00s
[1219.604s][info ][safepoint    ] Leaving safepoint region
[1219.604s][info ][safepoint    ] Total time for which application threads were stopped: 0.0036794 seconds, Stopping threads took: 0.0000178 seconds
[1220.548s][info ][safepoint    ] Application time: 0.9437790 seconds
[1220.548s][info ][safepoint    ] Entering safepoint region: GenCollectForAllocation
[1220.548s][info ][safepoint    ] Leaving safepoint region
[1220.548s][info ][safepoint    ] Total time for which application threads were stopped: 0.0001632 seconds, Stopping threads took: 0.0000391 seconds
[1220.548s][info ][safepoint    ] Application time: 0.0000623 seconds
[1220.548s][info ][safepoint    ] Entering safepoint region: GenCollectFull
[1220.548s][info ][gc,start     ] GC(969) Pause Young (GCLocker Initiated GC)
[1220.548s][info ][gc,task      ] GC(969) Using 4 workers of 4 for evacuation
[1220.573s][debug][gc,ref       ] GC(969) Skipped phase1 of Reference Processing due to unavailable references
[1220.573s][debug][gc,ref       ] GC(969) Skipped phase2 of Reference Processing due to unavailable references
[1220.573s][debug][gc,ref       ] GC(969) Skipped phase3 of Reference Processing due to unavailable references
[1220.574s][debug][gc,age       ] GC(969) Desired survivor size 15368192 bytes, new threshold 1 (max threshold 6)
[1220.574s][info ][gc,heap      ] GC(969) ParNew: 241830K->30016K(270336K)
[1220.574s][info ][gc,heap      ] GC(969) CMS: 445840K->452588K(721596K)
[1220.574s][info ][gc,metaspace ] GC(969) Metaspace: 66162K->66162K(1110016K)
[1220.574s][info ][gc           ] GC(969) Pause Young (GCLocker Initiated GC) 671M->471M(968M) 25.303ms
[1220.574s][info ][gc,cpu       ] GC(969) User=0.10s Sys=0.00s Real=0.02s
[1220.574s][info ][safepoint    ] Leaving safepoint region
[1220.574s][info ][safepoint    ] Total time for which application threads were stopped: 0.0254359 seconds, Stopping threads took: 0.0000196 seconds
[1221.574s][info ][safepoint    ] Application time: 1.0001352 seconds
[1221.574s][info ][safepoint    ] Entering safepoint region: Cleanup
[1221.574s][info ][safepoint    ] Leaving safepoint region
[1221.574s][info ][safepoint    ] Total time for which application threads were stopped: 0.0001407 seconds, Stopping threads took: 0.0000182 seconds
[1222.574s][info ][safepoint    ] Application time: 1.0001480 seconds
[1222.574s][info ][safepoint    ] Entering safepoint region: Cleanup
[1222.574s][info ][safepoint    ] Leaving safepoint region
[1222.574s][info ][safepoint    ] Total time for which application threads were stopped: 0.0000956 seconds, Stopping threads took: 0.0000190 seconds
[1223.574s][info ][safepoint    ] Application time: 1.0001248 seconds
[1223.575s][info ][safepoint    ] Entering safepoint region: Cleanup
[1223.575s][info ][safepoint    ] Leaving safepoint region
[1223.575s][info ][safepoint    ] Total time for which application threads were stopped: 0.0000846 seconds, Stopping threads took: 0.0000206 seconds
[1224.575s][info ][safepoint    ] Application time: 1.0000929 seconds
[1224.575s][info ][safepoint    ] Entering safepoint region: Cleanup
[1224.575s][info ][safepoint    ] Leaving safepoint region
[1224.575s][info ][safepoint    ] Total time for which application threads were stopped: 0.0000817 seconds, Stopping threads took: 0.0000191 seconds
[1225.575s][info ][safepoint    ] Application time: 1.0001384 seconds
[1225.575s][info ][safepoint    ] Entering safepoint region: Cleanup
[1225.575s][info ][safepoint    ] Leaving safepoint region
[1225.575s][info ][safepoint    ] Total time for which application threads were stopped: 0.0000824 seconds, Stopping threads took: 0.0000186 seconds
[1226.575s][info ][safepoint    ] Application time: 1.0001255 seconds
[1226.575s][info ][safepoint    ] Entering safepoint region: Cleanup
[1226.575s][info ][safepoint    ] Leaving safepoint region
[1226.575s][info ][safepoint    ] Total time for which application threads were stopped: 0.0001345 seconds, Stopping threads took: 0.0000689 seconds
[1227.576s][info ][safepoint    ] Application time: 1.0000938 seconds
[1227.576s][info ][safepoint    ] Entering safepoint region: Cleanup
[1227.576s][info ][safepoint    ] Leaving safepoint region
[1227.576s][info ][safepoint    ] Total time for which application threads were stopped: 0.0000829 seconds, Stopping threads took: 0.0000198 seconds
[1228.297s][info ][safepoint    ] Application time: 0.7209392 seconds
[1228.297s][info ][safepoint    ] Entering safepoint region: GenCollectForAllocation
[1228.297s][info ][gc,start     ] GC(970) Pause Young (Allocation Failure)
[1228.297s][info ][gc,task      ] GC(970) Using 4 workers of 4 for evacuation
[1228.302s][debug][gc,ref       ] GC(970) Skipped phase1 of Reference Processing due to unavailable references
[1228.302s][debug][gc,ref       ] GC(970) Skipped phase2 of Reference Processing due to unavailable references
[1228.302s][debug][gc,ref       ] GC(970) Skipped phase3 of Reference Processing due to unavailable references
[1228.302s][debug][gc,age       ] GC(970) Desired survivor size 15368192 bytes, new threshold 6 (max threshold 6)
[1228.302s][info ][gc,heap      ] GC(970) ParNew: 270336K->22361K(270336K)
[1228.302s][info ][gc,heap      ] GC(970) CMS: 452588K->454151K(721596K)
[1228.302s][info ][gc,metaspace ] GC(970) Metaspace: 66163K->66163K(1110016K)
[1228.302s][info ][gc           ] GC(970) Pause Young (Allocation Failure) 705M->465M(968M) 5.023ms
[1228.302s][info ][gc,cpu       ] GC(970) User=0.02s Sys=0.00s Real=0.00s
[1228.302s][info ][safepoint    ] Leaving safepoint region
[1228.302s][info ][safepoint    ] Total time for which application threads were stopped: 0.0052097 seconds, Stopping threads took: 0.0000315 seconds
[1229.302s][info ][safepoint    ] Application time: 1.0001123 seconds
[1229.302s][info ][safepoint    ] Entering safepoint region: Cleanup
[1229.302s][info ][safepoint    ] Leaving safepoint region
[1229.302s][info ][safepoint    ] Total time for which application threads were stopped: 0.0000837 seconds, Stopping threads took: 0.0000194 seconds
[1230.302s][info ][safepoint    ] Application time: 1.0001328 seconds
[1230.302s][info ][safepoint    ] Entering safepoint region: Cleanup
[1230.302s][info ][safepoint    ] Leaving safepoint region
[1230.302s][info ][safepoint    ] Total time for which application threads were stopped: 0.0000834 seconds, Stopping threads took: 0.0000203 seconds
[1231.303s][info ][safepoint    ] Application time: 1.0003760 seconds
[1231.303s][info ][safepoint    ] Entering safepoint region: Cleanup
[1231.303s][info ][safepoint    ] Leaving safepoint region
[1231.303s][info ][safepoint    ] Total time for which application threads were stopped: 0.0000836 seconds, Stopping threads took: 0.0000211 seconds
[1232.303s][info ][safepoint    ] Application time: 1.0000850 seconds
[1232.303s][info ][safepoint    ] Entering safepoint region: Cleanup
[1232.303s][info ][safepoint    ] Leaving safepoint region
[1232.303s][info ][safepoint    ] Total time for which application threads were stopped: 0.0000852 seconds, Stopping threads took: 0.0000204 seconds
[1233.303s][info ][safepoint    ] Application time: 1.0000858 seconds
[1233.303s][info ][safepoint    ] Entering safepoint region: Cleanup
[1233.303s][info ][safepoint    ] Leaving safepoint region
[1233.303s][info ][safepoint    ] Total time for which application threads were stopped: 0.0000796 seconds, Stopping threads took: 0.0000193 seconds
[1234.303s][info ][safepoint    ] Application time: 1.0000617 seconds
[1234.303s][info ][safepoint    ] Entering safepoint region: Cleanup
[1234.303s][info ][safepoint    ] Leaving safepoint region
[1234.303s][info ][safepoint    ] Total time for which application threads were stopped: 0.0001005 seconds, Stopping threads took: 0.0000194 seconds
[1235.304s][info ][safepoint    ] Application time: 1.0002034 seconds
[1235.304s][info ][safepoint    ] Entering safepoint region: Cleanup
[1235.304s][info ][safepoint    ] Leaving safepoint region
[1235.304s][info ][safepoint    ] Total time for which application threads were stopped: 0.0000883 seconds, Stopping threads took: 0.0000203 seconds
[1236.304s][info ][safepoint    ] Application time: 1.0001377 seconds
[1236.304s][info ][safepoint    ] Entering safepoint region: Cleanup
[1236.304s][info ][safepoint    ] Leaving safepoint region
[1236.304s][info ][safepoint    ] Total time for which application threads were stopped: 0.0000973 seconds, Stopping threads took: 0.0000203 seconds
[1237.304s][info ][safepoint    ] Application time: 1.0001309 seconds
[1237.304s][info ][safepoint    ] Entering safepoint region: Cleanup
[1237.304s][info ][safepoint    ] Leaving safepoint region
[1237.304s][info ][safepoint    ] Total time for which application threads were stopped: 0.0000824 seconds, Stopping threads took: 0.0000197 seconds
[1238.304s][info ][safepoint    ] Application time: 1.0000899 seconds
[1238.305s][info ][safepoint    ] Entering safepoint region: Cleanup
[1238.305s][info ][safepoint    ] Leaving safepoint region
[1238.305s][info ][safepoint    ] Total time for which application threads were stopped: 0.0001504 seconds, Stopping threads took: 0.0000203 seconds
[1239.305s][info ][safepoint    ] Application time: 1.0000898 seconds
[1239.305s][info ][safepoint    ] Entering safepoint region: Cleanup
[1239.305s][info ][safepoint    ] Leaving safepoint region
[1239.305s][info ][safepoint    ] Total time for which application threads were stopped: 0.0000930 seconds, Stopping threads took: 0.0000326 seconds
[1240.305s][info ][safepoint    ] Application time: 1.0000926 seconds
[1240.305s][info ][safepoint    ] Entering safepoint region: Cleanup
[1240.305s][info ][safepoint    ] Leaving safepoint region
[1240.305s][info ][safepoint    ] Total time for which application threads were stopped: 0.0001102 seconds, Stopping threads took: 0.0000387 seconds
[1241.232s][info ][safepoint    ] Application time: 0.9273122 seconds
[1241.233s][info ][safepoint    ] Entering safepoint region: RevokeBias
[1241.233s][info ][safepoint    ] Leaving safepoint region
[1241.233s][info ][safepoint    ] Total time for which application threads were stopped: 0.0000964 seconds, Stopping threads took: 0.0000177 seconds
[1241.233s][info ][safepoint    ] Application time: 0.0003627 seconds
[1241.233s][info ][safepoint    ] Entering safepoint region: RevokeBias
[1241.233s][info ][safepoint    ] Leaving safepoint region
[1241.233s][info ][safepoint    ] Total time for which application threads were stopped: 0.0000537 seconds, Stopping threads took: 0.0000106 seconds
[1241.246s][info ][safepoint    ] Application time: 0.0132545 seconds
[1241.246s][info ][safepoint    ] Entering safepoint region: RevokeBias
[1241.246s][info ][safepoint    ] Leaving safepoint region
[1241.246s][info ][safepoint    ] Total time for which application threads were stopped: 0.0001011 seconds, Stopping threads took: 0.0000184 seconds
[1241.998s][info ][safepoint    ] Application time: 0.7516765 seconds
[1241.998s][info ][safepoint    ] Entering safepoint region: RevokeBias
[1241.998s][info ][safepoint    ] Leaving safepoint region
[1241.998s][info ][safepoint    ] Total time for which application threads were stopped: 0.0000948 seconds, Stopping threads took: 0.0000178 seconds
[1242.003s][info ][safepoint    ] Application time: 0.0049756 seconds
[1242.003s][info ][safepoint    ] Entering safepoint region: RevokeBias
[1242.003s][info ][safepoint    ] Leaving safepoint region
[1242.003s][info ][safepoint    ] Total time for which application threads were stopped: 0.0000558 seconds, Stopping threads took: 0.0000120 seconds
[1242.003s][info ][safepoint    ] Application time: 0.0001081 seconds
[1242.003s][info ][safepoint    ] Entering safepoint region: RevokeBias
[1242.003s][info ][safepoint    ] Leaving safepoint region
[1242.003s][info ][safepoint    ] Total time for which application threads were stopped: 0.0000465 seconds, Stopping threads took: 0.0000071 seconds
[1242.004s][info ][safepoint    ] Application time: 0.0005297 seconds
[1242.004s][info ][safepoint    ] Entering safepoint region: RevokeBias
[1242.004s][info ][safepoint    ] Leaving safepoint region
[1242.004s][info ][safepoint    ] Total time for which application threads were stopped: 0.0002549 seconds, Stopping threads took: 0.0000073 seconds
[1242.023s][info ][safepoint    ] Application time: 0.0183264 seconds
[1242.023s][info ][safepoint    ] Entering safepoint region: RevokeBias
[1242.023s][info ][safepoint    ] Leaving safepoint region
[1242.023s][info ][safepoint    ] Total time for which application threads were stopped: 0.0002289 seconds, Stopping threads took: 0.0000973 seconds
[1242.137s][info ][safepoint    ] Application time: 0.1141537 seconds
[1242.137s][info ][safepoint    ] Entering safepoint region: RevokeBias
[1242.137s][info ][safepoint    ] Leaving safepoint region
[1242.137s][info ][safepoint    ] Total time for which application threads were stopped: 0.0001807 seconds, Stopping threads took: 0.0000721 seconds
[1242.146s][info ][safepoint    ] Application time: 0.0091945 seconds
[1242.146s][info ][safepoint    ] Entering safepoint region: RevokeBias
[1242.147s][info ][safepoint    ] Leaving safepoint region
[1242.147s][info ][safepoint    ] Total time for which application threads were stopped: 0.0000833 seconds, Stopping threads took: 0.0000124 seconds
[1242.390s][info ][safepoint    ] Application time: 0.2437081 seconds
[1242.390s][info ][safepoint    ] Entering safepoint region: GenCollectForAllocation
[1242.390s][info ][gc,start     ] GC(971) Pause Young (Allocation Failure)
[1242.390s][info ][gc,task      ] GC(971) Using 4 workers of 4 for evacuation
[1242.402s][debug][gc,ref       ] GC(971) Skipped phase1 of Reference Processing due to unavailable references
[1242.402s][debug][gc,age       ] GC(971) Desired survivor size 15368192 bytes, new threshold 1 (max threshold 6)
[1242.402s][info ][gc,heap      ] GC(971) ParNew: 262681K->22861K(270336K)
[1242.402s][info ][gc,heap      ] GC(971) CMS: 454151K->454151K(721596K)
[1242.402s][info ][gc,metaspace ] GC(971) Metaspace: 66195K->66195K(1110016K)
[1242.402s][info ][gc           ] GC(971) Pause Young (Allocation Failure) 700M->465M(968M) 12.063ms
[1242.403s][info ][gc,cpu       ] GC(971) User=0.06s Sys=0.00s Real=0.01s
[1242.403s][info ][safepoint    ] Leaving safepoint region
[1242.403s][info ][safepoint    ] Total time for which application threads were stopped: 0.0122886 seconds, Stopping threads took: 0.0000402 seconds
[1243.020s][info ][safepoint    ] Application time: 0.6179382 seconds
[1243.021s][info ][safepoint    ] Entering safepoint region: GenCollectForAllocation
[1243.021s][info ][gc,start     ] GC(972) Pause Young (Allocation Failure)
[1243.021s][info ][gc,task      ] GC(972) Using 4 workers of 4 for evacuation
[1243.042s][debug][gc,ref       ] GC(972) Skipped phase1 of Reference Processing due to unavailable references
[1243.042s][debug][gc,ref       ] GC(972) Skipped phase2 of Reference Processing due to unavailable references
[1243.042s][debug][gc,ref       ] GC(972) Skipped phase3 of Reference Processing due to unavailable references
[1243.042s][debug][gc,ref       ] GC(972) Skipped phase4 of Reference Processing due to unavailable references
[1243.043s][debug][gc,age       ] GC(972) Desired survivor size 15368192 bytes, new threshold 1 (max threshold 6)
[1243.043s][info ][gc,heap      ] GC(972) ParNew: 263181K->30016K(270336K)
[1243.043s][info ][gc,heap      ] GC(972) CMS: 454151K->476783K(721596K)
[1243.043s][info ][gc,metaspace ] GC(972) Metaspace: 66203K->66203K(1110016K)
[1243.043s][info ][gc           ] GC(972) Pause Young (Allocation Failure) 700M->494M(968M) 22.054ms
[1243.043s][info ][gc,cpu       ] GC(972) User=0.10s Sys=0.01s Real=0.02s
[1243.043s][info ][safepoint    ] Leaving safepoint region
[1243.043s][info ][safepoint    ] Total time for which application threads were stopped: 0.0222904 seconds, Stopping threads took: 0.0000184 seconds
[1243.775s][info ][safepoint    ] Application time: 0.7317735 seconds
[1243.775s][info ][safepoint    ] Entering safepoint region: GenCollectForAllocation
[1243.775s][info ][gc,start     ] GC(973) Pause Young (Allocation Failure)
[1243.775s][info ][gc,task      ] GC(973) Using 4 workers of 4 for evacuation
[1243.796s][debug][gc,ref       ] GC(973) Skipped phase1 of Reference Processing due to unavailable references
[1243.796s][debug][gc,ref       ] GC(973) Skipped phase2 of Reference Processing due to unavailable references
[1243.796s][debug][gc,ref       ] GC(973) Skipped phase3 of Reference Processing due to unavailable references
[1243.796s][debug][gc,ref       ] GC(973) Skipped phase4 of Reference Processing due to unavailable references
[1243.796s][debug][gc,age       ] GC(973) Desired survivor size 15368192 bytes, new threshold 1 (max threshold 6)
[1243.796s][info ][gc,heap      ] GC(973) ParNew: 270336K->28797K(270336K)
[1243.796s][info ][gc,heap      ] GC(973) CMS: 476783K->495871K(721596K)
[1243.796s][info ][gc,metaspace ] GC(973) Metaspace: 66206K->66206K(1110016K)
[1243.796s][info ][gc           ] GC(973) Pause Young (Allocation Failure) 729M->512M(968M) 21.548ms
[1243.796s][info ][gc,cpu       ] GC(973) User=0.10s Sys=0.00s Real=0.03s
[1243.796s][info ][safepoint    ] Leaving safepoint region
[1243.796s][info ][safepoint    ] Total time for which application threads were stopped: 0.0217331 seconds, Stopping threads took: 0.0000166 seconds
[1244.732s][info ][safepoint    ] Application time: 0.9355775 seconds
[1244.732s][info ][safepoint    ] Entering safepoint region: GenCollectForAllocation
[1244.732s][info ][gc,start     ] GC(974) Pause Young (Allocation Failure)
[1244.732s][info ][gc,task      ] GC(974) Using 4 workers of 4 for evacuation
[1244.747s][debug][gc,ref       ] GC(974) Skipped phase1 of Reference Processing due to unavailable references
[1244.747s][debug][gc,ref       ] GC(974) Skipped phase2 of Reference Processing due to unavailable references
[1244.747s][debug][gc,ref       ] GC(974) Skipped phase3 of Reference Processing due to unavailable references
[1244.747s][debug][gc,ref       ] GC(974) Skipped phase4 of Reference Processing due to unavailable references
[1244.747s][debug][gc,age       ] GC(974) Desired survivor size 15368192 bytes, new threshold 6 (max threshold 6)
[1244.747s][info ][gc,heap      ] GC(974) ParNew: 269117K->12130K(270336K)
[1244.747s][info ][gc,heap      ] GC(974) CMS: 495871K->506808K(721596K)
[1244.747s][info ][gc,metaspace ] GC(974) Metaspace: 66206K->66206K(1110016K)
[1244.747s][info ][gc           ] GC(974) Pause Young (Allocation Failure) 747M->506M(968M) 15.142ms
[1244.747s][info ][gc,cpu       ] GC(974) User=0.05s Sys=0.00s Real=0.01s
[1244.747s][info ][safepoint    ] Leaving safepoint region
[1244.747s][info ][safepoint    ] Total time for which application threads were stopped: 0.0153204 seconds, Stopping threads took: 0.0000198 seconds
[1245.747s][info ][safepoint    ] Application time: 1.0001081 seconds
[1245.748s][info ][safepoint    ] Entering safepoint region: Cleanup
[1245.748s][info ][safepoint    ] Leaving safepoint region
[1245.748s][info ][safepoint    ] Total time for which application threads were stopped: 0.0001525 seconds, Stopping threads took: 0.0000466 seconds
[1245.869s][info ][safepoint    ] Application time: 0.1215661 seconds
[1245.869s][info ][safepoint    ] Entering safepoint region: GenCollectForAllocation
[1245.869s][info ][gc,start     ] GC(975) Pause Young (Allocation Failure)
[1245.869s][info ][gc,task      ] GC(975) Using 4 workers of 4 for evacuation
[1245.877s][debug][gc,ref       ] GC(975) Skipped phase1 of Reference Processing due to unavailable references
[1245.877s][debug][gc,ref       ] GC(975) Skipped phase2 of Reference Processing due to unavailable references
[1245.877s][debug][gc,ref       ] GC(975) Skipped phase3 of Reference Processing due to unavailable references
[1245.877s][debug][gc,ref       ] GC(975) Skipped phase4 of Reference Processing due to unavailable references
[1245.877s][debug][gc,age       ] GC(975) Desired survivor size 15368192 bytes, new threshold 6 (max threshold 6)
[1245.877s][info ][gc,heap      ] GC(975) ParNew: 252450K->11768K(270336K)
[1245.877s][info ][gc,heap      ] GC(975) CMS: 506808K->506808K(721596K)
[1245.877s][info ][gc,metaspace ] GC(975) Metaspace: 66206K->66206K(1110016K)
[1245.877s][info ][gc           ] GC(975) Pause Young (Allocation Failure) 741M->506M(968M) 7.833ms
[1245.877s][info ][gc,cpu       ] GC(975) User=0.03s Sys=0.00s Real=0.01s
[1245.877s][info ][safepoint    ] Leaving safepoint region
[1245.877s][info ][safepoint    ] Total time for which application threads were stopped: 0.0080266 seconds, Stopping threads took: 0.0000215 seconds
[1246.877s][info ][safepoint    ] Application time: 1.0000992 seconds
[1246.877s][info ][safepoint    ] Entering safepoint region: Cleanup
[1246.878s][info ][safepoint    ] Leaving safepoint region
[1246.878s][info ][safepoint    ] Total time for which application threads were stopped: 0.0001252 seconds, Stopping threads took: 0.0000440 seconds
[1246.981s][info ][safepoint    ] Application time: 0.1033579 seconds
[1246.981s][info ][safepoint    ] Entering safepoint region: GenCollectForAllocation
[1246.981s][info ][gc,start     ] GC(976) Pause Young (Allocation Failure)
[1246.981s][info ][gc,task      ] GC(976) Using 4 workers of 4 for evacuation
[1246.988s][debug][gc,ref       ] GC(976) Skipped phase1 of Reference Processing due to unavailable references
[1246.988s][debug][gc,ref       ] GC(976) Skipped phase2 of Reference Processing due to unavailable references
[1246.988s][debug][gc,ref       ] GC(976) Skipped phase3 of Reference Processing due to unavailable references
[1246.988s][debug][gc,ref       ] GC(976) Skipped phase4 of Reference Processing due to unavailable references
[1246.988s][debug][gc,age       ] GC(976) Desired survivor size 15368192 bytes, new threshold 6 (max threshold 6)
[1246.988s][info ][gc,heap      ] GC(976) ParNew: 252088K->16050K(270336K)
[1246.988s][info ][gc,heap      ] GC(976) CMS: 506808K->506808K(721596K)
[1246.988s][info ][gc,metaspace ] GC(976) Metaspace: 66206K->66206K(1110016K)
[1246.988s][info ][gc           ] GC(976) Pause Young (Allocation Failure) 741M->510M(968M) 7.249ms
[1246.988s][info ][gc,cpu       ] GC(976) User=0.02s Sys=0.00s Real=0.01s
[1246.988s][info ][safepoint    ] Leaving safepoint region
[1246.988s][info ][safepoint    ] Total time for which application threads were stopped: 0.0074267 seconds, Stopping threads took: 0.0000209 seconds
[1247.136s][info ][safepoint    ] Application time: 0.1480744 seconds
[1247.137s][info ][safepoint    ] Entering safepoint region: RevokeBias
[1247.137s][info ][safepoint    ] Leaving safepoint region
[1247.137s][info ][safepoint    ] Total time for which application threads were stopped: 0.0001442 seconds, Stopping threads took: 0.0000630 seconds
[1248.085s][info ][safepoint    ] Application time: 0.9480906 seconds
[1248.085s][info ][safepoint    ] Entering safepoint region: GenCollectForAllocation
[1248.085s][info ][gc,start     ] GC(977) Pause Young (Allocation Failure)
[1248.085s][info ][gc,task      ] GC(977) Using 4 workers of 4 for evacuation
[1248.092s][debug][gc,ref       ] GC(977) Skipped phase1 of Reference Processing due to unavailable references
[1248.092s][debug][gc,ref       ] GC(977) Skipped phase2 of Reference Processing due to unavailable references
[1248.092s][debug][gc,ref       ] GC(977) Skipped phase3 of Reference Processing due to unavailable references
[1248.092s][debug][gc,ref       ] GC(977) Skipped phase4 of Reference Processing due to unavailable references
[1248.092s][debug][gc,age       ] GC(977) Desired survivor size 15368192 bytes, new threshold 6 (max threshold 6)
[1248.092s][info ][gc,heap      ] GC(977) ParNew: 256370K->13113K(270336K)
[1248.092s][info ][gc,heap      ] GC(977) CMS: 506808K->506808K(721596K)
[1248.092s][info ][gc,metaspace ] GC(977) Metaspace: 66206K->66206K(1110016K)
[1248.092s][info ][gc           ] GC(977) Pause Young (Allocation Failure) 745M->507M(968M) 7.102ms
[1248.092s][info ][gc,cpu       ] GC(977) User=0.02s Sys=0.01s Real=0.01s
[1248.092s][info ][safepoint    ] Leaving safepoint region
[1248.092s][info ][safepoint    ] Total time for which application threads were stopped: 0.0073009 seconds, Stopping threads took: 0.0000207 seconds
[1249.092s][info ][safepoint    ] Application time: 1.0001500 seconds
[1249.092s][info ][safepoint    ] Entering safepoint region: Cleanup
[1249.092s][info ][safepoint    ] Leaving safepoint region
[1249.092s][info ][safepoint    ] Total time for which application threads were stopped: 0.0001465 seconds, Stopping threads took: 0.0000683 seconds
[1249.208s][info ][safepoint    ] Application time: 0.1160127 seconds
[1249.209s][info ][safepoint    ] Entering safepoint region: GenCollectForAllocation
[1249.209s][info ][gc,start     ] GC(978) Pause Young (Allocation Failure)
[1249.209s][info ][gc,task      ] GC(978) Using 4 workers of 4 for evacuation
[1249.216s][debug][gc,ref       ] GC(978) Skipped phase1 of Reference Processing due to unavailable references
[1249.216s][debug][gc,ref       ] GC(978) Skipped phase2 of Reference Processing due to unavailable references
[1249.216s][debug][gc,ref       ] GC(978) Skipped phase3 of Reference Processing due to unavailable references
[1249.216s][debug][gc,ref       ] GC(978) Skipped phase4 of Reference Processing due to unavailable references
[1249.216s][debug][gc,age       ] GC(978) Desired survivor size 15368192 bytes, new threshold 6 (max threshold 6)
[1249.216s][info ][gc,heap      ] GC(978) ParNew: 253433K->13094K(270336K)
[1249.216s][info ][gc,heap      ] GC(978) CMS: 506808K->506808K(721596K)
[1249.216s][info ][gc,metaspace ] GC(978) Metaspace: 66206K->66206K(1110016K)
[1249.216s][info ][gc           ] GC(978) Pause Young (Allocation Failure) 742M->507M(968M) 7.680ms
[1249.216s][info ][gc,cpu       ] GC(978) User=0.03s Sys=0.00s Real=0.01s
[1249.217s][info ][safepoint    ] Leaving safepoint region
[1249.217s][info ][safepoint    ] Total time for which application threads were stopped: 0.0079721 seconds, Stopping threads took: 0.0000240 seconds
[1250.217s][info ][safepoint    ] Application time: 1.0001378 seconds
[1250.217s][info ][safepoint    ] Entering safepoint region: Cleanup
[1250.217s][info ][safepoint    ] Leaving safepoint region
[1250.217s][info ][safepoint    ] Total time for which application threads were stopped: 0.0001345 seconds, Stopping threads took: 0.0000480 seconds
[1250.334s][info ][safepoint    ] Application time: 0.1169682 seconds
[1250.334s][info ][safepoint    ] Entering safepoint region: GenCollectForAllocation
[1250.334s][info ][gc,start     ] GC(979) Pause Young (Allocation Failure)
[1250.334s][info ][gc,task      ] GC(979) Using 4 workers of 4 for evacuation
[1250.341s][debug][gc,ref       ] GC(979) Skipped phase1 of Reference Processing due to unavailable references
[1250.341s][debug][gc,ref       ] GC(979) Skipped phase2 of Reference Processing due to unavailable references
[1250.341s][debug][gc,ref       ] GC(979) Skipped phase3 of Reference Processing due to unavailable references
[1250.341s][debug][gc,ref       ] GC(979) Skipped phase4 of Reference Processing due to unavailable references
[1250.341s][debug][gc,age       ] GC(979) Desired survivor size 15368192 bytes, new threshold 6 (max threshold 6)
[1250.341s][info ][gc,heap      ] GC(979) ParNew: 253414K->14313K(270336K)
[1250.341s][info ][gc,heap      ] GC(979) CMS: 506808K->506808K(721596K)
[1250.341s][info ][gc,metaspace ] GC(979) Metaspace: 66206K->66206K(1110016K)
[1250.341s][info ][gc           ] GC(979) Pause Young (Allocation Failure) 742M->508M(968M) 7.332ms
[1250.341s][info ][gc,cpu       ] GC(979) User=0.03s Sys=0.00s Real=0.01s
[1250.341s][info ][safepoint    ] Leaving safepoint region
[1250.341s][info ][safepoint    ] Total time for which application threads were stopped: 0.0075384 seconds, Stopping threads took: 0.0000189 seconds
[1251.342s][info ][safepoint    ] Application time: 1.0001195 seconds
[1251.342s][info ][safepoint    ] Entering safepoint region: Cleanup
[1251.342s][info ][safepoint    ] Leaving safepoint region
[1251.342s][info ][safepoint    ] Total time for which application threads were stopped: 0.0001245 seconds, Stopping threads took: 0.0000257 seconds
[1251.486s][info ][safepoint    ] Application time: 0.1446618 seconds
[1251.486s][info ][safepoint    ] Entering safepoint region: GenCollectForAllocation
[1251.487s][info ][gc,start     ] GC(980) Pause Young (Allocation Failure)
[1251.487s][info ][gc,task      ] GC(980) Using 4 workers of 4 for evacuation
[1251.497s][debug][gc,ref       ] GC(980) Skipped phase1 of Reference Processing due to unavailable references
[1251.497s][debug][gc,ref       ] GC(980) Skipped phase2 of Reference Processing due to unavailable references
[1251.497s][debug][gc,ref       ] GC(980) Skipped phase3 of Reference Processing due to unavailable references
[1251.497s][debug][gc,ref       ] GC(980) Skipped phase4 of Reference Processing due to unavailable references
[1251.498s][debug][gc,age       ] GC(980) Desired survivor size 15368192 bytes, new threshold 6 (max threshold 6)
[1251.498s][info ][gc,heap      ] GC(980) ParNew: 254633K->9781K(270336K)
[1251.498s][info ][gc,heap      ] GC(980) CMS: 506808K->515384K(721596K)
[1251.498s][info ][gc,metaspace ] GC(980) Metaspace: 66206K->66206K(1110016K)
[1251.498s][info ][gc           ] GC(980) Pause Young (Allocation Failure) 743M->512M(968M) 11.170ms
[1251.498s][info ][gc,cpu       ] GC(980) User=0.04s Sys=0.00s Real=0.02s
[1251.498s][info ][safepoint    ] Leaving safepoint region
[1251.498s][info ][safepoint    ] Total time for which application threads were stopped: 0.0113578 seconds, Stopping threads took: 0.0000205 seconds
[1252.137s][info ][safepoint    ] Application time: 0.6391131 seconds
[1252.139s][info ][safepoint    ] Entering safepoint region: RevokeBias
[1252.139s][info ][safepoint    ] Leaving safepoint region
[1252.139s][info ][safepoint    ] Total time for which application threads were stopped: 0.0018454 seconds, Stopping threads took: 0.0017565 seconds
[1252.139s][info ][safepoint    ] Application time: 0.0002208 seconds
[1252.139s][info ][safepoint    ] Entering safepoint region: RevokeBias
[1252.139s][info ][safepoint    ] Leaving safepoint region
[1252.139s][info ][safepoint    ] Total time for which application threads were stopped: 0.0000355 seconds, Stopping threads took: 0.0000073 seconds
[1252.139s][info ][safepoint    ] Application time: 0.0001395 seconds
[1252.139s][info ][safepoint    ] Entering safepoint region: RevokeBias
[1252.139s][info ][safepoint    ] Leaving safepoint region
[1252.139s][info ][safepoint    ] Total time for which application threads were stopped: 0.0000319 seconds, Stopping threads took: 0.0000064 seconds
[1252.139s][info ][safepoint    ] Application time: 0.0000436 seconds
[1252.139s][info ][safepoint    ] Entering safepoint region: RevokeBias
[1252.139s][info ][safepoint    ] Leaving safepoint region
[1252.139s][info ][safepoint    ] Total time for which application threads were stopped: 0.0000321 seconds, Stopping threads took: 0.0000064 seconds
[1252.139s][info ][safepoint    ] Application time: 0.0000591 seconds
[1252.139s][info ][safepoint    ] Entering safepoint region: RevokeBias
[1252.139s][info ][safepoint    ] Leaving safepoint region
[1252.139s][info ][safepoint    ] Total time for which application threads were stopped: 0.0000321 seconds, Stopping threads took: 0.0000064 seconds
[1252.140s][info ][safepoint    ] Application time: 0.0001052 seconds
[1252.140s][info ][safepoint    ] Entering safepoint region: RevokeBias
[1252.140s][info ][safepoint    ] Leaving safepoint region
[1252.140s][info ][safepoint    ] Total time for which application threads were stopped: 0.0000311 seconds, Stopping threads took: 0.0000067 seconds
[1252.655s][info ][safepoint    ] Application time: 0.5153495 seconds
[1252.655s][info ][safepoint    ] Entering safepoint region: GenCollectForAllocation
[1252.655s][info ][gc,start     ] GC(981) Pause Young (Allocation Failure)
[1252.655s][info ][gc,task      ] GC(981) Using 4 workers of 4 for evacuation
[1252.658s][debug][gc,ref       ] GC(981) Skipped phase1 of Reference Processing due to unavailable references
[1252.658s][debug][gc,ref       ] GC(981) Skipped phase2 of Reference Processing due to unavailable references
[1252.658s][debug][gc,ref       ] GC(981) Skipped phase3 of Reference Processing due to unavailable references
[1252.658s][debug][gc,ref       ] GC(981) Skipped phase4 of Reference Processing due to unavailable references
[1252.658s][debug][gc,age       ] GC(981) Desired survivor size 15368192 bytes, new threshold 6 (max threshold 6)
[1252.658s][info ][gc,heap      ] GC(981) ParNew: 250101K->2724K(270336K)
[1252.658s][info ][gc,heap      ] GC(981) CMS: 515384K->515863K(721596K)
[1252.658s][info ][gc,metaspace ] GC(981) Metaspace: 66206K->66206K(1110016K)
[1252.658s][info ][gc           ] GC(981) Pause Young (Allocation Failure) 747M->506M(968M) 3.396ms
[1252.658s][info ][gc,cpu       ] GC(981) User=0.01s Sys=0.00s Real=0.01s
[1252.658s][info ][safepoint    ] Leaving safepoint region
[1252.658s][info ][safepoint    ] Total time for which application threads were stopped: 0.0035607 seconds, Stopping threads took: 0.0000194 seconds
[1253.659s][info ][safepoint    ] Application time: 1.0001407 seconds
[1253.659s][info ][safepoint    ] Entering safepoint region: Cleanup
[1253.659s][info ][safepoint    ] Leaving safepoint region
[1253.659s][info ][safepoint    ] Total time for which application threads were stopped: 0.0001221 seconds, Stopping threads took: 0.0000443 seconds
[1253.819s][info ][safepoint    ] Application time: 0.1606056 seconds
[1253.819s][info ][safepoint    ] Entering safepoint region: GenCollectForAllocation
[1253.820s][info ][gc,start     ] GC(982) Pause Young (Allocation Failure)
[1253.820s][info ][gc,task      ] GC(982) Using 4 workers of 4 for evacuation
[1253.823s][debug][gc,ref       ] GC(982) Skipped phase1 of Reference Processing due to unavailable references
[1253.823s][debug][gc,ref       ] GC(982) Skipped phase2 of Reference Processing due to unavailable references
[1253.823s][debug][gc,ref       ] GC(982) Skipped phase3 of Reference Processing due to unavailable references
[1253.823s][debug][gc,ref       ] GC(982) Skipped phase4 of Reference Processing due to unavailable references
[1253.823s][debug][gc,age       ] GC(982) Desired survivor size 15368192 bytes, new threshold 6 (max threshold 6)
[1253.823s][info ][gc,heap      ] GC(982) ParNew: 243044K->1367K(270336K)
[1253.823s][info ][gc,heap      ] GC(982) CMS: 515863K->516169K(721596K)
[1253.823s][info ][gc,metaspace ] GC(982) Metaspace: 66206K->66206K(1110016K)
[1253.823s][info ][gc           ] GC(982) Pause Young (Allocation Failure) 741M->505M(968M) 3.410ms
[1253.823s][info ][gc,cpu       ] GC(982) User=0.01s Sys=0.00s Real=0.00s
[1253.823s][info ][safepoint    ] Leaving safepoint region
[1253.823s][info ][safepoint    ] Total time for which application threads were stopped: 0.0035820 seconds, Stopping threads took: 0.0000196 seconds
[1254.823s][info ][safepoint    ] Application time: 1.0001519 seconds
[1254.823s][info ][safepoint    ] Entering safepoint region: Cleanup
[1254.823s][info ][safepoint    ] Leaving safepoint region
[1254.823s][info ][safepoint    ] Total time for which application threads were stopped: 0.0001414 seconds, Stopping threads took: 0.0000632 seconds
[1255.007s][info ][safepoint    ] Application time: 0.1835456 seconds
[1255.007s][info ][safepoint    ] Entering safepoint region: GenCollectForAllocation
[1255.007s][info ][gc,start     ] GC(983) Pause Young (Allocation Failure)
[1255.007s][info ][gc,task      ] GC(983) Using 4 workers of 4 for evacuation
[1255.010s][debug][gc,ref       ] GC(983) Skipped phase1 of Reference Processing due to unavailable references
[1255.010s][debug][gc,ref       ] GC(983) Skipped phase2 of Reference Processing due to unavailable references
[1255.010s][debug][gc,ref       ] GC(983) Skipped phase3 of Reference Processing due to unavailable references
[1255.010s][debug][gc,ref       ] GC(983) Skipped phase4 of Reference Processing due to unavailable references
[1255.011s][debug][gc,age       ] GC(983) Desired survivor size 15368192 bytes, new threshold 6 (max threshold 6)
[1255.011s][info ][gc,heap      ] GC(983) ParNew: 241687K->905K(270336K)
[1255.011s][info ][gc,heap      ] GC(983) CMS: 516169K->516419K(721596K)
[1255.011s][info ][gc,metaspace ] GC(983) Metaspace: 66214K->66214K(1110016K)
[1255.011s][info ][gc           ] GC(983) Pause Young (Allocation Failure) 740M->505M(968M) 3.569ms
[1255.011s][info ][gc,cpu       ] GC(983) User=0.01s Sys=0.00s Real=0.01s
[1255.011s][info ][safepoint    ] Leaving safepoint region
[1255.011s][info ][safepoint    ] Total time for which application threads were stopped: 0.0037549 seconds, Stopping threads took: 0.0000198 seconds
[1256.011s][info ][safepoint    ] Application time: 1.0001006 seconds
[1256.011s][info ][safepoint    ] Entering safepoint region: Cleanup
[1256.011s][info ][safepoint    ] Leaving safepoint region
[1256.011s][info ][safepoint    ] Total time for which application threads were stopped: 0.0001223 seconds, Stopping threads took: 0.0000415 seconds
[1256.182s][info ][safepoint    ] Application time: 0.1705889 seconds
[1256.182s][info ][safepoint    ] Entering safepoint region: GenCollectForAllocation
[1256.182s][info ][gc,start     ] GC(984) Pause Young (Allocation Failure)
[1256.182s][info ][gc,task      ] GC(984) Using 4 workers of 4 for evacuation
[1256.184s][debug][gc,ref       ] GC(984) Skipped phase1 of Reference Processing due to unavailable references
[1256.184s][debug][gc,ref       ] GC(984) Skipped phase2 of Reference Processing due to unavailable references
[1256.184s][debug][gc,ref       ] GC(984) Skipped phase3 of Reference Processing due to unavailable references
[1256.184s][debug][gc,ref       ] GC(984) Skipped phase4 of Reference Processing due to unavailable references
[1256.185s][debug][gc,age       ] GC(984) Desired survivor size 15368192 bytes, new threshold 6 (max threshold 6)
[1256.185s][info ][gc,heap      ] GC(984) ParNew: 241225K->839K(270336K)
[1256.185s][info ][gc,heap      ] GC(984) CMS: 516419K->516521K(721596K)
[1256.185s][info ][gc,metaspace ] GC(984) Metaspace: 66214K->66214K(1110016K)
[1256.185s][info ][gc           ] GC(984) Pause Young (Allocation Failure) 739M->505M(968M) 3.063ms
[1256.185s][info ][gc,cpu       ] GC(984) User=0.01s Sys=0.00s Real=0.00s
[1256.185s][info ][safepoint    ] Leaving safepoint region
[1256.185s][info ][safepoint    ] Total time for which application threads were stopped: 0.0032254 seconds, Stopping threads took: 0.0000184 seconds
[1257.185s][info ][safepoint    ] Application time: 1.0001403 seconds
[1257.185s][info ][safepoint    ] Entering safepoint region: Cleanup
[1257.185s][info ][safepoint    ] Leaving safepoint region
[1257.185s][info ][safepoint    ] Total time for which application threads were stopped: 0.0001189 seconds, Stopping threads took: 0.0000469 seconds
[1257.367s][info ][safepoint    ] Application time: 0.1818023 seconds
[1257.367s][info ][safepoint    ] Entering safepoint region: GenCollectForAllocation
[1257.367s][info ][gc,start     ] GC(985) Pause Young (Allocation Failure)
[1257.367s][info ][gc,task      ] GC(985) Using 4 workers of 4 for evacuation
[1257.370s][debug][gc,ref       ] GC(985) Skipped phase1 of Reference Processing due to unavailable references
[1257.370s][debug][gc,ref       ] GC(985) Skipped phase2 of Reference Processing due to unavailable references
[1257.370s][debug][gc,ref       ] GC(985) Skipped phase3 of Reference Processing due to unavailable references
[1257.370s][debug][gc,ref       ] GC(985) Skipped phase4 of Reference Processing due to unavailable references
[1257.370s][debug][gc,age       ] GC(985) Desired survivor size 15368192 bytes, new threshold 6 (max threshold 6)
[1257.370s][info ][gc,heap      ] GC(985) ParNew: 241159K->831K(270336K)
[1257.370s][info ][gc,heap      ] GC(985) CMS: 516521K->516566K(721596K)
[1257.370s][info ][gc,metaspace ] GC(985) Metaspace: 66214K->66214K(1110016K)
[1257.370s][info ][gc           ] GC(985) Pause Young (Allocation Failure) 739M->505M(968M) 3.044ms
[1257.370s][info ][gc,cpu       ] GC(985) User=0.01s Sys=0.00s Real=0.01s
[1257.370s][info ][safepoint    ] Leaving safepoint region
[1257.370s][info ][safepoint    ] Total time for which application threads were stopped: 0.0032285 seconds, Stopping threads took: 0.0000204 seconds
[1258.370s][info ][safepoint    ] Application time: 1.0000979 seconds
[1258.370s][info ][safepoint    ] Entering safepoint region: Cleanup
[1258.370s][info ][safepoint    ] Leaving safepoint region
[1258.370s][info ][safepoint    ] Total time for which application threads were stopped: 0.0001295 seconds, Stopping threads took: 0.0000495 seconds
[1258.549s][info ][safepoint    ] Application time: 0.1780417 seconds
[1258.549s][info ][safepoint    ] Entering safepoint region: GenCollectForAllocation
[1258.549s][info ][gc,start     ] GC(986) Pause Young (Allocation Failure)
[1258.549s][info ][gc,task      ] GC(986) Using 4 workers of 4 for evacuation
[1258.551s][debug][gc,ref       ] GC(986) Skipped phase1 of Reference Processing due to unavailable references
[1258.551s][debug][gc,ref       ] GC(986) Skipped phase2 of Reference Processing due to unavailable references
[1258.551s][debug][gc,ref       ] GC(986) Skipped phase3 of Reference Processing due to unavailable references
[1258.551s][debug][gc,ref       ] GC(986) Skipped phase4 of Reference Processing due to unavailable references
[1258.552s][debug][gc,age       ] GC(986) Desired survivor size 15368192 bytes, new threshold 6 (max threshold 6)
[1258.552s][info ][gc,heap      ] GC(986) ParNew: 241151K->789K(270336K)
[1258.552s][info ][gc,heap      ] GC(986) CMS: 516566K->516637K(721596K)
[1258.552s][info ][gc,metaspace ] GC(986) Metaspace: 66217K->66217K(1110016K)
[1258.552s][info ][gc           ] GC(986) Pause Young (Allocation Failure) 739M->505M(968M) 3.070ms
[1258.552s][info ][gc,cpu       ] GC(986) User=0.01s Sys=0.00s Real=0.00s
[1258.552s][info ][safepoint    ] Leaving safepoint region
[1258.552s][info ][safepoint    ] Total time for which application threads were stopped: 0.0032525 seconds, Stopping threads took: 0.0000427 seconds
[1259.552s][info ][safepoint    ] Application time: 1.0000975 seconds
[1259.552s][info ][safepoint    ] Entering safepoint region: Cleanup
[1259.552s][info ][safepoint    ] Leaving safepoint region
[1259.552s][info ][safepoint    ] Total time for which application threads were stopped: 0.0001574 seconds, Stopping threads took: 0.0000710 seconds
[1259.732s][info ][safepoint    ] Application time: 0.1796892 seconds
[1259.732s][info ][safepoint    ] Entering safepoint region: GenCollectForAllocation
[1259.732s][info ][gc,start     ] GC(987) Pause Young (Allocation Failure)
[1259.732s][info ][gc,task      ] GC(987) Using 4 workers of 4 for evacuation
[1259.735s][debug][gc,ref       ] GC(987) Skipped phase1 of Reference Processing due to unavailable references
[1259.735s][debug][gc,ref       ] GC(987) Skipped phase2 of Reference Processing due to unavailable references
[1259.735s][debug][gc,ref       ] GC(987) Skipped phase3 of Reference Processing due to unavailable references
[1259.735s][debug][gc,ref       ] GC(987) Skipped phase4 of Reference Processing due to unavailable references
[1259.735s][debug][gc,age       ] GC(987) Desired survivor size 15368192 bytes, new threshold 6 (max threshold 6)
[1259.735s][info ][gc,heap      ] GC(987) ParNew: 241109K->602K(270336K)
[1259.735s][info ][gc,heap      ] GC(987) CMS: 516637K->516740K(721596K)
[1259.735s][info ][gc,metaspace ] GC(987) Metaspace: 66217K->66217K(1110016K)
[1259.735s][info ][gc           ] GC(987) Pause Young (Allocation Failure) 739M->505M(968M) 3.215ms
[1259.735s][info ][gc,cpu       ] GC(987) User=0.01s Sys=0.00s Real=0.00s
[1259.735s][info ][safepoint    ] Leaving safepoint region
[1259.735s][info ][safepoint    ] Total time for which application threads were stopped: 0.0033827 seconds, Stopping threads took: 0.0000198 seconds
[1260.737s][info ][safepoint    ] Application time: 1.0016315 seconds
[1260.737s][info ][safepoint    ] Entering safepoint region: Cleanup
[1260.737s][info ][safepoint    ] Leaving safepoint region
[1260.737s][info ][safepoint    ] Total time for which application threads were stopped: 0.0000839 seconds, Stopping threads took: 0.0000205 seconds
[1260.908s][info ][safepoint    ] Application time: 0.1704988 seconds
[1260.908s][info ][safepoint    ] Entering safepoint region: GenCollectForAllocation
[1260.908s][info ][gc,start     ] GC(988) Pause Young (Allocation Failure)
[1260.908s][info ][gc,task      ] GC(988) Using 4 workers of 4 for evacuation
[1260.911s][debug][gc,ref       ] GC(988) Skipped phase1 of Reference Processing due to unavailable references
[1260.911s][debug][gc,ref       ] GC(988) Skipped phase2 of Reference Processing due to unavailable references
[1260.911s][debug][gc,ref       ] GC(988) Skipped phase3 of Reference Processing due to unavailable references
[1260.911s][debug][gc,ref       ] GC(988) Skipped phase4 of Reference Processing due to unavailable references
[1260.911s][debug][gc,age       ] GC(988) Desired survivor size 15368192 bytes, new threshold 6 (max threshold 6)
[1260.911s][info ][gc,heap      ] GC(988) ParNew: 240922K->671K(270336K)
[1260.911s][info ][gc,heap      ] GC(988) CMS: 516740K->516767K(721596K)
[1260.911s][info ][gc,metaspace ] GC(988) Metaspace: 66217K->66217K(1110016K)
[1260.911s][info ][gc           ] GC(988) Pause Young (Allocation Failure) 739M->505M(968M) 3.392ms
[1260.911s][info ][gc,cpu       ] GC(988) User=0.01s Sys=0.01s Real=0.00s
[1260.911s][info ][safepoint    ] Leaving safepoint region
[1260.911s][info ][safepoint    ] Total time for which application threads were stopped: 0.0035627 seconds, Stopping threads took: 0.0000203 seconds
[1261.911s][info ][safepoint    ] Application time: 1.0000920 seconds
[1261.911s][info ][safepoint    ] Entering safepoint region: Cleanup
[1261.911s][info ][safepoint    ] Leaving safepoint region
[1261.911s][info ][safepoint    ] Total time for which application threads were stopped: 0.0001207 seconds, Stopping threads took: 0.0000436 seconds
[1262.096s][info ][safepoint    ] Application time: 0.1845063 seconds
[1262.096s][info ][safepoint    ] Entering safepoint region: GenCollectForAllocation
[1262.096s][info ][gc,start     ] GC(989) Pause Young (Allocation Failure)
[1262.096s][info ][gc,task      ] GC(989) Using 4 workers of 4 for evacuation
[1262.099s][debug][gc,ref       ] GC(989) Skipped phase1 of Reference Processing due to unavailable references
[1262.099s][debug][gc,ref       ] GC(989) Skipped phase2 of Reference Processing due to unavailable references
[1262.099s][debug][gc,ref       ] GC(989) Skipped phase3 of Reference Processing due to unavailable references
[1262.099s][debug][gc,ref       ] GC(989) Skipped phase4 of Reference Processing due to unavailable references
[1262.099s][debug][gc,age       ] GC(989) Desired survivor size 15368192 bytes, new threshold 6 (max threshold 6)
[1262.099s][info ][gc,heap      ] GC(989) ParNew: 240991K->710K(270336K)
[1262.099s][info ][gc,heap      ] GC(989) CMS: 516767K->516779K(721596K)
[1262.099s][info ][gc,metaspace ] GC(989) Metaspace: 66217K->66217K(1110016K)
[1262.099s][info ][gc           ] GC(989) Pause Young (Allocation Failure) 739M->505M(968M) 2.866ms
[1262.099s][info ][gc,cpu       ] GC(989) User=0.01s Sys=0.00s Real=0.00s
[1262.099s][info ][safepoint    ] Leaving safepoint region
[1262.099s][info ][safepoint    ] Total time for which application threads were stopped: 0.0030219 seconds, Stopping threads took: 0.0000200 seconds
[1263.099s][info ][safepoint    ] Application time: 1.0001016 seconds
[1263.099s][info ][safepoint    ] Entering safepoint region: Cleanup
[1263.099s][info ][safepoint    ] Leaving safepoint region
[1263.099s][info ][safepoint    ] Total time for which application threads were stopped: 0.0001647 seconds, Stopping threads took: 0.0000834 seconds
[1263.269s][info ][safepoint    ] Application time: 0.1697156 seconds
[1263.269s][info ][safepoint    ] Entering safepoint region: GenCollectForAllocation
[1263.269s][info ][gc,start     ] GC(990) Pause Young (Allocation Failure)
[1263.269s][info ][gc,task      ] GC(990) Using 4 workers of 4 for evacuation
[1263.272s][debug][gc,ref       ] GC(990) Skipped phase1 of Reference Processing due to unavailable references
[1263.272s][debug][gc,ref       ] GC(990) Skipped phase2 of Reference Processing due to unavailable references
[1263.272s][debug][gc,ref       ] GC(990) Skipped phase3 of Reference Processing due to unavailable references
[1263.272s][debug][gc,ref       ] GC(990) Skipped phase4 of Reference Processing due to unavailable references
[1263.272s][debug][gc,age       ] GC(990) Desired survivor size 15368192 bytes, new threshold 6 (max threshold 6)
[1263.272s][info ][gc,heap      ] GC(990) ParNew: 241030K->824K(270336K)
[1263.272s][info ][gc,heap      ] GC(990) CMS: 516779K->516783K(721596K)
[1263.272s][info ][gc,metaspace ] GC(990) Metaspace: 66217K->66217K(1110016K)
[1263.272s][info ][gc           ] GC(990) Pause Young (Allocation Failure) 740M->505M(968M) 3.259ms
[1263.272s][info ][gc,cpu       ] GC(990) User=0.01s Sys=0.00s Real=0.00s
[1263.272s][info ][safepoint    ] Leaving safepoint region
[1263.272s][info ][safepoint    ] Total time for which application threads were stopped: 0.0034270 seconds, Stopping threads took: 0.0000197 seconds
[1264.273s][info ][safepoint    ] Application time: 1.0001276 seconds
[1264.273s][info ][safepoint    ] Entering safepoint region: Cleanup
[1264.273s][info ][safepoint    ] Leaving safepoint region
[1264.273s][info ][safepoint    ] Total time for which application threads were stopped: 0.0001240 seconds, Stopping threads took: 0.0000450 seconds
[1264.457s][info ][safepoint    ] Application time: 0.1846424 seconds
[1264.457s][info ][safepoint    ] Entering safepoint region: GenCollectForAllocation
[1264.458s][info ][gc,start     ] GC(991) Pause Young (Allocation Failure)
[1264.458s][info ][gc,task      ] GC(991) Using 4 workers of 4 for evacuation
[1264.460s][debug][gc,ref       ] GC(991) Skipped phase1 of Reference Processing due to unavailable references
[1264.460s][debug][gc,ref       ] GC(991) Skipped phase2 of Reference Processing due to unavailable references
[1264.460s][debug][gc,ref       ] GC(991) Skipped phase3 of Reference Processing due to unavailable references
[1264.460s][debug][gc,ref       ] GC(991) Skipped phase4 of Reference Processing due to unavailable references
[1264.461s][debug][gc,age       ] GC(991) Desired survivor size 15368192 bytes, new threshold 6 (max threshold 6)
[1264.461s][info ][gc,heap      ] GC(991) ParNew: 241144K->603K(270336K)
[1264.461s][info ][gc,heap      ] GC(991) CMS: 516783K->516829K(721596K)
[1264.461s][info ][gc,metaspace ] GC(991) Metaspace: 66217K->66217K(1110016K)
[1264.461s][info ][gc           ] GC(991) Pause Young (Allocation Failure) 740M->505M(968M) 3.022ms
[1264.461s][info ][gc,cpu       ] GC(991) User=0.01s Sys=0.00s Real=0.00s
[1264.461s][info ][safepoint    ] Leaving safepoint region
[1264.461s][info ][safepoint    ] Total time for which application threads were stopped: 0.0031846 seconds, Stopping threads took: 0.0000192 seconds
[1265.461s][info ][safepoint    ] Application time: 1.0000948 seconds
[1265.461s][info ][safepoint    ] Entering safepoint region: Cleanup
[1265.461s][info ][safepoint    ] Leaving safepoint region
[1265.461s][info ][safepoint    ] Total time for which application threads were stopped: 0.0001529 seconds, Stopping threads took: 0.0000748 seconds
[1265.651s][info ][safepoint    ] Application time: 0.1904105 seconds
[1265.651s][info ][safepoint    ] Entering safepoint region: GenCollectForAllocation
[1265.651s][info ][gc,start     ] GC(992) Pause Young (Allocation Failure)
[1265.651s][info ][gc,task      ] GC(992) Using 4 workers of 4 for evacuation
[1265.654s][debug][gc,ref       ] GC(992) Skipped phase1 of Reference Processing due to unavailable references
[1265.654s][debug][gc,ref       ] GC(992) Skipped phase2 of Reference Processing due to unavailable references
[1265.654s][debug][gc,ref       ] GC(992) Skipped phase3 of Reference Processing due to unavailable references
[1265.654s][debug][gc,ref       ] GC(992) Skipped phase4 of Reference Processing due to unavailable references
[1265.654s][debug][gc,age       ] GC(992) Desired survivor size 15368192 bytes, new threshold 6 (max threshold 6)
[1265.654s][info ][gc,heap      ] GC(992) ParNew: 240923K->630K(270336K)
[1265.654s][info ][gc,heap      ] GC(992) CMS: 516829K->516851K(721596K)
[1265.654s][info ][gc,metaspace ] GC(992) Metaspace: 66217K->66217K(1110016K)
[1265.654s][info ][gc           ] GC(992) Pause Young (Allocation Failure) 739M->505M(968M) 2.994ms
[1265.654s][info ][gc,cpu       ] GC(992) User=0.01s Sys=0.00s Real=0.00s
[1265.655s][info ][safepoint    ] Leaving safepoint region
[1265.655s][info ][safepoint    ] Total time for which application threads were stopped: 0.0031531 seconds, Stopping threads took: 0.0000193 seconds
[1266.655s][info ][safepoint    ] Application time: 1.0000999 seconds
[1266.655s][info ][safepoint    ] Entering safepoint region: Cleanup
[1266.655s][info ][safepoint    ] Leaving safepoint region
[1266.655s][info ][safepoint    ] Total time for which application threads were stopped: 0.0001479 seconds, Stopping threads took: 0.0000725 seconds
[1266.832s][info ][safepoint    ] Application time: 0.1770421 seconds
[1266.832s][info ][safepoint    ] Entering safepoint region: GenCollectForAllocation
[1266.832s][info ][gc,start     ] GC(993) Pause Young (Allocation Failure)
[1266.832s][info ][gc,task      ] GC(993) Using 4 workers of 4 for evacuation
[1266.836s][debug][gc,ref       ] GC(993) Skipped phase1 of Reference Processing due to unavailable references
[1266.836s][debug][gc,ref       ] GC(993) Skipped phase2 of Reference Processing due to unavailable references
[1266.836s][debug][gc,ref       ] GC(993) Skipped phase3 of Reference Processing due to unavailable references
[1266.836s][debug][gc,ref       ] GC(993) Skipped phase4 of Reference Processing due to unavailable references
[1266.836s][debug][gc,age       ] GC(993) Desired survivor size 15368192 bytes, new threshold 6 (max threshold 6)
[1266.836s][info ][gc,heap      ] GC(993) ParNew: 240950K->701K(270336K)
[1266.836s][info ][gc,heap      ] GC(993) CMS: 516851K->516949K(721596K)
[1266.836s][info ][gc,metaspace ] GC(993) Metaspace: 66217K->66217K(1110016K)
[1266.836s][info ][gc           ] GC(993) Pause Young (Allocation Failure) 740M->505M(968M) 4.043ms
[1266.836s][info ][gc,cpu       ] GC(993) User=0.02s Sys=0.00s Real=0.01s
[1266.836s][info ][safepoint    ] Leaving safepoint region
[1266.836s][info ][safepoint    ] Total time for which application threads were stopped: 0.0042209 seconds, Stopping threads took: 0.0000256 seconds
[1267.836s][info ][safepoint    ] Application time: 1.0001058 seconds
[1267.836s][info ][safepoint    ] Entering safepoint region: Cleanup
[1267.836s][info ][safepoint    ] Leaving safepoint region
[1267.836s][info ][safepoint    ] Total time for which application threads were stopped: 0.0001159 seconds, Stopping threads took: 0.0000452 seconds
[1268.015s][info ][safepoint    ] Application time: 0.1781723 seconds
[1268.015s][info ][safepoint    ] Entering safepoint region: GenCollectForAllocation
[1268.015s][info ][gc,start     ] GC(994) Pause Young (Allocation Failure)
[1268.015s][info ][gc,task      ] GC(994) Using 4 workers of 4 for evacuation
[1268.018s][debug][gc,ref       ] GC(994) Skipped phase1 of Reference Processing due to unavailable references
[1268.018s][debug][gc,ref       ] GC(994) Skipped phase2 of Reference Processing due to unavailable references
[1268.018s][debug][gc,ref       ] GC(994) Skipped phase3 of Reference Processing due to unavailable references
[1268.018s][debug][gc,ref       ] GC(994) Skipped phase4 of Reference Processing due to unavailable references
[1268.018s][debug][gc,age       ] GC(994) Desired survivor size 15368192 bytes, new threshold 6 (max threshold 6)
[1268.018s][info ][gc,heap      ] GC(994) ParNew: 241021K->606K(270336K)
[1268.018s][info ][gc,heap      ] GC(994) CMS: 516949K->517015K(721596K)
[1268.018s][info ][gc,metaspace ] GC(994) Metaspace: 66217K->66217K(1110016K)
[1268.018s][info ][gc           ] GC(994) Pause Young (Allocation Failure) 740M->505M(968M) 3.396ms
[1268.018s][info ][gc,cpu       ] GC(994) User=0.01s Sys=0.00s Real=0.01s
[1268.018s][info ][safepoint    ] Leaving safepoint region
[1268.018s][info ][safepoint    ] Total time for which application threads were stopped: 0.0035814 seconds, Stopping threads took: 0.0000194 seconds
[1269.018s][info ][safepoint    ] Application time: 1.0000963 seconds
[1269.018s][info ][safepoint    ] Entering safepoint region: Cleanup
[1269.018s][info ][safepoint    ] Leaving safepoint region
[1269.018s][info ][safepoint    ] Total time for which application threads were stopped: 0.0001517 seconds, Stopping threads took: 0.0000699 seconds
[1269.199s][info ][safepoint    ] Application time: 0.1809703 seconds
[1269.200s][info ][safepoint    ] Entering safepoint region: GenCollectForAllocation
[1269.200s][info ][gc,start     ] GC(995) Pause Young (Allocation Failure)
[1269.200s][info ][gc,task      ] GC(995) Using 4 workers of 4 for evacuation
[1269.203s][debug][gc,ref       ] GC(995) Skipped phase1 of Reference Processing due to unavailable references
[1269.203s][debug][gc,ref       ] GC(995) Skipped phase2 of Reference Processing due to unavailable references
[1269.203s][debug][gc,ref       ] GC(995) Skipped phase3 of Reference Processing due to unavailable references
[1269.203s][debug][gc,ref       ] GC(995) Skipped phase4 of Reference Processing due to unavailable references
[1269.203s][debug][gc,age       ] GC(995) Desired survivor size 15368192 bytes, new threshold 6 (max threshold 6)
[1269.203s][info ][gc,heap      ] GC(995) ParNew: 240926K->807K(270336K)
[1269.203s][info ][gc,heap      ] GC(995) CMS: 517015K->517022K(721596K)
[1269.203s][info ][gc,metaspace ] GC(995) Metaspace: 66217K->66217K(1110016K)
[1269.203s][info ][gc           ] GC(995) Pause Young (Allocation Failure) 740M->505M(968M) 3.513ms
[1269.203s][info ][gc,cpu       ] GC(995) User=0.01s Sys=0.00s Real=0.00s
[1269.203s][info ][safepoint    ] Leaving safepoint region
[1269.203s][info ][safepoint    ] Total time for which application threads were stopped: 0.0037021 seconds, Stopping threads took: 0.0000368 seconds
[1270.203s][info ][safepoint    ] Application time: 1.0001396 seconds
[1270.203s][info ][safepoint    ] Entering safepoint region: Cleanup
[1270.204s][info ][safepoint    ] Leaving safepoint region
[1270.204s][info ][safepoint    ] Total time for which application threads were stopped: 0.0001289 seconds, Stopping threads took: 0.0000567 seconds
[1270.376s][info ][safepoint    ] Application time: 0.1729524 seconds
[1270.377s][info ][safepoint    ] Entering safepoint region: GenCollectForAllocation
[1270.377s][info ][gc,start     ] GC(996) Pause Young (Allocation Failure)
[1270.377s][info ][gc,task      ] GC(996) Using 4 workers of 4 for evacuation
[1270.380s][debug][gc,ref       ] GC(996) Skipped phase1 of Reference Processing due to unavailable references
[1270.380s][debug][gc,ref       ] GC(996) Skipped phase2 of Reference Processing due to unavailable references
[1270.380s][debug][gc,ref       ] GC(996) Skipped phase3 of Reference Processing due to unavailable references
[1270.380s][debug][gc,ref       ] GC(996) Skipped phase4 of Reference Processing due to unavailable references
[1270.380s][debug][gc,age       ] GC(996) Desired survivor size 15368192 bytes, new threshold 6 (max threshold 6)
[1270.380s][info ][gc,heap      ] GC(996) ParNew: 241127K->793K(270336K)
[1270.380s][info ][gc,heap      ] GC(996) CMS: 517022K->517044K(721596K)
[1270.380s][info ][gc,metaspace ] GC(996) Metaspace: 66217K->66217K(1110016K)
[1270.380s][info ][gc           ] GC(996) Pause Young (Allocation Failure) 740M->505M(968M) 3.389ms
[1270.380s][info ][gc,cpu       ] GC(996) User=0.02s Sys=0.01s Real=0.00s
[1270.380s][info ][safepoint    ] Leaving safepoint region
[1270.380s][info ][safepoint    ] Total time for which application threads were stopped: 0.0035506 seconds, Stopping threads took: 0.0000205 seconds
[1271.380s][info ][safepoint    ] Application time: 1.0001033 seconds
[1271.380s][info ][safepoint    ] Entering safepoint region: Cleanup
[1271.380s][info ][safepoint    ] Leaving safepoint region
[1271.380s][info ][safepoint    ] Total time for which application threads were stopped: 0.0001433 seconds, Stopping threads took: 0.0000614 seconds
[1271.564s][info ][safepoint    ] Application time: 0.1839318 seconds
[1271.564s][info ][safepoint    ] Entering safepoint region: GenCollectForAllocation
[1271.564s][info ][gc,start     ] GC(997) Pause Young (Allocation Failure)
[1271.564s][info ][gc,task      ] GC(997) Using 4 workers of 4 for evacuation
[1271.568s][debug][gc,ref       ] GC(997) Skipped phase1 of Reference Processing due to unavailable references
[1271.568s][debug][gc,ref       ] GC(997) Skipped phase2 of Reference Processing due to unavailable references
[1271.568s][debug][gc,ref       ] GC(997) Skipped phase3 of Reference Processing due to unavailable references
[1271.568s][debug][gc,ref       ] GC(997) Skipped phase4 of Reference Processing due to unavailable references
[1271.568s][debug][gc,age       ] GC(997) Desired survivor size 15368192 bytes, new threshold 6 (max threshold 6)
[1271.568s][info ][gc,heap      ] GC(997) ParNew: 241113K->765K(270336K)
[1271.568s][info ][gc,heap      ] GC(997) CMS: 517044K->517068K(721596K)
[1271.568s][info ][gc,metaspace ] GC(997) Metaspace: 66217K->66217K(1110016K)
[1271.568s][info ][gc           ] GC(997) Pause Young (Allocation Failure) 740M->505M(968M) 3.751ms
[1271.568s][info ][gc,cpu       ] GC(997) User=0.01s Sys=0.00s Real=0.01s
[1271.568s][info ][safepoint    ] Leaving safepoint region
[1271.568s][info ][safepoint    ] Total time for which application threads were stopped: 0.0039183 seconds, Stopping threads took: 0.0000199 seconds
[1272.568s][info ][safepoint    ] Application time: 1.0000758 seconds
[1272.569s][info ][safepoint    ] Entering safepoint region: Cleanup
[1272.569s][info ][safepoint    ] Leaving safepoint region
[1272.569s][info ][safepoint    ] Total time for which application threads were stopped: 0.0003008 seconds, Stopping threads took: 0.0001468 seconds
[1272.753s][info ][safepoint    ] Application time: 0.1843168 seconds
[1272.753s][info ][safepoint    ] Entering safepoint region: GenCollectForAllocation
[1272.753s][info ][gc,start     ] GC(998) Pause Young (Allocation Failure)
[1272.753s][info ][gc,task      ] GC(998) Using 4 workers of 4 for evacuation
[1272.756s][debug][gc,ref       ] GC(998) Skipped phase1 of Reference Processing due to unavailable references
[1272.756s][debug][gc,ref       ] GC(998) Skipped phase2 of Reference Processing due to unavailable references
[1272.756s][debug][gc,ref       ] GC(998) Skipped phase3 of Reference Processing due to unavailable references
[1272.756s][debug][gc,ref       ] GC(998) Skipped phase4 of Reference Processing due to unavailable references
[1272.756s][debug][gc,age       ] GC(998) Desired survivor size 15368192 bytes, new threshold 6 (max threshold 6)
[1272.757s][info ][gc,heap      ] GC(998) ParNew: 241085K->881K(270336K)
[1272.757s][info ][gc,heap      ] GC(998) CMS: 517068K->517087K(721596K)
[1272.757s][info ][gc,metaspace ] GC(998) Metaspace: 66217K->66217K(1110016K)
[1272.757s][info ][gc           ] GC(998) Pause Young (Allocation Failure) 740M->505M(968M) 3.271ms
[1272.757s][info ][gc,cpu       ] GC(998) User=0.01s Sys=0.00s Real=0.01s
[1272.757s][info ][safepoint    ] Leaving safepoint region
[1272.757s][info ][safepoint    ] Total time for which application threads were stopped: 0.0034462 seconds, Stopping threads took: 0.0000349 seconds
[1273.757s][info ][safepoint    ] Application time: 1.0001304 seconds
[1273.757s][info ][safepoint    ] Entering safepoint region: Cleanup
[1273.757s][info ][safepoint    ] Leaving safepoint region
[1273.757s][info ][safepoint    ] Total time for which application threads were stopped: 0.0001140 seconds, Stopping threads took: 0.0000378 seconds
[1273.931s][info ][safepoint    ] Application time: 0.1740031 seconds
[1273.931s][info ][safepoint    ] Entering safepoint region: GenCollectForAllocation
[1273.931s][info ][gc,start     ] GC(999) Pause Young (Allocation Failure)
[1273.931s][info ][gc,task      ] GC(999) Using 4 workers of 4 for evacuation
[1273.934s][debug][gc,ref       ] GC(999) Skipped phase1 of Reference Processing due to unavailable references
[1273.934s][debug][gc,ref       ] GC(999) Skipped phase2 of Reference Processing due to unavailable references
[1273.934s][debug][gc,ref       ] GC(999) Skipped phase3 of Reference Processing due to unavailable references
[1273.934s][debug][gc,ref       ] GC(999) Skipped phase4 of Reference Processing due to unavailable references
[1273.934s][debug][gc,age       ] GC(999) Desired survivor size 15368192 bytes, new threshold 6 (max threshold 6)
[1273.934s][info ][gc,heap      ] GC(999) ParNew: 241201K->749K(270336K)
[1273.934s][info ][gc,heap      ] GC(999) CMS: 517087K->517184K(721596K)
[1273.934s][info ][gc,metaspace ] GC(999) Metaspace: 66218K->66218K(1110016K)
[1273.934s][info ][gc           ] GC(999) Pause Young (Allocation Failure) 740M->505M(968M) 3.031ms
[1273.934s][info ][gc,cpu       ] GC(999) User=0.01s Sys=0.00s Real=0.00s
[1273.934s][info ][safepoint    ] Leaving safepoint region
[1273.934s][info ][safepoint    ] Total time for which application threads were stopped: 0.0031898 seconds, Stopping threads took: 0.0000203 seconds
[1274.934s][info ][safepoint    ] Application time: 1.0000873 seconds
[1274.934s][info ][safepoint    ] Entering safepoint region: Cleanup
[1274.934s][info ][safepoint    ] Leaving safepoint region
[1274.934s][info ][safepoint    ] Total time for which application threads were stopped: 0.0001436 seconds, Stopping threads took: 0.0000741 seconds
[1275.128s][info ][safepoint    ] Application time: 0.1938996 seconds
[1275.128s][info ][safepoint    ] Entering safepoint region: GenCollectForAllocation
[1275.128s][info ][gc,start     ] GC(1000) Pause Young (Allocation Failure)
[1275.128s][info ][gc,task      ] GC(1000) Using 4 workers of 4 for evacuation
[1275.134s][debug][gc,ref       ] GC(1000) Skipped phase1 of Reference Processing due to unavailable references
[1275.134s][debug][gc,ref       ] GC(1000) Skipped phase2 of Reference Processing due to unavailable references
[1275.134s][debug][gc,ref       ] GC(1000) Skipped phase3 of Reference Processing due to unavailable references
[1275.134s][debug][gc,ref       ] GC(1000) Skipped phase4 of Reference Processing due to unavailable references
[1275.134s][debug][gc,age       ] GC(1000) Desired survivor size 15368192 bytes, new threshold 6 (max threshold 6)
[1275.134s][info ][gc,heap      ] GC(1000) ParNew: 241069K->748K(270336K)
[1275.134s][info ][gc,heap      ] GC(1000) CMS: 517184K->517193K(721596K)
[1275.134s][info ][gc,metaspace ] GC(1000) Metaspace: 66218K->66218K(1110016K)
[1275.134s][info ][gc           ] GC(1000) Pause Young (Allocation Failure) 740M->505M(968M) 5.775ms
[1275.134s][info ][gc,cpu       ] GC(1000) User=0.02s Sys=0.00s Real=0.00s
[1275.134s][info ][safepoint    ] Leaving safepoint region
[1275.134s][info ][safepoint    ] Total time for which application threads were stopped: 0.0059552 seconds, Stopping threads took: 0.0000361 seconds
[1276.134s][info ][safepoint    ] Application time: 1.0001854 seconds
[1276.135s][info ][safepoint    ] Entering safepoint region: Cleanup
[1276.135s][info ][safepoint    ] Leaving safepoint region
[1276.135s][info ][safepoint    ] Total time for which application threads were stopped: 0.0000842 seconds, Stopping threads took: 0.0000215 seconds
[1276.319s][info ][safepoint    ] Application time: 0.1847337 seconds
[1276.319s][info ][safepoint    ] Entering safepoint region: GenCollectForAllocation
[1276.320s][info ][gc,start     ] GC(1001) Pause Young (Allocation Failure)
[1276.320s][info ][gc,task      ] GC(1001) Using 4 workers of 4 for evacuation
[1276.323s][debug][gc,ref       ] GC(1001) Skipped phase1 of Reference Processing due to unavailable references
[1276.323s][debug][gc,ref       ] GC(1001) Skipped phase2 of Reference Processing due to unavailable references
[1276.323s][debug][gc,ref       ] GC(1001) Skipped phase3 of Reference Processing due to unavailable references
[1276.323s][debug][gc,ref       ] GC(1001) Skipped phase4 of Reference Processing due to unavailable references
[1276.323s][debug][gc,age       ] GC(1001) Desired survivor size 15368192 bytes, new threshold 6 (max threshold 6)
[1276.323s][info ][gc,heap      ] GC(1001) ParNew: 241068K->747K(270336K)
[1276.323s][info ][gc,heap      ] GC(1001) CMS: 517193K->517258K(721596K)
[1276.323s][info ][gc,metaspace ] GC(1001) Metaspace: 66218K->66218K(1110016K)
[1276.323s][info ][gc           ] GC(1001) Pause Young (Allocation Failure) 740M->505M(968M) 3.406ms
[1276.323s][info ][gc,cpu       ] GC(1001) User=0.01s Sys=0.00s Real=0.00s
[1276.323s][info ][safepoint    ] Leaving safepoint region
[1276.323s][info ][safepoint    ] Total time for which application threads were stopped: 0.0035768 seconds, Stopping threads took: 0.0000193 seconds
[1277.323s][info ][safepoint    ] Application time: 1.0000978 seconds
[1277.323s][info ][safepoint    ] Entering safepoint region: Cleanup
[1277.323s][info ][safepoint    ] Leaving safepoint region
[1277.323s][info ][safepoint    ] Total time for which application threads were stopped: 0.0001790 seconds, Stopping threads took: 0.0000959 seconds
[1277.520s][info ][safepoint    ] Application time: 0.1966319 seconds
[1277.520s][info ][safepoint    ] Entering safepoint region: GenCollectForAllocation
[1277.520s][info ][gc,start     ] GC(1002) Pause Young (Allocation Failure)
[1277.520s][info ][gc,task      ] GC(1002) Using 4 workers of 4 for evacuation
[1277.523s][debug][gc,ref       ] GC(1002) Skipped phase1 of Reference Processing due to unavailable references
[1277.523s][debug][gc,ref       ] GC(1002) Skipped phase2 of Reference Processing due to unavailable references
[1277.523s][debug][gc,ref       ] GC(1002) Skipped phase3 of Reference Processing due to unavailable references
[1277.523s][debug][gc,ref       ] GC(1002) Skipped phase4 of Reference Processing due to unavailable references
[1277.523s][debug][gc,age       ] GC(1002) Desired survivor size 15368192 bytes, new threshold 6 (max threshold 6)
[1277.523s][info ][gc,heap      ] GC(1002) ParNew: 241067K->780K(270336K)
[1277.524s][info ][gc,heap      ] GC(1002) CMS: 517258K->517273K(721596K)
[1277.524s][info ][gc,metaspace ] GC(1002) Metaspace: 66218K->66218K(1110016K)
[1277.524s][info ][gc           ] GC(1002) Pause Young (Allocation Failure) 740M->505M(968M) 3.391ms
[1277.524s][info ][gc,cpu       ] GC(1002) User=0.01s Sys=0.00s Real=0.00s
[1277.524s][info ][safepoint    ] Leaving safepoint region
[1277.524s][info ][safepoint    ] Total time for which application threads were stopped: 0.0035670 seconds, Stopping threads took: 0.0000211 seconds
[1278.524s][info ][safepoint    ] Application time: 1.0001047 seconds
[1278.524s][info ][safepoint    ] Entering safepoint region: Cleanup
[1278.524s][info ][safepoint    ] Leaving safepoint region
[1278.524s][info ][safepoint    ] Total time for which application threads were stopped: 0.0001609 seconds, Stopping threads took: 0.0000867 seconds
[1278.712s][info ][safepoint    ] Application time: 0.1885846 seconds
[1278.713s][info ][safepoint    ] Entering safepoint region: GenCollectForAllocation
[1278.713s][info ][gc,start     ] GC(1003) Pause Young (Allocation Failure)
[1278.713s][info ][gc,task      ] GC(1003) Using 4 workers of 4 for evacuation
[1278.715s][debug][gc,ref       ] GC(1003) Skipped phase1 of Reference Processing due to unavailable references
[1278.716s][debug][gc,ref       ] GC(1003) Skipped phase2 of Reference Processing due to unavailable references
[1278.716s][debug][gc,ref       ] GC(1003) Skipped phase3 of Reference Processing due to unavailable references
[1278.716s][debug][gc,ref       ] GC(1003) Skipped phase4 of Reference Processing due to unavailable references
[1278.716s][debug][gc,age       ] GC(1003) Desired survivor size 15368192 bytes, new threshold 6 (max threshold 6)
[1278.716s][info ][gc,heap      ] GC(1003) ParNew: 241100K->785K(270336K)
[1278.716s][info ][gc,heap      ] GC(1003) CMS: 517273K->517375K(721596K)
[1278.716s][info ][gc,metaspace ] GC(1003) Metaspace: 66218K->66218K(1110016K)
[1278.716s][info ][gc           ] GC(1003) Pause Young (Allocation Failure) 740M->506M(968M) 3.119ms
[1278.716s][info ][gc,cpu       ] GC(1003) User=0.01s Sys=0.00s Real=0.01s
[1278.716s][info ][safepoint    ] Leaving safepoint region
[1278.716s][info ][safepoint    ] Total time for which application threads were stopped: 0.0032999 seconds, Stopping threads took: 0.0000201 seconds
[1279.716s][info ][safepoint    ] Application time: 1.0000970 seconds
[1279.716s][info ][safepoint    ] Entering safepoint region: Cleanup
[1279.716s][info ][safepoint    ] Leaving safepoint region
[1279.716s][info ][safepoint    ] Total time for which application threads were stopped: 0.0001286 seconds, Stopping threads took: 0.0000469 seconds
[1279.907s][info ][safepoint    ] Application time: 0.1907314 seconds
[1279.907s][info ][safepoint    ] Entering safepoint region: GenCollectForAllocation
[1279.907s][info ][gc,start     ] GC(1004) Pause Young (Allocation Failure)
[1279.907s][info ][gc,task      ] GC(1004) Using 4 workers of 4 for evacuation
[1279.910s][debug][gc,ref       ] GC(1004) Skipped phase1 of Reference Processing due to unavailable references
[1279.910s][debug][gc,ref       ] GC(1004) Skipped phase2 of Reference Processing due to unavailable references
[1279.910s][debug][gc,ref       ] GC(1004) Skipped phase3 of Reference Processing due to unavailable references
[1279.910s][debug][gc,ref       ] GC(1004) Skipped phase4 of Reference Processing due to unavailable references
[1279.910s][debug][gc,age       ] GC(1004) Desired survivor size 15368192 bytes, new threshold 6 (max threshold 6)
[1279.910s][info ][gc,heap      ] GC(1004) ParNew: 241105K->595K(270336K)
[1279.910s][info ][gc,heap      ] GC(1004) CMS: 517375K->517382K(721596K)
[1279.910s][info ][gc,metaspace ] GC(1004) Metaspace: 66219K->66219K(1110016K)
[1279.910s][info ][gc           ] GC(1004) Pause Young (Allocation Failure) 740M->505M(968M) 3.288ms
[1279.910s][info ][gc,cpu       ] GC(1004) User=0.01s Sys=0.00s Real=0.01s
[1279.910s][info ][safepoint    ] Leaving safepoint region
[1279.910s][info ][safepoint    ] Total time for which application threads were stopped: 0.0034671 seconds, Stopping threads took: 0.0000187 seconds
[1280.912s][info ][safepoint    ] Application time: 1.0013754 seconds
[1280.912s][info ][safepoint    ] Entering safepoint region: Cleanup
[1280.912s][info ][safepoint    ] Leaving safepoint region
[1280.912s][info ][safepoint    ] Total time for which application threads were stopped: 0.0001216 seconds, Stopping threads took: 0.0000411 seconds
[1281.098s][info ][safepoint    ] Application time: 0.1865893 seconds
[1281.099s][info ][safepoint    ] Entering safepoint region: GenCollectForAllocation
[1281.099s][info ][gc,start     ] GC(1005) Pause Young (Allocation Failure)
[1281.099s][info ][gc,task      ] GC(1005) Using 4 workers of 4 for evacuation
[1281.101s][debug][gc,ref       ] GC(1005) Skipped phase1 of Reference Processing due to unavailable references
[1281.101s][debug][gc,ref       ] GC(1005) Skipped phase2 of Reference Processing due to unavailable references
[1281.101s][debug][gc,ref       ] GC(1005) Skipped phase3 of Reference Processing due to unavailable references
[1281.101s][debug][gc,ref       ] GC(1005) Skipped phase4 of Reference Processing due to unavailable references
[1281.102s][debug][gc,age       ] GC(1005) Desired survivor size 15368192 bytes, new threshold 6 (max threshold 6)
[1281.102s][info ][gc,heap      ] GC(1005) ParNew: 240915K->628K(270336K)
[1281.102s][info ][gc,heap      ] GC(1005) CMS: 517382K->517386K(721596K)
[1281.102s][info ][gc,metaspace ] GC(1005) Metaspace: 66219K->66219K(1110016K)
[1281.102s][info ][gc           ] GC(1005) Pause Young (Allocation Failure) 740M->505M(968M) 3.140ms
[1281.102s][info ][gc,cpu       ] GC(1005) User=0.01s Sys=0.00s Real=0.00s
[1281.102s][info ][safepoint    ] Leaving safepoint region
[1281.102s][info ][safepoint    ] Total time for which application threads were stopped: 0.0033416 seconds, Stopping threads took: 0.0000413 seconds
[1282.102s][info ][safepoint    ] Application time: 1.0000978 seconds
[1282.102s][info ][safepoint    ] Entering safepoint region: Cleanup
[1282.102s][info ][safepoint    ] Leaving safepoint region
[1282.102s][info ][safepoint    ] Total time for which application threads were stopped: 0.0001721 seconds, Stopping threads took: 0.0000808 seconds
[1282.213s][info ][safepoint    ] Application time: 0.1107835 seconds
[1282.213s][info ][safepoint    ] Entering safepoint region: RevokeBias
[1282.213s][info ][safepoint    ] Leaving safepoint region
[1282.213s][info ][safepoint    ] Total time for which application threads were stopped: 0.0001805 seconds, Stopping threads took: 0.0000449 seconds
[1282.284s][info ][safepoint    ] Application time: 0.0704788 seconds
[1282.284s][info ][safepoint    ] Entering safepoint region: GenCollectForAllocation
[1282.284s][info ][gc,start     ] GC(1006) Pause Young (Allocation Failure)
[1282.284s][info ][gc,task      ] GC(1006) Using 4 workers of 4 for evacuation
[1282.287s][debug][gc,ref       ] GC(1006) Skipped phase1 of Reference Processing due to unavailable references
[1282.287s][debug][gc,ref       ] GC(1006) Skipped phase2 of Reference Processing due to unavailable references
[1282.287s][debug][gc,ref       ] GC(1006) Skipped phase3 of Reference Processing due to unavailable references
[1282.287s][debug][gc,ref       ] GC(1006) Skipped phase4 of Reference Processing due to unavailable references
[1282.287s][debug][gc,age       ] GC(1006) Desired survivor size 15368192 bytes, new threshold 6 (max threshold 6)
[1282.287s][info ][gc,heap      ] GC(1006) ParNew: 240948K->740K(270336K)
[1282.287s][info ][gc,heap      ] GC(1006) CMS: 517386K->517436K(721596K)
[1282.287s][info ][gc,metaspace ] GC(1006) Metaspace: 66219K->66219K(1110016K)
[1282.287s][info ][gc           ] GC(1006) Pause Young (Allocation Failure) 740M->506M(968M) 3.115ms
[1282.287s][info ][gc,cpu       ] GC(1006) User=0.01s Sys=0.00s Real=0.00s
[1282.287s][info ][safepoint    ] Leaving safepoint region
[1282.287s][info ][safepoint    ] Total time for which application threads were stopped: 0.0032759 seconds, Stopping threads took: 0.0000214 seconds
[1283.287s][info ][safepoint    ] Application time: 1.0001294 seconds
[1283.287s][info ][safepoint    ] Entering safepoint region: Cleanup
[1283.287s][info ][safepoint    ] Leaving safepoint region
[1283.287s][info ][safepoint    ] Total time for which application threads were stopped: 0.0000823 seconds, Stopping threads took: 0.0000202 seconds
[1283.482s][info ][safepoint    ] Application time: 0.1950349 seconds
[1283.482s][info ][safepoint    ] Entering safepoint region: GenCollectForAllocation
[1283.482s][info ][gc,start     ] GC(1007) Pause Young (Allocation Failure)
[1283.482s][info ][gc,task      ] GC(1007) Using 4 workers of 4 for evacuation
[1283.486s][debug][gc,ref       ] GC(1007) Skipped phase1 of Reference Processing due to unavailable references
[1283.486s][debug][gc,ref       ] GC(1007) Skipped phase2 of Reference Processing due to unavailable references
[1283.486s][debug][gc,ref       ] GC(1007) Skipped phase3 of Reference Processing due to unavailable references
[1283.486s][debug][gc,ref       ] GC(1007) Skipped phase4 of Reference Processing due to unavailable references
[1283.486s][debug][gc,age       ] GC(1007) Desired survivor size 15368192 bytes, new threshold 6 (max threshold 6)
[1283.486s][info ][gc,heap      ] GC(1007) ParNew: 241060K->780K(270336K)
[1283.486s][info ][gc,heap      ] GC(1007) CMS: 517436K->517484K(721596K)
[1283.486s][info ][gc,metaspace ] GC(1007) Metaspace: 66219K->66219K(1110016K)
[1283.486s][info ][gc           ] GC(1007) Pause Young (Allocation Failure) 740M->506M(968M) 3.476ms
[1283.486s][info ][gc,cpu       ] GC(1007) User=0.01s Sys=0.00s Real=0.00s
[1283.486s][info ][safepoint    ] Leaving safepoint region
[1283.486s][info ][safepoint    ] Total time for which application threads were stopped: 0.0036344 seconds, Stopping threads took: 0.0000194 seconds
[1284.486s][info ][safepoint    ] Application time: 1.0001095 seconds
[1284.486s][info ][safepoint    ] Entering safepoint region: Cleanup
[1284.486s][info ][safepoint    ] Leaving safepoint region
[1284.486s][info ][safepoint    ] Total time for which application threads were stopped: 0.0001122 seconds, Stopping threads took: 0.0000209 seconds
[1284.680s][info ][safepoint    ] Application time: 0.1939192 seconds
[1284.680s][info ][safepoint    ] Entering safepoint region: GenCollectForAllocation
[1284.680s][info ][gc,start     ] GC(1008) Pause Young (Allocation Failure)
[1284.680s][info ][gc,task      ] GC(1008) Using 4 workers of 4 for evacuation
[1284.683s][debug][gc,ref       ] GC(1008) Skipped phase1 of Reference Processing due to unavailable references
[1284.683s][debug][gc,ref       ] GC(1008) Skipped phase2 of Reference Processing due to unavailable references
[1284.683s][debug][gc,ref       ] GC(1008) Skipped phase3 of Reference Processing due to unavailable references
[1284.683s][debug][gc,ref       ] GC(1008) Skipped phase4 of Reference Processing due to unavailable references
[1284.683s][debug][gc,age       ] GC(1008) Desired survivor size 15368192 bytes, new threshold 6 (max threshold 6)
[1284.683s][info ][gc,heap      ] GC(1008) ParNew: 241100K->775K(270336K)
[1284.683s][info ][gc,heap      ] GC(1008) CMS: 517484K->517493K(721596K)
[1284.683s][info ][gc,metaspace ] GC(1008) Metaspace: 66219K->66219K(1110016K)
[1284.683s][info ][gc           ] GC(1008) Pause Young (Allocation Failure) 740M->506M(968M) 2.979ms
[1284.683s][info ][gc,cpu       ] GC(1008) User=0.01s Sys=0.00s Real=0.00s
[1284.683s][info ][safepoint    ] Leaving safepoint region
[1284.683s][info ][safepoint    ] Total time for which application threads were stopped: 0.0031450 seconds, Stopping threads took: 0.0000236 seconds
[1285.683s][info ][safepoint    ] Application time: 1.0001066 seconds
[1285.683s][info ][safepoint    ] Entering safepoint region: Cleanup
[1285.684s][info ][safepoint    ] Leaving safepoint region
[1285.684s][info ][safepoint    ] Total time for which application threads were stopped: 0.0001104 seconds, Stopping threads took: 0.0000455 seconds
[1285.877s][info ][safepoint    ] Application time: 0.1938801 seconds
[1285.877s][info ][safepoint    ] Entering safepoint region: GenCollectForAllocation
[1285.878s][info ][gc,start     ] GC(1009) Pause Young (Allocation Failure)
[1285.878s][info ][gc,task      ] GC(1009) Using 4 workers of 4 for evacuation
[1285.881s][debug][gc,ref       ] GC(1009) Skipped phase1 of Reference Processing due to unavailable references
[1285.881s][debug][gc,ref       ] GC(1009) Skipped phase2 of Reference Processing due to unavailable references
[1285.881s][debug][gc,ref       ] GC(1009) Skipped phase3 of Reference Processing due to unavailable references
[1285.881s][debug][gc,ref       ] GC(1009) Skipped phase4 of Reference Processing due to unavailable references
[1285.881s][debug][gc,age       ] GC(1009) Desired survivor size 15368192 bytes, new threshold 6 (max threshold 6)
[1285.881s][info ][gc,heap      ] GC(1009) ParNew: 241095K->789K(270336K)
[1285.881s][info ][gc,heap      ] GC(1009) CMS: 517493K->517517K(721596K)
[1285.881s][info ][gc,metaspace ] GC(1009) Metaspace: 66219K->66219K(1110016K)
[1285.881s][info ][gc           ] GC(1009) Pause Young (Allocation Failure) 740M->506M(968M) 3.523ms
[1285.881s][info ][gc,cpu       ] GC(1009) User=0.01s Sys=0.00s Real=0.00s
[1285.881s][info ][safepoint    ] Leaving safepoint region
[1285.881s][info ][safepoint    ] Total time for which application threads were stopped: 0.0036931 seconds, Stopping threads took: 0.0000195 seconds
[1286.881s][info ][safepoint    ] Application time: 1.0000970 seconds
[1286.881s][info ][safepoint    ] Entering safepoint region: Cleanup
[1286.881s][info ][safepoint    ] Leaving safepoint region
[1286.881s][info ][safepoint    ] Total time for which application threads were stopped: 0.0001224 seconds, Stopping threads took: 0.0000476 seconds
[1287.078s][info ][safepoint    ] Application time: 0.1964673 seconds
[1287.078s][info ][safepoint    ] Entering safepoint region: GenCollectForAllocation
[1287.078s][info ][gc,start     ] GC(1010) Pause Young (Allocation Failure)
[1287.078s][info ][gc,task      ] GC(1010) Using 4 workers of 4 for evacuation
[1287.081s][debug][gc,ref       ] GC(1010) Skipped phase1 of Reference Processing due to unavailable references
[1287.081s][debug][gc,ref       ] GC(1010) Skipped phase2 of Reference Processing due to unavailable references
[1287.081s][debug][gc,ref       ] GC(1010) Skipped phase3 of Reference Processing due to unavailable references
[1287.081s][debug][gc,ref       ] GC(1010) Skipped phase4 of Reference Processing due to unavailable references
[1287.081s][debug][gc,age       ] GC(1010) Desired survivor size 15368192 bytes, new threshold 6 (max threshold 6)
[1287.081s][info ][gc,heap      ] GC(1010) ParNew: 241109K->864K(270336K)
[1287.081s][info ][gc,heap      ] GC(1010) CMS: 517517K->517546K(721596K)
[1287.082s][info ][gc,metaspace ] GC(1010) Metaspace: 66219K->66219K(1110016K)
[1287.082s][info ][gc           ] GC(1010) Pause Young (Allocation Failure) 740M->506M(968M) 3.444ms
[1287.082s][info ][gc,cpu       ] GC(1010) User=0.01s Sys=0.00s Real=0.00s
[1287.082s][info ][safepoint    ] Leaving safepoint region
[1287.082s][info ][safepoint    ] Total time for which application threads were stopped: 0.0036056 seconds, Stopping threads took: 0.0000186 seconds
[1288.082s][info ][safepoint    ] Application time: 1.0000986 seconds
[1288.082s][info ][safepoint    ] Entering safepoint region: Cleanup
[1288.082s][info ][safepoint    ] Leaving safepoint region
[1288.082s][info ][safepoint    ] Total time for which application threads were stopped: 0.0001484 seconds, Stopping threads took: 0.0000805 seconds
[1288.269s][info ][safepoint    ] Application time: 0.1873464 seconds
[1288.269s][info ][safepoint    ] Entering safepoint region: GenCollectForAllocation
[1288.269s][info ][gc,start     ] GC(1011) Pause Young (Allocation Failure)
[1288.269s][info ][gc,task      ] GC(1011) Using 4 workers of 4 for evacuation
[1288.273s][debug][gc,ref       ] GC(1011) Skipped phase1 of Reference Processing due to unavailable references
[1288.273s][debug][gc,ref       ] GC(1011) Skipped phase2 of Reference Processing due to unavailable references
[1288.273s][debug][gc,ref       ] GC(1011) Skipped phase3 of Reference Processing due to unavailable references
[1288.273s][debug][gc,ref       ] GC(1011) Skipped phase4 of Reference Processing due to unavailable references
[1288.273s][debug][gc,age       ] GC(1011) Desired survivor size 15368192 bytes, new threshold 6 (max threshold 6)
[1288.273s][info ][gc,heap      ] GC(1011) ParNew: 241184K->1084K(270336K)
[1288.273s][info ][gc,heap      ] GC(1011) CMS: 517546K->517588K(721596K)
[1288.273s][info ][gc,metaspace ] GC(1011) Metaspace: 66219K->66219K(1110016K)
[1288.273s][info ][gc           ] GC(1011) Pause Young (Allocation Failure) 740M->506M(968M) 4.065ms
[1288.273s][info ][gc,cpu       ] GC(1011) User=0.02s Sys=0.00s Real=0.00s
[1288.273s][info ][safepoint    ] Leaving safepoint region
[1288.273s][info ][safepoint    ] Total time for which application threads were stopped: 0.0042335 seconds, Stopping threads took: 0.0000195 seconds
[1289.274s][info ][safepoint    ] Application time: 1.0000775 seconds
[1289.274s][info ][safepoint    ] Entering safepoint region: Cleanup
[1289.274s][info ][safepoint    ] Leaving safepoint region
[1289.274s][info ][safepoint    ] Total time for which application threads were stopped: 0.0001220 seconds, Stopping threads took: 0.0000501 seconds
[1289.465s][info ][safepoint    ] Application time: 0.1907343 seconds
[1289.465s][info ][safepoint    ] Entering safepoint region: GenCollectForAllocation
[1289.465s][info ][gc,start     ] GC(1012) Pause Young (Allocation Failure)
[1289.465s][info ][gc,task      ] GC(1012) Using 4 workers of 4 for evacuation
[1289.468s][debug][gc,ref       ] GC(1012) Skipped phase1 of Reference Processing due to unavailable references
[1289.468s][debug][gc,ref       ] GC(1012) Skipped phase2 of Reference Processing due to unavailable references
[1289.468s][debug][gc,ref       ] GC(1012) Skipped phase3 of Reference Processing due to unavailable references
[1289.468s][debug][gc,ref       ] GC(1012) Skipped phase4 of Reference Processing due to unavailable references
[1289.469s][debug][gc,age       ] GC(1012) Desired survivor size 15368192 bytes, new threshold 6 (max threshold 6)
[1289.469s][info ][gc,heap      ] GC(1012) ParNew: 241404K->1190K(270336K)
[1289.469s][info ][gc,heap      ] GC(1012) CMS: 517588K->517709K(721596K)
[1289.469s][info ][gc,metaspace ] GC(1012) Metaspace: 66219K->66219K(1110016K)
[1289.469s][info ][gc           ] GC(1012) Pause Young (Allocation Failure) 741M->506M(968M) 3.945ms
[1289.469s][info ][gc,cpu       ] GC(1012) User=0.02s Sys=0.00s Real=0.01s
[1289.469s][info ][safepoint    ] Leaving safepoint region
[1289.469s][info ][safepoint    ] Total time for which application threads were stopped: 0.0041117 seconds, Stopping threads took: 0.0000194 seconds
[1290.469s][info ][safepoint    ] Application time: 1.0001491 seconds
[1290.469s][info ][safepoint    ] Entering safepoint region: Cleanup
[1290.469s][info ][safepoint    ] Leaving safepoint region
[1290.469s][info ][safepoint    ] Total time for which application threads were stopped: 0.0001304 seconds, Stopping threads took: 0.0000596 seconds
[1290.668s][info ][safepoint    ] Application time: 0.1990003 seconds
[1290.668s][info ][safepoint    ] Entering safepoint region: GenCollectForAllocation
[1290.668s][info ][gc,start     ] GC(1013) Pause Young (Allocation Failure)
[1290.668s][info ][gc,task      ] GC(1013) Using 4 workers of 4 for evacuation
[1290.672s][debug][gc,ref       ] GC(1013) Skipped phase1 of Reference Processing due to unavailable references
[1290.672s][debug][gc,ref       ] GC(1013) Skipped phase2 of Reference Processing due to unavailable references
[1290.672s][debug][gc,ref       ] GC(1013) Skipped phase3 of Reference Processing due to unavailable references
[1290.672s][debug][gc,ref       ] GC(1013) Skipped phase4 of Reference Processing due to unavailable references
[1290.672s][debug][gc,age       ] GC(1013) Desired survivor size 15368192 bytes, new threshold 6 (max threshold 6)
[1290.672s][info ][gc,heap      ] GC(1013) ParNew: 241510K->997K(270336K)
[1290.672s][info ][gc,heap      ] GC(1013) CMS: 517709K->517739K(721596K)
[1290.672s][info ][gc,metaspace ] GC(1013) Metaspace: 66219K->66219K(1110016K)
[1290.672s][info ][gc           ] GC(1013) Pause Young (Allocation Failure) 741M->506M(968M) 3.642ms
[1290.672s][info ][gc,cpu       ] GC(1013) User=0.01s Sys=0.00s Real=0.00s
[1290.672s][info ][safepoint    ] Leaving safepoint region
[1290.672s][info ][safepoint    ] Total time for which application threads were stopped: 0.0038049 seconds, Stopping threads took: 0.0000200 seconds
[1291.672s][info ][safepoint    ] Application time: 1.0001030 seconds
[1291.672s][info ][safepoint    ] Entering safepoint region: Cleanup
[1291.672s][info ][safepoint    ] Leaving safepoint region
[1291.672s][info ][safepoint    ] Total time for which application threads were stopped: 0.0001298 seconds, Stopping threads took: 0.0000460 seconds
[1291.865s][info ][safepoint    ] Application time: 0.1932481 seconds
[1291.865s][info ][safepoint    ] Entering safepoint region: GenCollectForAllocation
[1291.866s][info ][gc,start     ] GC(1014) Pause Young (Allocation Failure)
[1291.866s][info ][gc,task      ] GC(1014) Using 4 workers of 4 for evacuation
[1291.869s][debug][gc,ref       ] GC(1014) Skipped phase1 of Reference Processing due to unavailable references
[1291.869s][debug][gc,ref       ] GC(1014) Skipped phase2 of Reference Processing due to unavailable references
[1291.869s][debug][gc,ref       ] GC(1014) Skipped phase3 of Reference Processing due to unavailable references
[1291.869s][debug][gc,ref       ] GC(1014) Skipped phase4 of Reference Processing due to unavailable references
[1291.869s][debug][gc,age       ] GC(1014) Desired survivor size 15368192 bytes, new threshold 6 (max threshold 6)
[1291.869s][info ][gc,heap      ] GC(1014) ParNew: 241317K->983K(270336K)
[1291.869s][info ][gc,heap      ] GC(1014) CMS: 517739K->517797K(721596K)
[1291.869s][info ][gc,metaspace ] GC(1014) Metaspace: 66219K->66219K(1110016K)
[1291.869s][info ][gc           ] GC(1014) Pause Young (Allocation Failure) 741M->506M(968M) 3.462ms
[1291.869s][info ][gc,cpu       ] GC(1014) User=0.02s Sys=0.00s Real=0.01s
[1291.869s][info ][safepoint    ] Leaving safepoint region
[1291.869s][info ][safepoint    ] Total time for which application threads were stopped: 0.0036479 seconds, Stopping threads took: 0.0000194 seconds
[1292.869s][info ][safepoint    ] Application time: 1.0001025 seconds
[1292.869s][info ][safepoint    ] Entering safepoint region: Cleanup
[1292.869s][info ][safepoint    ] Leaving safepoint region
[1292.869s][info ][safepoint    ] Total time for which application threads were stopped: 0.0001581 seconds, Stopping threads took: 0.0000766 seconds
[1293.053s][info ][safepoint    ] Application time: 0.1837658 seconds
[1293.053s][info ][safepoint    ] Entering safepoint region: GenCollectForAllocation
[1293.053s][info ][gc,start     ] GC(1015) Pause Young (Allocation Failure)
[1293.053s][info ][gc,task      ] GC(1015) Using 4 workers of 4 for evacuation
[1293.056s][debug][gc,ref       ] GC(1015) Skipped phase1 of Reference Processing due to unavailable references
[1293.056s][debug][gc,ref       ] GC(1015) Skipped phase2 of Reference Processing due to unavailable references
[1293.056s][debug][gc,ref       ] GC(1015) Skipped phase3 of Reference Processing due to unavailable references
[1293.056s][debug][gc,ref       ] GC(1015) Skipped phase4 of Reference Processing due to unavailable references
[1293.057s][debug][gc,age       ] GC(1015) Desired survivor size 15368192 bytes, new threshold 6 (max threshold 6)
[1293.057s][info ][gc,heap      ] GC(1015) ParNew: 241303K->1190K(270336K)
[1293.057s][info ][gc,heap      ] GC(1015) CMS: 517797K->517892K(721596K)
[1293.057s][info ][gc,metaspace ] GC(1015) Metaspace: 66219K->66219K(1110016K)
[1293.057s][info ][gc           ] GC(1015) Pause Young (Allocation Failure) 741M->506M(968M) 3.381ms
[1293.057s][info ][gc,cpu       ] GC(1015) User=0.01s Sys=0.00s Real=0.01s
[1293.057s][info ][safepoint    ] Leaving safepoint region
[1293.057s][info ][safepoint    ] Total time for which application threads were stopped: 0.0035409 seconds, Stopping threads took: 0.0000188 seconds
[1294.057s][info ][safepoint    ] Application time: 1.0000939 seconds
[1294.057s][info ][safepoint    ] Entering safepoint region: Cleanup
[1294.057s][info ][safepoint    ] Leaving safepoint region
[1294.057s][info ][safepoint    ] Total time for which application threads were stopped: 0.0001223 seconds, Stopping threads took: 0.0000436 seconds
[1294.252s][info ][safepoint    ] Application time: 0.1952070 seconds
[1294.252s][info ][safepoint    ] Entering safepoint region: GenCollectForAllocation
[1294.252s][info ][gc,start     ] GC(1016) Pause Young (Allocation Failure)
[1294.252s][info ][gc,task      ] GC(1016) Using 4 workers of 4 for evacuation
[1294.256s][debug][gc,ref       ] GC(1016) Skipped phase1 of Reference Processing due to unavailable references
[1294.256s][debug][gc,ref       ] GC(1016) Skipped phase2 of Reference Processing due to unavailable references
[1294.256s][debug][gc,ref       ] GC(1016) Skipped phase3 of Reference Processing due to unavailable references
[1294.256s][debug][gc,ref       ] GC(1016) Skipped phase4 of Reference Processing due to unavailable references
[1294.256s][debug][gc,age       ] GC(1016) Desired survivor size 15368192 bytes, new threshold 6 (max threshold 6)
[1294.256s][info ][gc,heap      ] GC(1016) ParNew: 241510K->1287K(270336K)
[1294.256s][info ][gc,heap      ] GC(1016) CMS: 517892K->517935K(721596K)
[1294.256s][info ][gc,metaspace ] GC(1016) Metaspace: 66219K->66219K(1110016K)
[1294.256s][info ][gc           ] GC(1016) Pause Young (Allocation Failure) 741M->507M(968M) 3.685ms
[1294.256s][info ][gc,cpu       ] GC(1016) User=0.01s Sys=0.00s Real=0.01s
[1294.256s][info ][safepoint    ] Leaving safepoint region
[1294.256s][info ][safepoint    ] Total time for which application threads were stopped: 0.0038389 seconds, Stopping threads took: 0.0000189 seconds
[1295.256s][info ][safepoint    ] Application time: 1.0001408 seconds
[1295.256s][info ][safepoint    ] Entering safepoint region: Cleanup
[1295.256s][info ][safepoint    ] Leaving safepoint region
[1295.256s][info ][safepoint    ] Total time for which application threads were stopped: 0.0001347 seconds, Stopping threads took: 0.0000417 seconds
[1295.434s][info ][safepoint    ] Application time: 0.1774521 seconds
[1295.434s][info ][safepoint    ] Entering safepoint region: GenCollectForAllocation
[1295.434s][info ][gc,start     ] GC(1017) Pause Young (Allocation Failure)
[1295.434s][info ][gc,task      ] GC(1017) Using 4 workers of 4 for evacuation
[1295.438s][debug][gc,ref       ] GC(1017) Skipped phase1 of Reference Processing due to unavailable references
[1295.438s][debug][gc,ref       ] GC(1017) Skipped phase2 of Reference Processing due to unavailable references
[1295.438s][debug][gc,ref       ] GC(1017) Skipped phase3 of Reference Processing due to unavailable references
[1295.438s][debug][gc,ref       ] GC(1017) Skipped phase4 of Reference Processing due to unavailable references
[1295.438s][debug][gc,age       ] GC(1017) Desired survivor size 15368192 bytes, new threshold 6 (max threshold 6)
[1295.438s][info ][gc,heap      ] GC(1017) ParNew: 241607K->861K(270336K)
[1295.438s][info ][gc,heap      ] GC(1017) CMS: 517935K->518250K(721596K)
[1295.438s][info ][gc,metaspace ] GC(1017) Metaspace: 66220K->66220K(1110016K)
[1295.438s][info ][gc           ] GC(1017) Pause Young (Allocation Failure) 741M->506M(968M) 3.883ms
[1295.438s][info ][gc,cpu       ] GC(1017) User=0.01s Sys=0.00s Real=0.01s
[1295.438s][info ][safepoint    ] Leaving safepoint region
[1295.438s][info ][safepoint    ] Total time for which application threads were stopped: 0.0040429 seconds, Stopping threads took: 0.0000259 seconds
[1296.438s][info ][safepoint    ] Application time: 1.0001067 seconds
[1296.438s][info ][safepoint    ] Entering safepoint region: Cleanup
[1296.438s][info ][safepoint    ] Leaving safepoint region
[1296.438s][info ][safepoint    ] Total time for which application threads were stopped: 0.0000867 seconds, Stopping threads took: 0.0000200 seconds
[1296.647s][info ][safepoint    ] Application time: 0.2089538 seconds
[1296.647s][info ][safepoint    ] Entering safepoint region: GenCollectForAllocation
[1296.647s][info ][gc,start     ] GC(1018) Pause Young (Allocation Failure)
[1296.647s][info ][gc,task      ] GC(1018) Using 4 workers of 4 for evacuation
[1296.650s][debug][gc,ref       ] GC(1018) Skipped phase1 of Reference Processing due to unavailable references
[1296.650s][debug][gc,ref       ] GC(1018) Skipped phase2 of Reference Processing due to unavailable references
[1296.650s][debug][gc,ref       ] GC(1018) Skipped phase3 of Reference Processing due to unavailable references
[1296.650s][debug][gc,ref       ] GC(1018) Skipped phase4 of Reference Processing due to unavailable references
[1296.650s][debug][gc,age       ] GC(1018) Desired survivor size 15368192 bytes, new threshold 6 (max threshold 6)
[1296.650s][info ][gc,heap      ] GC(1018) ParNew: 241181K->1076K(270336K)
[1296.650s][info ][gc,heap      ] GC(1018) CMS: 518250K->518271K(721596K)
[1296.651s][info ][gc,metaspace ] GC(1018) Metaspace: 66220K->66220K(1110016K)
[1296.651s][info ][gc           ] GC(1018) Pause Young (Allocation Failure) 741M->507M(968M) 3.196ms
[1296.651s][info ][gc,cpu       ] GC(1018) User=0.01s Sys=0.00s Real=0.01s
[1296.651s][info ][safepoint    ] Leaving safepoint region
[1296.651s][info ][safepoint    ] Total time for which application threads were stopped: 0.0034141 seconds, Stopping threads took: 0.0000216 seconds
[1297.651s][info ][safepoint    ] Application time: 1.0000899 seconds
[1297.651s][info ][safepoint    ] Entering safepoint region: Cleanup
[1297.651s][info ][safepoint    ] Leaving safepoint region
[1297.651s][info ][safepoint    ] Total time for which application threads were stopped: 0.0001662 seconds, Stopping threads took: 0.0000744 seconds
[1297.825s][info ][safepoint    ] Application time: 0.1745318 seconds
[1297.825s][info ][safepoint    ] Entering safepoint region: GenCollectForAllocation
[1297.826s][info ][gc,start     ] GC(1019) Pause Young (Allocation Failure)
[1297.826s][info ][gc,task      ] GC(1019) Using 4 workers of 4 for evacuation
[1297.829s][debug][gc,ref       ] GC(1019) Skipped phase1 of Reference Processing due to unavailable references
[1297.829s][debug][gc,ref       ] GC(1019) Skipped phase3 of Reference Processing due to unavailable references
[1297.829s][debug][gc,ref       ] GC(1019) Skipped phase4 of Reference Processing due to unavailable references
[1297.829s][debug][gc,age       ] GC(1019) Desired survivor size 15368192 bytes, new threshold 6 (max threshold 6)
[1297.829s][info ][gc,heap      ] GC(1019) ParNew: 241396K->1216K(270336K)
[1297.829s][info ][gc,heap      ] GC(1019) CMS: 518271K->518277K(721596K)
[1297.829s][info ][gc,metaspace ] GC(1019) Metaspace: 66223K->66223K(1110016K)
[1297.829s][info ][gc           ] GC(1019) Pause Young (Allocation Failure) 741M->507M(968M) 3.534ms
[1297.829s][info ][gc,cpu       ] GC(1019) User=0.01s Sys=0.00s Real=0.01s
[1297.829s][info ][safepoint    ] Leaving safepoint region
[1297.829s][info ][safepoint    ] Total time for which application threads were stopped: 0.0037114 seconds, Stopping threads took: 0.0000195 seconds
[1298.829s][info ][safepoint    ] Application time: 1.0001409 seconds
[1298.829s][info ][safepoint    ] Entering safepoint region: Cleanup
[1298.829s][info ][safepoint    ] Leaving safepoint region
[1298.829s][info ][safepoint    ] Total time for which application threads were stopped: 0.0001151 seconds, Stopping threads took: 0.0000438 seconds
[1299.005s][info ][safepoint    ] Application time: 0.1759887 seconds
[1299.006s][info ][safepoint    ] Entering safepoint region: GenCollectForAllocation
[1299.006s][info ][gc,start     ] GC(1020) Pause Young (Allocation Failure)
[1299.006s][info ][gc,task      ] GC(1020) Using 4 workers of 4 for evacuation
[1299.009s][debug][gc,ref       ] GC(1020) Skipped phase1 of Reference Processing due to unavailable references
[1299.009s][debug][gc,ref       ] GC(1020) Skipped phase2 of Reference Processing due to unavailable references
[1299.009s][debug][gc,ref       ] GC(1020) Skipped phase3 of Reference Processing due to unavailable references
[1299.009s][debug][gc,ref       ] GC(1020) Skipped phase4 of Reference Processing due to unavailable references
[1299.009s][debug][gc,age       ] GC(1020) Desired survivor size 15368192 bytes, new threshold 6 (max threshold 6)
[1299.009s][info ][gc,heap      ] GC(1020) ParNew: 241536K->1400K(270336K)
[1299.009s][info ][gc,heap      ] GC(1020) CMS: 518277K->518345K(721596K)
[1299.009s][info ][gc,metaspace ] GC(1020) Metaspace: 66223K->66223K(1110016K)
[1299.009s][info ][gc           ] GC(1020) Pause Young (Allocation Failure) 742M->507M(968M) 3.570ms
[1299.009s][info ][gc,cpu       ] GC(1020) User=0.01s Sys=0.00s Real=0.01s
[1299.009s][info ][safepoint    ] Leaving safepoint region
[1299.009s][info ][safepoint    ] Total time for which application threads were stopped: 0.0037225 seconds, Stopping threads took: 0.0000186 seconds
[1300.009s][info ][safepoint    ] Application time: 1.0000804 seconds
[1300.009s][info ][safepoint    ] Entering safepoint region: Cleanup
[1300.009s][info ][safepoint    ] Leaving safepoint region
[1300.009s][info ][safepoint    ] Total time for which application threads were stopped: 0.0001472 seconds, Stopping threads took: 0.0000649 seconds
[1300.203s][info ][safepoint    ] Application time: 0.1936621 seconds
[1300.203s][info ][safepoint    ] Entering safepoint region: GenCollectForAllocation
[1300.203s][info ][gc,start     ] GC(1021) Pause Young (Allocation Failure)
[1300.203s][info ][gc,task      ] GC(1021) Using 4 workers of 4 for evacuation
[1300.207s][debug][gc,ref       ] GC(1021) Skipped phase1 of Reference Processing due to unavailable references
[1300.207s][debug][gc,ref       ] GC(1021) Skipped phase2 of Reference Processing due to unavailable references
[1300.207s][debug][gc,ref       ] GC(1021) Skipped phase3 of Reference Processing due to unavailable references
[1300.207s][debug][gc,ref       ] GC(1021) Skipped phase4 of Reference Processing due to unavailable references
[1300.207s][debug][gc,age       ] GC(1021) Desired survivor size 15368192 bytes, new threshold 6 (max threshold 6)
[1300.207s][info ][gc,heap      ] GC(1021) ParNew: 241720K->1164K(270336K)
[1300.207s][info ][gc,heap      ] GC(1021) CMS: 518345K->518540K(721596K)
[1300.207s][info ][gc,metaspace ] GC(1021) Metaspace: 66223K->66223K(1110016K)
[1300.207s][info ][gc           ] GC(1021) Pause Young (Allocation Failure) 742M->507M(968M) 3.829ms
[1300.207s][info ][gc,cpu       ] GC(1021) User=0.01s Sys=0.00s Real=0.00s
[1300.207s][info ][safepoint    ] Leaving safepoint region
[1300.207s][info ][safepoint    ] Total time for which application threads were stopped: 0.0039824 seconds, Stopping threads took: 0.0000172 seconds
[1301.207s][info ][safepoint    ] Application time: 1.0000889 seconds
[1301.207s][info ][safepoint    ] Entering safepoint region: Cleanup
[1301.207s][info ][safepoint    ] Leaving safepoint region
[1301.207s][info ][safepoint    ] Total time for which application threads were stopped: 0.0001152 seconds, Stopping threads took: 0.0000451 seconds
[1301.399s][info ][safepoint    ] Application time: 0.1917799 seconds
[1301.399s][info ][safepoint    ] Entering safepoint region: GenCollectForAllocation
[1301.399s][info ][gc,start     ] GC(1022) Pause Young (Allocation Failure)
[1301.399s][info ][gc,task      ] GC(1022) Using 4 workers of 4 for evacuation
[1301.402s][debug][gc,ref       ] GC(1022) Skipped phase1 of Reference Processing due to unavailable references
[1301.402s][debug][gc,ref       ] GC(1022) Skipped phase2 of Reference Processing due to unavailable references
[1301.402s][debug][gc,ref       ] GC(1022) Skipped phase3 of Reference Processing due to unavailable references
[1301.402s][debug][gc,ref       ] GC(1022) Skipped phase4 of Reference Processing due to unavailable references
[1301.403s][debug][gc,age       ] GC(1022) Desired survivor size 15368192 bytes, new threshold 6 (max threshold 6)
[1301.403s][info ][gc,heap      ] GC(1022) ParNew: 241484K->1308K(270336K)
[1301.403s][info ][gc,heap      ] GC(1022) CMS: 518540K->518563K(721596K)
[1301.403s][info ][gc,metaspace ] GC(1022) Metaspace: 66225K->66225K(1110016K)
[1301.403s][info ][gc           ] GC(1022) Pause Young (Allocation Failure) 742M->507M(968M) 3.229ms
[1301.403s][info ][gc,cpu       ] GC(1022) User=0.01s Sys=0.00s Real=0.00s
[1301.403s][info ][safepoint    ] Leaving safepoint region
[1301.403s][info ][safepoint    ] Total time for which application threads were stopped: 0.0034349 seconds, Stopping threads took: 0.0000575 seconds
[1302.403s][info ][safepoint    ] Application time: 1.0000973 seconds
[1302.403s][info ][safepoint    ] Entering safepoint region: Cleanup
[1302.403s][info ][safepoint    ] Leaving safepoint region
[1302.403s][info ][safepoint    ] Total time for which application threads were stopped: 0.0001750 seconds, Stopping threads took: 0.0000995 seconds
[1302.583s][info ][safepoint    ] Application time: 0.1795314 seconds
[1302.583s][info ][safepoint    ] Entering safepoint region: GenCollectForAllocation
[1302.583s][info ][gc,start     ] GC(1023) Pause Young (Allocation Failure)
[1302.583s][info ][gc,task      ] GC(1023) Using 4 workers of 4 for evacuation
[1302.586s][debug][gc,ref       ] GC(1023) Skipped phase1 of Reference Processing due to unavailable references
[1302.586s][debug][gc,ref       ] GC(1023) Skipped phase2 of Reference Processing due to unavailable references
[1302.586s][debug][gc,ref       ] GC(1023) Skipped phase3 of Reference Processing due to unavailable references
[1302.586s][debug][gc,ref       ] GC(1023) Skipped phase4 of Reference Processing due to unavailable references
[1302.586s][debug][gc,age       ] GC(1023) Desired survivor size 15368192 bytes, new threshold 6 (max threshold 6)
[1302.586s][info ][gc,heap      ] GC(1023) ParNew: 241628K->1323K(270336K)
[1302.586s][info ][gc,heap      ] GC(1023) CMS: 518563K->518646K(721596K)
[1302.586s][info ][gc,metaspace ] GC(1023) Metaspace: 66225K->66225K(1110016K)
[1302.586s][info ][gc           ] GC(1023) Pause Young (Allocation Failure) 742M->507M(968M) 3.508ms
[1302.586s][info ][gc,cpu       ] GC(1023) User=0.01s Sys=0.00s Real=0.00s
[1302.586s][info ][safepoint    ] Leaving safepoint region
[1302.586s][info ][safepoint    ] Total time for which application threads were stopped: 0.0037005 seconds, Stopping threads took: 0.0000195 seconds
[1303.586s][info ][safepoint    ] Application time: 1.0001171 seconds
[1303.586s][info ][safepoint    ] Entering safepoint region: Cleanup
[1303.587s][info ][safepoint    ] Leaving safepoint region
[1303.587s][info ][safepoint    ] Total time for which application threads were stopped: 0.0000823 seconds, Stopping threads took: 0.0000193 seconds
[1303.774s][info ][safepoint    ] Application time: 0.1877462 seconds
[1303.774s][info ][safepoint    ] Entering safepoint region: GenCollectForAllocation
[1303.774s][info ][gc,start     ] GC(1024) Pause Young (Allocation Failure)
[1303.774s][info ][gc,task      ] GC(1024) Using 4 workers of 4 for evacuation
[1303.777s][debug][gc,ref       ] GC(1024) Skipped phase1 of Reference Processing due to unavailable references
[1303.777s][debug][gc,ref       ] GC(1024) Skipped phase2 of Reference Processing due to unavailable references
[1303.777s][debug][gc,ref       ] GC(1024) Skipped phase3 of Reference Processing due to unavailable references
[1303.777s][debug][gc,ref       ] GC(1024) Skipped phase4 of Reference Processing due to unavailable references
[1303.778s][debug][gc,age       ] GC(1024) Desired survivor size 15368192 bytes, new threshold 6 (max threshold 6)
[1303.778s][info ][gc,heap      ] GC(1024) ParNew: 241643K->1133K(270336K)
[1303.778s][info ][gc,heap      ] GC(1024) CMS: 518646K->518717K(721596K)
[1303.778s][info ][gc,metaspace ] GC(1024) Metaspace: 66225K->66225K(1110016K)
[1303.778s][info ][gc           ] GC(1024) Pause Young (Allocation Failure) 742M->507M(968M) 3.235ms
[1303.778s][info ][gc,cpu       ] GC(1024) User=0.01s Sys=0.00s Real=0.01s
[1303.778s][info ][safepoint    ] Leaving safepoint region
[1303.778s][info ][safepoint    ] Total time for which application threads were stopped: 0.0033963 seconds, Stopping threads took: 0.0000203 seconds
[1304.337s][info ][safepoint    ] Application time: 0.5597501 seconds
[1304.338s][info ][safepoint    ] Entering safepoint region: RevokeBias
[1304.338s][info ][safepoint    ] Leaving safepoint region
[1304.338s][info ][safepoint    ] Total time for which application threads were stopped: 0.0001585 seconds, Stopping threads took: 0.0000212 seconds
[1304.968s][info ][safepoint    ] Application time: 0.6299244 seconds
[1304.968s][info ][safepoint    ] Entering safepoint region: GenCollectForAllocation
[1304.968s][info ][gc,start     ] GC(1025) Pause Young (Allocation Failure)
[1304.968s][info ][gc,task      ] GC(1025) Using 4 workers of 4 for evacuation
[1304.971s][debug][gc,ref       ] GC(1025) Skipped phase1 of Reference Processing due to unavailable references
[1304.971s][debug][gc,ref       ] GC(1025) Skipped phase2 of Reference Processing due to unavailable references
[1304.971s][debug][gc,ref       ] GC(1025) Skipped phase3 of Reference Processing due to unavailable references
[1304.971s][debug][gc,ref       ] GC(1025) Skipped phase4 of Reference Processing due to unavailable references
[1304.972s][debug][gc,age       ] GC(1025) Desired survivor size 15368192 bytes, new threshold 6 (max threshold 6)
[1304.972s][info ][gc,heap      ] GC(1025) ParNew: 241453K->1104K(270336K)
[1304.972s][info ][gc,heap      ] GC(1025) CMS: 518717K->518950K(721596K)
[1304.972s][info ][gc,metaspace ] GC(1025) Metaspace: 66226K->66226K(1110016K)
[1304.972s][info ][gc           ] GC(1025) Pause Young (Allocation Failure) 742M->507M(968M) 4.018ms
[1304.972s][info ][gc,cpu       ] GC(1025) User=0.01s Sys=0.00s Real=0.00s
[1304.972s][info ][safepoint    ] Leaving safepoint region
[1304.972s][info ][safepoint    ] Total time for which application threads were stopped: 0.0042062 seconds, Stopping threads took: 0.0000372 seconds
[1305.972s][info ][safepoint    ] Application time: 1.0001026 seconds
[1305.972s][info ][safepoint    ] Entering safepoint region: Cleanup
[1305.972s][info ][safepoint    ] Leaving safepoint region
[1305.972s][info ][safepoint    ] Total time for which application threads were stopped: 0.0001440 seconds, Stopping threads took: 0.0000678 seconds
[1306.166s][info ][safepoint    ] Application time: 0.1941881 seconds
[1306.166s][info ][safepoint    ] Entering safepoint region: GenCollectForAllocation
[1306.167s][info ][gc,start     ] GC(1026) Pause Young (Allocation Failure)
[1306.167s][info ][gc,task      ] GC(1026) Using 4 workers of 4 for evacuation
[1306.170s][debug][gc,ref       ] GC(1026) Skipped phase1 of Reference Processing due to unavailable references
[1306.170s][debug][gc,ref       ] GC(1026) Skipped phase2 of Reference Processing due to unavailable references
[1306.170s][debug][gc,ref       ] GC(1026) Skipped phase3 of Reference Processing due to unavailable references
[1306.170s][debug][gc,ref       ] GC(1026) Skipped phase4 of Reference Processing due to unavailable references
[1306.170s][debug][gc,age       ] GC(1026) Desired survivor size 15368192 bytes, new threshold 6 (max threshold 6)
[1306.170s][info ][gc,heap      ] GC(1026) ParNew: 241424K->963K(270336K)
[1306.170s][info ][gc,heap      ] GC(1026) CMS: 518950K->519042K(721596K)
[1306.170s][info ][gc,metaspace ] GC(1026) Metaspace: 66226K->66226K(1110016K)
[1306.170s][info ][gc           ] GC(1026) Pause Young (Allocation Failure) 742M->507M(968M) 3.527ms
[1306.170s][info ][gc,cpu       ] GC(1026) User=0.02s Sys=0.00s Real=0.01s
[1306.170s][info ][safepoint    ] Leaving safepoint region
[1306.170s][info ][safepoint    ] Total time for which application threads were stopped: 0.0036865 seconds, Stopping threads took: 0.0000179 seconds
[1307.170s][info ][safepoint    ] Application time: 1.0000992 seconds
[1307.170s][info ][safepoint    ] Entering safepoint region: Cleanup
[1307.170s][info ][safepoint    ] Leaving safepoint region
[1307.170s][info ][safepoint    ] Total time for which application threads were stopped: 0.0001418 seconds, Stopping threads took: 0.0000674 seconds
[1307.368s][info ][safepoint    ] Application time: 0.1975979 seconds
[1307.368s][info ][safepoint    ] Entering safepoint region: GenCollectForAllocation
[1307.368s][info ][gc,start     ] GC(1027) Pause Young (Allocation Failure)
[1307.368s][info ][gc,task      ] GC(1027) Using 4 workers of 4 for evacuation
[1307.371s][debug][gc,ref       ] GC(1027) Skipped phase1 of Reference Processing due to unavailable references
[1307.371s][debug][gc,ref       ] GC(1027) Skipped phase2 of Reference Processing due to unavailable references
[1307.371s][debug][gc,ref       ] GC(1027) Skipped phase3 of Reference Processing due to unavailable references
[1307.371s][debug][gc,ref       ] GC(1027) Skipped phase4 of Reference Processing due to unavailable references
[1307.371s][debug][gc,age       ] GC(1027) Desired survivor size 15368192 bytes, new threshold 6 (max threshold 6)
[1307.371s][info ][gc,heap      ] GC(1027) ParNew: 241283K->947K(270336K)
[1307.371s][info ][gc,heap      ] GC(1027) CMS: 519042K->519204K(721596K)
[1307.371s][info ][gc,metaspace ] GC(1027) Metaspace: 66226K->66226K(1110016K)
[1307.371s][info ][gc           ] GC(1027) Pause Young (Allocation Failure) 742M->507M(968M) 3.326ms
[1307.371s][info ][gc,cpu       ] GC(1027) User=0.02s Sys=0.00s Real=0.00s
[1307.371s][info ][safepoint    ] Leaving safepoint region
[1307.371s][info ][safepoint    ] Total time for which application threads were stopped: 0.0035011 seconds, Stopping threads took: 0.0000186 seconds
[1308.372s][info ][safepoint    ] Application time: 1.0000629 seconds
[1308.372s][info ][safepoint    ] Entering safepoint region: Cleanup
[1308.372s][info ][safepoint    ] Leaving safepoint region
[1308.372s][info ][safepoint    ] Total time for which application threads were stopped: 0.0001370 seconds, Stopping threads took: 0.0000479 seconds
[1308.559s][info ][safepoint    ] Application time: 0.1875204 seconds
[1308.559s][info ][safepoint    ] Entering safepoint region: GenCollectForAllocation
[1308.559s][info ][gc,start     ] GC(1028) Pause Young (Allocation Failure)
[1308.559s][info ][gc,task      ] GC(1028) Using 4 workers of 4 for evacuation
[1308.563s][debug][gc,ref       ] GC(1028) Skipped phase1 of Reference Processing due to unavailable references
[1308.563s][debug][gc,ref       ] GC(1028) Skipped phase2 of Reference Processing due to unavailable references
[1308.563s][debug][gc,ref       ] GC(1028) Skipped phase3 of Reference Processing due to unavailable references
[1308.563s][debug][gc,ref       ] GC(1028) Skipped phase4 of Reference Processing due to unavailable references
[1308.563s][debug][gc,age       ] GC(1028) Desired survivor size 15368192 bytes, new threshold 6 (max threshold 6)
[1308.563s][info ][gc,heap      ] GC(1028) ParNew: 241267K->959K(270336K)
[1308.563s][info ][gc,heap      ] GC(1028) CMS: 519204K->519283K(721596K)
[1308.563s][info ][gc,metaspace ] GC(1028) Metaspace: 66227K->66227K(1110016K)
[1308.563s][info ][gc           ] GC(1028) Pause Young (Allocation Failure) 742M->508M(968M) 3.738ms
[1308.563s][info ][gc,cpu       ] GC(1028) User=0.02s Sys=0.00s Real=0.00s
[1308.563s][info ][safepoint    ] Leaving safepoint region
[1308.563s][info ][safepoint    ] Total time for which application threads were stopped: 0.0038871 seconds, Stopping threads took: 0.0000171 seconds
[1309.563s][info ][safepoint    ] Application time: 1.0001224 seconds
[1309.563s][info ][safepoint    ] Entering safepoint region: Cleanup
[1309.563s][info ][safepoint    ] Leaving safepoint region
[1309.563s][info ][safepoint    ] Total time for which application threads were stopped: 0.0001319 seconds, Stopping threads took: 0.0000612 seconds
[1309.761s][info ][safepoint    ] Application time: 0.1977334 seconds
[1309.761s][info ][safepoint    ] Entering safepoint region: GenCollectForAllocation
[1309.761s][info ][gc,start     ] GC(1029) Pause Young (Allocation Failure)
[1309.761s][info ][gc,task      ] GC(1029) Using 4 workers of 4 for evacuation
[1309.765s][debug][gc,ref       ] GC(1029) Skipped phase1 of Reference Processing due to unavailable references
[1309.765s][debug][gc,ref       ] GC(1029) Skipped phase2 of Reference Processing due to unavailable references
[1309.765s][debug][gc,ref       ] GC(1029) Skipped phase3 of Reference Processing due to unavailable references
[1309.765s][debug][gc,ref       ] GC(1029) Skipped phase4 of Reference Processing due to unavailable references
[1309.765s][debug][gc,age       ] GC(1029) Desired survivor size 15368192 bytes, new threshold 6 (max threshold 6)
[1309.765s][info ][gc,heap      ] GC(1029) ParNew: 241279K->749K(270336K)
[1309.765s][info ][gc,heap      ] GC(1029) CMS: 519283K->519368K(721596K)
[1309.765s][info ][gc,metaspace ] GC(1029) Metaspace: 66227K->66227K(1110016K)
[1309.765s][info ][gc           ] GC(1029) Pause Young (Allocation Failure) 742M->507M(968M) 3.951ms
[1309.765s][info ][gc,cpu       ] GC(1029) User=0.01s Sys=0.00s Real=0.00s
[1309.765s][info ][safepoint    ] Leaving safepoint region
[1309.765s][info ][safepoint    ] Total time for which application threads were stopped: 0.0041223 seconds, Stopping threads took: 0.0000204 seconds
[1310.766s][info ][safepoint    ] Application time: 1.0001347 seconds
[1310.766s][info ][safepoint    ] Entering safepoint region: Cleanup
[1310.766s][info ][safepoint    ] Leaving safepoint region
[1310.766s][info ][safepoint    ] Total time for which application threads were stopped: 0.0001211 seconds, Stopping threads took: 0.0000462 seconds
[1310.955s][info ][safepoint    ] Application time: 0.1895483 seconds
[1310.955s][info ][safepoint    ] Entering safepoint region: GenCollectForAllocation
[1310.955s][info ][gc,start     ] GC(1030) Pause Young (Allocation Failure)
[1310.955s][info ][gc,task      ] GC(1030) Using 4 workers of 4 for evacuation
[1310.959s][debug][gc,ref       ] GC(1030) Skipped phase1 of Reference Processing due to unavailable references
[1310.959s][debug][gc,ref       ] GC(1030) Skipped phase2 of Reference Processing due to unavailable references
[1310.959s][debug][gc,ref       ] GC(1030) Skipped phase3 of Reference Processing due to unavailable references
[1310.959s][debug][gc,ref       ] GC(1030) Skipped phase4 of Reference Processing due to unavailable references
[1310.959s][debug][gc,age       ] GC(1030) Desired survivor size 15368192 bytes, new threshold 6 (max threshold 6)
[1310.959s][info ][gc,heap      ] GC(1030) ParNew: 241069K->840K(270336K)
[1310.959s][info ][gc,heap      ] GC(1030) CMS: 519368K->519416K(721596K)
[1310.959s][info ][gc,metaspace ] GC(1030) Metaspace: 66227K->66227K(1110016K)
[1310.959s][info ][gc           ] GC(1030) Pause Young (Allocation Failure) 742M->508M(968M) 3.554ms
[1310.959s][info ][gc,cpu       ] GC(1030) User=0.01s Sys=0.00s Real=0.01s
[1310.959s][info ][safepoint    ] Leaving safepoint region
[1310.959s][info ][safepoint    ] Total time for which application threads were stopped: 0.0037232 seconds, Stopping threads took: 0.0000180 seconds
[1311.959s][info ][safepoint    ] Application time: 1.0000940 seconds
[1311.959s][info ][safepoint    ] Entering safepoint region: Cleanup
[1311.959s][info ][safepoint    ] Leaving safepoint region
[1311.959s][info ][safepoint    ] Total time for which application threads were stopped: 0.0001598 seconds, Stopping threads took: 0.0000864 seconds
[1312.146s][info ][safepoint    ] Application time: 0.1869053 seconds
[1312.146s][info ][safepoint    ] Entering safepoint region: GenCollectForAllocation
[1312.146s][info ][gc,start     ] GC(1031) Pause Young (Allocation Failure)
[1312.146s][info ][gc,task      ] GC(1031) Using 4 workers of 4 for evacuation
[1312.153s][debug][gc,ref       ] GC(1031) Skipped phase1 of Reference Processing due to unavailable references
[1312.153s][debug][gc,ref       ] GC(1031) Skipped phase2 of Reference Processing due to unavailable references
[1312.153s][debug][gc,ref       ] GC(1031) Skipped phase3 of Reference Processing due to unavailable references
[1312.153s][debug][gc,ref       ] GC(1031) Skipped phase4 of Reference Processing due to unavailable references
[1312.153s][debug][gc,age       ] GC(1031) Desired survivor size 15368192 bytes, new threshold 6 (max threshold 6)
[1312.153s][info ][gc,heap      ] GC(1031) ParNew: 241160K->783K(270336K)
[1312.153s][info ][gc,heap      ] GC(1031) CMS: 519416K->519504K(721596K)
[1312.153s][info ][gc,metaspace ] GC(1031) Metaspace: 66227K->66227K(1110016K)
[1312.153s][info ][gc           ] GC(1031) Pause Young (Allocation Failure) 742M->508M(968M) 7.064ms
[1312.153s][info ][gc,cpu       ] GC(1031) User=0.03s Sys=0.00s Real=0.01s
[1312.153s][info ][safepoint    ] Leaving safepoint region
[1312.153s][info ][safepoint    ] Total time for which application threads were stopped: 0.0072399 seconds, Stopping threads took: 0.0000337 seconds
[1313.154s][info ][safepoint    ] Application time: 1.0001123 seconds
[1313.154s][info ][safepoint    ] Entering safepoint region: Cleanup
[1313.154s][info ][safepoint    ] Leaving safepoint region
[1313.154s][info ][safepoint    ] Total time for which application threads were stopped: 0.0001316 seconds, Stopping threads took: 0.0000427 seconds
[1313.334s][info ][safepoint    ] Application time: 0.1803527 seconds
[1313.334s][info ][safepoint    ] Entering safepoint region: GenCollectForAllocation
[1313.334s][info ][gc,start     ] GC(1032) Pause Young (Allocation Failure)
[1313.334s][info ][gc,task      ] GC(1032) Using 4 workers of 4 for evacuation
[1313.337s][debug][gc,ref       ] GC(1032) Skipped phase1 of Reference Processing due to unavailable references
[1313.337s][debug][gc,ref       ] GC(1032) Skipped phase2 of Reference Processing due to unavailable references
[1313.337s][debug][gc,ref       ] GC(1032) Skipped phase3 of Reference Processing due to unavailable references
[1313.337s][debug][gc,ref       ] GC(1032) Skipped phase4 of Reference Processing due to unavailable references
[1313.338s][debug][gc,age       ] GC(1032) Desired survivor size 15368192 bytes, new threshold 6 (max threshold 6)
[1313.338s][info ][gc,heap      ] GC(1032) ParNew: 241103K->713K(270336K)
[1313.338s][info ][gc,heap      ] GC(1032) CMS: 519504K->519561K(721596K)
[1313.338s][info ][gc,metaspace ] GC(1032) Metaspace: 66227K->66227K(1110016K)
[1313.338s][info ][gc           ] GC(1032) Pause Young (Allocation Failure) 742M->508M(968M) 3.401ms
[1313.338s][info ][gc,cpu       ] GC(1032) User=0.02s Sys=0.00s Real=0.01s
[1313.338s][info ][safepoint    ] Leaving safepoint region
[1313.338s][info ][safepoint    ] Total time for which application threads were stopped: 0.0035882 seconds, Stopping threads took: 0.0000195 seconds
[1314.338s][info ][safepoint    ] Application time: 1.0001186 seconds
[1314.338s][info ][safepoint    ] Entering safepoint region: Cleanup
[1314.338s][info ][safepoint    ] Leaving safepoint region
[1314.338s][info ][safepoint    ] Total time for which application threads were stopped: 0.0001238 seconds, Stopping threads took: 0.0000451 seconds
[1314.518s][info ][safepoint    ] Application time: 0.1802330 seconds
[1314.518s][info ][safepoint    ] Entering safepoint region: GenCollectForAllocation
[1314.518s][info ][gc,start     ] GC(1033) Pause Young (Allocation Failure)
[1314.518s][info ][gc,task      ] GC(1033) Using 4 workers of 4 for evacuation
[1314.522s][debug][gc,ref       ] GC(1033) Skipped phase1 of Reference Processing due to unavailable references
[1314.522s][debug][gc,ref       ] GC(1033) Skipped phase2 of Reference Processing due to unavailable references
[1314.522s][debug][gc,ref       ] GC(1033) Skipped phase3 of Reference Processing due to unavailable references
[1314.522s][debug][gc,ref       ] GC(1033) Skipped phase4 of Reference Processing due to unavailable references
[1314.522s][debug][gc,age       ] GC(1033) Desired survivor size 15368192 bytes, new threshold 6 (max threshold 6)
[1314.522s][info ][gc,heap      ] GC(1033) ParNew: 241033K->978K(270336K)
[1314.522s][info ][gc,heap      ] GC(1033) CMS: 519561K->519589K(721596K)
[1314.522s][info ][gc,metaspace ] GC(1033) Metaspace: 66227K->66227K(1110016K)
[1314.522s][info ][gc           ] GC(1033) Pause Young (Allocation Failure) 742M->508M(968M) 3.892ms
[1314.522s][info ][gc,cpu       ] GC(1033) User=0.02s Sys=0.00s Real=0.00s
[1314.522s][info ][safepoint    ] Leaving safepoint region
[1314.522s][info ][safepoint    ] Total time for which application threads were stopped: 0.0040465 seconds, Stopping threads took: 0.0000185 seconds
[1315.522s][info ][safepoint    ] Application time: 1.0000958 seconds
[1315.523s][info ][safepoint    ] Entering safepoint region: Cleanup
[1315.523s][info ][safepoint    ] Leaving safepoint region
[1315.523s][info ][safepoint    ] Total time for which application threads were stopped: 0.0001202 seconds, Stopping threads took: 0.0000476 seconds
[1315.717s][info ][safepoint    ] Application time: 0.1941044 seconds
[1315.717s][info ][safepoint    ] Entering safepoint region: GenCollectForAllocation
[1315.717s][info ][gc,start     ] GC(1034) Pause Young (Allocation Failure)
[1315.717s][info ][gc,task      ] GC(1034) Using 4 workers of 4 for evacuation
[1315.720s][debug][gc,ref       ] GC(1034) Skipped phase1 of Reference Processing due to unavailable references
[1315.720s][debug][gc,ref       ] GC(1034) Skipped phase2 of Reference Processing due to unavailable references
[1315.720s][debug][gc,ref       ] GC(1034) Skipped phase3 of Reference Processing due to unavailable references
[1315.720s][debug][gc,ref       ] GC(1034) Skipped phase4 of Reference Processing due to unavailable references
[1315.720s][debug][gc,age       ] GC(1034) Desired survivor size 15368192 bytes, new threshold 6 (max threshold 6)
[1315.720s][info ][gc,heap      ] GC(1034) ParNew: 241298K->953K(270336K)
[1315.720s][info ][gc,heap      ] GC(1034) CMS: 519589K->519641K(721596K)
[1315.720s][info ][gc,metaspace ] GC(1034) Metaspace: 66227K->66227K(1110016K)
[1315.720s][info ][gc           ] GC(1034) Pause Young (Allocation Failure) 743M->508M(968M) 3.401ms
[1315.720s][info ][gc,cpu       ] GC(1034) User=0.01s Sys=0.00s Real=0.00s
[1315.720s][info ][safepoint    ] Leaving safepoint region
[1315.720s][info ][safepoint    ] Total time for which application threads were stopped: 0.0035689 seconds, Stopping threads took: 0.0000190 seconds
[1316.720s][info ][safepoint    ] Application time: 1.0001179 seconds
[1316.721s][info ][safepoint    ] Entering safepoint region: Cleanup
[1316.721s][info ][safepoint    ] Leaving safepoint region
[1316.721s][info ][safepoint    ] Total time for which application threads were stopped: 0.0001293 seconds, Stopping threads took: 0.0000553 seconds
[1316.922s][info ][safepoint    ] Application time: 0.2009119 seconds
[1316.922s][info ][safepoint    ] Entering safepoint region: GenCollectForAllocation
[1316.922s][info ][gc,start     ] GC(1035) Pause Young (Allocation Failure)
[1316.922s][info ][gc,task      ] GC(1035) Using 4 workers of 4 for evacuation
[1316.925s][debug][gc,ref       ] GC(1035) Skipped phase1 of Reference Processing due to unavailable references
[1316.925s][debug][gc,ref       ] GC(1035) Skipped phase2 of Reference Processing due to unavailable references
[1316.925s][debug][gc,ref       ] GC(1035) Skipped phase3 of Reference Processing due to unavailable references
[1316.925s][debug][gc,ref       ] GC(1035) Skipped phase4 of Reference Processing due to unavailable references
[1316.925s][debug][gc,age       ] GC(1035) Desired survivor size 15368192 bytes, new threshold 6 (max threshold 6)
[1316.925s][info ][gc,heap      ] GC(1035) ParNew: 241273K->998K(270336K)
[1316.925s][info ][gc,heap      ] GC(1035) CMS: 519641K->519677K(721596K)
[1316.925s][info ][gc,metaspace ] GC(1035) Metaspace: 66227K->66227K(1110016K)
[1316.925s][info ][gc           ] GC(1035) Pause Young (Allocation Failure) 743M->508M(968M) 3.306ms
[1316.925s][info ][gc,cpu       ] GC(1035) User=0.01s Sys=0.00s Real=0.00s
[1316.925s][info ][safepoint    ] Leaving safepoint region
[1316.925s][info ][safepoint    ] Total time for which application threads were stopped: 0.0034758 seconds, Stopping threads took: 0.0000186 seconds
[1317.925s][info ][safepoint    ] Application time: 1.0000890 seconds
[1317.925s][info ][safepoint    ] Entering safepoint region: Cleanup
[1317.925s][info ][safepoint    ] Leaving safepoint region
[1317.925s][info ][safepoint    ] Total time for which application threads were stopped: 0.0001432 seconds, Stopping threads took: 0.0000709 seconds
[1318.128s][info ][safepoint    ] Application time: 0.2027409 seconds
[1318.128s][info ][safepoint    ] Entering safepoint region: GenCollectForAllocation
[1318.128s][info ][gc,start     ] GC(1036) Pause Young (Allocation Failure)
[1318.128s][info ][gc,task      ] GC(1036) Using 4 workers of 4 for evacuation
[1318.131s][debug][gc,ref       ] GC(1036) Skipped phase1 of Reference Processing due to unavailable references
[1318.131s][debug][gc,ref       ] GC(1036) Skipped phase2 of Reference Processing due to unavailable references
[1318.131s][debug][gc,ref       ] GC(1036) Skipped phase3 of Reference Processing due to unavailable references
[1318.131s][debug][gc,ref       ] GC(1036) Skipped phase4 of Reference Processing due to unavailable references
[1318.132s][debug][gc,age       ] GC(1036) Desired survivor size 15368192 bytes, new threshold 6 (max threshold 6)
[1318.132s][info ][gc,heap      ] GC(1036) ParNew: 241318K->1025K(270336K)
[1318.132s][info ][gc,heap      ] GC(1036) CMS: 519677K->519744K(721596K)
[1318.132s][info ][gc,metaspace ] GC(1036) Metaspace: 66227K->66227K(1110016K)
[1318.132s][info ][gc           ] GC(1036) Pause Young (Allocation Failure) 743M->508M(968M) 3.504ms
[1318.132s][info ][gc,cpu       ] GC(1036) User=0.02s Sys=0.00s Real=0.00s
[1318.132s][info ][safepoint    ] Leaving safepoint region
[1318.132s][info ][safepoint    ] Total time for which application threads were stopped: 0.0036547 seconds, Stopping threads took: 0.0000180 seconds
[1319.132s][info ][safepoint    ] Application time: 1.0000956 seconds
[1319.132s][info ][safepoint    ] Entering safepoint region: Cleanup
[1319.132s][info ][safepoint    ] Leaving safepoint region
[1319.132s][info ][safepoint    ] Total time for which application threads were stopped: 0.0001202 seconds, Stopping threads took: 0.0000442 seconds
[1319.330s][info ][safepoint    ] Application time: 0.1975682 seconds
[1319.330s][info ][safepoint    ] Entering safepoint region: GenCollectForAllocation
[1319.330s][info ][gc,start     ] GC(1037) Pause Young (Allocation Failure)
[1319.330s][info ][gc,task      ] GC(1037) Using 4 workers of 4 for evacuation
[1319.333s][debug][gc,ref       ] GC(1037) Skipped phase1 of Reference Processing due to unavailable references
[1319.333s][debug][gc,ref       ] GC(1037) Skipped phase2 of Reference Processing due to unavailable references
[1319.333s][debug][gc,ref       ] GC(1037) Skipped phase3 of Reference Processing due to unavailable references
[1319.333s][debug][gc,ref       ] GC(1037) Skipped phase4 of Reference Processing due to unavailable references
[1319.333s][debug][gc,age       ] GC(1037) Desired survivor size 15368192 bytes, new threshold 6 (max threshold 6)
[1319.333s][info ][gc,heap      ] GC(1037) ParNew: 241345K->966K(270336K)
[1319.333s][info ][gc,heap      ] GC(1037) CMS: 519744K->519890K(721596K)
[1319.333s][info ][gc,metaspace ] GC(1037) Metaspace: 66227K->66227K(1110016K)
[1319.333s][info ][gc           ] GC(1037) Pause Young (Allocation Failure) 743M->508M(968M) 3.622ms
[1319.333s][info ][gc,cpu       ] GC(1037) User=0.01s Sys=0.00s Real=0.00s
[1319.333s][info ][safepoint    ] Leaving safepoint region
[1319.333s][info ][safepoint    ] Total time for which application threads were stopped: 0.0037786 seconds, Stopping threads took: 0.0000191 seconds
[1320.334s][info ][safepoint    ] Application time: 1.0000940 seconds
[1320.334s][info ][safepoint    ] Entering safepoint region: Cleanup
[1320.334s][info ][safepoint    ] Leaving safepoint region
[1320.334s][info ][safepoint    ] Total time for which application threads were stopped: 0.0000909 seconds, Stopping threads took: 0.0000318 seconds
[1320.529s][info ][safepoint    ] Application time: 0.1951112 seconds
[1320.529s][info ][safepoint    ] Entering safepoint region: GenCollectForAllocation
[1320.529s][info ][gc,start     ] GC(1038) Pause Young (Allocation Failure)
[1320.529s][info ][gc,task      ] GC(1038) Using 4 workers of 4 for evacuation
[1320.532s][debug][gc,ref       ] GC(1038) Skipped phase1 of Reference Processing due to unavailable references
[1320.532s][debug][gc,ref       ] GC(1038) Skipped phase2 of Reference Processing due to unavailable references
[1320.532s][debug][gc,ref       ] GC(1038) Skipped phase3 of Reference Processing due to unavailable references
[1320.532s][debug][gc,ref       ] GC(1038) Skipped phase4 of Reference Processing due to unavailable references
[1320.532s][debug][gc,age       ] GC(1038) Desired survivor size 15368192 bytes, new threshold 6 (max threshold 6)
[1320.532s][info ][gc,heap      ] GC(1038) ParNew: 241286K->706K(270336K)
[1320.532s][info ][gc,heap      ] GC(1038) CMS: 519890K->519930K(721596K)
[1320.532s][info ][gc,metaspace ] GC(1038) Metaspace: 66227K->66227K(1110016K)
[1320.532s][info ][gc           ] GC(1038) Pause Young (Allocation Failure) 743M->508M(968M) 3.343ms
[1320.532s][info ][gc,cpu       ] GC(1038) User=0.02s Sys=0.00s Real=0.00s
[1320.532s][info ][safepoint    ] Leaving safepoint region
[1320.532s][info ][safepoint    ] Total time for which application threads were stopped: 0.0035056 seconds, Stopping threads took: 0.0000195 seconds
[1321.532s][info ][safepoint    ] Application time: 1.0001361 seconds
[1321.533s][info ][safepoint    ] Entering safepoint region: Cleanup
[1321.533s][info ][safepoint    ] Leaving safepoint region
[1321.533s][info ][safepoint    ] Total time for which application threads were stopped: 0.0001149 seconds, Stopping threads took: 0.0000437 seconds
[1321.729s][info ][safepoint    ] Application time: 0.1961790 seconds
[1321.729s][info ][safepoint    ] Entering safepoint region: GenCollectForAllocation
[1321.729s][info ][gc,start     ] GC(1039) Pause Young (Allocation Failure)
[1321.729s][info ][gc,task      ] GC(1039) Using 4 workers of 4 for evacuation
[1321.732s][debug][gc,ref       ] GC(1039) Skipped phase1 of Reference Processing due to unavailable references
[1321.732s][debug][gc,ref       ] GC(1039) Skipped phase2 of Reference Processing due to unavailable references
[1321.732s][debug][gc,ref       ] GC(1039) Skipped phase3 of Reference Processing due to unavailable references
[1321.732s][debug][gc,ref       ] GC(1039) Skipped phase4 of Reference Processing due to unavailable references
[1321.732s][debug][gc,age       ] GC(1039) Desired survivor size 15368192 bytes, new threshold 6 (max threshold 6)
[1321.732s][info ][gc,heap      ] GC(1039) ParNew: 241026K->737K(270336K)
[1321.732s][info ][gc,heap      ] GC(1039) CMS: 519930K->519949K(721596K)
[1321.732s][info ][gc,metaspace ] GC(1039) Metaspace: 66227K->66227K(1110016K)
[1321.732s][info ][gc           ] GC(1039) Pause Young (Allocation Failure) 743M->508M(968M) 3.215ms
[1321.732s][info ][gc,cpu       ] GC(1039) User=0.01s Sys=0.00s Real=0.00s
[1321.732s][info ][safepoint    ] Leaving safepoint region
[1321.732s][info ][safepoint    ] Total time for which application threads were stopped: 0.0033741 seconds, Stopping threads took: 0.0000185 seconds
[1322.732s][info ][safepoint    ] Application time: 1.0000956 seconds
[1322.732s][info ][safepoint    ] Entering safepoint region: Cleanup
[1322.732s][info ][safepoint    ] Leaving safepoint region
[1322.732s][info ][safepoint    ] Total time for which application threads were stopped: 0.0001187 seconds, Stopping threads took: 0.0000433 seconds
[1322.927s][info ][safepoint    ] Application time: 0.1947207 seconds
[1322.927s][info ][safepoint    ] Entering safepoint region: GenCollectForAllocation
[1322.927s][info ][gc,start     ] GC(1040) Pause Young (Allocation Failure)
[1322.927s][info ][gc,task      ] GC(1040) Using 4 workers of 4 for evacuation
[1322.931s][debug][gc,ref       ] GC(1040) Skipped phase1 of Reference Processing due to unavailable references
[1322.931s][debug][gc,ref       ] GC(1040) Skipped phase2 of Reference Processing due to unavailable references
[1322.931s][debug][gc,ref       ] GC(1040) Skipped phase3 of Reference Processing due to unavailable references
[1322.931s][debug][gc,ref       ] GC(1040) Skipped phase4 of Reference Processing due to unavailable references
[1322.931s][debug][gc,age       ] GC(1040) Desired survivor size 15368192 bytes, new threshold 6 (max threshold 6)
[1322.931s][info ][gc,heap      ] GC(1040) ParNew: 241057K->872K(270336K)
[1322.931s][info ][gc,heap      ] GC(1040) CMS: 519949K->520012K(721596K)
[1322.931s][info ][gc,metaspace ] GC(1040) Metaspace: 66227K->66227K(1110016K)
[1322.931s][info ][gc           ] GC(1040) Pause Young (Allocation Failure) 743M->508M(968M) 3.418ms
[1322.931s][info ][gc,cpu       ] GC(1040) User=0.01s Sys=0.00s Real=0.01s
[1322.931s][info ][safepoint    ] Leaving safepoint region
[1322.931s][info ][safepoint    ] Total time for which application threads were stopped: 0.0035805 seconds, Stopping threads took: 0.0000186 seconds
[1323.931s][info ][safepoint    ] Application time: 1.0000666 seconds
[1323.931s][info ][safepoint    ] Entering safepoint region: Cleanup
[1323.931s][info ][safepoint    ] Leaving safepoint region
[1323.931s][info ][safepoint    ] Total time for which application threads were stopped: 0.0001582 seconds, Stopping threads took: 0.0000778 seconds
[1324.124s][info ][safepoint    ] Application time: 0.1927592 seconds
[1324.124s][info ][safepoint    ] Entering safepoint region: GenCollectForAllocation
[1324.124s][info ][gc,start     ] GC(1041) Pause Young (Allocation Failure)
[1324.124s][info ][gc,task      ] GC(1041) Using 4 workers of 4 for evacuation
[1324.127s][debug][gc,ref       ] GC(1041) Skipped phase1 of Reference Processing due to unavailable references
[1324.127s][debug][gc,ref       ] GC(1041) Skipped phase2 of Reference Processing due to unavailable references
[1324.127s][debug][gc,ref       ] GC(1041) Skipped phase3 of Reference Processing due to unavailable references
[1324.127s][debug][gc,ref       ] GC(1041) Skipped phase4 of Reference Processing due to unavailable references
[1324.127s][debug][gc,age       ] GC(1041) Desired survivor size 15368192 bytes, new threshold 6 (max threshold 6)
[1324.127s][info ][gc,heap      ] GC(1041) ParNew: 241192K->860K(270336K)
[1324.127s][info ][gc,heap      ] GC(1041) CMS: 520012K->520051K(721596K)
[1324.127s][info ][gc,metaspace ] GC(1041) Metaspace: 66227K->66227K(1110016K)
[1324.127s][info ][gc           ] GC(1041) Pause Young (Allocation Failure) 743M->508M(968M) 2.935ms
[1324.127s][info ][gc,cpu       ] GC(1041) User=0.01s Sys=0.00s Real=0.00s
[1324.127s][info ][safepoint    ] Leaving safepoint region
[1324.127s][info ][safepoint    ] Total time for which application threads were stopped: 0.0031070 seconds, Stopping threads took: 0.0000191 seconds
[1325.127s][info ][safepoint    ] Application time: 1.0000957 seconds
[1325.127s][info ][safepoint    ] Entering safepoint region: Cleanup
[1325.127s][info ][safepoint    ] Leaving safepoint region
[1325.127s][info ][safepoint    ] Total time for which application threads were stopped: 0.0001417 seconds, Stopping threads took: 0.0000673 seconds
[1325.322s][info ][safepoint    ] Application time: 0.1945965 seconds
[1325.322s][info ][safepoint    ] Entering safepoint region: GenCollectForAllocation
[1325.322s][info ][gc,start     ] GC(1042) Pause Young (Allocation Failure)
[1325.322s][info ][gc,task      ] GC(1042) Using 4 workers of 4 for evacuation
[1325.325s][debug][gc,ref       ] GC(1042) Skipped phase1 of Reference Processing due to unavailable references
[1325.325s][debug][gc,ref       ] GC(1042) Skipped phase3 of Reference Processing due to unavailable references
[1325.325s][debug][gc,ref       ] GC(1042) Skipped phase4 of Reference Processing due to unavailable references
[1325.325s][debug][gc,age       ] GC(1042) Desired survivor size 15368192 bytes, new threshold 6 (max threshold 6)
[1325.325s][info ][gc,heap      ] GC(1042) ParNew: 241180K->849K(270336K)
[1325.325s][info ][gc,heap      ] GC(1042) CMS: 520051K->520061K(721596K)
[1325.325s][info ][gc,metaspace ] GC(1042) Metaspace: 66227K->66227K(1110016K)
[1325.325s][info ][gc           ] GC(1042) Pause Young (Allocation Failure) 743M->508M(968M) 3.085ms
[1325.325s][info ][gc,cpu       ] GC(1042) User=0.01s Sys=0.00s Real=0.00s
[1325.325s][info ][safepoint    ] Leaving safepoint region
[1325.325s][info ][safepoint    ] Total time for which application threads were stopped: 0.0032453 seconds, Stopping threads took: 0.0000186 seconds
[1326.325s][info ][safepoint    ] Application time: 1.0000993 seconds
[1326.325s][info ][safepoint    ] Entering safepoint region: Cleanup
[1326.325s][info ][safepoint    ] Leaving safepoint region
[1326.325s][info ][safepoint    ] Total time for which application threads were stopped: 0.0001210 seconds, Stopping threads took: 0.0000450 seconds
[1326.516s][info ][safepoint    ] Application time: 0.1905226 seconds
[1326.516s][info ][safepoint    ] Entering safepoint region: GenCollectForAllocation
[1326.516s][info ][gc,start     ] GC(1043) Pause Young (Allocation Failure)
[1326.516s][info ][gc,task      ] GC(1043) Using 4 workers of 4 for evacuation
[1326.519s][debug][gc,ref       ] GC(1043) Skipped phase1 of Reference Processing due to unavailable references
[1326.519s][debug][gc,ref       ] GC(1043) Skipped phase3 of Reference Processing due to unavailable references
[1326.519s][debug][gc,ref       ] GC(1043) Skipped phase4 of Reference Processing due to unavailable references
[1326.519s][debug][gc,age       ] GC(1043) Desired survivor size 15368192 bytes, new threshold 6 (max threshold 6)
[1326.519s][info ][gc,heap      ] GC(1043) ParNew: 241169K->833K(270336K)
[1326.519s][info ][gc,heap      ] GC(1043) CMS: 520061K->520089K(721596K)
[1326.519s][info ][gc,metaspace ] GC(1043) Metaspace: 66227K->66227K(1110016K)
[1326.519s][info ][gc           ] GC(1043) Pause Young (Allocation Failure) 743M->508M(968M) 3.165ms
[1326.519s][info ][gc,cpu       ] GC(1043) User=0.01s Sys=0.00s Real=0.00s
[1326.519s][info ][safepoint    ] Leaving safepoint region
[1326.519s][info ][safepoint    ] Total time for which application threads were stopped: 0.0033221 seconds, Stopping threads took: 0.0000184 seconds
[1327.519s][info ][safepoint    ] Application time: 1.0000813 seconds
[1327.519s][info ][safepoint    ] Entering safepoint region: Cleanup
[1327.520s][info ][safepoint    ] Leaving safepoint region
[1327.520s][info ][safepoint    ] Total time for which application threads were stopped: 0.0001331 seconds, Stopping threads took: 0.0000455 seconds
[1327.715s][info ][safepoint    ] Application time: 0.1957940 seconds
[1327.715s][info ][safepoint    ] Entering safepoint region: GenCollectForAllocation
[1327.716s][info ][gc,start     ] GC(1044) Pause Young (Allocation Failure)
[1327.716s][info ][gc,task      ] GC(1044) Using 4 workers of 4 for evacuation
[1327.718s][debug][gc,ref       ] GC(1044) Skipped phase1 of Reference Processing due to unavailable references
[1327.718s][debug][gc,ref       ] GC(1044) Skipped phase3 of Reference Processing due to unavailable references
[1327.718s][debug][gc,ref       ] GC(1044) Skipped phase4 of Reference Processing due to unavailable references
[1327.719s][debug][gc,age       ] GC(1044) Desired survivor size 15368192 bytes, new threshold 6 (max threshold 6)
[1327.719s][info ][gc,heap      ] GC(1044) ParNew: 241153K->742K(270336K)
[1327.719s][info ][gc,heap      ] GC(1044) CMS: 520089K->520267K(721596K)
[1327.719s][info ][gc,metaspace ] GC(1044) Metaspace: 66227K->66227K(1110016K)
[1327.719s][info ][gc           ] GC(1044) Pause Young (Allocation Failure) 743M->508M(968M) 3.048ms
[1327.719s][info ][gc,cpu       ] GC(1044) User=0.01s Sys=0.00s Real=0.01s
[1327.719s][info ][safepoint    ] Leaving safepoint region
[1327.719s][info ][safepoint    ] Total time for which application threads were stopped: 0.0032118 seconds, Stopping threads took: 0.0000172 seconds
[1328.719s][info ][safepoint    ] Application time: 1.0000980 seconds
[1328.719s][info ][safepoint    ] Entering safepoint region: Cleanup
[1328.719s][info ][safepoint    ] Leaving safepoint region
[1328.719s][info ][safepoint    ] Total time for which application threads were stopped: 0.0001142 seconds, Stopping threads took: 0.0000436 seconds
[1328.914s][info ][safepoint    ] Application time: 0.1948231 seconds
[1328.914s][info ][safepoint    ] Entering safepoint region: GenCollectForAllocation
[1328.914s][info ][gc,start     ] GC(1045) Pause Young (Allocation Failure)
[1328.914s][info ][gc,task      ] GC(1045) Using 4 workers of 4 for evacuation
[1328.917s][debug][gc,ref       ] GC(1045) Skipped phase1 of Reference Processing due to unavailable references
[1328.917s][debug][gc,ref       ] GC(1045) Skipped phase3 of Reference Processing due to unavailable references
[1328.917s][debug][gc,ref       ] GC(1045) Skipped phase4 of Reference Processing due to unavailable references
[1328.917s][debug][gc,age       ] GC(1045) Desired survivor size 15368192 bytes, new threshold 6 (max threshold 6)
[1328.917s][info ][gc,heap      ] GC(1045) ParNew: 241062K->730K(270336K)
[1328.917s][info ][gc,heap      ] GC(1045) CMS: 520267K->520314K(721596K)
[1328.917s][info ][gc,metaspace ] GC(1045) Metaspace: 66227K->66227K(1110016K)
[1328.917s][info ][gc           ] GC(1045) Pause Young (Allocation Failure) 743M->508M(968M) 3.029ms
[1328.917s][info ][gc,cpu       ] GC(1045) User=0.01s Sys=0.00s Real=0.01s
[1328.917s][info ][safepoint    ] Leaving safepoint region
[1328.917s][info ][safepoint    ] Total time for which application threads were stopped: 0.0031873 seconds, Stopping threads took: 0.0000175 seconds
[1329.917s][info ][safepoint    ] Application time: 1.0000957 seconds
[1329.917s][info ][safepoint    ] Entering safepoint region: Cleanup
[1329.917s][info ][safepoint    ] Leaving safepoint region
[1329.917s][info ][safepoint    ] Total time for which application threads were stopped: 0.0001140 seconds, Stopping threads took: 0.0000431 seconds
[1330.100s][info ][safepoint    ] Application time: 0.1827299 seconds
[1330.100s][info ][safepoint    ] Entering safepoint region: GenCollectForAllocation
[1330.100s][info ][gc,start     ] GC(1046) Pause Young (Allocation Failure)
[1330.100s][info ][gc,task      ] GC(1046) Using 4 workers of 4 for evacuation
[1330.103s][debug][gc,ref       ] GC(1046) Skipped phase1 of Reference Processing due to unavailable references
[1330.103s][debug][gc,ref       ] GC(1046) Skipped phase3 of Reference Processing due to unavailable references
[1330.103s][debug][gc,ref       ] GC(1046) Skipped phase4 of Reference Processing due to unavailable references
[1330.103s][debug][gc,age       ] GC(1046) Desired survivor size 15368192 bytes, new threshold 6 (max threshold 6)
[1330.103s][info ][gc,heap      ] GC(1046) ParNew: 241050K->640K(270336K)
[1330.103s][info ][gc,heap      ] GC(1046) CMS: 520314K->520341K(721596K)
[1330.103s][info ][gc,metaspace ] GC(1046) Metaspace: 66228K->66228K(1110016K)
[1330.103s][info ][gc           ] GC(1046) Pause Young (Allocation Failure) 743M->508M(968M) 3.273ms
[1330.103s][info ][gc,cpu       ] GC(1046) User=0.01s Sys=0.00s Real=0.00s
[1330.103s][info ][safepoint    ] Leaving safepoint region
[1330.103s][info ][safepoint    ] Total time for which application threads were stopped: 0.0034554 seconds, Stopping threads took: 0.0000416 seconds
[1331.104s][info ][safepoint    ] Application time: 1.0001444 seconds
[1331.104s][info ][safepoint    ] Entering safepoint region: Cleanup
[1331.104s][info ][safepoint    ] Leaving safepoint region
[1331.104s][info ][safepoint    ] Total time for which application threads were stopped: 0.0001379 seconds, Stopping threads took: 0.0000442 seconds
[1331.299s][info ][safepoint    ] Application time: 0.1952318 seconds
[1331.299s][info ][safepoint    ] Entering safepoint region: GenCollectForAllocation
[1331.299s][info ][gc,start     ] GC(1047) Pause Young (Allocation Failure)
[1331.299s][info ][gc,task      ] GC(1047) Using 4 workers of 4 for evacuation
[1331.302s][debug][gc,ref       ] GC(1047) Skipped phase1 of Reference Processing due to unavailable references
[1331.302s][debug][gc,ref       ] GC(1047) Skipped phase3 of Reference Processing due to unavailable references
[1331.302s][debug][gc,ref       ] GC(1047) Skipped phase4 of Reference Processing due to unavailable references
[1331.303s][debug][gc,age       ] GC(1047) Desired survivor size 15368192 bytes, new threshold 6 (max threshold 6)
[1331.303s][info ][gc,heap      ] GC(1047) ParNew: 240960K->680K(270336K)
[1331.303s][info ][gc,heap      ] GC(1047) CMS: 520341K->520411K(721596K)
[1331.303s][info ][gc,metaspace ] GC(1047) Metaspace: 66228K->66228K(1110016K)
[1331.303s][info ][gc           ] GC(1047) Pause Young (Allocation Failure) 743M->508M(968M) 3.513ms
[1331.303s][info ][gc,cpu       ] GC(1047) User=0.01s Sys=0.00s Real=0.00s
[1331.303s][info ][safepoint    ] Leaving safepoint region
[1331.303s][info ][safepoint    ] Total time for which application threads were stopped: 0.0037063 seconds, Stopping threads took: 0.0000448 seconds
[1332.303s][info ][safepoint    ] Application time: 1.0001429 seconds
[1332.303s][info ][safepoint    ] Entering safepoint region: Cleanup
[1332.303s][info ][safepoint    ] Leaving safepoint region
[1332.303s][info ][safepoint    ] Total time for which application threads were stopped: 0.0001226 seconds, Stopping threads took: 0.0000559 seconds
[1332.498s][info ][safepoint    ] Application time: 0.1952073 seconds
[1332.498s][info ][safepoint    ] Entering safepoint region: GenCollectForAllocation
[1332.498s][info ][gc,start     ] GC(1048) Pause Young (Allocation Failure)
[1332.498s][info ][gc,task      ] GC(1048) Using 4 workers of 4 for evacuation
[1332.501s][debug][gc,ref       ] GC(1048) Skipped phase1 of Reference Processing due to unavailable references
[1332.501s][debug][gc,ref       ] GC(1048) Skipped phase2 of Reference Processing due to unavailable references
[1332.501s][debug][gc,ref       ] GC(1048) Skipped phase3 of Reference Processing due to unavailable references
[1332.501s][debug][gc,ref       ] GC(1048) Skipped phase4 of Reference Processing due to unavailable references
[1332.502s][debug][gc,age       ] GC(1048) Desired survivor size 15368192 bytes, new threshold 6 (max threshold 6)
[1332.502s][info ][gc,heap      ] GC(1048) ParNew: 241000K->677K(270336K)
[1332.502s][info ][gc,heap      ] GC(1048) CMS: 520411K->520437K(721596K)
[1332.502s][info ][gc,metaspace ] GC(1048) Metaspace: 66228K->66228K(1110016K)
[1332.502s][info ][gc           ] GC(1048) Pause Young (Allocation Failure) 743M->508M(968M) 3.177ms
[1332.502s][info ][gc,cpu       ] GC(1048) User=0.01s Sys=0.00s Real=0.00s
[1332.502s][info ][safepoint    ] Leaving safepoint region
[1332.502s][info ][safepoint    ] Total time for which application threads were stopped: 0.0033749 seconds, Stopping threads took: 0.0000417 seconds
[1333.502s][info ][safepoint    ] Application time: 1.0000984 seconds
[1333.502s][info ][safepoint    ] Entering safepoint region: Cleanup
[1333.502s][info ][safepoint    ] Leaving safepoint region
[1333.502s][info ][safepoint    ] Total time for which application threads were stopped: 0.0001184 seconds, Stopping threads took: 0.0000434 seconds
[1333.700s][info ][safepoint    ] Application time: 0.1976584 seconds
[1333.700s][info ][safepoint    ] Entering safepoint region: GenCollectForAllocation
[1333.700s][info ][gc,start     ] GC(1049) Pause Young (Allocation Failure)
[1333.700s][info ][gc,task      ] GC(1049) Using 4 workers of 4 for evacuation
[1333.702s][debug][gc,ref       ] GC(1049) Skipped phase1 of Reference Processing due to unavailable references
[1333.702s][debug][gc,ref       ] GC(1049) Skipped phase2 of Reference Processing due to unavailable references
[1333.702s][debug][gc,ref       ] GC(1049) Skipped phase3 of Reference Processing due to unavailable references
[1333.702s][debug][gc,ref       ] GC(1049) Skipped phase4 of Reference Processing due to unavailable references
[1333.703s][debug][gc,age       ] GC(1049) Desired survivor size 15368192 bytes, new threshold 6 (max threshold 6)
[1333.703s][info ][gc,heap      ] GC(1049) ParNew: 240997K->674K(270336K)
[1333.703s][info ][gc,heap      ] GC(1049) CMS: 520437K->520496K(721596K)
[1333.703s][info ][gc,metaspace ] GC(1049) Metaspace: 66228K->66228K(1110016K)
[1333.703s][info ][gc           ] GC(1049) Pause Young (Allocation Failure) 743M->508M(968M) 2.947ms
[1333.703s][info ][gc,cpu       ] GC(1049) User=0.01s Sys=0.00s Real=0.00s
[1333.703s][info ][safepoint    ] Leaving safepoint region
[1333.703s][info ][safepoint    ] Total time for which application threads were stopped: 0.0031458 seconds, Stopping threads took: 0.0000421 seconds
[1334.703s][info ][safepoint    ] Application time: 1.0000979 seconds
[1334.703s][info ][safepoint    ] Entering safepoint region: Cleanup
[1334.703s][info ][safepoint    ] Leaving safepoint region
[1334.703s][info ][safepoint    ] Total time for which application threads were stopped: 0.0001079 seconds, Stopping threads took: 0.0000457 seconds
[1334.882s][info ][safepoint    ] Application time: 0.1790262 seconds
[1334.882s][info ][safepoint    ] Entering safepoint region: GenCollectForAllocation
[1334.882s][info ][gc,start     ] GC(1050) Pause Young (Allocation Failure)
[1334.882s][info ][gc,task      ] GC(1050) Using 4 workers of 4 for evacuation
[1334.885s][debug][gc,ref       ] GC(1050) Skipped phase1 of Reference Processing due to unavailable references
[1334.885s][debug][gc,ref       ] GC(1050) Skipped phase2 of Reference Processing due to unavailable references
[1334.885s][debug][gc,ref       ] GC(1050) Skipped phase3 of Reference Processing due to unavailable references
[1334.885s][debug][gc,ref       ] GC(1050) Skipped phase4 of Reference Processing due to unavailable references
[1334.885s][debug][gc,age       ] GC(1050) Desired survivor size 15368192 bytes, new threshold 6 (max threshold 6)
[1334.885s][info ][gc,heap      ] GC(1050) ParNew: 240994K->787K(270336K)
[1334.885s][info ][gc,heap      ] GC(1050) CMS: 520496K->520528K(721596K)
[1334.885s][info ][gc,metaspace ] GC(1050) Metaspace: 66228K->66228K(1110016K)
[1334.885s][info ][gc           ] GC(1050) Pause Young (Allocation Failure) 743M->509M(968M) 3.127ms
[1334.885s][info ][gc,cpu       ] GC(1050) User=0.01s Sys=0.00s Real=0.00s
[1334.885s][info ][safepoint    ] Leaving safepoint region
[1334.885s][info ][safepoint    ] Total time for which application threads were stopped: 0.0032852 seconds, Stopping threads took: 0.0000187 seconds
[1335.885s][info ][safepoint    ] Application time: 1.0001418 seconds
[1335.886s][info ][safepoint    ] Entering safepoint region: Cleanup
[1335.886s][info ][safepoint    ] Leaving safepoint region
[1335.886s][info ][safepoint    ] Total time for which application threads were stopped: 0.0001415 seconds, Stopping threads took: 0.0000739 seconds
[1336.089s][info ][safepoint    ] Application time: 0.2031109 seconds
[1336.089s][info ][safepoint    ] Entering safepoint region: GenCollectForAllocation
[1336.089s][info ][gc,start     ] GC(1051) Pause Young (Allocation Failure)
[1336.089s][info ][gc,task      ] GC(1051) Using 4 workers of 4 for evacuation
[1336.092s][debug][gc,ref       ] GC(1051) Skipped phase1 of Reference Processing due to unavailable references
[1336.093s][debug][gc,ref       ] GC(1051) Skipped phase2 of Reference Processing due to unavailable references
[1336.093s][debug][gc,ref       ] GC(1051) Skipped phase3 of Reference Processing due to unavailable references
[1336.093s][debug][gc,ref       ] GC(1051) Skipped phase4 of Reference Processing due to unavailable references
[1336.093s][debug][gc,age       ] GC(1051) Desired survivor size 15368192 bytes, new threshold 6 (max threshold 6)
[1336.093s][info ][gc,heap      ] GC(1051) ParNew: 241107K->740K(270336K)
[1336.093s][info ][gc,heap      ] GC(1051) CMS: 520528K->520559K(721596K)
[1336.093s][info ][gc,metaspace ] GC(1051) Metaspace: 66228K->66228K(1110016K)
[1336.093s][info ][gc           ] GC(1051) Pause Young (Allocation Failure) 743M->509M(968M) 3.840ms
[1336.093s][info ][gc,cpu       ] GC(1051) User=0.01s Sys=0.00s Real=0.00s
[1336.093s][info ][safepoint    ] Leaving safepoint region
[1336.093s][info ][safepoint    ] Total time for which application threads were stopped: 0.0040158 seconds, Stopping threads took: 0.0000184 seconds
[1337.093s][info ][safepoint    ] Application time: 1.0001397 seconds
[1337.093s][info ][safepoint    ] Entering safepoint region: Cleanup
[1337.093s][info ][safepoint    ] Leaving safepoint region
[1337.093s][info ][safepoint    ] Total time for which application threads were stopped: 0.0000797 seconds, Stopping threads took: 0.0000185 seconds
[1337.279s][info ][safepoint    ] Application time: 0.1857556 seconds
[1337.279s][info ][safepoint    ] Entering safepoint region: GenCollectForAllocation
[1337.279s][info ][gc,start     ] GC(1052) Pause Young (Allocation Failure)
[1337.279s][info ][gc,task      ] GC(1052) Using 4 workers of 4 for evacuation
[1337.282s][debug][gc,ref       ] GC(1052) Skipped phase1 of Reference Processing due to unavailable references
[1337.282s][debug][gc,ref       ] GC(1052) Skipped phase2 of Reference Processing due to unavailable references
[1337.282s][debug][gc,ref       ] GC(1052) Skipped phase3 of Reference Processing due to unavailable references
[1337.282s][debug][gc,ref       ] GC(1052) Skipped phase4 of Reference Processing due to unavailable references
[1337.282s][debug][gc,age       ] GC(1052) Desired survivor size 15368192 bytes, new threshold 6 (max threshold 6)
[1337.282s][info ][gc,heap      ] GC(1052) ParNew: 241060K->800K(270336K)
[1337.282s][info ][gc,heap      ] GC(1052) CMS: 520559K->520636K(721596K)
[1337.282s][info ][gc,metaspace ] GC(1052) Metaspace: 66228K->66228K(1110016K)
[1337.282s][info ][gc           ] GC(1052) Pause Young (Allocation Failure) 743M->509M(968M) 3.151ms
[1337.282s][info ][gc,cpu       ] GC(1052) User=0.01s Sys=0.00s Real=0.00s
[1337.282s][info ][safepoint    ] Leaving safepoint region
[1337.282s][info ][safepoint    ] Total time for which application threads were stopped: 0.0033129 seconds, Stopping threads took: 0.0000183 seconds
[1338.282s][info ][safepoint    ] Application time: 1.0001294 seconds
[1338.282s][info ][safepoint    ] Entering safepoint region: Cleanup
[1338.282s][info ][safepoint    ] Leaving safepoint region
[1338.282s][info ][safepoint    ] Total time for which application threads were stopped: 0.0001102 seconds, Stopping threads took: 0.0000433 seconds
[1338.481s][info ][safepoint    ] Application time: 0.1989423 seconds
[1338.481s][info ][safepoint    ] Entering safepoint region: GenCollectForAllocation
[1338.482s][info ][gc,start     ] GC(1053) Pause Young (Allocation Failure)
[1338.482s][info ][gc,task      ] GC(1053) Using 4 workers of 4 for evacuation
[1338.484s][debug][gc,ref       ] GC(1053) Skipped phase1 of Reference Processing due to unavailable references
[1338.484s][debug][gc,ref       ] GC(1053) Skipped phase2 of Reference Processing due to unavailable references
[1338.484s][debug][gc,ref       ] GC(1053) Skipped phase3 of Reference Processing due to unavailable references
[1338.484s][debug][gc,ref       ] GC(1053) Skipped phase4 of Reference Processing due to unavailable references
[1338.484s][debug][gc,age       ] GC(1053) Desired survivor size 15368192 bytes, new threshold 6 (max threshold 6)
[1338.485s][info ][gc,heap      ] GC(1053) ParNew: 241120K->754K(270336K)
[1338.485s][info ][gc,heap      ] GC(1053) CMS: 520636K->520650K(721596K)
[1338.485s][info ][gc,metaspace ] GC(1053) Metaspace: 66228K->66228K(1110016K)
[1338.485s][info ][gc           ] GC(1053) Pause Young (Allocation Failure) 743M->509M(968M) 2.936ms
[1338.485s][info ][gc,cpu       ] GC(1053) User=0.01s Sys=0.00s Real=0.00s
[1338.485s][info ][safepoint    ] Leaving safepoint region
[1338.485s][info ][safepoint    ] Total time for which application threads were stopped: 0.0031191 seconds, Stopping threads took: 0.0000322 seconds
[1339.485s][info ][safepoint    ] Application time: 1.0000809 seconds
[1339.485s][info ][safepoint    ] Entering safepoint region: Cleanup
[1339.485s][info ][safepoint    ] Leaving safepoint region
[1339.485s][info ][safepoint    ] Total time for which application threads were stopped: 0.0002764 seconds, Stopping threads took: 0.0000456 seconds
[1339.677s][info ][safepoint    ] Application time: 0.1920070 seconds
[1339.677s][info ][safepoint    ] Entering safepoint region: GenCollectForAllocation
[1339.677s][info ][gc,start     ] GC(1054) Pause Young (Allocation Failure)
[1339.677s][info ][gc,task      ] GC(1054) Using 4 workers of 4 for evacuation
[1339.681s][debug][gc,ref       ] GC(1054) Skipped phase1 of Reference Processing due to unavailable references
[1339.681s][debug][gc,ref       ] GC(1054) Skipped phase2 of Reference Processing due to unavailable references
[1339.681s][debug][gc,ref       ] GC(1054) Skipped phase3 of Reference Processing due to unavailable references
[1339.681s][debug][gc,ref       ] GC(1054) Skipped phase4 of Reference Processing due to unavailable references
[1339.681s][debug][gc,age       ] GC(1054) Desired survivor size 15368192 bytes, new threshold 6 (max threshold 6)
[1339.688s][info ][gc,heap      ] GC(1054) ParNew: 241074K->800K(270336K)
[1339.688s][info ][gc,heap      ] GC(1054) CMS: 520650K->520666K(721596K)
[1339.688s][info ][gc,metaspace ] GC(1054) Metaspace: 66228K->66228K(1110016K)
[1339.688s][info ][gc           ] GC(1054) Pause Young (Allocation Failure) 743M->509M(968M) 10.499ms
[1339.688s][info ][gc,cpu       ] GC(1054) User=0.01s Sys=0.00s Real=0.00s
[1339.688s][info ][safepoint    ] Leaving safepoint region
[1339.688s][info ][safepoint    ] Total time for which application threads were stopped: 0.0107114 seconds, Stopping threads took: 0.0000175 seconds
[1340.688s][info ][safepoint    ] Application time: 1.0000964 seconds
[1340.688s][info ][safepoint    ] Entering safepoint region: Cleanup
[1340.688s][info ][safepoint    ] Leaving safepoint region
[1340.688s][info ][safepoint    ] Total time for which application threads were stopped: 0.0000832 seconds, Stopping threads took: 0.0000194 seconds
[1340.870s][info ][safepoint    ] Application time: 0.1819997 seconds
[1340.870s][info ][safepoint    ] Entering safepoint region: GenCollectForAllocation
[1340.870s][info ][gc,start     ] GC(1055) Pause Young (Allocation Failure)
[1340.870s][info ][gc,task      ] GC(1055) Using 4 workers of 4 for evacuation
[1340.873s][debug][gc,ref       ] GC(1055) Skipped phase1 of Reference Processing due to unavailable references
[1340.873s][debug][gc,ref       ] GC(1055) Skipped phase2 of Reference Processing due to unavailable references
[1340.873s][debug][gc,ref       ] GC(1055) Skipped phase3 of Reference Processing due to unavailable references
[1340.873s][debug][gc,ref       ] GC(1055) Skipped phase4 of Reference Processing due to unavailable references
[1340.873s][debug][gc,age       ] GC(1055) Desired survivor size 15368192 bytes, new threshold 6 (max threshold 6)
[1340.874s][info ][gc,heap      ] GC(1055) ParNew: 241120K->708K(270336K)
[1340.874s][info ][gc,heap      ] GC(1055) CMS: 520666K->520715K(721596K)
[1340.874s][info ][gc,metaspace ] GC(1055) Metaspace: 66228K->66228K(1110016K)
[1340.874s][info ][gc           ] GC(1055) Pause Young (Allocation Failure) 743M->509M(968M) 3.407ms
[1340.874s][info ][gc,cpu       ] GC(1055) User=0.01s Sys=0.00s Real=0.00s
[1340.874s][info ][safepoint    ] Leaving safepoint region
[1340.874s][info ][safepoint    ] Total time for which application threads were stopped: 0.0035606 seconds, Stopping threads took: 0.0000182 seconds
[1341.874s][info ][safepoint    ] Application time: 1.0001295 seconds
[1341.874s][info ][safepoint    ] Entering safepoint region: Cleanup
[1341.874s][info ][safepoint    ] Leaving safepoint region
[1341.874s][info ][safepoint    ] Total time for which application threads were stopped: 0.0001856 seconds, Stopping threads took: 0.0000646 seconds
[1342.069s][info ][safepoint    ] Application time: 0.1951683 seconds
[1342.069s][info ][safepoint    ] Entering safepoint region: GenCollectForAllocation
[1342.069s][info ][gc,start     ] GC(1056) Pause Young (Allocation Failure)
[1342.069s][info ][gc,task      ] GC(1056) Using 4 workers of 4 for evacuation
[1342.072s][debug][gc,ref       ] GC(1056) Skipped phase1 of Reference Processing due to unavailable references
[1342.072s][debug][gc,ref       ] GC(1056) Skipped phase2 of Reference Processing due to unavailable references
[1342.072s][debug][gc,ref       ] GC(1056) Skipped phase3 of Reference Processing due to unavailable references
[1342.072s][debug][gc,ref       ] GC(1056) Skipped phase4 of Reference Processing due to unavailable references
[1342.073s][debug][gc,age       ] GC(1056) Desired survivor size 15368192 bytes, new threshold 6 (max threshold 6)
[1342.073s][info ][gc,heap      ] GC(1056) ParNew: 241028K->837K(270336K)
[1342.073s][info ][gc,heap      ] GC(1056) CMS: 520715K->520787K(721596K)
[1342.073s][info ][gc,metaspace ] GC(1056) Metaspace: 66230K->66230K(1110016K)
[1342.073s][info ][gc           ] GC(1056) Pause Young (Allocation Failure) 743M->509M(968M) 3.366ms
[1342.073s][info ][gc,cpu       ] GC(1056) User=0.01s Sys=0.00s Real=0.00s
[1342.073s][info ][safepoint    ] Leaving safepoint region
[1342.073s][info ][safepoint    ] Total time for which application threads were stopped: 0.0035388 seconds, Stopping threads took: 0.0000187 seconds
[1343.073s][info ][safepoint    ] Application time: 1.0001390 seconds
[1343.073s][info ][safepoint    ] Entering safepoint region: Cleanup
[1343.073s][info ][safepoint    ] Leaving safepoint region
[1343.073s][info ][safepoint    ] Total time for which application threads were stopped: 0.0001380 seconds, Stopping threads took: 0.0000488 seconds
[1343.272s][info ][safepoint    ] Application time: 0.1991308 seconds
[1343.272s][info ][safepoint    ] Entering safepoint region: GenCollectForAllocation
[1343.272s][info ][gc,start     ] GC(1057) Pause Young (Allocation Failure)
[1343.272s][info ][gc,task      ] GC(1057) Using 4 workers of 4 for evacuation
[1343.275s][debug][gc,ref       ] GC(1057) Skipped phase1 of Reference Processing due to unavailable references
[1343.275s][debug][gc,ref       ] GC(1057) Skipped phase2 of Reference Processing due to unavailable references
[1343.275s][debug][gc,ref       ] GC(1057) Skipped phase3 of Reference Processing due to unavailable references
[1343.275s][debug][gc,ref       ] GC(1057) Skipped phase4 of Reference Processing due to unavailable references
[1343.276s][debug][gc,age       ] GC(1057) Desired survivor size 15368192 bytes, new threshold 6 (max threshold 6)
[1343.276s][info ][gc,heap      ] GC(1057) ParNew: 241157K->764K(270336K)
[1343.276s][info ][gc,heap      ] GC(1057) CMS: 520787K->520861K(721596K)
[1343.276s][info ][gc,metaspace ] GC(1057) Metaspace: 66233K->66233K(1110016K)
[1343.276s][info ][gc           ] GC(1057) Pause Young (Allocation Failure) 744M->509M(968M) 3.483ms
[1343.276s][info ][gc,cpu       ] GC(1057) User=0.01s Sys=0.00s Real=0.01s
[1343.276s][info ][safepoint    ] Leaving safepoint region
[1343.276s][info ][safepoint    ] Total time for which application threads were stopped: 0.0036227 seconds, Stopping threads took: 0.0000182 seconds
[1344.276s][info ][safepoint    ] Application time: 1.0001422 seconds
[1344.276s][info ][safepoint    ] Entering safepoint region: Cleanup
[1344.276s][info ][safepoint    ] Leaving safepoint region
[1344.276s][info ][safepoint    ] Total time for which application threads were stopped: 0.0001375 seconds, Stopping threads took: 0.0000628 seconds
[1344.465s][info ][safepoint    ] Application time: 0.1891741 seconds
[1344.465s][info ][safepoint    ] Entering safepoint region: GenCollectForAllocation
[1344.465s][info ][gc,start     ] GC(1058) Pause Young (Allocation Failure)
[1344.465s][info ][gc,task      ] GC(1058) Using 4 workers of 4 for evacuation
[1344.468s][debug][gc,ref       ] GC(1058) Skipped phase1 of Reference Processing due to unavailable references
[1344.468s][debug][gc,ref       ] GC(1058) Skipped phase2 of Reference Processing due to unavailable references
[1344.468s][debug][gc,ref       ] GC(1058) Skipped phase3 of Reference Processing due to unavailable references
[1344.468s][debug][gc,ref       ] GC(1058) Skipped phase4 of Reference Processing due to unavailable references
[1344.469s][debug][gc,age       ] GC(1058) Desired survivor size 15368192 bytes, new threshold 6 (max threshold 6)
[1344.469s][info ][gc,heap      ] GC(1058) ParNew: 241084K->1006K(270336K)
[1344.469s][info ][gc,heap      ] GC(1058) CMS: 520861K->520884K(721596K)
[1344.469s][info ][gc,metaspace ] GC(1058) Metaspace: 66233K->66233K(1110016K)
[1344.469s][info ][gc           ] GC(1058) Pause Young (Allocation Failure) 744M->509M(968M) 3.288ms
[1344.469s][info ][gc,cpu       ] GC(1058) User=0.01s Sys=0.00s Real=0.01s
[1344.469s][info ][safepoint    ] Leaving safepoint region
[1344.469s][info ][safepoint    ] Total time for which application threads were stopped: 0.0034446 seconds, Stopping threads took: 0.0000195 seconds
[1345.469s][info ][safepoint    ] Application time: 1.0001304 seconds
[1345.469s][info ][safepoint    ] Entering safepoint region: Cleanup
[1345.469s][info ][safepoint    ] Leaving safepoint region
[1345.469s][info ][safepoint    ] Total time for which application threads were stopped: 0.0001301 seconds, Stopping threads took: 0.0000433 seconds
[1345.648s][info ][safepoint    ] Application time: 0.1790473 seconds
[1345.648s][info ][safepoint    ] Entering safepoint region: GenCollectForAllocation
[1345.648s][info ][gc,start     ] GC(1059) Pause Young (Allocation Failure)
[1345.648s][info ][gc,task      ] GC(1059) Using 4 workers of 4 for evacuation
[1345.651s][debug][gc,ref       ] GC(1059) Skipped phase1 of Reference Processing due to unavailable references
[1345.651s][debug][gc,ref       ] GC(1059) Skipped phase2 of Reference Processing due to unavailable references
[1345.651s][debug][gc,ref       ] GC(1059) Skipped phase3 of Reference Processing due to unavailable references
[1345.651s][debug][gc,ref       ] GC(1059) Skipped phase4 of Reference Processing due to unavailable references
[1345.651s][debug][gc,age       ] GC(1059) Desired survivor size 15368192 bytes, new threshold 6 (max threshold 6)
[1345.651s][info ][gc,heap      ] GC(1059) ParNew: 241326K->728K(270336K)
[1345.651s][info ][gc,heap      ] GC(1059) CMS: 520884K->520971K(721596K)
[1345.651s][info ][gc,metaspace ] GC(1059) Metaspace: 66244K->66244K(1110016K)
[1345.651s][info ][gc           ] GC(1059) Pause Young (Allocation Failure) 744M->509M(968M) 3.166ms
[1345.651s][info ][gc,cpu       ] GC(1059) User=0.01s Sys=0.01s Real=0.00s
[1345.651s][info ][safepoint    ] Leaving safepoint region
[1345.651s][info ][safepoint    ] Total time for which application threads were stopped: 0.0033440 seconds, Stopping threads took: 0.0000436 seconds
[1346.652s][info ][safepoint    ] Application time: 1.0001586 seconds
[1346.652s][info ][safepoint    ] Entering safepoint region: Cleanup
[1346.652s][info ][safepoint    ] Leaving safepoint region
[1346.652s][info ][safepoint    ] Total time for which application threads were stopped: 0.0001342 seconds, Stopping threads took: 0.0000578 seconds
[1346.827s][info ][safepoint    ] Application time: 0.1755723 seconds
[1346.827s][info ][safepoint    ] Entering safepoint region: GenCollectForAllocation
[1346.828s][info ][gc,start     ] GC(1060) Pause Young (Allocation Failure)
[1346.828s][info ][gc,task      ] GC(1060) Using 4 workers of 4 for evacuation
[1346.831s][debug][gc,ref       ] GC(1060) Skipped phase1 of Reference Processing due to unavailable references
[1346.831s][debug][gc,ref       ] GC(1060) Skipped phase2 of Reference Processing due to unavailable references
[1346.831s][debug][gc,ref       ] GC(1060) Skipped phase3 of Reference Processing due to unavailable references
[1346.831s][debug][gc,ref       ] GC(1060) Skipped phase4 of Reference Processing due to unavailable references
[1346.831s][debug][gc,age       ] GC(1060) Desired survivor size 15368192 bytes, new threshold 6 (max threshold 6)
[1346.831s][info ][gc,heap      ] GC(1060) ParNew: 241048K->817K(270336K)
[1346.831s][info ][gc,heap      ] GC(1060) CMS: 520971K->521022K(721596K)
[1346.831s][info ][gc,metaspace ] GC(1060) Metaspace: 66244K->66244K(1110016K)
[1346.831s][info ][gc           ] GC(1060) Pause Young (Allocation Failure) 744M->509M(968M) 3.279ms
[1346.831s][info ][gc,cpu       ] GC(1060) User=0.01s Sys=0.00s Real=0.01s
[1346.831s][info ][safepoint    ] Leaving safepoint region
[1346.831s][info ][safepoint    ] Total time for which application threads were stopped: 0.0034367 seconds, Stopping threads took: 0.0000187 seconds
[1347.831s][info ][safepoint    ] Application time: 1.0000936 seconds
[1347.831s][info ][safepoint    ] Entering safepoint region: Cleanup
[1347.831s][info ][safepoint    ] Leaving safepoint region
[1347.831s][info ][safepoint    ] Total time for which application threads were stopped: 0.0001155 seconds, Stopping threads took: 0.0000411 seconds
[1348.028s][info ][safepoint    ] Application time: 0.1968472 seconds
[1348.028s][info ][safepoint    ] Entering safepoint region: GenCollectForAllocation
[1348.028s][info ][gc,start     ] GC(1061) Pause Young (Allocation Failure)
[1348.028s][info ][gc,task      ] GC(1061) Using 4 workers of 4 for evacuation
[1348.031s][debug][gc,ref       ] GC(1061) Skipped phase1 of Reference Processing due to unavailable references
[1348.031s][debug][gc,ref       ] GC(1061) Skipped phase2 of Reference Processing due to unavailable references
[1348.031s][debug][gc,ref       ] GC(1061) Skipped phase3 of Reference Processing due to unavailable references
[1348.031s][debug][gc,ref       ] GC(1061) Skipped phase4 of Reference Processing due to unavailable references
[1348.031s][debug][gc,age       ] GC(1061) Desired survivor size 15368192 bytes, new threshold 6 (max threshold 6)
[1348.031s][info ][gc,heap      ] GC(1061) ParNew: 241137K->926K(270336K)
[1348.031s][info ][gc,heap      ] GC(1061) CMS: 521022K->521074K(721596K)
[1348.031s][info ][gc,metaspace ] GC(1061) Metaspace: 66244K->66244K(1110016K)
[1348.031s][info ][gc           ] GC(1061) Pause Young (Allocation Failure) 744M->509M(968M) 3.217ms
[1348.031s][info ][gc,cpu       ] GC(1061) User=0.01s Sys=0.00s Real=0.00s
[1348.031s][info ][safepoint    ] Leaving safepoint region
[1348.031s][info ][safepoint    ] Total time for which application threads were stopped: 0.0033719 seconds, Stopping threads took: 0.0000199 seconds
[1349.032s][info ][safepoint    ] Application time: 1.0001303 seconds
[1349.032s][info ][safepoint    ] Entering safepoint region: Cleanup
[1349.032s][info ][safepoint    ] Leaving safepoint region
[1349.032s][info ][safepoint    ] Total time for which application threads were stopped: 0.0001308 seconds, Stopping threads took: 0.0000425 seconds
[1349.215s][info ][safepoint    ] Application time: 0.1829946 seconds
[1349.215s][info ][safepoint    ] Entering safepoint region: GenCollectForAllocation
[1349.215s][info ][gc,start     ] GC(1062) Pause Young (Allocation Failure)
[1349.215s][info ][gc,task      ] GC(1062) Using 4 workers of 4 for evacuation
[1349.218s][debug][gc,ref       ] GC(1062) Skipped phase1 of Reference Processing due to unavailable references
[1349.218s][debug][gc,ref       ] GC(1062) Skipped phase2 of Reference Processing due to unavailable references
[1349.218s][debug][gc,ref       ] GC(1062) Skipped phase3 of Reference Processing due to unavailable references
[1349.218s][debug][gc,ref       ] GC(1062) Skipped phase4 of Reference Processing due to unavailable references
[1349.218s][debug][gc,age       ] GC(1062) Desired survivor size 15368192 bytes, new threshold 6 (max threshold 6)
[1349.218s][info ][gc,heap      ] GC(1062) ParNew: 241246K->958K(270336K)
[1349.218s][info ][gc,heap      ] GC(1062) CMS: 521074K->521201K(721596K)
[1349.218s][info ][gc,metaspace ] GC(1062) Metaspace: 66244K->66244K(1110016K)
[1349.219s][info ][gc           ] GC(1062) Pause Young (Allocation Failure) 744M->509M(968M) 3.590ms
[1349.219s][info ][gc,cpu       ] GC(1062) User=0.02s Sys=0.00s Real=0.01s
[1349.219s][info ][safepoint    ] Leaving safepoint region
[1349.219s][info ][safepoint    ] Total time for which application threads were stopped: 0.0037752 seconds, Stopping threads took: 0.0000341 seconds
[1350.219s][info ][safepoint    ] Application time: 1.0001369 seconds
[1350.219s][info ][safepoint    ] Entering safepoint region: Cleanup
[1350.219s][info ][safepoint    ] Leaving safepoint region
[1350.219s][info ][safepoint    ] Total time for which application threads were stopped: 0.0001322 seconds, Stopping threads took: 0.0000442 seconds
[1350.411s][info ][safepoint    ] Application time: 0.1923276 seconds
[1350.411s][info ][safepoint    ] Entering safepoint region: GenCollectForAllocation
[1350.411s][info ][gc,start     ] GC(1063) Pause Young (Allocation Failure)
[1350.411s][info ][gc,task      ] GC(1063) Using 4 workers of 4 for evacuation
[1350.415s][debug][gc,ref       ] GC(1063) Skipped phase1 of Reference Processing due to unavailable references
[1350.415s][debug][gc,ref       ] GC(1063) Skipped phase2 of Reference Processing due to unavailable references
[1350.415s][debug][gc,ref       ] GC(1063) Skipped phase3 of Reference Processing due to unavailable references
[1350.415s][debug][gc,ref       ] GC(1063) Skipped phase4 of Reference Processing due to unavailable references
[1350.415s][debug][gc,age       ] GC(1063) Desired survivor size 15368192 bytes, new threshold 6 (max threshold 6)
[1350.415s][info ][gc,heap      ] GC(1063) ParNew: 241278K->1154K(270336K)
[1350.415s][info ][gc,heap      ] GC(1063) CMS: 521201K->521203K(721596K)
[1350.415s][info ][gc,metaspace ] GC(1063) Metaspace: 66244K->66244K(1110016K)
[1350.415s][info ][gc           ] GC(1063) Pause Young (Allocation Failure) 744M->510M(968M) 3.898ms
[1350.415s][info ][gc,cpu       ] GC(1063) User=0.01s Sys=0.00s Real=0.00s
[1350.415s][info ][safepoint    ] Leaving safepoint region
[1350.415s][info ][safepoint    ] Total time for which application threads were stopped: 0.0041603 seconds, Stopping threads took: 0.0000325 seconds
[1351.415s][info ][safepoint    ] Application time: 1.0001000 seconds
[1351.416s][info ][safepoint    ] Entering safepoint region: Cleanup
[1351.416s][info ][safepoint    ] Leaving safepoint region
[1351.416s][info ][safepoint    ] Total time for which application threads were stopped: 0.0001955 seconds, Stopping threads took: 0.0001000 seconds
[1351.583s][info ][safepoint    ] Application time: 0.1673503 seconds
[1351.592s][info ][safepoint    ] Entering safepoint region: GenCollectForAllocation
[1351.592s][info ][gc,start     ] GC(1064) Pause Young (Allocation Failure)
[1351.592s][info ][gc,task      ] GC(1064) Using 4 workers of 4 for evacuation
[1351.596s][debug][gc,ref       ] GC(1064) Skipped phase1 of Reference Processing due to unavailable references
[1351.596s][debug][gc,ref       ] GC(1064) Skipped phase2 of Reference Processing due to unavailable references
[1351.596s][debug][gc,ref       ] GC(1064) Skipped phase3 of Reference Processing due to unavailable references
[1351.596s][debug][gc,ref       ] GC(1064) Skipped phase4 of Reference Processing due to unavailable references
[1351.596s][debug][gc,age       ] GC(1064) Desired survivor size 15368192 bytes, new threshold 6 (max threshold 6)
[1351.596s][info ][gc,heap      ] GC(1064) ParNew: 241474K->1293K(270336K)
[1351.596s][info ][gc,heap      ] GC(1064) CMS: 521203K->521249K(721596K)
[1351.596s][info ][gc,metaspace ] GC(1064) Metaspace: 66244K->66244K(1110016K)
[1351.596s][info ][gc           ] GC(1064) Pause Young (Allocation Failure) 744M->510M(968M) 3.513ms
[1351.596s][info ][gc,cpu       ] GC(1064) User=0.01s Sys=0.01s Real=0.01s
[1351.596s][info ][safepoint    ] Leaving safepoint region
[1351.596s][info ][safepoint    ] Total time for which application threads were stopped: 0.0036871 seconds, Stopping threads took: 0.0000382 seconds
[1352.596s][info ][safepoint    ] Application time: 1.0000959 seconds
[1352.596s][info ][safepoint    ] Entering safepoint region: Cleanup
[1352.596s][info ][safepoint    ] Leaving safepoint region
[1352.596s][info ][safepoint    ] Total time for which application threads were stopped: 0.0001085 seconds, Stopping threads took: 0.0000462 seconds
[1352.801s][info ][safepoint    ] Application time: 0.2052464 seconds
[1352.801s][info ][safepoint    ] Entering safepoint region: GenCollectForAllocation
[1352.801s][info ][gc,start     ] GC(1065) Pause Young (Allocation Failure)
[1352.802s][info ][gc,task      ] GC(1065) Using 4 workers of 4 for evacuation
[1352.805s][debug][gc,ref       ] GC(1065) Skipped phase1 of Reference Processing due to unavailable references
[1352.805s][debug][gc,ref       ] GC(1065) Skipped phase2 of Reference Processing due to unavailable references
[1352.805s][debug][gc,ref       ] GC(1065) Skipped phase3 of Reference Processing due to unavailable references
[1352.805s][debug][gc,ref       ] GC(1065) Skipped phase4 of Reference Processing due to unavailable references
[1352.805s][debug][gc,age       ] GC(1065) Desired survivor size 15368192 bytes, new threshold 6 (max threshold 6)
[1352.805s][info ][gc,heap      ] GC(1065) ParNew: 241613K->1397K(270336K)
[1352.805s][info ][gc,heap      ] GC(1065) CMS: 521249K->521254K(721596K)
[1352.805s][info ][gc,metaspace ] GC(1065) Metaspace: 66244K->66244K(1110016K)
[1352.805s][info ][gc           ] GC(1065) Pause Young (Allocation Failure) 744M->510M(968M) 3.547ms
[1352.805s][info ][gc,cpu       ] GC(1065) User=0.01s Sys=0.00s Real=0.00s
[1352.805s][info ][safepoint    ] Leaving safepoint region
[1352.805s][info ][safepoint    ] Total time for which application threads were stopped: 0.0036925 seconds, Stopping threads took: 0.0000165 seconds
[1353.805s][info ][safepoint    ] Application time: 1.0000948 seconds
[1353.809s][info ][safepoint    ] Entering safepoint region: Cleanup
[1353.809s][info ][safepoint    ] Leaving safepoint region
[1353.809s][info ][safepoint    ] Total time for which application threads were stopped: 0.0038328 seconds, Stopping threads took: 0.0037566 seconds
[1354.000s][info ][safepoint    ] Application time: 0.1912252 seconds
[1354.000s][info ][safepoint    ] Entering safepoint region: GenCollectForAllocation
[1354.000s][info ][gc,start     ] GC(1066) Pause Young (Allocation Failure)
[1354.000s][info ][gc,task      ] GC(1066) Using 4 workers of 4 for evacuation
[1354.008s][debug][gc,ref       ] GC(1066) Skipped phase1 of Reference Processing due to unavailable references
[1354.008s][debug][gc,ref       ] GC(1066) Skipped phase2 of Reference Processing due to unavailable references
[1354.008s][debug][gc,ref       ] GC(1066) Skipped phase3 of Reference Processing due to unavailable references
[1354.008s][debug][gc,ref       ] GC(1066) Skipped phase4 of Reference Processing due to unavailable references
[1354.008s][debug][gc,age       ] GC(1066) Desired survivor size 15368192 bytes, new threshold 6 (max threshold 6)
[1354.008s][info ][gc,heap      ] GC(1066) ParNew: 241717K->1233K(270336K)
[1354.008s][info ][gc,heap      ] GC(1066) CMS: 521254K->521450K(721596K)
[1354.008s][info ][gc,metaspace ] GC(1066) Metaspace: 66244K->66244K(1110016K)
[1354.008s][info ][gc           ] GC(1066) Pause Young (Allocation Failure) 745M->510M(968M) 7.598ms
[1354.008s][info ][gc,cpu       ] GC(1066) User=0.01s Sys=0.00s Real=0.01s
[1354.008s][info ][safepoint    ] Leaving safepoint region
[1354.008s][info ][safepoint    ] Total time for which application threads were stopped: 0.0077519 seconds, Stopping threads took: 0.0000173 seconds
[1355.008s][info ][safepoint    ] Application time: 1.0001256 seconds
[1355.008s][info ][safepoint    ] Entering safepoint region: Cleanup
[1355.008s][info ][safepoint    ] Leaving safepoint region
[1355.008s][info ][safepoint    ] Total time for which application threads were stopped: 0.0001585 seconds, Stopping threads took: 0.0000770 seconds
[1355.202s][info ][safepoint    ] Application time: 0.1931298 seconds
[1355.202s][info ][safepoint    ] Entering safepoint region: GenCollectForAllocation
[1355.202s][info ][gc,start     ] GC(1067) Pause Young (Allocation Failure)
[1355.202s][info ][gc,task      ] GC(1067) Using 4 workers of 4 for evacuation
[1355.205s][debug][gc,ref       ] GC(1067) Skipped phase1 of Reference Processing due to unavailable references
[1355.205s][debug][gc,ref       ] GC(1067) Skipped phase2 of Reference Processing due to unavailable references
[1355.205s][debug][gc,ref       ] GC(1067) Skipped phase3 of Reference Processing due to unavailable references
[1355.205s][debug][gc,ref       ] GC(1067) Skipped phase4 of Reference Processing due to unavailable references
[1355.206s][debug][gc,age       ] GC(1067) Desired survivor size 15368192 bytes, new threshold 6 (max threshold 6)
[1355.206s][info ][gc,heap      ] GC(1067) ParNew: 241553K->1326K(270336K)
[1355.206s][info ][gc,heap      ] GC(1067) CMS: 521450K->521501K(721596K)
[1355.206s][info ][gc,metaspace ] GC(1067) Metaspace: 66244K->66244K(1110016K)
[1355.206s][info ][gc           ] GC(1067) Pause Young (Allocation Failure) 745M->510M(968M) 4.018ms
[1355.206s][info ][gc,cpu       ] GC(1067) User=0.02s Sys=0.00s Real=0.00s
[1355.206s][info ][safepoint    ] Leaving safepoint region
[1355.206s][info ][safepoint    ] Total time for which application threads were stopped: 0.0041750 seconds, Stopping threads took: 0.0000190 seconds
[1356.206s][info ][safepoint    ] Application time: 1.0000969 seconds
[1356.206s][info ][safepoint    ] Entering safepoint region: Cleanup
[1356.206s][info ][safepoint    ] Leaving safepoint region
[1356.206s][info ][safepoint    ] Total time for which application threads were stopped: 0.0001570 seconds, Stopping threads took: 0.0000883 seconds
[1356.400s][info ][safepoint    ] Application time: 0.1936504 seconds
[1356.400s][info ][safepoint    ] Entering safepoint region: GenCollectForAllocation
[1356.400s][info ][gc,start     ] GC(1068) Pause Young (Allocation Failure)
[1356.400s][info ][gc,task      ] GC(1068) Using 4 workers of 4 for evacuation
[1356.403s][debug][gc,ref       ] GC(1068) Skipped phase1 of Reference Processing due to unavailable references
[1356.403s][debug][gc,ref       ] GC(1068) Skipped phase2 of Reference Processing due to unavailable references
[1356.403s][debug][gc,ref       ] GC(1068) Skipped phase3 of Reference Processing due to unavailable references
[1356.403s][debug][gc,ref       ] GC(1068) Skipped phase4 of Reference Processing due to unavailable references
[1356.403s][debug][gc,age       ] GC(1068) Desired survivor size 15368192 bytes, new threshold 6 (max threshold 6)
[1356.403s][info ][gc,heap      ] GC(1068) ParNew: 241646K->850K(270336K)
[1356.403s][info ][gc,heap      ] GC(1068) CMS: 521501K->521655K(721596K)
[1356.403s][info ][gc,metaspace ] GC(1068) Metaspace: 66245K->66245K(1110016K)
[1356.403s][info ][gc           ] GC(1068) Pause Young (Allocation Failure) 745M->510M(968M) 3.091ms
[1356.403s][info ][gc,cpu       ] GC(1068) User=0.01s Sys=0.00s Real=0.00s
[1356.403s][info ][safepoint    ] Leaving safepoint region
[1356.403s][info ][safepoint    ] Total time for which application threads were stopped: 0.0032831 seconds, Stopping threads took: 0.0000415 seconds
[1357.403s][info ][safepoint    ] Application time: 1.0001951 seconds
[1357.403s][info ][safepoint    ] Entering safepoint region: Cleanup
[1357.403s][info ][safepoint    ] Leaving safepoint region
[1357.403s][info ][safepoint    ] Total time for which application threads were stopped: 0.0001097 seconds, Stopping threads took: 0.0000420 seconds
[1357.602s][info ][safepoint    ] Application time: 0.1983140 seconds
[1357.602s][info ][safepoint    ] Entering safepoint region: GenCollectForAllocation
[1357.602s][info ][gc,start     ] GC(1069) Pause Young (Allocation Failure)
[1357.602s][info ][gc,task      ] GC(1069) Using 4 workers of 4 for evacuation
[1357.608s][debug][gc,ref       ] GC(1069) Skipped phase1 of Reference Processing due to unavailable references
[1357.608s][debug][gc,ref       ] GC(1069) Skipped phase2 of Reference Processing due to unavailable references
[1357.608s][debug][gc,ref       ] GC(1069) Skipped phase3 of Reference Processing due to unavailable references
[1357.608s][debug][gc,ref       ] GC(1069) Skipped phase4 of Reference Processing due to unavailable references
[1357.608s][debug][gc,age       ] GC(1069) Desired survivor size 15368192 bytes, new threshold 6 (max threshold 6)
[1357.608s][info ][gc,heap      ] GC(1069) ParNew: 241170K->830K(270336K)
[1357.608s][info ][gc,heap      ] GC(1069) CMS: 521655K->521727K(721596K)
[1357.608s][info ][gc,metaspace ] GC(1069) Metaspace: 66245K->66245K(1110016K)
[1357.608s][info ][gc           ] GC(1069) Pause Young (Allocation Failure) 744M->510M(968M) 6.239ms
[1357.608s][info ][gc,cpu       ] GC(1069) User=0.01s Sys=0.00s Real=0.01s
[1357.608s][info ][safepoint    ] Leaving safepoint region
[1357.608s][info ][safepoint    ] Total time for which application threads were stopped: 0.0064039 seconds, Stopping threads took: 0.0000182 seconds
[1358.608s][info ][safepoint    ] Application time: 1.0001031 seconds
[1358.608s][info ][safepoint    ] Entering safepoint region: Cleanup
[1358.608s][info ][safepoint    ] Leaving safepoint region
[1358.608s][info ][safepoint    ] Total time for which application threads were stopped: 0.0001182 seconds, Stopping threads took: 0.0000449 seconds
[1358.786s][info ][safepoint    ] Application time: 0.1773149 seconds
[1358.786s][info ][safepoint    ] Entering safepoint region: GenCollectForAllocation
[1358.786s][info ][gc,start     ] GC(1070) Pause Young (Allocation Failure)
[1358.786s][info ][gc,task      ] GC(1070) Using 4 workers of 4 for evacuation
[1358.789s][debug][gc,ref       ] GC(1070) Skipped phase1 of Reference Processing due to unavailable references
[1358.789s][debug][gc,ref       ] GC(1070) Skipped phase2 of Reference Processing due to unavailable references
[1358.789s][debug][gc,ref       ] GC(1070) Skipped phase3 of Reference Processing due to unavailable references
[1358.789s][debug][gc,ref       ] GC(1070) Skipped phase4 of Reference Processing due to unavailable references
[1358.790s][debug][gc,age       ] GC(1070) Desired survivor size 15368192 bytes, new threshold 6 (max threshold 6)
[1358.790s][info ][gc,heap      ] GC(1070) ParNew: 241150K->729K(270336K)
[1358.790s][info ][gc,heap      ] GC(1070) CMS: 521727K->521872K(721596K)
[1358.790s][info ][gc,metaspace ] GC(1070) Metaspace: 66245K->66245K(1110016K)
[1358.790s][info ][gc           ] GC(1070) Pause Young (Allocation Failure) 744M->510M(968M) 3.755ms
[1358.790s][info ][gc,cpu       ] GC(1070) User=0.01s Sys=0.00s Real=0.01s
[1358.790s][info ][safepoint    ] Leaving safepoint region
[1358.790s][info ][safepoint    ] Total time for which application threads were stopped: 0.0039373 seconds, Stopping threads took: 0.0000203 seconds
[1359.790s][info ][safepoint    ] Application time: 1.0003337 seconds
[1359.790s][info ][safepoint    ] Entering safepoint region: Cleanup
[1359.790s][info ][safepoint    ] Leaving safepoint region
[1359.790s][info ][safepoint    ] Total time for which application threads were stopped: 0.0000839 seconds, Stopping threads took: 0.0000239 seconds
[1359.979s][info ][safepoint    ] Application time: 0.1891434 seconds
[1359.979s][info ][safepoint    ] Entering safepoint region: GenCollectForAllocation
[1359.979s][info ][gc,start     ] GC(1071) Pause Young (Allocation Failure)
[1359.979s][info ][gc,task      ] GC(1071) Using 4 workers of 4 for evacuation
[1359.982s][debug][gc,ref       ] GC(1071) Skipped phase1 of Reference Processing due to unavailable references
[1359.982s][debug][gc,ref       ] GC(1071) Skipped phase2 of Reference Processing due to unavailable references
[1359.982s][debug][gc,ref       ] GC(1071) Skipped phase3 of Reference Processing due to unavailable references
[1359.982s][debug][gc,ref       ] GC(1071) Skipped phase4 of Reference Processing due to unavailable references
[1359.982s][debug][gc,age       ] GC(1071) Desired survivor size 15368192 bytes, new threshold 6 (max threshold 6)
[1359.982s][info ][gc,heap      ] GC(1071) ParNew: 241049K->749K(270336K)
[1359.982s][info ][gc,heap      ] GC(1071) CMS: 521872K->521879K(721596K)
[1359.982s][info ][gc,metaspace ] GC(1071) Metaspace: 66245K->66245K(1110016K)
[1359.982s][info ][gc           ] GC(1071) Pause Young (Allocation Failure) 745M->510M(968M) 2.928ms
[1359.982s][info ][gc,cpu       ] GC(1071) User=0.01s Sys=0.00s Real=0.00s
[1359.982s][info ][safepoint    ] Leaving safepoint region
[1359.982s][info ][safepoint    ] Total time for which application threads were stopped: 0.0031060 seconds, Stopping threads took: 0.0000209 seconds
[1360.982s][info ][safepoint    ] Application time: 1.0001010 seconds
[1360.983s][info ][safepoint    ] Entering safepoint region: Cleanup
[1360.983s][info ][safepoint    ] Leaving safepoint region
[1360.983s][info ][safepoint    ] Total time for which application threads were stopped: 0.0001142 seconds, Stopping threads took: 0.0000468 seconds
[1361.182s][info ][safepoint    ] Application time: 0.1992324 seconds
[1361.182s][info ][safepoint    ] Entering safepoint region: GenCollectForAllocation
[1361.182s][info ][gc,start     ] GC(1072) Pause Young (Allocation Failure)
[1361.182s][info ][gc,task      ] GC(1072) Using 4 workers of 4 for evacuation
[1361.185s][debug][gc,ref       ] GC(1072) Skipped phase1 of Reference Processing due to unavailable references
[1361.185s][debug][gc,ref       ] GC(1072) Skipped phase2 of Reference Processing due to unavailable references
[1361.185s][debug][gc,ref       ] GC(1072) Skipped phase3 of Reference Processing due to unavailable references
[1361.185s][debug][gc,ref       ] GC(1072) Skipped phase4 of Reference Processing due to unavailable references
[1361.185s][debug][gc,age       ] GC(1072) Desired survivor size 15368192 bytes, new threshold 6 (max threshold 6)
[1361.185s][info ][gc,heap      ] GC(1072) ParNew: 241069K->826K(270336K)
[1361.185s][info ][gc,heap      ] GC(1072) CMS: 521879K->521920K(721596K)
[1361.185s][info ][gc,metaspace ] GC(1072) Metaspace: 66245K->66245K(1110016K)
[1361.185s][info ][gc           ] GC(1072) Pause Young (Allocation Failure) 745M->510M(968M) 2.955ms
[1361.185s][info ][gc,cpu       ] GC(1072) User=0.01s Sys=0.00s Real=0.00s
[1361.185s][info ][safepoint    ] Leaving safepoint region
[1361.185s][info ][safepoint    ] Total time for which application threads were stopped: 0.0031141 seconds, Stopping threads took: 0.0000188 seconds
[1362.185s][info ][safepoint    ] Application time: 1.0000946 seconds
[1362.185s][info ][safepoint    ] Entering safepoint region: Cleanup
[1362.185s][info ][safepoint    ] Leaving safepoint region
[1362.185s][info ][safepoint    ] Total time for which application threads were stopped: 0.0001434 seconds, Stopping threads took: 0.0000714 seconds
[1362.382s][info ][safepoint    ] Application time: 0.1965089 seconds
[1362.382s][info ][safepoint    ] Entering safepoint region: GenCollectForAllocation
[1362.382s][info ][gc,start     ] GC(1073) Pause Young (Allocation Failure)
[1362.382s][info ][gc,task      ] GC(1073) Using 4 workers of 4 for evacuation
[1362.385s][debug][gc,ref       ] GC(1073) Skipped phase1 of Reference Processing due to unavailable references
[1362.385s][debug][gc,ref       ] GC(1073) Skipped phase2 of Reference Processing due to unavailable references
[1362.385s][debug][gc,ref       ] GC(1073) Skipped phase3 of Reference Processing due to unavailable references
[1362.385s][debug][gc,ref       ] GC(1073) Skipped phase4 of Reference Processing due to unavailable references
[1362.385s][debug][gc,age       ] GC(1073) Desired survivor size 15368192 bytes, new threshold 6 (max threshold 6)
[1362.385s][info ][gc,heap      ] GC(1073) ParNew: 241146K->877K(270336K)
[1362.385s][info ][gc,heap      ] GC(1073) CMS: 521920K->521977K(721596K)
[1362.385s][info ][gc,metaspace ] GC(1073) Metaspace: 66245K->66245K(1110016K)
[1362.385s][info ][gc           ] GC(1073) Pause Young (Allocation Failure) 745M->510M(968M) 3.142ms
[1362.385s][info ][gc,cpu       ] GC(1073) User=0.02s Sys=0.00s Real=0.00s
[1362.385s][info ][safepoint    ] Leaving safepoint region
[1362.385s][info ][safepoint    ] Total time for which application threads were stopped: 0.0033029 seconds, Stopping threads took: 0.0000165 seconds
[1363.385s][info ][safepoint    ] Application time: 1.0001302 seconds
[1363.386s][info ][safepoint    ] Entering safepoint region: Cleanup
[1363.386s][info ][safepoint    ] Leaving safepoint region
[1363.386s][info ][safepoint    ] Total time for which application threads were stopped: 0.0003714 seconds, Stopping threads took: 0.0001938 seconds
[1363.580s][info ][safepoint    ] Application time: 0.1943123 seconds
[1363.580s][info ][safepoint    ] Entering safepoint region: GenCollectForAllocation
[1363.580s][info ][gc,start     ] GC(1074) Pause Young (Allocation Failure)
[1363.580s][info ][gc,task      ] GC(1074) Using 4 workers of 4 for evacuation
[1363.583s][debug][gc,ref       ] GC(1074) Skipped phase1 of Reference Processing due to unavailable references
[1363.583s][debug][gc,ref       ] GC(1074) Skipped phase2 of Reference Processing due to unavailable references
[1363.583s][debug][gc,ref       ] GC(1074) Skipped phase3 of Reference Processing due to unavailable references
[1363.583s][debug][gc,ref       ] GC(1074) Skipped phase4 of Reference Processing due to unavailable references
[1363.583s][debug][gc,age       ] GC(1074) Desired survivor size 15368192 bytes, new threshold 6 (max threshold 6)
[1363.583s][info ][gc,heap      ] GC(1074) ParNew: 241197K->726K(270336K)
[1363.583s][info ][gc,heap      ] GC(1074) CMS: 521977K->522044K(721596K)
[1363.583s][info ][gc,metaspace ] GC(1074) Metaspace: 66245K->66245K(1110016K)
[1363.583s][info ][gc           ] GC(1074) Pause Young (Allocation Failure) 745M->510M(968M) 2.921ms
[1363.583s][info ][gc,cpu       ] GC(1074) User=0.01s Sys=0.00s Real=0.00s
[1363.583s][info ][safepoint    ] Leaving safepoint region
[1363.583s][info ][safepoint    ] Total time for which application threads were stopped: 0.0030812 seconds, Stopping threads took: 0.0000207 seconds
[1364.583s][info ][safepoint    ] Application time: 1.0000982 seconds
[1364.583s][info ][safepoint    ] Entering safepoint region: Cleanup
[1364.583s][info ][safepoint    ] Leaving safepoint region
[1364.583s][info ][safepoint    ] Total time for which application threads were stopped: 0.0000959 seconds, Stopping threads took: 0.0000245 seconds
[1364.779s][info ][safepoint    ] Application time: 0.1955262 seconds
[1364.779s][info ][safepoint    ] Entering safepoint region: GenCollectForAllocation
[1364.779s][info ][gc,start     ] GC(1075) Pause Young (Allocation Failure)
[1364.779s][info ][gc,task      ] GC(1075) Using 4 workers of 4 for evacuation
[1364.782s][debug][gc,ref       ] GC(1075) Skipped phase1 of Reference Processing due to unavailable references
[1364.782s][debug][gc,ref       ] GC(1075) Skipped phase2 of Reference Processing due to unavailable references
[1364.782s][debug][gc,ref       ] GC(1075) Skipped phase3 of Reference Processing due to unavailable references
[1364.782s][debug][gc,ref       ] GC(1075) Skipped phase4 of Reference Processing due to unavailable references
[1364.782s][debug][gc,age       ] GC(1075) Desired survivor size 15368192 bytes, new threshold 6 (max threshold 6)
[1364.782s][info ][gc,heap      ] GC(1075) ParNew: 241046K->829K(270336K)
[1364.782s][info ][gc,heap      ] GC(1075) CMS: 522044K->522048K(721596K)
[1364.782s][info ][gc,metaspace ] GC(1075) Metaspace: 66245K->66245K(1110016K)
[1364.782s][info ][gc           ] GC(1075) Pause Young (Allocation Failure) 745M->510M(968M) 2.863ms
[1364.782s][info ][gc,cpu       ] GC(1075) User=0.01s Sys=0.00s Real=0.00s
[1364.782s][info ][safepoint    ] Leaving safepoint region
[1364.782s][info ][safepoint    ] Total time for which application threads were stopped: 0.0030141 seconds, Stopping threads took: 0.0000183 seconds
[1365.782s][info ][safepoint    ] Application time: 1.0000944 seconds
[1365.782s][info ][safepoint    ] Entering safepoint region: Cleanup
[1365.782s][info ][safepoint    ] Leaving safepoint region
[1365.782s][info ][safepoint    ] Total time for which application threads were stopped: 0.0001103 seconds, Stopping threads took: 0.0000471 seconds
[1365.980s][info ][safepoint    ] Application time: 0.1980646 seconds
[1365.980s][info ][safepoint    ] Entering safepoint region: GenCollectForAllocation
[1365.980s][info ][gc,start     ] GC(1076) Pause Young (Allocation Failure)
[1365.980s][info ][gc,task      ] GC(1076) Using 4 workers of 4 for evacuation
[1365.984s][debug][gc,ref       ] GC(1076) Skipped phase1 of Reference Processing due to unavailable references
[1365.984s][debug][gc,ref       ] GC(1076) Skipped phase2 of Reference Processing due to unavailable references
[1365.984s][debug][gc,ref       ] GC(1076) Skipped phase3 of Reference Processing due to unavailable references
[1365.984s][debug][gc,ref       ] GC(1076) Skipped phase4 of Reference Processing due to unavailable references
[1365.984s][debug][gc,age       ] GC(1076) Desired survivor size 15368192 bytes, new threshold 6 (max threshold 6)
[1365.984s][info ][gc,heap      ] GC(1076) ParNew: 241149K->844K(270336K)
[1365.984s][info ][gc,heap      ] GC(1076) CMS: 522048K->522096K(721596K)
[1365.984s][info ][gc,metaspace ] GC(1076) Metaspace: 66246K->66246K(1110016K)
[1365.984s][info ][gc           ] GC(1076) Pause Young (Allocation Failure) 745M->510M(968M) 3.697ms
[1365.984s][info ][gc,cpu       ] GC(1076) User=0.01s Sys=0.00s Real=0.00s
[1365.984s][info ][safepoint    ] Leaving safepoint region
[1365.984s][info ][safepoint    ] Total time for which application threads were stopped: 0.0038683 seconds, Stopping threads took: 0.0000268 seconds
[1366.988s][info ][safepoint    ] Application time: 1.0040393 seconds
[1366.988s][info ][safepoint    ] Entering safepoint region: Cleanup
[1366.988s][info ][safepoint    ] Leaving safepoint region
[1366.988s][info ][safepoint    ] Total time for which application threads were stopped: 0.0000787 seconds, Stopping threads took: 0.0000198 seconds
[1367.180s][info ][safepoint    ] Application time: 0.1912736 seconds
[1367.180s][info ][safepoint    ] Entering safepoint region: GenCollectForAllocation
[1367.180s][info ][gc,start     ] GC(1077) Pause Young (Allocation Failure)
[1367.180s][info ][gc,task      ] GC(1077) Using 4 workers of 4 for evacuation
[1367.183s][debug][gc,ref       ] GC(1077) Skipped phase1 of Reference Processing due to unavailable references
[1367.183s][debug][gc,ref       ] GC(1077) Skipped phase2 of Reference Processing due to unavailable references
[1367.183s][debug][gc,ref       ] GC(1077) Skipped phase3 of Reference Processing due to unavailable references
[1367.183s][debug][gc,ref       ] GC(1077) Skipped phase4 of Reference Processing due to unavailable references
[1367.183s][debug][gc,age       ] GC(1077) Desired survivor size 15368192 bytes, new threshold 6 (max threshold 6)
[1367.183s][info ][gc,heap      ] GC(1077) ParNew: 241164K->728K(270336K)
[1367.183s][info ][gc,heap      ] GC(1077) CMS: 522096K->522152K(721596K)
[1367.183s][info ][gc,metaspace ] GC(1077) Metaspace: 66246K->66246K(1110016K)
[1367.183s][info ][gc           ] GC(1077) Pause Young (Allocation Failure) 745M->510M(968M) 3.017ms
[1367.183s][info ][gc,cpu       ] GC(1077) User=0.01s Sys=0.01s Real=0.00s
[1367.183s][info ][safepoint    ] Leaving safepoint region
[1367.183s][info ][safepoint    ] Total time for which application threads were stopped: 0.0032088 seconds, Stopping threads took: 0.0000195 seconds
[1368.183s][info ][safepoint    ] Application time: 1.0001068 seconds
[1368.183s][info ][safepoint    ] Entering safepoint region: Cleanup
[1368.183s][info ][safepoint    ] Leaving safepoint region
[1368.183s][info ][safepoint    ] Total time for which application threads were stopped: 0.0001114 seconds, Stopping threads took: 0.0000437 seconds
[1368.482s][info ][safepoint    ] Application time: 0.2985859 seconds
[1368.482s][info ][safepoint    ] Entering safepoint region: GenCollectForAllocation
[1368.482s][info ][gc,start     ] GC(1078) Pause Young (Allocation Failure)
[1368.482s][info ][gc,task      ] GC(1078) Using 4 workers of 4 for evacuation
[1368.485s][debug][gc,ref       ] GC(1078) Skipped phase1 of Reference Processing due to unavailable references
[1368.485s][debug][gc,ref       ] GC(1078) Skipped phase2 of Reference Processing due to unavailable references
[1368.485s][debug][gc,ref       ] GC(1078) Skipped phase3 of Reference Processing due to unavailable references
[1368.485s][debug][gc,ref       ] GC(1078) Skipped phase4 of Reference Processing due to unavailable references
[1368.485s][debug][gc,age       ] GC(1078) Desired survivor size 15368192 bytes, new threshold 6 (max threshold 6)
[1368.485s][info ][gc,heap      ] GC(1078) ParNew: 241048K->709K(270336K)
[1368.485s][info ][gc,heap      ] GC(1078) CMS: 522152K->522222K(721596K)
[1368.485s][info ][gc,metaspace ] GC(1078) Metaspace: 66246K->66246K(1110016K)
[1368.485s][info ][gc           ] GC(1078) Pause Young (Allocation Failure) 745M->510M(968M) 3.406ms
[1368.485s][info ][gc,cpu       ] GC(1078) User=0.02s Sys=0.00s Real=0.00s
[1368.485s][info ][safepoint    ] Leaving safepoint region
[1368.485s][info ][safepoint    ] Total time for which application threads were stopped: 0.0035853 seconds, Stopping threads took: 0.0000189 seconds
[1369.485s][info ][safepoint    ] Application time: 1.0001055 seconds
[1369.485s][info ][safepoint    ] Entering safepoint region: Cleanup
[1369.486s][info ][safepoint    ] Leaving safepoint region
[1369.486s][info ][safepoint    ] Total time for which application threads were stopped: 0.0000763 seconds, Stopping threads took: 0.0000188 seconds
[1369.582s][info ][safepoint    ] Application time: 0.0962552 seconds
[1369.582s][info ][safepoint    ] Entering safepoint region: GenCollectForAllocation
[1369.582s][info ][gc,start     ] GC(1079) Pause Young (Allocation Failure)
[1369.582s][info ][gc,task      ] GC(1079) Using 4 workers of 4 for evacuation
[1369.585s][debug][gc,ref       ] GC(1079) Skipped phase1 of Reference Processing due to unavailable references
[1369.585s][debug][gc,ref       ] GC(1079) Skipped phase2 of Reference Processing due to unavailable references
[1369.585s][debug][gc,ref       ] GC(1079) Skipped phase3 of Reference Processing due to unavailable references
[1369.585s][debug][gc,ref       ] GC(1079) Skipped phase4 of Reference Processing due to unavailable references
[1369.586s][debug][gc,age       ] GC(1079) Desired survivor size 15368192 bytes, new threshold 6 (max threshold 6)
[1369.586s][info ][gc,heap      ] GC(1079) ParNew: 241029K->684K(270336K)
[1369.586s][info ][gc,heap      ] GC(1079) CMS: 522222K->522267K(721596K)
[1369.586s][info ][gc,metaspace ] GC(1079) Metaspace: 66246K->66246K(1110016K)
[1369.586s][info ][gc           ] GC(1079) Pause Young (Allocation Failure) 745M->510M(968M) 3.588ms
[1369.586s][info ][gc,cpu       ] GC(1079) User=0.01s Sys=0.00s Real=0.00s
[1369.586s][info ][safepoint    ] Leaving safepoint region
[1369.586s][info ][safepoint    ] Total time for which application threads were stopped: 0.0038436 seconds, Stopping threads took: 0.0000995 seconds
[1370.586s][info ][safepoint    ] Application time: 1.0001063 seconds
[1370.586s][info ][safepoint    ] Entering safepoint region: Cleanup
[1370.586s][info ][safepoint    ] Leaving safepoint region
[1370.586s][info ][safepoint    ] Total time for which application threads were stopped: 0.0001782 seconds, Stopping threads took: 0.0000183 seconds
[1370.777s][info ][safepoint    ] Application time: 0.1910028 seconds
[1370.777s][info ][safepoint    ] Entering safepoint region: GenCollectForAllocation
[1370.777s][info ][gc,start     ] GC(1080) Pause Young (Allocation Failure)
[1370.777s][info ][gc,task      ] GC(1080) Using 4 workers of 4 for evacuation
[1370.780s][debug][gc,ref       ] GC(1080) Skipped phase1 of Reference Processing due to unavailable references
[1370.780s][debug][gc,ref       ] GC(1080) Skipped phase2 of Reference Processing due to unavailable references
[1370.780s][debug][gc,ref       ] GC(1080) Skipped phase3 of Reference Processing due to unavailable references
[1370.780s][debug][gc,ref       ] GC(1080) Skipped phase4 of Reference Processing due to unavailable references
[1370.780s][debug][gc,age       ] GC(1080) Desired survivor size 15368192 bytes, new threshold 6 (max threshold 6)
[1370.780s][info ][gc,heap      ] GC(1080) ParNew: 241004K->949K(270336K)
[1370.780s][info ][gc,heap      ] GC(1080) CMS: 522267K->522301K(721596K)
[1370.780s][info ][gc,metaspace ] GC(1080) Metaspace: 66246K->66246K(1110016K)
[1370.780s][info ][gc           ] GC(1080) Pause Young (Allocation Failure) 745M->510M(968M) 3.183ms
[1370.780s][info ][gc,cpu       ] GC(1080) User=0.01s Sys=0.00s Real=0.00s
[1370.780s][info ][safepoint    ] Leaving safepoint region
[1370.780s][info ][safepoint    ] Total time for which application threads were stopped: 0.0033639 seconds, Stopping threads took: 0.0000402 seconds
[1371.781s][info ][safepoint    ] Application time: 1.0000964 seconds
[1371.781s][info ][safepoint    ] Entering safepoint region: Cleanup
[1371.781s][info ][safepoint    ] Leaving safepoint region
[1371.781s][info ][safepoint    ] Total time for which application threads were stopped: 0.0001148 seconds, Stopping threads took: 0.0000439 seconds
[1371.982s][info ][safepoint    ] Application time: 0.2016114 seconds
[1371.982s][info ][safepoint    ] Entering safepoint region: GenCollectForAllocation
[1371.983s][info ][gc,start     ] GC(1081) Pause Young (Allocation Failure)
[1371.983s][info ][gc,task      ] GC(1081) Using 4 workers of 4 for evacuation
[1371.986s][debug][gc,ref       ] GC(1081) Skipped phase1 of Reference Processing due to unavailable references
[1371.986s][debug][gc,ref       ] GC(1081) Skipped phase2 of Reference Processing due to unavailable references
[1371.986s][debug][gc,ref       ] GC(1081) Skipped phase3 of Reference Processing due to unavailable references
[1371.986s][debug][gc,ref       ] GC(1081) Skipped phase4 of Reference Processing due to unavailable references
[1371.986s][debug][gc,age       ] GC(1081) Desired survivor size 15368192 bytes, new threshold 6 (max threshold 6)
[1371.986s][info ][gc,heap      ] GC(1081) ParNew: 241269K->854K(270336K)
[1371.986s][info ][gc,heap      ] GC(1081) CMS: 522301K->522345K(721596K)
[1371.986s][info ][gc,metaspace ] GC(1081) Metaspace: 66246K->66246K(1110016K)
[1371.986s][info ][gc           ] GC(1081) Pause Young (Allocation Failure) 745M->510M(968M) 3.413ms
[1371.986s][info ][gc,cpu       ] GC(1081) User=0.01s Sys=0.00s Real=0.00s
[1371.986s][info ][safepoint    ] Leaving safepoint region
[1371.986s][info ][safepoint    ] Total time for which application threads were stopped: 0.0035796 seconds, Stopping threads took: 0.0000188 seconds
[1372.986s][info ][safepoint    ] Application time: 1.0000898 seconds
[1372.986s][info ][safepoint    ] Entering safepoint region: Cleanup
[1372.986s][info ][safepoint    ] Leaving safepoint region
[1372.986s][info ][safepoint    ] Total time for which application threads were stopped: 0.0000988 seconds, Stopping threads took: 0.0000180 seconds
[1373.182s][info ][safepoint    ] Application time: 0.1957520 seconds
[1373.182s][info ][safepoint    ] Entering safepoint region: GenCollectForAllocation
[1373.182s][info ][gc,start     ] GC(1082) Pause Young (Allocation Failure)
[1373.182s][info ][gc,task      ] GC(1082) Using 4 workers of 4 for evacuation
[1373.185s][debug][gc,ref       ] GC(1082) Skipped phase1 of Reference Processing due to unavailable references
[1373.186s][debug][gc,ref       ] GC(1082) Skipped phase2 of Reference Processing due to unavailable references
[1373.186s][debug][gc,ref       ] GC(1082) Skipped phase3 of Reference Processing due to unavailable references
[1373.186s][debug][gc,ref       ] GC(1082) Skipped phase4 of Reference Processing due to unavailable references
[1373.186s][debug][gc,age       ] GC(1082) Desired survivor size 15368192 bytes, new threshold 6 (max threshold 6)
[1373.186s][info ][gc,heap      ] GC(1082) ParNew: 241174K->546K(270336K)
[1373.186s][info ][gc,heap      ] GC(1082) CMS: 522345K->522481K(721596K)
[1373.186s][info ][gc,metaspace ] GC(1082) Metaspace: 66246K->66246K(1110016K)
[1373.186s][info ][gc           ] GC(1082) Pause Young (Allocation Failure) 745M->510M(968M) 3.656ms
[1373.186s][info ][gc,cpu       ] GC(1082) User=0.02s Sys=0.00s Real=0.00s
[1373.186s][info ][safepoint    ] Leaving safepoint region
[1373.186s][info ][safepoint    ] Total time for which application threads were stopped: 0.0038064 seconds, Stopping threads took: 0.0000184 seconds
[1374.186s][info ][safepoint    ] Application time: 1.0000940 seconds
[1374.186s][info ][safepoint    ] Entering safepoint region: Cleanup
[1374.186s][info ][safepoint    ] Leaving safepoint region
[1374.186s][info ][safepoint    ] Total time for which application threads were stopped: 0.0000748 seconds, Stopping threads took: 0.0000174 seconds
[1374.358s][info ][safepoint    ] Application time: 0.1723141 seconds
[1374.358s][info ][safepoint    ] Entering safepoint region: GenCollectForAllocation
[1374.358s][info ][gc,start     ] GC(1083) Pause Young (Allocation Failure)
[1374.359s][info ][gc,task      ] GC(1083) Using 4 workers of 4 for evacuation
[1374.362s][debug][gc,ref       ] GC(1083) Skipped phase1 of Reference Processing due to unavailable references
[1374.362s][debug][gc,ref       ] GC(1083) Skipped phase2 of Reference Processing due to unavailable references
[1374.362s][debug][gc,ref       ] GC(1083) Skipped phase3 of Reference Processing due to unavailable references
[1374.362s][debug][gc,ref       ] GC(1083) Skipped phase4 of Reference Processing due to unavailable references
[1374.362s][debug][gc,age       ] GC(1083) Desired survivor size 15368192 bytes, new threshold 6 (max threshold 6)
[1374.362s][info ][gc,heap      ] GC(1083) ParNew: 240866K->1116K(270336K)
[1374.362s][info ][gc,heap      ] GC(1083) CMS: 522481K->522497K(721596K)
[1374.362s][info ][gc,metaspace ] GC(1083) Metaspace: 66247K->66247K(1110016K)
[1374.362s][info ][gc           ] GC(1083) Pause Young (Allocation Failure) 745M->511M(968M) 3.825ms
[1374.362s][info ][gc,cpu       ] GC(1083) User=0.01s Sys=0.00s Real=0.00s
[1374.362s][info ][safepoint    ] Leaving safepoint region
[1374.362s][info ][safepoint    ] Total time for which application threads were stopped: 0.0040205 seconds, Stopping threads took: 0.0000752 seconds
[1375.362s][info ][safepoint    ] Application time: 1.0001172 seconds
[1375.363s][info ][safepoint    ] Entering safepoint region: Cleanup
[1375.363s][info ][safepoint    ] Leaving safepoint region
[1375.363s][info ][safepoint    ] Total time for which application threads were stopped: 0.0001205 seconds, Stopping threads took: 0.0000369 seconds
[1376.258s][info ][safepoint    ] Application time: 0.8953497 seconds
[1376.258s][info ][safepoint    ] Entering safepoint region: RevokeBias
[1376.258s][info ][safepoint    ] Leaving safepoint region
[1376.258s][info ][safepoint    ] Total time for which application threads were stopped: 0.0000905 seconds, Stopping threads took: 0.0000152 seconds
[1376.258s][info ][safepoint    ] Application time: 0.0000543 seconds
[1376.258s][info ][safepoint    ] Entering safepoint region: RevokeBias
[1376.258s][info ][safepoint    ] Leaving safepoint region
[1376.258s][info ][safepoint    ] Total time for which application threads were stopped: 0.0000329 seconds, Stopping threads took: 0.0000071 seconds
[1376.258s][info ][safepoint    ] Application time: 0.0002283 seconds
[1376.258s][info ][safepoint    ] Entering safepoint region: RevokeBias
[1376.258s][info ][safepoint    ] Leaving safepoint region
[1376.258s][info ][safepoint    ] Total time for which application threads were stopped: 0.0000420 seconds, Stopping threads took: 0.0000158 seconds
[1376.260s][info ][safepoint    ] Application time: 0.0016913 seconds
[1376.260s][info ][safepoint    ] Entering safepoint region: RevokeBias
[1376.260s][info ][safepoint    ] Leaving safepoint region
[1376.260s][info ][safepoint    ] Total time for which application threads were stopped: 0.0000381 seconds, Stopping threads took: 0.0000089 seconds
[1376.260s][info ][safepoint    ] Application time: 0.0000523 seconds
[1376.260s][info ][safepoint    ] Entering safepoint region: RevokeBias
[1376.260s][info ][safepoint    ] Leaving safepoint region
[1376.260s][info ][safepoint    ] Total time for which application threads were stopped: 0.0000408 seconds, Stopping threads took: 0.0000068 seconds
[1376.261s][info ][safepoint    ] Application time: 0.0002282 seconds
[1376.261s][info ][safepoint    ] Entering safepoint region: RevokeBias
[1376.261s][info ][safepoint    ] Leaving safepoint region
[1376.261s][info ][safepoint    ] Total time for which application threads were stopped: 0.0000356 seconds, Stopping threads took: 0.0000072 seconds
[1376.261s][info ][safepoint    ] Application time: 0.0000615 seconds
[1376.261s][info ][safepoint    ] Entering safepoint region: RevokeBias
[1376.261s][info ][safepoint    ] Leaving safepoint region
[1376.261s][info ][safepoint    ] Total time for which application threads were stopped: 0.0000343 seconds, Stopping threads took: 0.0000069 seconds
[1376.261s][info ][safepoint    ] Application time: 0.0001836 seconds
[1376.261s][info ][safepoint    ] Entering safepoint region: RevokeBias
[1376.261s][info ][safepoint    ] Leaving safepoint region
[1376.261s][info ][safepoint    ] Total time for which application threads were stopped: 0.0000342 seconds, Stopping threads took: 0.0000068 seconds
[1376.261s][info ][safepoint    ] Application time: 0.0000428 seconds
[1376.261s][info ][safepoint    ] Entering safepoint region: RevokeBias
[1376.261s][info ][safepoint    ] Leaving safepoint region
[1376.261s][info ][safepoint    ] Total time for which application threads were stopped: 0.0000306 seconds, Stopping threads took: 0.0000075 seconds
[1376.261s][info ][safepoint    ] Application time: 0.0001844 seconds
[1376.261s][info ][safepoint    ] Entering safepoint region: RevokeBias
[1376.261s][info ][safepoint    ] Leaving safepoint region
[1376.261s][info ][safepoint    ] Total time for which application threads were stopped: 0.0000290 seconds, Stopping threads took: 0.0000065 seconds
[1376.262s][info ][safepoint    ] Application time: 0.0002667 seconds
[1376.262s][info ][safepoint    ] Entering safepoint region: RevokeBias
[1376.262s][info ][safepoint    ] Leaving safepoint region
[1376.262s][info ][safepoint    ] Total time for which application threads were stopped: 0.0000312 seconds, Stopping threads took: 0.0000071 seconds
[1376.266s][info ][safepoint    ] Application time: 0.0039663 seconds
[1376.266s][info ][safepoint    ] Entering safepoint region: RevokeBias
[1376.266s][info ][safepoint    ] Leaving safepoint region
[1376.266s][info ][safepoint    ] Total time for which application threads were stopped: 0.0000387 seconds, Stopping threads took: 0.0000088 seconds
[1376.266s][info ][safepoint    ] Application time: 0.0002571 seconds
[1376.266s][info ][safepoint    ] Entering safepoint region: RevokeBias
[1376.266s][info ][safepoint    ] Leaving safepoint region
[1376.266s][info ][safepoint    ] Total time for which application threads were stopped: 0.0000522 seconds, Stopping threads took: 0.0000120 seconds
[1376.266s][info ][safepoint    ] Application time: 0.0002572 seconds
[1376.266s][info ][safepoint    ] Entering safepoint region: RevokeBias
[1376.266s][info ][safepoint    ] Leaving safepoint region
[1376.266s][info ][safepoint    ] Total time for which application threads were stopped: 0.0000338 seconds, Stopping threads took: 0.0000080 seconds
[1376.266s][info ][safepoint    ] Application time: 0.0001775 seconds
[1376.266s][info ][safepoint    ] Entering safepoint region: RevokeBias
[1376.266s][info ][safepoint    ] Leaving safepoint region
[1376.266s][info ][safepoint    ] Total time for which application threads were stopped: 0.0000320 seconds, Stopping threads took: 0.0000074 seconds
[1376.267s][info ][safepoint    ] Application time: 0.0001874 seconds
[1376.267s][info ][safepoint    ] Entering safepoint region: RevokeBias
[1376.267s][info ][safepoint    ] Leaving safepoint region
[1376.267s][info ][safepoint    ] Total time for which application threads were stopped: 0.0000305 seconds, Stopping threads took: 0.0000068 seconds
[1376.268s][info ][safepoint    ] Application time: 0.0011164 seconds
[1376.268s][info ][safepoint    ] Entering safepoint region: RevokeBias
[1376.268s][info ][safepoint    ] Leaving safepoint region
[1376.268s][info ][safepoint    ] Total time for which application threads were stopped: 0.0000462 seconds, Stopping threads took: 0.0000106 seconds
[1376.268s][info ][safepoint    ] Application time: 0.0000559 seconds
[1376.268s][info ][safepoint    ] Entering safepoint region: RevokeBias
[1376.268s][info ][safepoint    ] Leaving safepoint region
[1376.268s][info ][safepoint    ] Total time for which application threads were stopped: 0.0000342 seconds, Stopping threads took: 0.0000080 seconds
[1376.268s][info ][safepoint    ] Application time: 0.0002097 seconds
[1376.268s][info ][safepoint    ] Entering safepoint region: RevokeBias
[1376.268s][info ][safepoint    ] Leaving safepoint region
[1376.268s][info ][safepoint    ] Total time for which application threads were stopped: 0.0000310 seconds, Stopping threads took: 0.0000071 seconds
[1376.268s][info ][safepoint    ] Application time: 0.0000522 seconds
[1376.268s][info ][safepoint    ] Entering safepoint region: BulkRevokeBias
[1376.268s][info ][safepoint    ] Leaving safepoint region
[1376.268s][info ][safepoint    ] Total time for which application threads were stopped: 0.0001919 seconds, Stopping threads took: 0.0000072 seconds
[1376.269s][info ][safepoint    ] Application time: 0.0002315 seconds
[1376.269s][info ][safepoint    ] Entering safepoint region: RevokeBias
[1376.269s][info ][safepoint    ] Leaving safepoint region
[1376.269s][info ][safepoint    ] Total time for which application threads were stopped: 0.0000367 seconds, Stopping threads took: 0.0000088 seconds
[1376.269s][info ][safepoint    ] Application time: 0.0001611 seconds
[1376.269s][info ][safepoint    ] Entering safepoint region: BulkRevokeBias
[1376.269s][info ][safepoint    ] Leaving safepoint region
[1376.269s][info ][safepoint    ] Total time for which application threads were stopped: 0.0001236 seconds, Stopping threads took: 0.0000081 seconds
[1376.270s][info ][safepoint    ] Application time: 0.0011390 seconds
[1376.270s][info ][safepoint    ] Entering safepoint region: RevokeBias
[1376.270s][info ][safepoint    ] Leaving safepoint region
[1376.270s][info ][safepoint    ] Total time for which application threads were stopped: 0.0000457 seconds, Stopping threads took: 0.0000102 seconds
[1376.271s][info ][safepoint    ] Application time: 0.0003577 seconds
[1376.271s][info ][safepoint    ] Entering safepoint region: RevokeBias
[1376.271s][info ][safepoint    ] Leaving safepoint region
[1376.271s][info ][safepoint    ] Total time for which application threads were stopped: 0.0000978 seconds, Stopping threads took: 0.0000371 seconds
[1376.271s][info ][safepoint    ] Application time: 0.0000729 seconds
[1376.271s][info ][safepoint    ] Entering safepoint region: RevokeBias
[1376.271s][info ][safepoint    ] Leaving safepoint region
[1376.271s][info ][safepoint    ] Total time for which application threads were stopped: 0.0000650 seconds, Stopping threads took: 0.0000330 seconds
[1376.271s][info ][safepoint    ] Application time: 0.0001427 seconds
[1376.271s][info ][safepoint    ] Entering safepoint region: RevokeBias
[1376.271s][info ][safepoint    ] Leaving safepoint region
[1376.271s][info ][safepoint    ] Total time for which application threads were stopped: 0.0000849 seconds, Stopping threads took: 0.0000427 seconds
[1376.271s][info ][safepoint    ] Application time: 0.0001952 seconds
[1376.271s][info ][safepoint    ] Entering safepoint region: RevokeBias
[1376.271s][info ][safepoint    ] Leaving safepoint region
[1376.271s][info ][safepoint    ] Total time for which application threads were stopped: 0.0001129 seconds, Stopping threads took: 0.0000747 seconds
[1376.272s][info ][safepoint    ] Application time: 0.0002411 seconds
[1376.272s][info ][safepoint    ] Entering safepoint region: RevokeBias
[1376.272s][info ][safepoint    ] Leaving safepoint region
[1376.272s][info ][safepoint    ] Total time for which application threads were stopped: 0.0001009 seconds, Stopping threads took: 0.0000680 seconds
[1376.272s][info ][safepoint    ] Application time: 0.0000649 seconds
[1376.272s][info ][safepoint    ] Entering safepoint region: RevokeBias
[1376.272s][info ][safepoint    ] Leaving safepoint region
[1376.272s][info ][safepoint    ] Total time for which application threads were stopped: 0.0001245 seconds, Stopping threads took: 0.0000660 seconds
[1376.272s][info ][safepoint    ] Application time: 0.0000570 seconds
[1376.272s][info ][safepoint    ] Entering safepoint region: RevokeBias
[1376.272s][info ][safepoint    ] Leaving safepoint region
[1376.272s][info ][safepoint    ] Total time for which application threads were stopped: 0.0000891 seconds, Stopping threads took: 0.0000586 seconds
[1376.272s][info ][safepoint    ] Application time: 0.0001245 seconds
[1376.272s][info ][safepoint    ] Entering safepoint region: RevokeBias
[1376.272s][info ][safepoint    ] Leaving safepoint region
[1376.272s][info ][safepoint    ] Total time for which application threads were stopped: 0.0000558 seconds, Stopping threads took: 0.0000249 seconds
[1376.273s][info ][safepoint    ] Application time: 0.0001408 seconds
[1376.273s][info ][safepoint    ] Entering safepoint region: RevokeBias
[1376.273s][info ][safepoint    ] Leaving safepoint region
[1376.273s][info ][safepoint    ] Total time for which application threads were stopped: 0.0000741 seconds, Stopping threads took: 0.0000414 seconds
[1376.273s][info ][safepoint    ] Application time: 0.0000984 seconds
[1376.273s][info ][safepoint    ] Entering safepoint region: RevokeBias
[1376.273s][info ][safepoint    ] Leaving safepoint region
[1376.273s][info ][safepoint    ] Total time for which application threads were stopped: 0.0000348 seconds, Stopping threads took: 0.0000083 seconds
[1376.274s][info ][safepoint    ] Application time: 0.0008147 seconds
[1376.274s][info ][safepoint    ] Entering safepoint region: RevokeBias
[1376.274s][info ][safepoint    ] Leaving safepoint region
[1376.274s][info ][safepoint    ] Total time for which application threads were stopped: 0.0000441 seconds, Stopping threads took: 0.0000094 seconds
[1376.275s][info ][gc,heap,exit ] Heap
[1376.275s][info ][gc,heap,exit ]  par new generation   total 270336K, used 163619K [0x0000000680000000, 0x0000000692550000, 0x0000000694cc0000)
[1376.275s][info ][gc,heap,exit ]   eden space 240320K,  67% used [0x0000000680000000, 0x0000000689eb1b28, 0x000000068eab0000)
[1376.275s][info ][gc,heap,exit ]   from space 30016K,   3% used [0x000000068eab0000, 0x000000068ebc72d0, 0x0000000690800000)
[1376.275s][info ][gc,heap,exit ]   to   space 30016K,   0% used [0x0000000690800000, 0x0000000690800000, 0x0000000692550000)
[1376.275s][info ][gc,heap,exit ]  concurrent mark-sweep generation total 721596K, used 522497K [0x0000000694cc0000, 0x00000006c0d6f000, 0x0000000800000000)
[1376.275s][info ][gc,heap,exit ]  Metaspace       used 66288K, capacity 71604K, committed 71964K, reserved 1110016K
[1376.275s][info ][gc,heap,exit ]   class space    used 9017K, capacity 11320K, committed 11388K, reserved 1048576K
[1376.275s][info ][safepoint    ] Application time: 0.0016398 seconds
[1376.275s][info ][safepoint    ] Entering safepoint region: Halt
